<html>
<body>
<pre>
<h1>µVision Build Log</h1>
<h2>Tool Versions:</h2>
IDE-Version: ¦ÌVision V5.18a
Copyright (C) 2016 ARM Ltd and ARM Germany GmbH. All rights reserved.
License Information: lau xglam, nationrfid, LIC=HN012-92SGD-DK1BN-YI5MD-S94M8-QNGF8
 
Tool Versions:
Toolchain:       MDK-ARM Standard  Version: 5.18a
Toolchain Path:  D:\Keil_v5\ARM\ARMCC\Bin
C Compiler:      Armcc.exe V5.06 update 1 (build 61)
Assembler:       Armasm.exe V5.06 update 1 (build 61)
Linker/Locator:  ArmLink.exe V5.06 update 1 (build 61)
Library Manager: ArmAr.exe V5.06 update 1 (build 61)
Hex Converter:   FromElf.exe V5.06 update 1 (build 61)
CPU DLL:         SARMCM3.DLL V5.18a
Dialog DLL:      DCM.DLL V1.13.6.0
Target DLL:      CMSIS_AGDI.dll V1.25.14.0
Dialog DLL:      TCM.DLL V1.14.8.0
 
<h2>Project:</h2>
E:\arteryARM\code_sample\AT32F4xx_StdPeriph_Lib_V1.2.7\Project\AT_START_F415\Examples\OTG_Device\HID_IAP_APP_LED4\MDK_v5\HID_IAP_APP_LED4.uvprojx
Project File Date:  07/17/2020

<h2>Output:</h2>
*** Using Compiler 'V5.06 update 1 (build 61)', folder: 'D:\Keil_v5\ARM\ARMCC\Bin'
Rebuild target 'HID_IAP_APP_LED4'
assembling startup_at32f415rct7.s...
compiling usbd_usr.c...
compiling usbd_desc.c...
compiling at32f4xx_exti.c...
compiling at32f4xx_spi.c...
compiling at32f4xx_usart.c...
compiling at32f4xx_it.c...
compiling misc.c...
compiling at32f4xx_crc.c...
compiling iap_user.c...
compiling at32_board.c...
compiling system_at32f4xx.c...
compiling usbd_ioreq.c...
compiling usbd_core.c...
compiling usb_bsp.c...
compiling at32f4xx_gpio.c...
compiling main.c...
compiling usbd_req.c...
compiling at32f4xx_rcc.c...
compiling at32f4xx_flash.c...
compiling usb_dcd.c...
compiling usb_core.c...
compiling usb_dcd_int.c...
compiling usbd_hidiap_core.c...
linking...
Program Size: Code=10568 RO-data=416 RW-data=400 ZI-data=8840  
FromELF: creating hex file...
".\Objects\HID_IAP_APP_LED4.axf" - 0 Error(s), 0 Warning(s).

<h2>Collection of Component include folders:</h2>
  E:\arteryARM\code_sample\AT32F4xx_StdPeriph_Lib_V1.2.7\Project\AT_START_F415\Examples\OTG_Device\HID_IAP_APP_LED4\MDK_v5\RTE
  D:\Keil_v5\ARM\PACK\Keil\AT32F4xx_DFP\1.3.4\Device\Include

<h2>Collection of Component Files used:</h2>
Build Time Elapsed:  00:00:01
</pre>
</body>
</html>
