<html>
<body>
<pre>
<h1>µVision Build Log</h1>
<h2>Tool Versions:</h2>
IDE-Version: ¦ÌVision V5.32.0.0
Copyright (C) 2020 ARM Ltd and ARM Germany GmbH. All rights reserved.
License Information: DFGHFGJKH sdfgnmAD, ASDFNHDG, LIC=76F5U-S62X0-30CNC-7N4MK-IMF3W-PU92F
 
Tool Versions:
Toolchain:       MDK-ARM Plus  Version: 5.32.0.0
Toolchain Path:  D:\MDK\ARM\ARMCC\Bin
C Compiler:      Armcc.exe V5.06 update 7 (build 960)
Assembler:       Armasm.exe V5.06 update 7 (build 960)
Linker/Locator:  ArmLink.exe V5.06 update 7 (build 960)
Library Manager: ArmAr.exe V5.06 update 7 (build 960)
Hex Converter:   FromElf.exe V5.06 update 7 (build 960)
CPU DLL:         SARMCM3.DLL V5.32.0.0
Dialog DLL:      DCM.DLL V1.17.3.0
Target DLL:      Segger\JL2CM3.dll V2.99.38.0
Dialog DLL:      TCM.DLL V1.46.0.0
 
<h2>Project:</h2>
E:\ÐÇ³½´óº£\Software\Core-Caven32\Caven-V3.14-M4\AT32F415RC-SDK-V2.0\User\Caven.uvprojx
Project File Date:  02/04/2023

<h2>Output:</h2>
*** Using Compiler 'V5.06 update 7 (build 960)', folder: 'D:\MDK\ARM\ARMCC\Bin'
Build target 'TEST'
compiling Base.c...
compiling key.c...
compiling Base_Exist_GPIO.c...
compiling usb_user.c...
compiling MODE_Motor.c...
compiling HC595.c...
compiling Main.c...
compiling Mode.c...
compiling HC138.c...
compiling BZZ.c...
compiling LED.c...
compiling Control_Mode.c...
compiling MODE_MP3.c...
compiling MODE_Time.c...
compiling Steering_engine.c...
compiling MODE_Ultrasonic.c...
compiling MODE_UART.c...
compiling DS18B20.c...
compiling LCD.c...
compiling usbd_core.c...
linking...
Program Size: Code=23696 RO-data=8368 RW-data=524 ZI-data=13732  
FromELF: creating hex file...
"..\OBJ\Caven.axf" - 0 Error(s), 0 Warning(s).

<h2>Software Packages used:</h2>

Package Vendor: ArteryTek
                
                ArteryTek.AT32F415_DFP.2.0.6
                ArteryTek AT32F415 Series Device Support,Drivers

<h2>Collection of Component include folders:</h2>
  D:\MDK\ARM\ArteryTek\AT32F415_DFP\2.0.6\Device\Include

<h2>Collection of Component Files used:</h2>
Build Time Elapsed:  00:00:04
</pre>
</body>
</html>
