<html>
<body>
<pre>
<h1>µVision Build Log</h1>
<h2>Tool Versions:</h2>
IDE-Version: ¦ÌVision V5.32.0.0
Copyright (C) 2020 ARM Ltd and ARM Germany GmbH. All rights reserved.
License Information: dfxhzxfj asDGdfzhgxdj, SDGzdfhgfj, LIC=QF82M-XWN7B-Y82FK-ZFSAI-CML38-N79F3
 
Tool Versions:
Toolchain:       MDK-ARM Plus  Version: 5.32.0.0
Toolchain Path:  D:\MDK\ARM\ARMCC\Bin
C Compiler:      Armcc.exe V5.06 update 7 (build 960)
Assembler:       Armasm.exe V5.06 update 7 (build 960)
Linker/Locator:  ArmLink.exe V5.06 update 7 (build 960)
Library Manager: ArmAr.exe V5.06 update 7 (build 960)
Hex Converter:   FromElf.exe V5.06 update 7 (build 960)
CPU DLL:         SARMCM3.DLL V5.32.0.0
Dialog DLL:      DCM.DLL V1.17.3.0
Target DLL:      CMSIS_AGDI.dll V1.32.12.0
Dialog DLL:      TCM.DLL V1.46.0.0
 
<h2>Project:</h2>
E:\Core-Caven32\Caven-V3.14-M4\AT32F415RC-SDK-V2.0\User\Caven.uvprojx
Project File Date:  01/30/2023

<h2>Output:</h2>
*** Using Compiler 'V5.06 update 7 (build 960)', folder: 'D:\MDK\ARM\ARMCC\Bin'
Build target 'TEST'
compiling HC595.c...
compiling Control_Mode.c...
compiling MODE_Motor.c...
compiling BZZ.c...
compiling Base_UART.c...
compiling Base.c...
compiling LED.c...
compiling key.c...
compiling HC138.c...
compiling usb_user.c...
compiling Main.c...
compiling Mode.c...
compiling MODE_MP3.c...
compiling MODE_Time.c...
compiling MODE_UART.c...
compiling MODE_Ultrasonic.c...
compiling DS18B20.c...
compiling Steering_engine.c...
compiling LCD.c...
compiling usbd_core.c...
linking...
Program Size: Code=19100 RO-data=8368 RW-data=148 ZI-data=13308  
FromELF: creating hex file...
"..\OBJ\Caven.axf" - 0 Error(s), 0 Warning(s).

<h2>Software Packages used:</h2>

Package Vendor: ArteryTek
                
                ArteryTek.AT32F415_DFP.2.0.7
                ArteryTek AT32F415 Series Device Support,Drivers

<h2>Collection of Component include folders:</h2>
  D:\MDK\ArteryTek\AT32F415_DFP\2.0.7\Device\Include

<h2>Collection of Component Files used:</h2>
Build Time Elapsed:  00:00:03
</pre>
</body>
</html>
