<html>
<body>
<pre>
<h1>µVision Build Log</h1>
<h2>Tool Versions:</h2>
IDE-Version: ¦ÌVision V5.32.0.0
Copyright (C) 2020 ARM Ltd and ARM Germany GmbH. All rights reserved.
License Information: dfxhzxfj asDGdfzhgxdj, SDGzdfhgfj, LIC=QF82M-XWN7B-Y82FK-ZFSAI-CML38-N79F3
 
Tool Versions:
Toolchain:       MDK-ARM Plus  Version: 5.32.0.0
Toolchain Path:  D:\MDK\ARM\ARMCC\Bin
C Compiler:      Armcc.exe V5.06 update 7 (build 960)
Assembler:       Armasm.exe V5.06 update 7 (build 960)
Linker/Locator:  ArmLink.exe V5.06 update 7 (build 960)
Library Manager: ArmAr.exe V5.06 update 7 (build 960)
Hex Converter:   FromElf.exe V5.06 update 7 (build 960)
CPU DLL:         SARMCM3.DLL V5.32.0.0
Dialog DLL:      DCM.DLL V1.17.3.0
Target DLL:      Segger\JL2CM3.dll V2.99.38.0
Dialog DLL:      TCM.DLL V1.46.0.0
 
<h2>Project:</h2>
E:\Core-Caven32\Caven-V3.14-M4\AT32F415RC-SDK-V2.0\User\Caven.uvprojx
Project File Date:  03/15/2023

<h2>Output:</h2>
*** Using Compiler 'V5.06 update 7 (build 960)', folder: 'D:\MDK\ARM\ARMCC\Bin'
Build target 'Default'
compiling Base_ADC.c...
compiling Base_Exist_GPIO.c...
compiling Base_Flash.c...
compiling usb_user.c...
compiling Base_UART.c...
compiling Main.c...
compiling Base_SPI.c...
compiling Base.c...
compiling Base_IIC.c...
compiling Base_PWM.c...
compiling Base_Sys_Time.c...
compiling cdc_keyboard_class.c...
compiling cdc_keyboard_desc.c...
compiling BZZ.c...
compiling mlx90614.c...
compiling HC138.c...
compiling key.c...
compiling Control_Mode.c...
compiling HC595.c...
compiling LED.c...
compiling MODE_Motor.c...
compiling Mode.c...
compiling MODE_MP3.c...
compiling MODE_Time.c...
compiling MODE_Tracing.c...
compiling API.c...
compiling Check_CRC16.c...
compiling LCD.c...
compiling MODE_UART.c...
compiling MODE_Ultrasonic.c...
compiling Steering_engine.c...
compiling DS18B20.c...
compiling libcollections.c...
compiling Time_Handle.c...
compiling Keyboard.c...
compiling DATA_Handle.c...
assembling startup_at32f415.s...
compiling at32f415_int.c...
compiling system_at32f415.c...
compiling at32f415_clock.c...
compiling at32f415_dma.c...
compiling at32f415_crm.c...
compiling at32f415_crc.c...
compiling at32f415_adc.c...
compiling at32f415_cmp.c...
compiling at32f415_can.c...
compiling at32f415_exint.c...
compiling at32f415_debug.c...
compiling at32f415_ertc.c...
compiling at32f415_gpio.c...
compiling at32f415_i2c.c...
compiling at32f415_flash.c...
compiling at32f415_sdio.c...
compiling at32f415_usart.c...
compiling at32f415_wdt.c...
compiling at32f415_usb.c...
compiling at32f415_misc.c...
compiling at32f415_pwc.c...
compiling at32f415_wwdt.c...
compiling at32f415_spi.c...
compiling at32f415_tmr.c...
compiling usb_core.c...
compiling usbd_core.c...
compiling usbd_int.c...
compiling usbd_sdr.c...
linking...
Program Size: Code=25676 RO-data=20528 RW-data=528 ZI-data=13776  
FromELF: creating hex file...
After Build - User command #1: D:\MDK\ARM\ARMCLANG\bin\fromelf.exe --bin --output ../OBJ/Cavendish.bin ../OBJ/Cavendish.axf
"..\OBJ\Cavendish.axf" - 0 Error(s), 0 Warning(s).

<h2>Software Packages used:</h2>

Package Vendor: ArteryTek
                
                ArteryTek.AT32F415_DFP.2.0.7
                ArteryTek AT32F415 Series Device Support,Drivers

<h2>Collection of Component include folders:</h2>
  D:\MDK\ArteryTek\AT32F415_DFP\2.0.7\Device\Include

<h2>Collection of Component Files used:</h2>
Build Time Elapsed:  00:00:08
</pre>
</body>
</html>
