<html>
<body>
<pre>
<h1>µVision Build Log</h1>
<h2>Tool Versions:</h2>
IDE-Version: ¦ÌVision V5.32.0.0
Copyright (C) 2020 ARM Ltd and ARM Germany GmbH. All rights reserved.
License Information: dfxhzxfj asDGdfzhgxdj, SDGzdfhgfj, LIC=QF82M-XWN7B-Y82FK-ZFSAI-CML38-N79F3
 
Tool Versions:
Toolchain:       MDK-ARM Plus  Version: 5.32.0.0
Toolchain Path:  D:\MDK\ARM\ARMCC\Bin
C Compiler:      Armcc.exe V5.06 update 7 (build 960)
Assembler:       Armasm.exe V5.06 update 7 (build 960)
Linker/Locator:  ArmLink.exe V5.06 update 7 (build 960)
Library Manager: ArmAr.exe V5.06 update 7 (build 960)
Hex Converter:   FromElf.exe V5.06 update 7 (build 960)
CPU DLL:         SARMCM3.DLL V5.32.0.0
Dialog DLL:      DCM.DLL V1.17.3.0
Target DLL:      Segger\JL2CM3.dll V2.99.38.0
Dialog DLL:      TCM.DLL V1.46.0.0
 
<h2>Project:</h2>
E:\Core-Caven32\Caven-V3.14-M4\AT32F403A\User\Caven.uvprojx
Project File Date:  03/02/2023

<h2>Output:</h2>
*** Using Compiler 'V5.06 update 7 (build 960)', folder: 'D:\MDK\ARM\ARMCC\Bin'
Build target 'Target 1'
compiling Mode.c...
compiling BZZ.c...
compiling key.c...
compiling LED.c...
compiling HC138.c...
compiling Base.c...
compiling Main.c...
compiling Control_Mode.c...
compiling LCD.c...
compiling uart.c...
compiling DS18B20.c...
..\..\..\MCU_LIB-Cloud-\Mode\DS18B20.c(169): warning:  #1035-D: single-precision operand implicitly converted to double-precision
  		Temp *= 0.0625;	
..\..\..\MCU_LIB-Cloud-\Mode\DS18B20.c(11): warning:  #177-D: function "DS18B20_Delay"  was declared but never referenced
  static void DS18B20_Delay (int Num)
..\..\..\MCU_LIB-Cloud-\Mode\DS18B20.c: 2 warnings, 0 errors
compiling HC595.c...
compiling MODE_Motor.c...
compiling MODE_MP3.c...
compiling MODE_Time.c...
compiling MODE_Ultrasonic.c...
compiling Steering_engine.c...
compiling MODE_UART.c...
linking...
Program Size: Code=272 RO-data=404 RW-data=0 ZI-data=1024  
FromELF: creating hex file...
"..\OBJ\Caven.axf" - 0 Error(s), 2 Warning(s).

<h2>Software Packages used:</h2>

Package Vendor: ArteryTek
                
                ArteryTek.AT32F403A_407_DFP.2.1.0
                ArteryTek AT32F403A_407 Series Device Support,Drivers

<h2>Collection of Component include folders:</h2>
  D:\MDK\ArteryTek\AT32F403A_407_DFP\2.1.0\Device\Include

<h2>Collection of Component Files used:</h2>
Build Time Elapsed:  00:00:03
</pre>
</body>
</html>
