<html>
<body>
<pre>
<h1>µVision Build Log</h1>
<h2>Tool Versions:</h2>
IDE-Version: ¦ÌVision V5.32.0.0
Copyright (C) 2020 ARM Ltd and ARM Germany GmbH. All rights reserved.
License Information: dfxhzxfj asDGdfzhgxdj, SDGzdfhgfj, LIC=QF82M-XWN7B-Y82FK-ZFSAI-CML38-N79F3
 
Tool Versions:
Toolchain:       MDK-ARM Plus  Version: 5.32.0.0
Toolchain Path:  D:\MDK\ARM\ARMCC\Bin
C Compiler:      Armcc.exe V5.06 update 7 (build 960)
Assembler:       Armasm.exe V5.06 update 7 (build 960)
Linker/Locator:  ArmLink.exe V5.06 update 7 (build 960)
Library Manager: ArmAr.exe V5.06 update 7 (build 960)
Hex Converter:   FromElf.exe V5.06 update 7 (build 960)
CPU DLL:         SARMCM3.DLL V5.32.0.0
Dialog DLL:      DCM.DLL V1.17.3.0
Target DLL:      CMSIS_AGDI.dll V1.32.12.0
Dialog DLL:      TCM.DLL V1.46.0.0
 
<h2>Project:</h2>
E:\WORK\ÎÄ¼þ\Core-Caven32\Caven-V3.14-M4\AT32F403A\User\Caven.uvprojx
Project File Date:  05/05/2023

<h2>Output:</h2>
*** Using Compiler 'V5.06 update 7 (build 960)', folder: 'D:\MDK\ARM\ARMCC\Bin'
Build target 'Target 1'
compiling stmflash.c...
compiling Sys_Time.c...
compiling ADC.c...
compiling Encoder.c...
compiling DAC.c...
compiling IIC.c...
compiling PWM.c...
compiling uart.c...
compiling Main.c...
compiling Base_Exist_GPIO.c...
compiling Base.c...
compiling Base_SPI.c...
compiling mlx90614.c...
compiling Control_Mode.c...
compiling HC595.c...
compiling BZZ.c...
compiling lcd.c...
compiling key.c...
compiling HC138.c...
compiling DS18B20.c...
compiling LED.c...
compiling MODE_Tracing.c...
compiling Mode.c...
compiling MODE_Motor.c...
compiling MODE_MP3.c...
compiling API.c...
compiling DATA_Handle.c...
compiling Check_CRC16.c...
compiling Keyboard.c...
compiling libcollections.c...
compiling MODE_Time.c...
compiling MODE_UART.c...
compiling Steering_engine.c...
compiling MODE_Ultrasonic.c...
compiling Time_Handle.c...
compiling at32f403a_407_acc.c...
compiling at32f403a_407_bpr.c...
compiling at32f403a_407_crc.c...
compiling at32f403a_407_adc.c...
compiling at32f403a_407_can.c...
compiling at32f403a_407_dac.c...
compiling at32f403a_407_debug.c...
compiling at32f403a_407_dma.c...
compiling at32f403a_407_crm.c...
compiling at32f403a_407_exint.c...
compiling at32f403a_407_flash.c...
compiling at32f403a_407_emac.c...
compiling at32f403a_407_pwc.c...
compiling at32f403a_407_spi.c...
compiling at32f403a_407_misc.c...
compiling at32f403a_407_i2c.c...
compiling at32f403a_407_gpio.c...
compiling at32f403a_407_usart.c...
compiling at32f403a_407_tmr.c...
compiling at32f403a_407_sdio.c...
compiling at32f403a_407_usb.c...
compiling at32f403a_407_rtc.c...
compiling at32f403a_407_wwdt.c...
compiling at32f403a_407_wdt.c...
compiling at32f403a_407_clock.c...
compiling at32f403a_407_xmc.c...
compiling at32f403a_407_int.c...
compiling system_at32f403a_407.c...
linking...
Program Size: Code=6130 RO-data=13150 RW-data=32 ZI-data=1080  
FromELF: creating hex file...
"..\OBJ\Caven.axf" - 0 Error(s), 0 Warning(s).

<h2>Software Packages used:</h2>

Package Vendor: ArteryTek
                
                ArteryTek.AT32F403A_407_DFP.2.1.0
                ArteryTek AT32F403A_407 Series Device Support,Drivers

<h2>Collection of Component include folders:</h2>
  D:\MDK\ArteryTek\AT32F403A_407_DFP\2.1.0\Device\Include

<h2>Collection of Component Files used:</h2>
Build Time Elapsed:  00:00:10
</pre>
</body>
</html>
