Component: ARM Compiler 5.06 update 7 (build 960) Tool: armlink [4d3601]

==============================================================================

Section Cross References

    main.o(i.Mian_Init) refers to base.o(i.Base_Index) for Base_Index
    main.o(i.Mian_Init) refers to mode.o(i.Mode_Index) for Mode_Index
    main.o(i.Mian_Init) refers to aeabi_memset.o(.text) for __aeabi_memset
    main.o(i.Mian_Init) refers to rt_memclr.o(.text) for __aeabi_memclr
    main.o(i.Mian_Init) refers to key.o(i.KEY_Init) for KEY_Init
    main.o(i.Mian_Init) refers to bzz.o(i.BZZ_Init) for BZZ_Init
    main.o(i.Mian_Init) refers to base.o(.bss) for Base_Init
    main.o(i.Mian_Init) refers to mode.o(.data) for Mode_Init
    main.o(i.Mian_Init) refers to main.o(.constdata) for gImage_am_60
    main.o(i.Mian_Init) refers to mode.o(.bss) for Mode_User
    main.o(i.Mian_Init) refers to main.o(.bss) for Free_Show
    main.o(i.main) refers to _printf_percent.o(.ARM.Collect$$_printf_percent$$00000000) for _printf_percent
    main.o(i.main) refers to _printf_d.o(.ARM.Collect$$_printf_percent$$00000009) for _printf_d
    main.o(i.main) refers to _printf_dec.o(.text) for _printf_int_dec
    main.o(i.main) refers to _printf_pad.o(.text) for _printf_pre_padding
    main.o(i.main) refers to main.o(i.Mian_Init) for Mian_Init
    main.o(i.main) refers to rt_memcpy_w.o(.text) for __aeabi_memcpy4
    main.o(i.main) refers to noretval__2sprintf.o(.text) for __2sprintf
    main.o(i.main) refers to rt_memclr.o(.text) for __aeabi_memclr
    main.o(i.main) refers to bzz.o(i.BZZ_Control) for BZZ_Control
    main.o(i.main) refers to main.o(.constdata) for .constdata
    main.o(i.main) refers to api.o(.bss) for API
    main.o(i.main) refers to sys_time.o(.data) for SYS_Time
    main.o(i.main) refers to main.o(.bss) for Free_Show
    main.o(i.main) refers to base.o(.bss) for Base_User
    main.o(i.main) refers to mode.o(.bss) for Mode_User
    main.o(i.main) refers to main.o(.data) for abd
    main.o(.constdata) refers to main.o(.data) for debug_time_data
    main.o(.constdata) refers to sys_time.o(.data) for SYS_Time
    encoder.o(i.ENCODEx_Init) refers to encoder.o(i.Encoder_Init_TIM1) for Encoder_Init_TIM1
    encoder.o(i.ENCODEx_Init) refers to encoder.o(i.Encoder_Init_TIM2) for Encoder_Init_TIM2
    encoder.o(i.ENCODEx_Init) refers to encoder.o(i.Encoder_Init_TIM3) for Encoder_Init_TIM3
    encoder.o(i.ENCODEx_Init) refers to encoder.o(i.Encoder_Init_TIM5) for Encoder_Init_TIM5
    encoder.o(i.Encoder_Init_TIM1) refers to stm32f10x_rcc.o(i.RCC_APB2PeriphClockCmd) for RCC_APB2PeriphClockCmd
    encoder.o(i.Encoder_Init_TIM1) refers to stm32f10x_gpio.o(i.GPIO_Init) for GPIO_Init
    encoder.o(i.Encoder_Init_TIM1) refers to stm32f10x_tim.o(i.TIM_TimeBaseStructInit) for TIM_TimeBaseStructInit
    encoder.o(i.Encoder_Init_TIM1) refers to stm32f10x_tim.o(i.TIM_TimeBaseInit) for TIM_TimeBaseInit
    encoder.o(i.Encoder_Init_TIM1) refers to stm32f10x_tim.o(i.TIM_EncoderInterfaceConfig) for TIM_EncoderInterfaceConfig
    encoder.o(i.Encoder_Init_TIM1) refers to stm32f10x_tim.o(i.TIM_ICStructInit) for TIM_ICStructInit
    encoder.o(i.Encoder_Init_TIM1) refers to stm32f10x_tim.o(i.TIM_ICInit) for TIM_ICInit
    encoder.o(i.Encoder_Init_TIM1) refers to stm32f10x_tim.o(i.TIM_ClearFlag) for TIM_ClearFlag
    encoder.o(i.Encoder_Init_TIM1) refers to stm32f10x_tim.o(i.TIM_ITConfig) for TIM_ITConfig
    encoder.o(i.Encoder_Init_TIM1) refers to stm32f10x_tim.o(i.TIM_SetCounter) for TIM_SetCounter
    encoder.o(i.Encoder_Init_TIM1) refers to stm32f10x_tim.o(i.TIM_Cmd) for TIM_Cmd
    encoder.o(i.Encoder_Init_TIM2) refers to stm32f10x_rcc.o(i.RCC_APB2PeriphClockCmd) for RCC_APB2PeriphClockCmd
    encoder.o(i.Encoder_Init_TIM2) refers to stm32f10x_rcc.o(i.RCC_APB1PeriphClockCmd) for RCC_APB1PeriphClockCmd
    encoder.o(i.Encoder_Init_TIM2) refers to stm32f10x_gpio.o(i.GPIO_Init) for GPIO_Init
    encoder.o(i.Encoder_Init_TIM2) refers to stm32f10x_gpio.o(i.GPIO_PinRemapConfig) for GPIO_PinRemapConfig
    encoder.o(i.Encoder_Init_TIM2) refers to stm32f10x_tim.o(i.TIM_TimeBaseStructInit) for TIM_TimeBaseStructInit
    encoder.o(i.Encoder_Init_TIM2) refers to stm32f10x_tim.o(i.TIM_TimeBaseInit) for TIM_TimeBaseInit
    encoder.o(i.Encoder_Init_TIM2) refers to stm32f10x_tim.o(i.TIM_EncoderInterfaceConfig) for TIM_EncoderInterfaceConfig
    encoder.o(i.Encoder_Init_TIM2) refers to stm32f10x_tim.o(i.TIM_ICStructInit) for TIM_ICStructInit
    encoder.o(i.Encoder_Init_TIM2) refers to stm32f10x_tim.o(i.TIM_ICInit) for TIM_ICInit
    encoder.o(i.Encoder_Init_TIM2) refers to stm32f10x_tim.o(i.TIM_ClearFlag) for TIM_ClearFlag
    encoder.o(i.Encoder_Init_TIM2) refers to stm32f10x_tim.o(i.TIM_ITConfig) for TIM_ITConfig
    encoder.o(i.Encoder_Init_TIM2) refers to stm32f10x_tim.o(i.TIM_SetCounter) for TIM_SetCounter
    encoder.o(i.Encoder_Init_TIM2) refers to stm32f10x_tim.o(i.TIM_Cmd) for TIM_Cmd
[...]
    .text                                    0x08000610   Section        0  _printf_char_common.o(.text)
    _printf_input_char                       0x08000611   Thumb Code    10  _printf_char_common.o(.text)
    .text                                    0x08000640   Section        0  _sputc.o(.text)
    .text                                    0x0800064a   Section       74  sys_stackheap_outer.o(.text)
    .text                                    0x08000694   Section        0  exit.o(.text)
    .text                                    0x080006a8   Section        8  libspace.o(.text)
    .text                                    0x080006b0   Section        0  sys_exit.o(.text)
    .text                                    0x080006bc   Section        2  use_no_semi.o(.text)
    .text                                    0x080006be   Section        0  indicate_semi.o(.text)
    i.ADC_ClearFlag                          0x080006be   Section        0  stm32f10x_adc.o(i.ADC_ClearFlag)
    i.ADC_Cmd                                0x080006c4   Section        0  stm32f10x_adc.o(i.ADC_Cmd)
    i.ADC_GetCalibrationStatus               0x080006da   Section        0  stm32f10x_adc.o(i.ADC_GetCalibrationStatus)
    i.ADC_GetFlagStatus                      0x080006ee   Section        0  stm32f10x_adc.o(i.ADC_GetFlagStatus)
    i.ADC_GetResetCalibrationStatus          0x08000700   Section        0  stm32f10x_adc.o(i.ADC_GetResetCalibrationStatus)
    i.ADC_Init                               0x08000714   Section        0  stm32f10x_adc.o(i.ADC_Init)
    i.ADC_RegularChannelConfig               0x08000764   Section        0  stm32f10x_adc.o(i.ADC_RegularChannelConfig)
    i.ADC_ResetCalibration                   0x0800081c   Section        0  stm32f10x_adc.o(i.ADC_ResetCalibration)
    i.ADC_SoftwareStartConvCmd               0x08000826   Section        0  stm32f10x_adc.o(i.ADC_SoftwareStartConvCmd)
    i.ADC_StartCalibration                   0x0800083c   Section        0  stm32f10x_adc.o(i.ADC_StartCalibration)
    i.ADC_TempSensorVrefintCmd               0x08000848   Section        0  stm32f10x_adc.o(i.ADC_TempSensorVrefintCmd)
    i.ADC_x_Init                             0x0800086c   Section        0  adc.o(i.ADC_x_Init)
    i.ADC_x_Read_Vol                         0x08000964   Section        0  adc.o(i.ADC_x_Read_Vol)
    i.BZZ_Control                            0x080009dc   Section        0  bzz.o(i.BZZ_Control)
    i.BZZ_Init                               0x080009f8   Section        0  bzz.o(i.BZZ_Init)
    i.Base_Index                             0x08000a50   Section        0  base.o(i.Base_Index)
    i.Base_User_index                        0x08000aa0   Section        0  base.o(i.Base_User_index)
    i.BusFault_Handler                       0x08000b30   Section        0  stm32f10x_it.o(i.BusFault_Handler)
    i.DAC_Cmd                                0x08000b34   Section        0  stm32f10x_dac.o(i.DAC_Cmd)
    i.DAC_Init                               0x08000b5c   Section        0  stm32f10x_dac.o(i.DAC_Init)
    i.DAC_SetChannel1Data                    0x08000b90   Section        0  stm32f10x_dac.o(i.DAC_SetChannel1Data)
    i.DAC_SetChannel2Data                    0x08000bb0   Section        0  stm32f10x_dac.o(i.DAC_SetChannel2Data)
    i.DAC_x_Init                             0x08000bd0   Section        0  dac.o(i.DAC_x_Init)
    i.DAC_x_Set_Vol                          0x08000c5c   Section        0  dac.o(i.DAC_x_Set_Vol)
    i.DebugMon_Handler                       0x08000ce4   Section        0  stm32f10x_it.o(i.DebugMon_Handler)
    i.Delay_10us                             0x08000ce8   Section        0  sys_time.o(i.Delay_10us)
    i.Delay_S                                0x08000d10   Section        0  sys_time.o(i.Delay_S)
    i.Delay_ms                               0x08000d2c   Section        0  sys_time.o(i.Delay_ms)
    i.FLASH_ErasePage                        0x08000d60   Section        0  stm32f10x_flash.o(i.FLASH_ErasePage)
    i.FLASH_GetBank1Status                   0x08000dac   Section        0  stm32f10x_flash.o(i.FLASH_GetBank1Status)
    i.FLASH_Lock                             0x08000de0   Section        0  stm32f10x_flash.o(i.FLASH_Lock)
    i.FLASH_ProgramHalfWord                  0x08000df4   Section        0  stm32f10x_flash.o(i.FLASH_ProgramHalfWord)
    i.FLASH_Unlock                           0x08000e34   Section        0  stm32f10x_flash.o(i.FLASH_Unlock)
    i.FLASH_WaitForLastOperation             0x08000e4c   Section        0  stm32f10x_flash.o(i.FLASH_WaitForLastOperation)
    i.Flash_Init                             0x08000e74   Section        0  stmflash.o(i.Flash_Init)
    i.GPIO_Init                              0x08000ea0   Section        0  stm32f10x_gpio.o(i.GPIO_Init)
    i.GPIO_PinRemapConfig                    0x08000fb8   Section        0  stm32f10x_gpio.o(i.GPIO_PinRemapConfig)
    i.Get_RXD                                0x08001048   Section        0  uart.o(i.Get_RXD)
    i.HardFault_Handler                      0x08001068   Section        0  stm32f10x_it.o(i.HardFault_Handler)
    i.IIC_ReadBit                            0x0800106c   Section        0  iic.o(i.IIC_ReadBit)
    i.IIC_SendBit                            0x080010b8   Section        0  iic.o(i.IIC_SendBit)
    i.IIC_Software_Init                      0x08001100   Section        0  iic.o(i.IIC_Software_Init)
    i.IICs_ReadByte                          0x08001174   Section        0  iic.o(i.IICs_ReadByte)
    i.IICs_SendByte                          0x080011b0   Section        0  iic.o(i.IICs_SendByte)
    i.KEY_Init                               0x080011ec   Section        0  key.o(i.KEY_Init)
    i.LCD_Address_Set                        0x08001234   Section        0  lcd.o(i.LCD_Address_Set)
    i.LCD_Draw_Circle                        0x0800126a   Section        0  lcd.o(i.LCD_Draw_Circle)
    i.LCD_Draw_Line                          0x08001308   Section        0  lcd.o(i.LCD_Draw_Line)
    i.LCD_Draw_Point                         0x080013b4   Section        0  lcd.o(i.LCD_Draw_Point)
    i.LCD_Draw_Rectangle                     0x080013d0   Section        0  lcd.o(i.LCD_Draw_Rectangle)
    i.LCD_Fill                               0x0800141a   Section        0  lcd.o(i.LCD_Fill)
    i.LCD_GPIO_Init                          0x08001464   Section        0  lcd.o(i.LCD_GPIO_Init)
    i.LCD_Init                               0x080014e4   Section        0  lcd.o(i.LCD_Init)
    i.LCD_Show_Char                          0x080016c4   Section        0  lcd.o(i.LCD_Show_Char)
    i.LCD_Show_Chinese                       0x080017fc   Section        0  lcd.o(i.LCD_Show_Chinese)
    i.LCD_Show_Chinese24x24                  0x08001854   Section        0  lcd.o(i.LCD_Show_Chinese24x24)
    i.LCD_Show_Chinese32x32                  0x0800199c   Section        0  lcd.o(i.LCD_Show_Chinese32x32)
    i.LCD_Show_Picture                       0x08001ad4   Section        0  lcd.o(i.LCD_Show_Picture)
    i.LCD_Show_String                        0x08001b3a   Section        0  lcd.o(i.LCD_Show_String)
    i.LCD_WR_DATA                            0x08001ba8   Section        0  lcd.o(i.LCD_WR_DATA)
    i.LCD_WR_DATA8                           0x08001bc8   Section        0  lcd.o(i.LCD_WR_DATA8)
    i.LCD_WR_REG                             0x08001be0   Section        0  lcd.o(i.LCD_WR_REG)
    i.LCD_Writ_Bus                           0x08001bf8   Section        0  lcd.o(i.LCD_Writ_Bus)
    i.MemManage_Handler                      0x08001c4c   Section        0  stm32f10x_it.o(i.MemManage_Handler)
    i.Mian_Init                              0x08001c50   Section        0  main.o(i.Mian_Init)
    i.Mode_Index                             0x08001db8   Section        0  mode.o(i.Mode_Index)
    i.Mode_User_index                        0x08001dd0   Section        0  mode.o(i.Mode_User_index)
    i.NMI_Handler                            0x08001e18   Section        0  stm32f10x_it.o(i.NMI_Handler)
    i.NVIC_Init                              0x08001e1c   Section        0  misc.o(i.NVIC_Init)
    i.NVIC_PriorityGroupConfig               0x08001e8c   Section        0  misc.o(i.NVIC_PriorityGroupConfig)
    i.PWM_x_Init                             0x08001ea0   Section        0  pwm.o(i.PWM_x_Init)
    i.PendSV_Handler                         0x08001ece   Section        0  stm32f10x_it.o(i.PendSV_Handler)
    i.RCC_ADCCLKConfig                       0x08001ed0   Section        0  stm32f10x_rcc.o(i.RCC_ADCCLKConfig)
    i.RCC_APB1PeriphClockCmd                 0x08001ee8   Section        0  stm32f10x_rcc.o(i.RCC_APB1PeriphClockCmd)
    i.RCC_APB1PeriphResetCmd                 0x08001f08   Section        0  stm32f10x_rcc.o(i.RCC_APB1PeriphResetCmd)
    i.RCC_APB2PeriphClockCmd                 0x08001f28   Section        0  stm32f10x_rcc.o(i.RCC_APB2PeriphClockCmd)
    i.RCC_APB2PeriphResetCmd                 0x08001f48   Section        0  stm32f10x_rcc.o(i.RCC_APB2PeriphResetCmd)
    i.RCC_GetClocksFreq                      0x08001f68   Section        0  stm32f10x_rcc.o(i.RCC_GetClocksFreq)
    i.Read_MCU_Temp                          0x0800203c   Section        0  adc.o(i.Read_MCU_Temp)
    i.SPI_Software_Init                      0x080020a0   Section        0  spi.o(i.SPI_Software_Init)
    i.SPIs_Write_And_Read_Byte               0x0800213c   Section        0  spi.o(i.SPIs_Write_And_Read_Byte)
    i.STMFLASH_Read                          0x080021dc   Section        0  stmflash.o(i.STMFLASH_Read)
    i.STMFLASH_ReadHalfWord                  0x080021fe   Section        0  stmflash.o(i.STMFLASH_ReadHalfWord)
    i.STMFLASH_Write                         0x08002204   Section        0  stmflash.o(i.STMFLASH_Write)
    i.STMFLASH_Write_NoCheck                 0x080022ec   Section        0  stmflash.o(i.STMFLASH_Write_NoCheck)
    i.SVC_Handler                            0x08002312   Section        0  stm32f10x_it.o(i.SVC_Handler)
    i.SetSysClock                            0x08002314   Section        0  system_stm32f10x.o(i.SetSysClock)
    SetSysClock                              0x08002315   Thumb Code     8  system_stm32f10x.o(i.SetSysClock)
    i.SetSysClockTo72                        0x0800231c   Section        0  system_stm32f10x.o(i.SetSysClockTo72)
    SetSysClockTo72                          0x0800231d   Thumb Code   214  system_stm32f10x.o(i.SetSysClockTo72)
    i.SysTick_Handler                        0x080023fc   Section        0  sys_time.o(i.SysTick_Handler)
    i.Sys_Time_Init                          0x0800241c   Section        0  sys_time.o(i.Sys_Time_Init)
    i.Sys_Watch_Handle                       0x080024b0   Section        0  sys_time.o(i.Sys_Watch_Handle)
    i.SystemInit                             0x08002520   Section        0  system_stm32f10x.o(i.SystemInit)
    i.TIM2_IRQHandler                        0x08002580   Section        0  encoder.o(i.TIM2_IRQHandler)
    i.TIM3_IRQHandler                        0x08002598   Section        0  encoder.o(i.TIM3_IRQHandler)
    i.TIM4_IRQHandler                        0x080025b0   Section        0  encoder.o(i.TIM4_IRQHandler)
    i.TIM4_PWM_Init                          0x080025c8   Section        0  pwm.o(i.TIM4_PWM_Init)
    i.TIM5_IRQHandler                        0x0800269c   Section        0  encoder.o(i.TIM5_IRQHandler)
    i.TIM8_PWM_Init                          0x080026b4   Section        0  pwm.o(i.TIM8_PWM_Init)
    i.TIM_ARRPreloadConfig                   0x0800279c   Section        0  stm32f10x_tim.o(i.TIM_ARRPreloadConfig)
    i.TIM_Cmd                                0x080027b4   Section        0  stm32f10x_tim.o(i.TIM_Cmd)
    i.TIM_CtrlPWMOutputs                     0x080027cc   Section        0  stm32f10x_tim.o(i.TIM_CtrlPWMOutputs)
    i.TIM_ITConfig                           0x080027ea   Section        0  stm32f10x_tim.o(i.TIM_ITConfig)
    i.TIM_OC1Init                            0x080027fc   Section        0  stm32f10x_tim.o(i.TIM_OC1Init)
    i.TIM_OC1PreloadConfig                   0x08002894   Section        0  stm32f10x_tim.o(i.TIM_OC1PreloadConfig)
    i.TIM_OC2Init                            0x080028a8   Section        0  stm32f10x_tim.o(i.TIM_OC2Init)
    i.TIM_OC2PreloadConfig                   0x0800294c   Section        0  stm32f10x_tim.o(i.TIM_OC2PreloadConfig)
    i.TIM_OC3Init                            0x08002968   Section        0  stm32f10x_tim.o(i.TIM_OC3Init)
    i.TIM_OC3PreloadConfig                   0x08002a08   Section        0  stm32f10x_tim.o(i.TIM_OC3PreloadConfig)
    i.TIM_OC4Init                            0x08002a1c   Section        0  stm32f10x_tim.o(i.TIM_OC4Init)
    i.TIM_OC4PreloadConfig                   0x08002a98   Section        0  stm32f10x_tim.o(i.TIM_OC4PreloadConfig)
    i.TIM_TimeBaseInit                       0x08002ab4   Section        0  stm32f10x_tim.o(i.TIM_TimeBaseInit)
    i.Test_Write                             0x08002b58   Section        0  stmflash.o(i.Test_Write)
    i.UART4_IRQHandler                       0x08002b68   Section        0  uart.o(i.UART4_IRQHandler)
    i.UART_Send_Data                         0x08002b9c   Section        0  uart.o(i.UART_Send_Data)
    i.UART_Send_String                       0x08002bea   Section        0  uart.o(i.UART_Send_String)
    i.USART_ClearFlag                        0x08002c36   Section        0  stm32f10x_usart.o(i.USART_ClearFlag)
    i.USART_Cmd                              0x08002c48   Section        0  stm32f10x_usart.o(i.USART_Cmd)
    i.USART_DeInit                           0x08002c60   Section        0  stm32f10x_usart.o(i.USART_DeInit)
    i.USART_GetFlagStatus                    0x08002cfc   Section        0  stm32f10x_usart.o(i.USART_GetFlagStatus)
    i.USART_GetITStatus                      0x08002d16   Section        0  stm32f10x_usart.o(i.USART_GetITStatus)
    i.USART_ITConfig                         0x08002d6a   Section        0  stm32f10x_usart.o(i.USART_ITConfig)
    i.USART_Init                             0x08002db4   Section        0  stm32f10x_usart.o(i.USART_Init)
    i.USART_ReceiveData                      0x08002e8c   Section        0  stm32f10x_usart.o(i.USART_ReceiveData)
    i.USART_SendData                         0x08002e96   Section        0  stm32f10x_usart.o(i.USART_SendData)
    i.Uart_Init                              0x08002ea0   Section        0  uart.o(i.Uart_Init)
    i.UsageFault_Handler                     0x0800321c   Section        0  stm32f10x_it.o(i.UsageFault_Handler)
    i._is_digit                              0x08003220   Section        0  __printf_wp.o(i._is_digit)
    i.main                                   0x08003230   Section        0  main.o(i.main)
    x$fpl$d2f                                0x08003374   Section       98  d2f.o(x$fpl$d2f)
    x$fpl$dadd                               0x080033d8   Section      336  daddsub_clz.o(x$fpl$dadd)
    _dadd1                                   0x080033e9   Thumb Code     0  daddsub_clz.o(x$fpl$dadd)
    x$fpl$dcmpinf                            0x08003528   Section       24  dcmpi.o(x$fpl$dcmpinf)
    x$fpl$ddiv                               0x08003540   Section      688  ddiv.o(x$fpl$ddiv)
    ddiv_entry                               0x08003547   Thumb Code     0  ddiv.o(x$fpl$ddiv)
    x$fpl$dleqf                              0x080037f0   Section      120  dleqf.o(x$fpl$dleqf)
    x$fpl$dmul                               0x08003868   Section      340  dmul.o(x$fpl$dmul)
    x$fpl$dnaninf                            0x080039bc   Section      156  dnaninf.o(x$fpl$dnaninf)
    x$fpl$dretinf                            0x08003a58   Section       12  dretinf.o(x$fpl$dretinf)
    x$fpl$drleqf                             0x08003a64   Section      108  drleqf.o(x$fpl$drleqf)
    x$fpl$drsb                               0x08003ad0   Section       22  daddsub_clz.o(x$fpl$drsb)
    x$fpl$dsub                               0x08003ae8   Section      468  daddsub_clz.o(x$fpl$dsub)
    _dsub1                                   0x08003af9   Thumb Code     0  daddsub_clz.o(x$fpl$dsub)
    x$fpl$f2d                                0x08003cbc   Section       86  f2d.o(x$fpl$f2d)
    x$fpl$fcmpinf                            0x08003d12   Section       24  fcmpi.o(x$fpl$fcmpinf)
    x$fpl$fdiv                               0x08003d2c   Section      388  fdiv.o(x$fpl$fdiv)
    _fdiv1                                   0x08003d2d   Thumb Code     0  fdiv.o(x$fpl$fdiv)
    x$fpl$ffixu                              0x08003eb0   Section       62  ffixu.o(x$fpl$ffixu)
    x$fpl$ffltu                              0x08003ef0   Section       38  fflt_clz.o(x$fpl$ffltu)
    x$fpl$fleqf                              0x08003f18   Section      104  fleqf.o(x$fpl$fleqf)
    x$fpl$fmul                               0x08003f80   Section      258  fmul.o(x$fpl$fmul)
    x$fpl$fnaninf                            0x08004082   Section      140  fnaninf.o(x$fpl$fnaninf)
    x$fpl$fretinf                            0x0800410e   Section       10  fretinf.o(x$fpl$fretinf)
    .constdata                               0x08004118   Section     7240  main.o(.constdata)
    x$fpl$usenofp                            0x08004118   Section        0  usenofp.o(x$fpl$usenofp)
    .constdata                               0x08005d60   Section    13180  lcd.o(.constdata)
    .data                                    0x20000000   Section       20  main.o(.data)
    .data                                    0x20000014   Section       25  sys_time.o(.data)
    Daley_Falg                               0x2000002c   Data           1  sys_time.o(.data)
    .data                                    0x20000030   Section        8  adc.o(.data)
    .data                                    0x20000038   Section        4  dac.o(.data)
    .data                                    0x2000003c   Section        8  spi.o(.data)
    .data                                    0x20000044   Section        4  mode.o(.data)
    .data                                    0x20000048   Section       20  system_stm32f10x.o(.data)
    .data                                    0x2000005c   Section       20  stm32f10x_rcc.o(.data)
    APBAHBPrescTable                         0x2000005c   Data          16  stm32f10x_rcc.o(.data)
    ADCPrescTable                            0x2000006c   Data           4  stm32f10x_rcc.o(.data)
    .bss                                     0x20000070   Section       30  main.o(.bss)
    .bss                                     0x20000090   Section     6080  uart.o(.bss)
    .bss                                     0x20001850   Section     1040  stmflash.o(.bss)
    .bss                                     0x20001c60   Section       16  iic.o(.bss)
    .bss                                     0x20001c70   Section      112  base.o(.bss)
    .bss                                     0x20001ce0   Section       32  lcd.o(.bss)
    .bss                                     0x20001d00   Section       32  mode.o(.bss)
    .bss                                     0x20001d20   Section       16  api.o(.bss)
    .bss                                     0x20001d30   Section       96  libspace.o(.bss)
    HEAP                                     0x20001d90   Section      512  startup_stm32f10x_hd.o(HEAP)
    Heap_Mem                                 0x20001d90   Data         512  startup_stm32f10x_hd.o(HEAP)
    STACK                                    0x20001f90   Section     1024  startup_stm32f10x_hd.o(STACK)
    Stack_Mem                                0x20001f90   Data        1024  startup_stm32f10x_hd.o(STACK)
    __initial_sp                             0x20002390   Data           0  startup_stm32f10x_hd.o(STACK)

    Global Symbols

    Symbol Name                              Value     Ov Type        Size  Object(Section)

    BuildAttributes$$THM_ISAv4$P$D$K$B$S$PE$A:L22UL41UL21$X:L11$S22US41US21$IEEE1$IW$USESV6$~STKCKD$USESV7$~SHL$OSPACE$ROPI$EBA8$UX$STANDARDLIB$REQ8$PRES8$EABIv2 0x00000000   Number         0  anon$$obj.o ABSOLUTE
    __ARM_use_no_argv                        0x00000000   Number         0  main.o ABSOLUTE
    _printf_flags                            0x00000000   Number         0  printf_stubs.o ABSOLUTE
    _printf_return_value                     0x00000000   Number         0  printf_stubs.o ABSOLUTE
    _printf_sizespec                         0x00000000   Number         0  printf_stubs.o ABSOLUTE
    _printf_widthprec                        0x00000000   Number         0  printf_stubs.o ABSOLUTE
    __ARM_exceptions_init                     - Undefined Weak Reference
    __alloca_initialize                       - Undefined Weak Reference
    __arm_fini_                               - Undefined Weak Reference
    __arm_preinit_                            - Undefined Weak Reference
    __cpp_initialize__aeabi_                  - Undefined Weak Reference
    __cxa_finalize                            - Undefined Weak Reference
    __rt_locale                               - Undefined Weak Reference
    __sigvec_lookup                           - Undefined Weak Reference
    _atexit_init                              - Undefined Weak Reference
    _call_atexit_fns                          - Undefined Weak Reference
    _clock_init                               - Undefined Weak Reference
    _fp_trap_init                             - Undefined Weak Reference
    _fp_trap_shutdown                         - Undefined Weak Reference
    _get_lc_collate                           - Undefined Weak Reference
    _get_lc_ctype                             - Undefined Weak Reference
    _get_lc_monetary                          - Undefined Weak Reference
    _get_lc_numeric                           - Undefined Weak Reference
    _get_lc_time                              - Undefined Weak Reference
    _getenv_init                              - Undefined Weak Reference
    _handle_redirection                       - Undefined Weak Reference
    _init_alloc                               - Undefined Weak Reference
    _init_user_alloc                          - Undefined Weak Reference
    _initio                                   - Undefined Weak Reference
    _printf_truncate_signed                   - Undefined Weak Reference
    _printf_truncate_unsigned                 - Undefined Weak Reference
    _rand_init                                - Undefined Weak Reference
    _signal_finish                            - Undefined Weak Reference
    _signal_init                              - Undefined Weak Reference
    _terminate_alloc                          - Undefined Weak Reference
    _terminate_user_alloc                     - Undefined Weak Reference
    _terminateio                              - Undefined Weak Reference
    __Vectors_Size                           0x00000130   Number         0  startup_stm32f10x_hd.o ABSOLUTE
    __Vectors                                0x08000000   Data           4  startup_stm32f10x_hd.o(RESET)
    __Vectors_End                            0x08000130   Data           0  startup_stm32f10x_hd.o(RESET)
    __main                                   0x08000131   Thumb Code     8  __main.o(!!!main)
    __scatterload                            0x08000139   Thumb Code     0  __scatter.o(!!!scatter)
    __scatterload_rt2                        0x08000139   Thumb Code    44  __scatter.o(!!!scatter)
    __scatterload_rt2_thumb_only             0x08000139   Thumb Code     0  __scatter.o(!!!scatter)
    __scatterload_null                       0x08000147   Thumb Code     0  __scatter.o(!!!scatter)
    __scatterload_copy                       0x0800016d   Thumb Code    26  __scatter_copy.o(!!handler_copy)
    __scatterload_zeroinit                   0x08000189   Thumb Code    28  __scatter_zi.o(!!handler_zi)
    _printf_d                                0x080001a5   Thumb Code     0  _printf_d.o(.ARM.Collect$$_printf_percent$$00000009)
    _printf_percent                          0x080001a5   Thumb Code     0  _printf_percent.o(.ARM.Collect$$_printf_percent$$00000000)
    _printf_percent_end                      0x080001ab   Thumb Code     0  _printf_percent_end.o(.ARM.Collect$$_printf_percent$$00000017)
    __rt_lib_init                            0x080001af   Thumb Code     0  libinit.o(.ARM.Collect$$libinit$$00000000)
    __rt_lib_init_alloca_1                   0x080001b1   Thumb Code     0  libinit2.o(.ARM.Collect$$libinit$$0000002E)
    __rt_lib_init_argv_1                     0x080001b1   Thumb Code     0  libinit2.o(.ARM.Collect$$libinit$$0000002C)
    __rt_lib_init_atexit_1                   0x080001b1   Thumb Code     0  libinit2.o(.ARM.Collect$$libinit$$0000001B)
    __rt_lib_init_clock_1                    0x080001b1   Thumb Code     0  libinit2.o(.ARM.Collect$$libinit$$00000021)
    __rt_lib_init_cpp_1                      0x080001b1   Thumb Code     0  libinit2.o(.ARM.Collect$$libinit$$00000032)
    __rt_lib_init_exceptions_1               0x080001b1   Thumb Code     0  libinit2.o(.ARM.Collect$$libinit$$00000030)
    __rt_lib_init_fp_1                       0x080001b1   Thumb Code     0  libinit2.o(.ARM.Collect$$libinit$$00000002)
    __rt_lib_init_fp_trap_1                  0x080001b1   Thumb Code     0  libinit2.o(.ARM.Collect$$libinit$$0000001F)
    __rt_lib_init_getenv_1                   0x080001b1   Thumb Code     0  libinit2.o(.ARM.Collect$$libinit$$00000023)
    __rt_lib_init_heap_1                     0x080001b1   Thumb Code     0  libinit2.o(.ARM.Collect$$libinit$$0000000A)
    __rt_lib_init_lc_collate_1               0x080001b1   Thumb Code     0  libinit2.o(.ARM.Collect$$libinit$$00000011)
    __rt_lib_init_lc_ctype_1                 0x080001b1   Thumb Code     0  libinit2.o(.ARM.Collect$$libinit$$00000013)
    __rt_lib_init_lc_monetary_1              0x080001b1   Thumb Code     0  libinit2.o(.ARM.Collect$$libinit$$00000015)
    __rt_lib_init_lc_numeric_1               0x080001b1   Thumb Code     0  libinit2.o(.ARM.Collect$$libinit$$00000017)
    __rt_lib_init_lc_time_1                  0x080001b1   Thumb Code     0  libinit2.o(.ARM.Collect$$libinit$$00000019)
    __rt_lib_init_preinit_1                  0x080001b1   Thumb Code     0  libinit2.o(.ARM.Collect$$libinit$$00000004)
    __rt_lib_init_rand_1                     0x080001b1   Thumb Code     0  libinit2.o(.ARM.Collect$$libinit$$0000000E)
    __rt_lib_init_return                     0x080001b1   Thumb Code     0  libinit2.o(.ARM.Collect$$libinit$$00000033)
    __rt_lib_init_signal_1                   0x080001b1   Thumb Code     0  libinit2.o(.ARM.Collect$$libinit$$0000001D)
    __rt_lib_init_stdio_1                    0x080001b1   Thumb Code     0  libinit2.o(.ARM.Collect$$libinit$$00000025)
    __rt_lib_init_user_alloc_1               0x080001b1   Thumb Code     0  libinit2.o(.ARM.Collect$$libinit$$0000000C)
    __rt_lib_shutdown                        0x080001b3   Thumb Code     0  libshutdown.o(.ARM.Collect$$libshutdown$$00000000)
    __rt_lib_shutdown_cpp_1                  0x080001b5   Thumb Code     0  libshutdown2.o(.ARM.Collect$$libshutdown$$00000004)
    __rt_lib_shutdown_fini_1                 0x080001b5   Thumb Code     0  libshutdown2.o(.ARM.Collect$$libshutdown$$00000002)
    __rt_lib_shutdown_fp_trap_1              0x080001b5   Thumb Code     0  libshutdown2.o(.ARM.Collect$$libshutdown$$00000009)
    __rt_lib_shutdown_heap_1                 0x080001b5   Thumb Code     0  libshutdown2.o(.ARM.Collect$$libshutdown$$00000011)
    __rt_lib_shutdown_return                 0x080001b5   Thumb Code     0  libshutdown2.o(.ARM.Collect$$libshutdown$$00000012)
    __rt_lib_shutdown_signal_1               0x080001b5   Thumb Code     0  libshutdown2.o(.ARM.Collect$$libshutdown$$0000000C)
    __rt_lib_shutdown_stdio_1                0x080001b5   Thumb Code     0  libshutdown2.o(.ARM.Collect$$libshutdown$$00000006)
    __rt_lib_shutdown_user_alloc_1           0x080001b5   Thumb Code     0  libshutdown2.o(.ARM.Collect$$libshutdown$$0000000E)
    __rt_entry                               0x080001b7   Thumb Code     0  __rtentry.o(.ARM.Collect$$rtentry$$00000000)
    __rt_entry_presh_1                       0x080001b7   Thumb Code     0  __rtentry2.o(.ARM.Collect$$rtentry$$00000002)
    __rt_entry_sh                            0x080001b7   Thumb Code     0  __rtentry4.o(.ARM.Collect$$rtentry$$00000004)
    __rt_entry_li                            0x080001bd   Thumb Code     0  __rtentry2.o(.ARM.Collect$$rtentry$$0000000A)
    __rt_entry_postsh_1                      0x080001bd   Thumb Code     0  __rtentry2.o(.ARM.Collect$$rtentry$$00000009)
    __rt_entry_main                          0x080001c1   Thumb Code     0  __rtentry2.o(.ARM.Collect$$rtentry$$0000000D)
    __rt_entry_postli_1                      0x080001c1   Thumb Code     0  __rtentry2.o(.ARM.Collect$$rtentry$$0000000C)
    __rt_exit                                0x080001c9   Thumb Code     0  rtexit.o(.ARM.Collect$$rtexit$$00000000)
    __rt_exit_ls                             0x080001cb   Thumb Code     0  rtexit2.o(.ARM.Collect$$rtexit$$00000003)
    __rt_exit_prels_1                        0x080001cb   Thumb Code     0  rtexit2.o(.ARM.Collect$$rtexit$$00000002)
    __rt_exit_exit                           0x080001cf   Thumb Code     0  rtexit2.o(.ARM.Collect$$rtexit$$00000004)
    Reset_Handler                            0x080001d5   Thumb Code     8  startup_stm32f10x_hd.o(.text)
    ADC1_2_IRQHandler                        0x080001ef   Thumb Code     0  startup_stm32f10x_hd.o(.text)
    ADC3_IRQHandler                          0x080001ef   Thumb Code     0  startup_stm32f10x_hd.o(.text)
    CAN1_RX1_IRQHandler                      0x080001ef   Thumb Code     0  startup_stm32f10x_hd.o(.text)
    CAN1_SCE_IRQHandler                      0x080001ef   Thumb Code     0  startup_stm32f10x_hd.o(.text)
    DMA1_Channel1_IRQHandler                 0x080001ef   Thumb Code     0  startup_stm32f10x_hd.o(.text)
    DMA1_Channel2_IRQHandler                 0x080001ef   Thumb Code     0  startup_stm32f10x_hd.o(.text)
    DMA1_Channel3_IRQHandler                 0x080001ef   Thumb Code     0  startup_stm32f10x_hd.o(.text)
    DMA1_Channel4_IRQHandler                 0x080001ef   Thumb Code     0  startup_stm32f10x_hd.o(.text)
    DMA1_Channel5_IRQHandler                 0x080001ef   Thumb Code     0  startup_stm32f10x_hd.o(.text)
    DMA1_Channel6_IRQHandler                 0x080001ef   Thumb Code     0  startup_stm32f10x_hd.o(.text)
    DMA1_Channel7_IRQHandler                 0x080001ef   Thumb Code     0  startup_stm32f10x_hd.o(.text)
    DMA2_Channel1_IRQHandler                 0x080001ef   Thumb Code     0  startup_stm32f10x_hd.o(.text)
    DMA2_Channel2_IRQHandler                 0x080001ef   Thumb Code     0  startup_stm32f10x_hd.o(.text)
    DMA2_Channel3_IRQHandler                 0x080001ef   Thumb Code     0  startup_stm32f10x_hd.o(.text)
    DMA2_Channel4_5_IRQHandler               0x080001ef   Thumb Code     0  startup_stm32f10x_hd.o(.text)
    EXTI0_IRQHandler                         0x080001ef   Thumb Code     0  startup_stm32f10x_hd.o(.text)
    EXTI15_10_IRQHandler                     0x080001ef   Thumb Code     0  startup_stm32f10x_hd.o(.text)
    EXTI1_IRQHandler                         0x080001ef   Thumb Code     0  startup_stm32f10x_hd.o(.text)
    EXTI2_IRQHandler                         0x080001ef   Thumb Code     0  startup_stm32f10x_hd.o(.text)
    EXTI3_IRQHandler                         0x080001ef   Thumb Code     0  startup_stm32f10x_hd.o(.text)
    EXTI4_IRQHandler                         0x080001ef   Thumb Code     0  startup_stm32f10x_hd.o(.text)
    EXTI9_5_IRQHandler                       0x080001ef   Thumb Code     0  startup_stm32f10x_hd.o(.text)
    FLASH_IRQHandler                         0x080001ef   Thumb Code     0  startup_stm32f10x_hd.o(.text)
    FSMC_IRQHandler                          0x080001ef   Thumb Code     0  startup_stm32f10x_hd.o(.text)
    I2C1_ER_IRQHandler                       0x080001ef   Thumb Code     0  startup_stm32f10x_hd.o(.text)
    I2C1_EV_IRQHandler                       0x080001ef   Thumb Code     0  startup_stm32f10x_hd.o(.text)
    I2C2_ER_IRQHandler                       0x080001ef   Thumb Code     0  startup_stm32f10x_hd.o(.text)
    I2C2_EV_IRQHandler                       0x080001ef   Thumb Code     0  startup_stm32f10x_hd.o(.text)
    PVD_IRQHandler                           0x080001ef   Thumb Code     0  startup_stm32f10x_hd.o(.text)
    RCC_IRQHandler                           0x080001ef   Thumb Code     0  startup_stm32f10x_hd.o(.text)
    RTCAlarm_IRQHandler                      0x080001ef   Thumb Code     0  startup_stm32f10x_hd.o(.text)
    RTC_IRQHandler                           0x080001ef   Thumb Code     0  startup_stm32f10x_hd.o(.text)
    SDIO_IRQHandler                          0x080001ef   Thumb Code     0  startup_stm32f10x_hd.o(.text)
    SPI1_IRQHandler                          0x080001ef   Thumb Code     0  startup_stm32f10x_hd.o(.text)
    SPI2_IRQHandler                          0x080001ef   Thumb Code     0  startup_stm32f10x_hd.o(.text)
    SPI3_IRQHandler                          0x080001ef   Thumb Code     0  startup_stm32f10x_hd.o(.text)
    TAMPER_IRQHandler                        0x080001ef   Thumb Code     0  startup_stm32f10x_hd.o(.text)
    TIM1_BRK_IRQHandler                      0x080001ef   Thumb Code     0  startup_stm32f10x_hd.o(.text)
    TIM1_CC_IRQHandler                       0x080001ef   Thumb Code     0  startup_stm32f10x_hd.o(.text)
    TIM1_TRG_COM_IRQHandler                  0x080001ef   Thumb Code     0  startup_stm32f10x_hd.o(.text)
    TIM1_UP_IRQHandler                       0x080001ef   Thumb Code     0  startup_stm32f10x_hd.o(.text)
    TIM6_IRQHandler                          0x080001ef   Thumb Code     0  startup_stm32f10x_hd.o(.text)
    TIM7_IRQHandler                          0x080001ef   Thumb Code     0  startup_stm32f10x_hd.o(.text)
    TIM8_BRK_IRQHandler                      0x080001ef   Thumb Code     0  startup_stm32f10x_hd.o(.text)
    TIM8_CC_IRQHandler                       0x080001ef   Thumb Code     0  startup_stm32f10x_hd.o(.text)
    TIM8_TRG_COM_IRQHandler                  0x080001ef   Thumb Code     0  startup_stm32f10x_hd.o(.text)
    TIM8_UP_IRQHandler                       0x080001ef   Thumb Code     0  startup_stm32f10x_hd.o(.text)
    UART5_IRQHandler                         0x080001ef   Thumb Code     0  startup_stm32f10x_hd.o(.text)
    USART1_IRQHandler                        0x080001ef   Thumb Code     0  startup_stm32f10x_hd.o(.text)
    USART2_IRQHandler                        0x080001ef   Thumb Code     0  startup_stm32f10x_hd.o(.text)
    USART3_IRQHandler                        0x080001ef   Thumb Code     0  startup_stm32f10x_hd.o(.text)
    USBWakeUp_IRQHandler                     0x080001ef   Thumb Code     0  startup_stm32f10x_hd.o(.text)
    USB_HP_CAN1_TX_IRQHandler                0x080001ef   Thumb Code     0  startup_stm32f10x_hd.o(.text)
    USB_LP_CAN1_RX0_IRQHandler               0x080001ef   Thumb Code     0  startup_stm32f10x_hd.o(.text)
    WWDG_IRQHandler                          0x080001ef   Thumb Code     0  startup_stm32f10x_hd.o(.text)
    __user_initial_stackheap                 0x080001f1   Thumb Code     0  startup_stm32f10x_hd.o(.text)
    __2sprintf                               0x08000215   Thumb Code    34  noretval__2sprintf.o(.text)
    _printf_pre_padding                      0x0800023d   Thumb Code    44  _printf_pad.o(.text)
    _printf_post_padding                     0x08000269   Thumb Code    34  _printf_pad.o(.text)
    _printf_int_dec                          0x0800028d   Thumb Code   104  _printf_dec.o(.text)
    __printf                                 0x08000305   Thumb Code   270  __printf_wp.o(.text)
    strlen                                   0x08000413   Thumb Code    62  strlen.o(.text)
    __aeabi_memcpy4                          0x08000451   Thumb Code     0  rt_memcpy_w.o(.text)
    __aeabi_memcpy8                          0x08000451   Thumb Code     0  rt_memcpy_w.o(.text)
    __rt_memcpy_w                            0x08000451   Thumb Code   100  rt_memcpy_w.o(.text)
    _memcpy_lastbytes_aligned                0x08000499   Thumb Code     0  rt_memcpy_w.o(.text)
    __aeabi_memset                           0x080004b5   Thumb Code    16  aeabi_memset.o(.text)
    __aeabi_memclr                           0x080004c5   Thumb Code     0  rt_memclr.o(.text)
    __rt_memclr                              0x080004c5   Thumb Code    68  rt_memclr.o(.text)
    _memset                                  0x080004c9   Thumb Code     0  rt_memclr.o(.text)
    __aeabi_memclr4                          0x08000509   Thumb Code     0  rt_memclr_w.o(.text)
    __aeabi_memclr8                          0x08000509   Thumb Code     0  rt_memclr_w.o(.text)
    __rt_memclr_w                            0x08000509   Thumb Code    78  rt_memclr_w.o(.text)
    _memset_w                                0x0800050d   Thumb Code     0  rt_memclr_w.o(.text)
    __use_two_region_memory                  0x08000557   Thumb Code     2  heapauxi.o(.text)
    __rt_heap_escrow$2region                 0x08000559   Thumb Code     2  heapauxi.o(.text)
    __rt_heap_expand$2region                 0x0800055b   Thumb Code     2  heapauxi.o(.text)
    _printf_int_common                       0x0800055d   Thumb Code   178  _printf_intcommon.o(.text)
    _printf_char_common                      0x0800061b   Thumb Code    32  _printf_char_common.o(.text)
    _sputc                                   0x08000641   Thumb Code    10  _sputc.o(.text)
    __user_setup_stackheap                   0x0800064b   Thumb Code    74  sys_stackheap_outer.o(.text)
    exit                                     0x08000695   Thumb Code    18  exit.o(.text)
    __user_libspace                          0x080006a9   Thumb Code     8  libspace.o(.text)
    __user_perproc_libspace                  0x080006a9   Thumb Code     0  libspace.o(.text)
    __user_perthread_libspace                0x080006a9   Thumb Code     0  libspace.o(.text)
    _sys_exit                                0x080006b1   Thumb Code     8  sys_exit.o(.text)
    __I$use$semihosting                      0x080006bd   Thumb Code     0  use_no_semi.o(.text)
    __use_no_semihosting_swi                 0x080006bd   Thumb Code     2  use_no_semi.o(.text)
    ADC_ClearFlag                            0x080006bf   Thumb Code     6  stm32f10x_adc.o(i.ADC_ClearFlag)
    __semihosting_library_function           0x080006bf   Thumb Code     0  indicate_semi.o(.text)
    ADC_Cmd                                  0x080006c5   Thumb Code    22  stm32f10x_adc.o(i.ADC_Cmd)
    ADC_GetCalibrationStatus                 0x080006db   Thumb Code    20  stm32f10x_adc.o(i.ADC_GetCalibrationStatus)
    ADC_GetFlagStatus                        0x080006ef   Thumb Code    18  stm32f10x_adc.o(i.ADC_GetFlagStatus)
    ADC_GetResetCalibrationStatus            0x08000701   Thumb Code    20  stm32f10x_adc.o(i.ADC_GetResetCalibrationStatus)
    ADC_Init                                 0x08000715   Thumb Code    70  stm32f10x_adc.o(i.ADC_Init)
    ADC_RegularChannelConfig                 0x08000765   Thumb Code   184  stm32f10x_adc.o(i.ADC_RegularChannelConfig)
    ADC_ResetCalibration                     0x0800081d   Thumb Code    10  stm32f10x_adc.o(i.ADC_ResetCalibration)
    ADC_SoftwareStartConvCmd                 0x08000827   Thumb Code    22  stm32f10x_adc.o(i.ADC_SoftwareStartConvCmd)
    ADC_StartCalibration                     0x0800083d   Thumb Code    10  stm32f10x_adc.o(i.ADC_StartCalibration)
    ADC_TempSensorVrefintCmd                 0x08000849   Thumb Code    30  stm32f10x_adc.o(i.ADC_TempSensorVrefintCmd)
    ADC_x_Init                               0x0800086d   Thumb Code   228  adc.o(i.ADC_x_Init)
    ADC_x_Read_Vol                           0x08000965   Thumb Code   112  adc.o(i.ADC_x_Read_Vol)
    BZZ_Control                              0x080009dd   Thumb Code    24  bzz.o(i.BZZ_Control)
    BZZ_Init                                 0x080009f9   Thumb Code    82  bzz.o(i.BZZ_Init)
    Base_Index                               0x08000a51   Thumb Code    42  base.o(i.Base_Index)
    Base_User_index                          0x08000aa1   Thumb Code    78  base.o(i.Base_User_index)
    BusFault_Handler                         0x08000b31   Thumb Code     4  stm32f10x_it.o(i.BusFault_Handler)
    DAC_Cmd                                  0x08000b35   Thumb Code    34  stm32f10x_dac.o(i.DAC_Cmd)
    DAC_Init                                 0x08000b5d   Thumb Code    46  stm32f10x_dac.o(i.DAC_Init)
    DAC_SetChannel1Data                      0x08000b91   Thumb Code    26  stm32f10x_dac.o(i.DAC_SetChannel1Data)
    DAC_SetChannel2Data                      0x08000bb1   Thumb Code    26  stm32f10x_dac.o(i.DAC_SetChannel2Data)
    DAC_x_Init                               0x08000bd1   Thumb Code   126  dac.o(i.DAC_x_Init)
    DAC_x_Set_Vol                            0x08000c5d   Thumb Code   132  dac.o(i.DAC_x_Set_Vol)
    DebugMon_Handler                         0x08000ce5   Thumb Code     2  stm32f10x_it.o(i.DebugMon_Handler)
    Delay_10us                               0x08000ce9   Thumb Code    30  sys_time.o(i.Delay_10us)
    Delay_S                                  0x08000d11   Thumb Code    26  sys_time.o(i.Delay_S)
    Delay_ms                                 0x08000d2d   Thumb Code    42  sys_time.o(i.Delay_ms)
    FLASH_ErasePage                          0x08000d61   Thumb Code    72  stm32f10x_flash.o(i.FLASH_ErasePage)
    FLASH_GetBank1Status                     0x08000dad   Thumb Code    48  stm32f10x_flash.o(i.FLASH_GetBank1Status)
    FLASH_Lock                               0x08000de1   Thumb Code    14  stm32f10x_flash.o(i.FLASH_Lock)
    FLASH_ProgramHalfWord                    0x08000df5   Thumb Code    60  stm32f10x_flash.o(i.FLASH_ProgramHalfWord)
    FLASH_Unlock                             0x08000e35   Thumb Code    12  stm32f10x_flash.o(i.FLASH_Unlock)
    FLASH_WaitForLastOperation               0x08000e4d   Thumb Code    38  stm32f10x_flash.o(i.FLASH_WaitForLastOperation)
    Flash_Init                               0x08000e75   Thumb Code    22  stmflash.o(i.Flash_Init)
    GPIO_Init                                0x08000ea1   Thumb Code   278  stm32f10x_gpio.o(i.GPIO_Init)
    GPIO_PinRemapConfig                      0x08000fb9   Thumb Code   138  stm32f10x_gpio.o(i.GPIO_PinRemapConfig)
    Get_RXD                                  0x08001049   Thumb Code    32  uart.o(i.Get_RXD)
    HardFault_Handler                        0x08001069   Thumb Code     4  stm32f10x_it.o(i.HardFault_Handler)
    IIC_ReadBit                              0x0800106d   Thumb Code    70  iic.o(i.IIC_ReadBit)
    IIC_SendBit                              0x080010b9   Thumb Code    66  iic.o(i.IIC_SendBit)
    IIC_Software_Init                        0x08001101   Thumb Code   100  iic.o(i.IIC_Software_Init)
    IICs_ReadByte                            0x08001175   Thumb Code    60  iic.o(i.IICs_ReadByte)
    IICs_SendByte                            0x080011b1   Thumb Code    58  iic.o(i.IICs_SendByte)
    KEY_Init                                 0x080011ed   Thumb Code    68  key.o(i.KEY_Init)
    LCD_Address_Set                          0x08001235   Thumb Code    54  lcd.o(i.LCD_Address_Set)
    LCD_Draw_Circle                          0x0800126b   Thumb Code   158  lcd.o(i.LCD_Draw_Circle)
    LCD_Draw_Line                            0x08001309   Thumb Code   172  lcd.o(i.LCD_Draw_Line)
    LCD_Draw_Point                           0x080013b5   Thumb Code    28  lcd.o(i.LCD_Draw_Point)
    LCD_Draw_Rectangle                       0x080013d1   Thumb Code    74  lcd.o(i.LCD_Draw_Rectangle)
    LCD_Fill                                 0x0800141b   Thumb Code    74  lcd.o(i.LCD_Fill)
    LCD_GPIO_Init                            0x08001465   Thumb Code   116  lcd.o(i.LCD_GPIO_Init)
    LCD_Init                                 0x080014e5   Thumb Code   442  lcd.o(i.LCD_Init)
    LCD_Show_Char                            0x080016c5   Thumb Code   298  lcd.o(i.LCD_Show_Char)
    LCD_Show_Chinese                         0x080017fd   Thumb Code    88  lcd.o(i.LCD_Show_Chinese)
    LCD_Show_Chinese24x24                    0x08001855   Thumb Code   322  lcd.o(i.LCD_Show_Chinese24x24)
    LCD_Show_Chinese32x32                    0x0800199d   Thumb Code   306  lcd.o(i.LCD_Show_Chinese32x32)
    LCD_Show_Picture                         0x08001ad5   Thumb Code   102  lcd.o(i.LCD_Show_Picture)
    LCD_Show_String                          0x08001b3b   Thumb Code   110  lcd.o(i.LCD_Show_String)
    LCD_WR_DATA                              0x08001ba9   Thumb Code    26  lcd.o(i.LCD_WR_DATA)
    LCD_WR_DATA8                             0x08001bc9   Thumb Code    20  lcd.o(i.LCD_WR_DATA8)
    LCD_WR_REG                               0x08001be1   Thumb Code    20  lcd.o(i.LCD_WR_REG)
    LCD_Writ_Bus                             0x08001bf9   Thumb Code    78  lcd.o(i.LCD_Writ_Bus)
    MemManage_Handler                        0x08001c4d   Thumb Code     4  stm32f10x_it.o(i.MemManage_Handler)
    Mian_Init                                0x08001c51   Thumb Code   256  main.o(i.Mian_Init)
    Mode_Index                               0x08001db9   Thumb Code    14  mode.o(i.Mode_Index)
    Mode_User_index                          0x08001dd1   Thumb Code    36  mode.o(i.Mode_User_index)
    NMI_Handler                              0x08001e19   Thumb Code     2  stm32f10x_it.o(i.NMI_Handler)
    NVIC_Init                                0x08001e1d   Thumb Code   100  misc.o(i.NVIC_Init)
    NVIC_PriorityGroupConfig                 0x08001e8d   Thumb Code    10  misc.o(i.NVIC_PriorityGroupConfig)
    PWM_x_Init                               0x08001ea1   Thumb Code    46  pwm.o(i.PWM_x_Init)
    PendSV_Handler                           0x08001ecf   Thumb Code     2  stm32f10x_it.o(i.PendSV_Handler)
    RCC_ADCCLKConfig                         0x08001ed1   Thumb Code    18  stm32f10x_rcc.o(i.RCC_ADCCLKConfig)
    RCC_APB1PeriphClockCmd                   0x08001ee9   Thumb Code    26  stm32f10x_rcc.o(i.RCC_APB1PeriphClockCmd)
    RCC_APB1PeriphResetCmd                   0x08001f09   Thumb Code    26  stm32f10x_rcc.o(i.RCC_APB1PeriphResetCmd)
    RCC_APB2PeriphClockCmd                   0x08001f29   Thumb Code    26  stm32f10x_rcc.o(i.RCC_APB2PeriphClockCmd)
    RCC_APB2PeriphResetCmd                   0x08001f49   Thumb Code    26  stm32f10x_rcc.o(i.RCC_APB2PeriphResetCmd)
    RCC_GetClocksFreq                        0x08001f69   Thumb Code   192  stm32f10x_rcc.o(i.RCC_GetClocksFreq)
    Read_MCU_Temp                            0x0800203d   Thumb Code    78  adc.o(i.Read_MCU_Temp)
    SPI_Software_Init                        0x080020a1   Thumb Code   138  spi.o(i.SPI_Software_Init)
    SPIs_Write_And_Read_Byte                 0x0800213d   Thumb Code   154  spi.o(i.SPIs_Write_And_Read_Byte)
    STMFLASH_Read                            0x080021dd   Thumb Code    34  stmflash.o(i.STMFLASH_Read)
    STMFLASH_ReadHalfWord                    0x080021ff   Thumb Code     6  stmflash.o(i.STMFLASH_ReadHalfWord)
    STMFLASH_Write                           0x08002205   Thumb Code   222  stmflash.o(i.STMFLASH_Write)
    STMFLASH_Write_NoCheck                   0x080022ed   Thumb Code    38  stmflash.o(i.STMFLASH_Write_NoCheck)
    SVC_Handler                              0x08002313   Thumb Code     2  stm32f10x_it.o(i.SVC_Handler)
    SysTick_Handler                          0x080023fd   Thumb Code    24  sys_time.o(i.SysTick_Handler)
    Sys_Time_Init                            0x0800241d   Thumb Code   128  sys_time.o(i.Sys_Time_Init)
    Sys_Watch_Handle                         0x080024b1   Thumb Code   102  sys_time.o(i.Sys_Watch_Handle)
    SystemInit                               0x08002521   Thumb Code    78  system_stm32f10x.o(i.SystemInit)
    TIM2_IRQHandler                          0x08002581   Thumb Code    24  encoder.o(i.TIM2_IRQHandler)
    TIM3_IRQHandler                          0x08002599   Thumb Code    18  encoder.o(i.TIM3_IRQHandler)
    TIM4_IRQHandler                          0x080025b1   Thumb Code    18  encoder.o(i.TIM4_IRQHandler)
    TIM4_PWM_Init                            0x080025c9   Thumb Code   202  pwm.o(i.TIM4_PWM_Init)
    TIM5_IRQHandler                          0x0800269d   Thumb Code    18  encoder.o(i.TIM5_IRQHandler)
    TIM8_PWM_Init                            0x080026b5   Thumb Code   224  pwm.o(i.TIM8_PWM_Init)
    TIM_ARRPreloadConfig                     0x0800279d   Thumb Code    24  stm32f10x_tim.o(i.TIM_ARRPreloadConfig)
    TIM_Cmd                                  0x080027b5   Thumb Code    24  stm32f10x_tim.o(i.TIM_Cmd)
    TIM_CtrlPWMOutputs                       0x080027cd   Thumb Code    30  stm32f10x_tim.o(i.TIM_CtrlPWMOutputs)
    TIM_ITConfig                             0x080027eb   Thumb Code    18  stm32f10x_tim.o(i.TIM_ITConfig)
    TIM_OC1Init                              0x080027fd   Thumb Code   132  stm32f10x_tim.o(i.TIM_OC1Init)
    TIM_OC1PreloadConfig                     0x08002895   Thumb Code    18  stm32f10x_tim.o(i.TIM_OC1PreloadConfig)
    TIM_OC2Init                              0x080028a9   Thumb Code   154  stm32f10x_tim.o(i.TIM_OC2Init)
    TIM_OC2PreloadConfig                     0x0800294d   Thumb Code    26  stm32f10x_tim.o(i.TIM_OC2PreloadConfig)
    TIM_OC3Init                              0x08002969   Thumb Code   150  stm32f10x_tim.o(i.TIM_OC3Init)
    TIM_OC3PreloadConfig                     0x08002a09   Thumb Code    18  stm32f10x_tim.o(i.TIM_OC3PreloadConfig)
    TIM_OC4Init                              0x08002a1d   Thumb Code   114  stm32f10x_tim.o(i.TIM_OC4Init)
    TIM_OC4PreloadConfig                     0x08002a99   Thumb Code    26  stm32f10x_tim.o(i.TIM_OC4PreloadConfig)
    TIM_TimeBaseInit                         0x08002ab5   Thumb Code   122  stm32f10x_tim.o(i.TIM_TimeBaseInit)
    Test_Write                               0x08002b59   Thumb Code    16  stmflash.o(i.Test_Write)
    UART4_IRQHandler                         0x08002b69   Thumb Code    42  uart.o(i.UART4_IRQHandler)
    UART_Send_Data                           0x08002b9d   Thumb Code    78  uart.o(i.UART_Send_Data)
    UART_Send_String                         0x08002beb   Thumb Code    76  uart.o(i.UART_Send_String)
    USART_ClearFlag                          0x08002c37   Thumb Code    18  stm32f10x_usart.o(i.USART_ClearFlag)
    USART_Cmd                                0x08002c49   Thumb Code    24  stm32f10x_usart.o(i.USART_Cmd)
    USART_DeInit                             0x08002c61   Thumb Code   134  stm32f10x_usart.o(i.USART_DeInit)
    USART_GetFlagStatus                      0x08002cfd   Thumb Code    26  stm32f10x_usart.o(i.USART_GetFlagStatus)
    USART_GetITStatus                        0x08002d17   Thumb Code    84  stm32f10x_usart.o(i.USART_GetITStatus)
    USART_ITConfig                           0x08002d6b   Thumb Code    74  stm32f10x_usart.o(i.USART_ITConfig)
    USART_Init                               0x08002db5   Thumb Code   210  stm32f10x_usart.o(i.USART_Init)
    USART_ReceiveData                        0x08002e8d   Thumb Code    10  stm32f10x_usart.o(i.USART_ReceiveData)
    USART_SendData                           0x08002e97   Thumb Code     8  stm32f10x_usart.o(i.USART_SendData)
    Uart_Init                                0x08002ea1   Thumb Code   850  uart.o(i.Uart_Init)
    UsageFault_Handler                       0x0800321d   Thumb Code     4  stm32f10x_it.o(i.UsageFault_Handler)
    _is_digit                                0x08003221   Thumb Code    14  __printf_wp.o(i._is_digit)
    main                                     0x08003231   Thumb Code   212  main.o(i.main)
    __aeabi_d2f                              0x08003375   Thumb Code     0  d2f.o(x$fpl$d2f)
    _d2f                                     0x08003375   Thumb Code    98  d2f.o(x$fpl$d2f)
    __aeabi_dadd                             0x080033d9   Thumb Code     0  daddsub_clz.o(x$fpl$dadd)
    _dadd                                    0x080033d9   Thumb Code   332  daddsub_clz.o(x$fpl$dadd)
    __fpl_dcmp_Inf                           0x08003529   Thumb Code    24  dcmpi.o(x$fpl$dcmpinf)
    __aeabi_ddiv                             0x08003541   Thumb Code     0  ddiv.o(x$fpl$ddiv)
    _ddiv                                    0x08003541   Thumb Code   552  ddiv.o(x$fpl$ddiv)
    __aeabi_cdcmple                          0x080037f1   Thumb Code     0  dleqf.o(x$fpl$dleqf)
    _dcmple                                  0x080037f1   Thumb Code   120  dleqf.o(x$fpl$dleqf)
    __fpl_dcmple_InfNaN                      0x08003853   Thumb Code     0  dleqf.o(x$fpl$dleqf)
    __aeabi_dmul                             0x08003869   Thumb Code     0  dmul.o(x$fpl$dmul)
    _dmul                                    0x08003869   Thumb Code   332  dmul.o(x$fpl$dmul)
    __fpl_dnaninf                            0x080039bd   Thumb Code   156  dnaninf.o(x$fpl$dnaninf)
    __fpl_dretinf                            0x08003a59   Thumb Code    12  dretinf.o(x$fpl$dretinf)
    __aeabi_cdrcmple                         0x08003a65   Thumb Code     0  drleqf.o(x$fpl$drleqf)
    _drcmple                                 0x08003a65   Thumb Code   108  drleqf.o(x$fpl$drleqf)
    __aeabi_drsub                            0x08003ad1   Thumb Code     0  daddsub_clz.o(x$fpl$drsb)
    _drsb                                    0x08003ad1   Thumb Code    22  daddsub_clz.o(x$fpl$drsb)
    __aeabi_dsub                             0x08003ae9   Thumb Code     0  daddsub_clz.o(x$fpl$dsub)
    _dsub                                    0x08003ae9   Thumb Code   464  daddsub_clz.o(x$fpl$dsub)
    __aeabi_f2d                              0x08003cbd   Thumb Code     0  f2d.o(x$fpl$f2d)
    _f2d                                     0x08003cbd   Thumb Code    86  f2d.o(x$fpl$f2d)
    __fpl_fcmp_Inf                           0x08003d13   Thumb Code    24  fcmpi.o(x$fpl$fcmpinf)
    __aeabi_fdiv                             0x08003d2d   Thumb Code     0  fdiv.o(x$fpl$fdiv)
    _fdiv                                    0x08003d2d   Thumb Code   384  fdiv.o(x$fpl$fdiv)
    __aeabi_f2uiz                            0x08003eb1   Thumb Code     0  ffixu.o(x$fpl$ffixu)
    _ffixu                                   0x08003eb1   Thumb Code    62  ffixu.o(x$fpl$ffixu)
    __aeabi_ui2f                             0x08003ef1   Thumb Code     0  fflt_clz.o(x$fpl$ffltu)
    _ffltu                                   0x08003ef1   Thumb Code    38  fflt_clz.o(x$fpl$ffltu)
    __aeabi_cfcmple                          0x08003f19   Thumb Code     0  fleqf.o(x$fpl$fleqf)
    _fcmple                                  0x08003f19   Thumb Code   104  fleqf.o(x$fpl$fleqf)
    __fpl_fcmple_InfNaN                      0x08003f6b   Thumb Code     0  fleqf.o(x$fpl$fleqf)
    __aeabi_fmul                             0x08003f81   Thumb Code     0  fmul.o(x$fpl$fmul)
    _fmul                                    0x08003f81   Thumb Code   258  fmul.o(x$fpl$fmul)
    __fpl_fnaninf                            0x08004083   Thumb Code   140  fnaninf.o(x$fpl$fnaninf)
    __fpl_fretinf                            0x0800410f   Thumb Code    10  fretinf.o(x$fpl$fretinf)
    __I$use$fp                               0x08004118   Number         0  usenofp.o(x$fpl$usenofp)
    gImage_am_60                             0x08004118   Data        7200  main.o(.constdata)
    ascii_1608                               0x08005d60   Data        1520  lcd.o(.constdata)
    ascii_2412                               0x08006350   Data        4560  lcd.o(.constdata)
    ascii_3216                               0x08007520   Data        6080  lcd.o(.constdata)
    tfont24                                  0x08008ce0   Data         370  lcd.o(.constdata)
    tfont32                                  0x08008e52   Data         650  lcd.o(.constdata)
    Region$$Table$$Base                      0x080090dc   Number         0  anon$$obj.o(Region$$Table)
    Region$$Table$$Limit                     0x080090fc   Number         0  anon$$obj.o(Region$$Table)
    far                                      0x20000000   Data           4  main.o(.data)
    temp                                     0x20000004   Data           4  main.o(.data)
    vol                                      0x20000008   Data           4  main.o(.data)
    abd                                      0x2000000c   Data           4  main.o(.data)
    debug_time_data                          0x20000010   Data           4  main.o(.data)
    SYS_Time                                 0x20000014   Data          20  sys_time.o(.data)
    Delay_Time                               0x20000028   Data           4  sys_time.o(.data)
    ADC                                      0x20000030   Data           8  adc.o(.data)
    DACx                                     0x20000038   Data           4  dac.o(.data)
    SPI                                      0x2000003c   Data           8  spi.o(.data)
    Mode_Init                                0x20000044   Data           4  mode.o(.data)
    SystemCoreClock                          0x20000048   Data           4  system_stm32f10x.o(.data)
    AHBPrescTable                            0x2000004c   Data          16  system_stm32f10x.o(.data)
    Free_Show                                0x20000070   Data          30  main.o(.bss)
    CV_UART                                  0x20000090   Data        6080  uart.o(.bss)
    Flash                                    0x20001850   Data          16  stmflash.o(.bss)
    STMFLASH_BUF                             0x20001860   Data        1024  stmflash.o(.bss)
    IIC                                      0x20001c60   Data          16  iic.o(.bss)
    Base_Init                                0x20001c70   Data          40  base.o(.bss)
    Base_User                                0x20001c98   Data          72  base.o(.bss)
    LCD                                      0x20001ce0   Data          32  lcd.o(.bss)
    Mode_User                                0x20001d00   Data          32  mode.o(.bss)
    API                                      0x20001d20   Data          16  api.o(.bss)
    __libspace_start                         0x20001d30   Data          96  libspace.o(.bss)
    __temporary_stack_top$libspace           0x20001d90   Data           0  libspace.o(.bss)



==============================================================================

Memory Map of the image

  Image Entry point : 0x08000131

  Load Region LR_IROM1 (Base: 0x08000000, Size: 0x0000916c, Max: 0x00040000, ABSOLUTE)

    Execution Region ER_IROM1 (Exec base: 0x08000000, Load base: 0x08000000, Size: 0x000090fc, Max: 0x00040000, ABSOLUTE)

    Exec Addr    Load Addr    Size         Type   Attr      Idx    E Section Name        Object

    0x08000000   0x08000000   0x00000130   Data   RO          609    RESET               startup_stm32f10x_hd.o
    0x08000130   0x08000130   0x00000008   Code   RO          655  * !!!main             c_w.l(__main.o)
    0x08000138   0x08000138   0x00000034   Code   RO          819    !!!scatter          c_w.l(__scatter.o)
    0x0800016c   0x0800016c   0x0000001a   Code   RO          820    !!handler_copy      c_w.l(__scatter_copy.o)
    0x08000186   0x08000186   0x00000002   PAD
    0x08000188   0x08000188   0x0000001c   Code   RO          821    !!handler_zi        c_w.l(__scatter_zi.o)
    0x080001a4   0x080001a4   0x00000000   Code   RO          647    .ARM.Collect$$_printf_percent$$00000000  c_w.l(_printf_percent.o)
    0x080001a4   0x080001a4   0x00000006   Code   RO          646    .ARM.Collect$$_printf_percent$$00000009  c_w.l(_printf_d.o)
    0x080001aa   0x080001aa   0x00000004   Code   RO          684    .ARM.Collect$$_printf_percent$$00000017  c_w.l(_printf_percent_end.o)
    0x080001ae   0x080001ae   0x00000002   Code   RO          714    .ARM.Collect$$libinit$$00000000  c_w.l(libinit.o)
    0x080001b0   0x080001b0   0x00000000   Code   RO          720    .ARM.Collect$$libinit$$00000002  c_w.l(libinit2.o)
    0x080001b0   0x080001b0   0x00000000   Code   RO          722    .ARM.Collect$$libinit$$00000004  c_w.l(libinit2.o)
    0x080001b0   0x080001b0   0x00000000   Code   RO          725    .ARM.Collect$$libinit$$0000000A  c_w.l(libinit2.o)
    0x080001b0   0x080001b0   0x00000000   Code   RO          727    .ARM.Collect$$libinit$$0000000C  c_w.l(libinit2.o)
    0x080001b0   0x080001b0   0x00000000   Code   RO          729    .ARM.Collect$$libinit$$0000000E  c_w.l(libinit2.o)
    0x080001b0   0x080001b0   0x00000000   Code   RO          732    .ARM.Collect$$libinit$$00000011  c_w.l(libinit2.o)
    0x080001b0   0x080001b0   0x00000000   Code   RO          734    .ARM.Collect$$libinit$$00000013  c_w.l(libinit2.o)
    0x080001b0   0x080001b0   0x00000000   Code   RO          736    .ARM.Collect$$libinit$$00000015  c_w.l(libinit2.o)
    0x080001b0   0x080001b0   0x00000000   Code   RO          738    .ARM.Collect$$libinit$$00000017  c_w.l(libinit2.o)
    0x080001b0   0x080001b0   0x00000000   Code   RO          740    .ARM.Collect$$libinit$$00000019  c_w.l(libinit2.o)
    0x080001b0   0x080001b0   0x00000000   Code   RO          742    .ARM.Collect$$libinit$$0000001B  c_w.l(libinit2.o)
    0x080001b0   0x080001b0   0x00000000   Code   RO          744    .ARM.Collect$$libinit$$0000001D  c_w.l(libinit2.o)
    0x080001b0   0x080001b0   0x00000000   Code   RO          746    .ARM.Collect$$libinit$$0000001F  c_w.l(libinit2.o)
    0x080001b0   0x080001b0   0x00000000   Code   RO          748    .ARM.Collect$$libinit$$00000021  c_w.l(libinit2.o)
    0x080001b0   0x080001b0   0x00000000   Code   RO          750    .ARM.Collect$$libinit$$00000023  c_w.l(libinit2.o)
    0x080001b0   0x080001b0   0x00000000   Code   RO          752    .ARM.Collect$$libinit$$00000025  c_w.l(libinit2.o)
    0x080001b0   0x080001b0   0x00000000   Code   RO          756    .ARM.Collect$$libinit$$0000002C  c_w.l(libinit2.o)
    0x080001b0   0x080001b0   0x00000000   Code   RO          758    .ARM.Collect$$libinit$$0000002E  c_w.l(libinit2.o)
    0x080001b0   0x080001b0   0x00000000   Code   RO          760    .ARM.Collect$$libinit$$00000030  c_w.l(libinit2.o)
    0x080001b0   0x080001b0   0x00000000   Code   RO          762    .ARM.Collect$$libinit$$00000032  c_w.l(libinit2.o)
    0x080001b0   0x080001b0   0x00000002   Code   RO          763    .ARM.Collect$$libinit$$00000033  c_w.l(libinit2.o)
    0x080001b2   0x080001b2   0x00000002   Code   RO          777    .ARM.Collect$$libshutdown$$00000000  c_w.l(libshutdown.o)
    0x080001b4   0x080001b4   0x00000000   Code   RO          785    .ARM.Collect$$libshutdown$$00000002  c_w.l(libshutdown2.o)
    0x080001b4   0x080001b4   0x00000000   Code   RO          787    .ARM.Collect$$libshutdown$$00000004  c_w.l(libshutdown2.o)
    0x080001b4   0x080001b4   0x00000000   Code   RO          789    .ARM.Collect$$libshutdown$$00000006  c_w.l(libshutdown2.o)
    0x080001b4   0x080001b4   0x00000000   Code   RO          792    .ARM.Collect$$libshutdown$$00000009  c_w.l(libshutdown2.o)
    0x080001b4   0x080001b4   0x00000000   Code   RO          795    .ARM.Collect$$libshutdown$$0000000C  c_w.l(libshutdown2.o)
    0x080001b4   0x080001b4   0x00000000   Code   RO          797    .ARM.Collect$$libshutdown$$0000000E  c_w.l(libshutdown2.o)
    0x080001b4   0x080001b4   0x00000000   Code   RO          800    .ARM.Collect$$libshutdown$$00000011  c_w.l(libshutdown2.o)
    0x080001b4   0x080001b4   0x00000002   Code   RO          801    .ARM.Collect$$libshutdown$$00000012  c_w.l(libshutdown2.o)
    0x080001b6   0x080001b6   0x00000000   Code   RO          680    .ARM.Collect$$rtentry$$00000000  c_w.l(__rtentry.o)
    0x080001b6   0x080001b6   0x00000000   Code   RO          693    .ARM.Collect$$rtentry$$00000002  c_w.l(__rtentry2.o)
    0x080001b6   0x080001b6   0x00000006   Code   RO          705    .ARM.Collect$$rtentry$$00000004  c_w.l(__rtentry4.o)
    0x080001bc   0x080001bc   0x00000000   Code   RO          695    .ARM.Collect$$rtentry$$00000009  c_w.l(__rtentry2.o)
    0x080001bc   0x080001bc   0x00000004   Code   RO          696    .ARM.Collect$$rtentry$$0000000A  c_w.l(__rtentry2.o)
    0x080001c0   0x080001c0   0x00000000   Code   RO          698    .ARM.Collect$$rtentry$$0000000C  c_w.l(__rtentry2.o)
    0x080001c0   0x080001c0   0x00000008   Code   RO          699    .ARM.Collect$$rtentry$$0000000D  c_w.l(__rtentry2.o)
    0x080001c8   0x080001c8   0x00000002   Code   RO          717    .ARM.Collect$$rtexit$$00000000  c_w.l(rtexit.o)
    0x080001ca   0x080001ca   0x00000000   Code   RO          765    .ARM.Collect$$rtexit$$00000002  c_w.l(rtexit2.o)
    0x080001ca   0x080001ca   0x00000004   Code   RO          766    .ARM.Collect$$rtexit$$00000003  c_w.l(rtexit2.o)
    0x080001ce   0x080001ce   0x00000006   Code   RO          767    .ARM.Collect$$rtexit$$00000004  c_w.l(rtexit2.o)
    0x080001d4   0x080001d4   0x00000040   Code   RO          610    .text               startup_stm32f10x_hd.o
    0x08000214   0x08000214   0x00000028   Code   RO          614    .text               c_w.l(noretval__2sprintf.o)
    0x0800023c   0x0800023c   0x0000004e   Code   RO          616    .text               c_w.l(_printf_pad.o)
    0x0800028a   0x0800028a   0x00000002   PAD
    0x0800028c   0x0800028c   0x00000078   Code   RO          617    .text               c_w.l(_printf_dec.o)
    0x08000304   0x08000304   0x0000010e   Code   RO          637    .text               c_w.l(__printf_wp.o)
    0x08000412   0x08000412   0x0000003e   Code   RO          648    .text               c_w.l(strlen.o)
    0x08000450   0x08000450   0x00000064   Code   RO          650    .text               c_w.l(rt_memcpy_w.o)
    0x080004b4   0x080004b4   0x00000010   Code   RO          651    .text               c_w.l(aeabi_memset.o)
    0x080004c4   0x080004c4   0x00000044   Code   RO          652    .text               c_w.l(rt_memclr.o)
    0x08000508   0x08000508   0x0000004e   Code   RO          653    .text               c_w.l(rt_memclr_w.o)
    0x08000556   0x08000556   0x00000006   Code   RO          654    .text               c_w.l(heapauxi.o)
    0x0800055c   0x0800055c   0x000000b2   Code   RO          681    .text               c_w.l(_printf_intcommon.o)
    0x0800060e   0x0800060e   0x00000002   PAD
    0x08000610   0x08000610   0x00000030   Code   RO          682    .text               c_w.l(_printf_char_common.o)
    0x08000640   0x08000640   0x0000000a   Code   RO          683    .text               c_w.l(_sputc.o)
    0x0800064a   0x0800064a   0x0000004a   Code   RO          709    .text               c_w.l(sys_stackheap_outer.o)
    0x08000694   0x08000694   0x00000012   Code   RO          710    .text               c_w.l(exit.o)
    0x080006a6   0x080006a6   0x00000002   PAD
    0x080006a8   0x080006a8   0x00000008   Code   RO          715    .text               c_w.l(libspace.o)
    0x080006b0   0x080006b0   0x0000000c   Code   RO          773    .text               c_w.l(sys_exit.o)
    0x080006bc   0x080006bc   0x00000002   Code   RO          779    .text               c_w.l(use_no_semi.o)
    0x080006be   0x080006be   0x00000000   Code   RO          780    .text               c_w.l(indicate_semi.o)
    0x080006be   0x080006be   0x00000006   Code   RO          143    i.ADC_ClearFlag     stm32f10x_adc.o
    0x080006c4   0x080006c4   0x00000016   Code   RO          145    i.ADC_Cmd           stm32f10x_adc.o
    0x080006da   0x080006da   0x00000014   Code   RO          153    i.ADC_GetCalibrationStatus  stm32f10x_adc.o
    0x080006ee   0x080006ee   0x00000012   Code   RO          156    i.ADC_GetFlagStatus  stm32f10x_adc.o
    0x08000700   0x08000700   0x00000014   Code   RO          159    i.ADC_GetResetCalibrationStatus  stm32f10x_adc.o
    0x08000714   0x08000714   0x00000050   Code   RO          163    i.ADC_Init          stm32f10x_adc.o
    0x08000764   0x08000764   0x000000b8   Code   RO          167    i.ADC_RegularChannelConfig  stm32f10x_adc.o
    0x0800081c   0x0800081c   0x0000000a   Code   RO          168    i.ADC_ResetCalibration  stm32f10x_adc.o
    0x08000826   0x08000826   0x00000016   Code   RO          170    i.ADC_SoftwareStartConvCmd  stm32f10x_adc.o
    0x0800083c   0x0800083c   0x0000000a   Code   RO          172    i.ADC_StartCalibration  stm32f10x_adc.o
    0x08000846   0x08000846   0x00000002   PAD
    0x08000848   0x08000848   0x00000024   Code   RO          174    i.ADC_TempSensorVrefintCmd  stm32f10x_adc.o
    0x0800086c   0x0800086c   0x000000f8   Code   RO           42    i.ADC_x_Init        adc.o
    0x08000964   0x08000964   0x00000078   Code   RO           43    i.ADC_x_Read_Vol    adc.o
    0x080009dc   0x080009dc   0x0000001c   Code   RO           70    i.BZZ_Control       bzz.o
    0x080009f8   0x080009f8   0x00000058   Code   RO           71    i.BZZ_Init          bzz.o
    0x08000a50   0x08000a50   0x00000050   Code   RO           67    i.Base_Index        base.o
    0x08000aa0   0x08000aa0   0x00000090   Code   RO           68    i.Base_User_index   base.o
    0x08000b30   0x08000b30   0x00000004   Code   RO            1    i.BusFault_Handler  stm32f10x_it.o
    0x08000b34   0x08000b34   0x00000028   Code   RO          232    i.DAC_Cmd           stm32f10x_dac.o
    0x08000b5c   0x08000b5c   0x00000034   Code   RO          237    i.DAC_Init          stm32f10x_dac.o
    0x08000b90   0x08000b90   0x00000020   Code   RO          238    i.DAC_SetChannel1Data  stm32f10x_dac.o
    0x08000bb0   0x08000bb0   0x00000020   Code   RO          239    i.DAC_SetChannel2Data  stm32f10x_dac.o
    0x08000bd0   0x08000bd0   0x0000008c   Code   RO           53    i.DAC_x_Init        dac.o
    0x08000c5c   0x08000c5c   0x00000088   Code   RO           54    i.DAC_x_Set_Vol     dac.o
    0x08000ce4   0x08000ce4   0x00000002   Code   RO            2    i.DebugMon_Handler  stm32f10x_it.o
    0x08000ce6   0x08000ce6   0x00000002   PAD
    0x08000ce8   0x08000ce8   0x00000028   Code   RO           28    i.Delay_10us        sys_time.o
    0x08000d10   0x08000d10   0x0000001a   Code   RO           29    i.Delay_S           sys_time.o
    0x08000d2a   0x08000d2a   0x00000002   PAD
    0x08000d2c   0x08000d2c   0x00000034   Code   RO           30    i.Delay_ms          sys_time.o
    0x08000d60   0x08000d60   0x0000004c   Code   RO          271    i.FLASH_ErasePage   stm32f10x_flash.o
    0x08000dac   0x08000dac   0x00000034   Code   RO          272    i.FLASH_GetBank1Status  stm32f10x_flash.o
    0x08000de0   0x08000de0   0x00000014   Code   RO          281    i.FLASH_Lock        stm32f10x_flash.o
    0x08000df4   0x08000df4   0x00000040   Code   RO          284    i.FLASH_ProgramHalfWord  stm32f10x_flash.o
    0x08000e34   0x08000e34   0x00000018   Code   RO          289    i.FLASH_Unlock      stm32f10x_flash.o
    0x08000e4c   0x08000e4c   0x00000026   Code   RO          293    i.FLASH_WaitForLastOperation  stm32f10x_flash.o
    0x08000e72   0x08000e72   0x00000002   PAD
    0x08000e74   0x08000e74   0x0000002c   Code   RO           46    i.Flash_Init        stmflash.o
    0x08000ea0   0x08000ea0   0x00000116   Code   RO          319    i.GPIO_Init         stm32f10x_gpio.o
    0x08000fb6   0x08000fb6   0x00000002   PAD
    0x08000fb8   0x08000fb8   0x00000090   Code   RO          321    i.GPIO_PinRemapConfig  stm32f10x_gpio.o
    0x08001048   0x08001048   0x00000020   Code   RO           35    i.Get_RXD           uart.o
    0x08001068   0x08001068   0x00000004   Code   RO            3    i.HardFault_Handler  stm32f10x_it.o
    0x0800106c   0x0800106c   0x0000004c   Code   RO           56    i.IIC_ReadBit       iic.o
    0x080010b8   0x080010b8   0x00000048   Code   RO           57    i.IIC_SendBit       iic.o
    0x08001100   0x08001100   0x00000074   Code   RO           58    i.IIC_Software_Init  iic.o
    0x08001174   0x08001174   0x0000003c   Code   RO           61    i.IICs_ReadByte     iic.o
    0x080011b0   0x080011b0   0x0000003a   Code   RO           62    i.IICs_SendByte     iic.o
    0x080011ea   0x080011ea   0x00000002   PAD
    0x080011ec   0x080011ec   0x00000048   Code   RO           72    i.KEY_Init          key.o
    0x08001234   0x08001234   0x00000036   Code   RO           73    i.LCD_Address_Set   lcd.o
    0x0800126a   0x0800126a   0x0000009e   Code   RO           74    i.LCD_Draw_Circle   lcd.o
    0x08001308   0x08001308   0x000000ac   Code   RO           75    i.LCD_Draw_Line     lcd.o
    0x080013b4   0x080013b4   0x0000001c   Code   RO           76    i.LCD_Draw_Point    lcd.o
    0x080013d0   0x080013d0   0x0000004a   Code   RO           77    i.LCD_Draw_Rectangle  lcd.o
    0x0800141a   0x0800141a   0x0000004a   Code   RO           78    i.LCD_Fill          lcd.o
    0x08001464   0x08001464   0x00000080   Code   RO           79    i.LCD_GPIO_Init     lcd.o
    0x080014e4   0x080014e4   0x000001e0   Code   RO           80    i.LCD_Init          lcd.o
    0x080016c4   0x080016c4   0x00000138   Code   RO           81    i.LCD_Show_Char     lcd.o
    0x080017fc   0x080017fc   0x00000058   Code   RO           82    i.LCD_Show_Chinese  lcd.o
    0x08001854   0x08001854   0x00000148   Code   RO           83    i.LCD_Show_Chinese24x24  lcd.o
    0x0800199c   0x0800199c   0x00000138   Code   RO           84    i.LCD_Show_Chinese32x32  lcd.o
    0x08001ad4   0x08001ad4   0x00000066   Code   RO           85    i.LCD_Show_Picture  lcd.o
    0x08001b3a   0x08001b3a   0x0000006e   Code   RO           86    i.LCD_Show_String   lcd.o
    0x08001ba8   0x08001ba8   0x00000020   Code   RO           87    i.LCD_WR_DATA       lcd.o
    0x08001bc8   0x08001bc8   0x00000018   Code   RO           88    i.LCD_WR_DATA8      lcd.o
    0x08001be0   0x08001be0   0x00000018   Code   RO           89    i.LCD_WR_REG        lcd.o
    0x08001bf8   0x08001bf8   0x00000054   Code   RO           90    i.LCD_Writ_Bus      lcd.o
    0x08001c4c   0x08001c4c   0x00000004   Code   RO            4    i.MemManage_Handler  stm32f10x_it.o
    0x08001c50   0x08001c50   0x00000168   Code   RO            9    i.Mian_Init         main.o
    0x08001db8   0x08001db8   0x00000018   Code   RO          109    i.Mode_Index        mode.o
    0x08001dd0   0x08001dd0   0x00000048   Code   RO          110    i.Mode_User_index   mode.o
    0x08001e18   0x08001e18   0x00000002   Code   RO            5    i.NMI_Handler       stm32f10x_it.o
    0x08001e1a   0x08001e1a   0x00000002   PAD
    0x08001e1c   0x08001e1c   0x00000070   Code   RO          134    i.NVIC_Init         misc.o
    0x08001e8c   0x08001e8c   0x00000014   Code   RO          135    i.NVIC_PriorityGroupConfig  misc.o
    0x08001ea0   0x08001ea0   0x0000002e   Code   RO           25    i.PWM_x_Init        pwm.o
    0x08001ece   0x08001ece   0x00000002   Code   RO            6    i.PendSV_Handler    stm32f10x_it.o
    0x08001ed0   0x08001ed0   0x00000018   Code   RO          379    i.RCC_ADCCLKConfig  stm32f10x_rcc.o
    0x08001ee8   0x08001ee8   0x00000020   Code   RO          381    i.RCC_APB1PeriphClockCmd  stm32f10x_rcc.o
    0x08001f08   0x08001f08   0x00000020   Code   RO          382    i.RCC_APB1PeriphResetCmd  stm32f10x_rcc.o
    0x08001f28   0x08001f28   0x00000020   Code   RO          383    i.RCC_APB2PeriphClockCmd  stm32f10x_rcc.o
    0x08001f48   0x08001f48   0x00000020   Code   RO          384    i.RCC_APB2PeriphResetCmd  stm32f10x_rcc.o
    0x08001f68   0x08001f68   0x000000d4   Code   RO          391    i.RCC_GetClocksFreq  stm32f10x_rcc.o
    0x0800203c   0x0800203c   0x00000064   Code   RO           44    i.Read_MCU_Temp     adc.o
    0x080020a0   0x080020a0   0x0000009c   Code   RO           64    i.SPI_Software_Init  spi.o
    0x0800213c   0x0800213c   0x000000a0   Code   RO           65    i.SPIs_Write_And_Read_Byte  spi.o
    0x080021dc   0x080021dc   0x00000022   Code   RO           47    i.STMFLASH_Read     stmflash.o
    0x080021fe   0x080021fe   0x00000006   Code   RO           48    i.STMFLASH_ReadHalfWord  stmflash.o
    0x08002204   0x08002204   0x000000e8   Code   RO           49    i.STMFLASH_Write    stmflash.o
    0x080022ec   0x080022ec   0x00000026   Code   RO           50    i.STMFLASH_Write_NoCheck  stmflash.o
    0x08002312   0x08002312   0x00000002   Code   RO            7    i.SVC_Handler       stm32f10x_it.o
    0x08002314   0x08002314   0x00000008   Code   RO          129    i.SetSysClock       system_stm32f10x.o
    0x0800231c   0x0800231c   0x000000e0   Code   RO          130    i.SetSysClockTo72   system_stm32f10x.o
    0x080023fc   0x080023fc   0x00000020   Code   RO           31    i.SysTick_Handler   sys_time.o
    0x0800241c   0x0800241c   0x00000094   Code   RO           32    i.Sys_Time_Init     sys_time.o
    0x080024b0   0x080024b0   0x00000070   Code   RO           33    i.Sys_Watch_Handle  sys_time.o
    0x08002520   0x08002520   0x00000060   Code   RO          132    i.SystemInit        system_stm32f10x.o
    0x08002580   0x08002580   0x00000018   Code   RO           21    i.TIM2_IRQHandler   encoder.o
    0x08002598   0x08002598   0x00000018   Code   RO           22    i.TIM3_IRQHandler   encoder.o
    0x080025b0   0x080025b0   0x00000018   Code   RO           23    i.TIM4_IRQHandler   encoder.o
    0x080025c8   0x080025c8   0x000000d4   Code   RO           26    i.TIM4_PWM_Init     pwm.o
    0x0800269c   0x0800269c   0x00000018   Code   RO           24    i.TIM5_IRQHandler   encoder.o
    0x080026b4   0x080026b4   0x000000e8   Code   RO           27    i.TIM8_PWM_Init     pwm.o
    0x0800279c   0x0800279c   0x00000018   Code   RO          483    i.TIM_ARRPreloadConfig  stm32f10x_tim.o
    0x080027b4   0x080027b4   0x00000018   Code   RO          495    i.TIM_Cmd           stm32f10x_tim.o
    0x080027cc   0x080027cc   0x0000001e   Code   RO          497    i.TIM_CtrlPWMOutputs  stm32f10x_tim.o
    0x080027ea   0x080027ea   0x00000012   Code   RO          520    i.TIM_ITConfig      stm32f10x_tim.o
    0x080027fc   0x080027fc   0x00000098   Code   RO          524    i.TIM_OC1Init       stm32f10x_tim.o
    0x08002894   0x08002894   0x00000012   Code   RO          527    i.TIM_OC1PreloadConfig  stm32f10x_tim.o
    0x080028a6   0x080028a6   0x00000002   PAD
    0x080028a8   0x080028a8   0x000000a4   Code   RO          529    i.TIM_OC2Init       stm32f10x_tim.o
    0x0800294c   0x0800294c   0x0000001a   Code   RO          532    i.TIM_OC2PreloadConfig  stm32f10x_tim.o
    0x08002966   0x08002966   0x00000002   PAD
    0x08002968   0x08002968   0x000000a0   Code   RO          534    i.TIM_OC3Init       stm32f10x_tim.o
    0x08002a08   0x08002a08   0x00000012   Code   RO          537    i.TIM_OC3PreloadConfig  stm32f10x_tim.o
    0x08002a1a   0x08002a1a   0x00000002   PAD
    0x08002a1c   0x08002a1c   0x0000007c   Code   RO          539    i.TIM_OC4Init       stm32f10x_tim.o
    0x08002a98   0x08002a98   0x0000001a   Code   RO          541    i.TIM_OC4PreloadConfig  stm32f10x_tim.o
    0x08002ab2   0x08002ab2   0x00000002   PAD
    0x08002ab4   0x08002ab4   0x000000a4   Code   RO          566    i.TIM_TimeBaseInit  stm32f10x_tim.o
    0x08002b58   0x08002b58   0x00000010   Code   RO           51    i.Test_Write        stmflash.o
    0x08002b68   0x08002b68   0x00000034   Code   RO           37    i.UART4_IRQHandler  uart.o
    0x08002b9c   0x08002b9c   0x0000004e   Code   RO           38    i.UART_Send_Data    uart.o
    0x08002bea   0x08002bea   0x0000004c   Code   RO           39    i.UART_Send_String  uart.o
    0x08002c36   0x08002c36   0x00000012   Code   RO          570    i.USART_ClearFlag   stm32f10x_usart.o
    0x08002c48   0x08002c48   0x00000018   Code   RO          574    i.USART_Cmd         stm32f10x_usart.o
    0x08002c60   0x08002c60   0x0000009c   Code   RO          576    i.USART_DeInit      stm32f10x_usart.o
    0x08002cfc   0x08002cfc   0x0000001a   Code   RO          577    i.USART_GetFlagStatus  stm32f10x_usart.o
    0x08002d16   0x08002d16   0x00000054   Code   RO          578    i.USART_GetITStatus  stm32f10x_usart.o
    0x08002d6a   0x08002d6a   0x0000004a   Code   RO          580    i.USART_ITConfig    stm32f10x_usart.o
    0x08002db4   0x08002db4   0x000000d8   Code   RO          581    i.USART_Init        stm32f10x_usart.o
    0x08002e8c   0x08002e8c   0x0000000a   Code   RO          588    i.USART_ReceiveData  stm32f10x_usart.o
    0x08002e96   0x08002e96   0x00000008   Code   RO          591    i.USART_SendData    stm32f10x_usart.o
    0x08002e9e   0x08002e9e   0x00000002   PAD
    0x08002ea0   0x08002ea0   0x0000037c   Code   RO           40    i.Uart_Init         uart.o
    0x0800321c   0x0800321c   0x00000004   Code   RO            8    i.UsageFault_Handler  stm32f10x_it.o
    0x08003220   0x08003220   0x0000000e   Code   RO          639    i._is_digit         c_w.l(__printf_wp.o)
    0x0800322e   0x0800322e   0x00000002   PAD
    0x08003230   0x08003230   0x00000144   Code   RO           10    i.main              main.o
    0x08003374   0x08003374   0x00000062   Code   RO          656    x$fpl$d2f           fz_ws.l(d2f.o)
    0x080033d6   0x080033d6   0x00000002   PAD
    0x080033d8   0x080033d8   0x00000150   Code   RO          657    x$fpl$dadd          fz_ws.l(daddsub_clz.o)
    0x08003528   0x08003528   0x00000018   Code   RO          708    x$fpl$dcmpinf       fz_ws.l(dcmpi.o)
    0x08003540   0x08003540   0x000002b0   Code   RO          661    x$fpl$ddiv          fz_ws.l(ddiv.o)
    0x080037f0   0x080037f0   0x00000078   Code   RO          685    x$fpl$dleqf         fz_ws.l(dleqf.o)
    0x08003868   0x08003868   0x00000154   Code   RO          667    x$fpl$dmul          fz_ws.l(dmul.o)
    0x080039bc   0x080039bc   0x0000009c   Code   RO          686    x$fpl$dnaninf       fz_ws.l(dnaninf.o)
    0x08003a58   0x08003a58   0x0000000c   Code   RO          687    x$fpl$dretinf       fz_ws.l(dretinf.o)
    0x08003a64   0x08003a64   0x0000006c   Code   RO          668    x$fpl$drleqf        fz_ws.l(drleqf.o)
    0x08003ad0   0x08003ad0   0x00000016   Code   RO          658    x$fpl$drsb          fz_ws.l(daddsub_clz.o)
    0x08003ae6   0x08003ae6   0x00000002   PAD
    0x08003ae8   0x08003ae8   0x000001d4   Code   RO          659    x$fpl$dsub          fz_ws.l(daddsub_clz.o)
    0x08003cbc   0x08003cbc   0x00000056   Code   RO          669    x$fpl$f2d           fz_ws.l(f2d.o)
    0x08003d12   0x08003d12   0x00000018   Code   RO          688    x$fpl$fcmpinf       fz_ws.l(fcmpi.o)
    0x08003d2a   0x08003d2a   0x00000002   PAD
    0x08003d2c   0x08003d2c   0x00000184   Code   RO          671    x$fpl$fdiv          fz_ws.l(fdiv.o)
    0x08003eb0   0x08003eb0   0x0000003e   Code   RO          672    x$fpl$ffixu         fz_ws.l(ffixu.o)
    0x08003eee   0x08003eee   0x00000002   PAD
    0x08003ef0   0x08003ef0   0x00000026   Code   RO          674    x$fpl$ffltu         fz_ws.l(fflt_clz.o)
    0x08003f16   0x08003f16   0x00000002   PAD
    0x08003f18   0x08003f18   0x00000068   Code   RO          677    x$fpl$fleqf         fz_ws.l(fleqf.o)
    0x08003f80   0x08003f80   0x00000102   Code   RO          678    x$fpl$fmul          fz_ws.l(fmul.o)
    0x08004082   0x08004082   0x0000008c   Code   RO          689    x$fpl$fnaninf       fz_ws.l(fnaninf.o)
    0x0800410e   0x0800410e   0x0000000a   Code   RO          690    x$fpl$fretinf       fz_ws.l(fretinf.o)
    0x08004118   0x08004118   0x00000000   Code   RO          691    x$fpl$usenofp       fz_ws.l(usenofp.o)
    0x08004118   0x08004118   0x00001c48   Data   RO           12    .constdata          main.o
    0x08005d60   0x08005d60   0x0000337c   Data   RO           92    .constdata          lcd.o
    0x080090dc   0x080090dc   0x00000020   Data   RO          817    Region$$Table       anon$$obj.o


    Execution Region RW_IRAM1 (Exec base: 0x20000000, Load base: 0x080090fc, Size: 0x00002390, Max: 0x0000c000, ABSOLUTE)

    Exec Addr    Load Addr    Size         Type   Attr      Idx    E Section Name        Object

    0x20000000   0x080090fc   0x00000014   Data   RW           13    .data               main.o
    0x20000014   0x08009110   0x00000019   Data   RW           34    .data               sys_time.o
    0x2000002d   0x08009129   0x00000003   PAD
    0x20000030   0x0800912c   0x00000008   Data   RW           45    .data               adc.o
    0x20000038   0x08009134   0x00000004   Data   RW           55    .data               dac.o
    0x2000003c   0x08009138   0x00000008   Data   RW           66    .data               spi.o
    0x20000044   0x08009140   0x00000004   Data   RW          112    .data               mode.o
    0x20000048   0x08009144   0x00000014   Data   RW          133    .data               system_stm32f10x.o
    0x2000005c   0x08009158   0x00000014   Data   RW          411    .data               stm32f10x_rcc.o
    0x20000070        -       0x0000001e   Zero   RW           11    .bss                main.o
    0x2000008e   0x0800916c   0x00000002   PAD
    0x20000090        -       0x000017c0   Zero   RW           41    .bss                uart.o
    0x20001850        -       0x00000410   Zero   RW           52    .bss                stmflash.o
    0x20001c60        -       0x00000010   Zero   RW           63    .bss                iic.o
    0x20001c70        -       0x00000070   Zero   RW           69    .bss                base.o
    0x20001ce0        -       0x00000020   Zero   RW           91    .bss                lcd.o
    0x20001d00        -       0x00000020   Zero   RW          111    .bss                mode.o
    0x20001d20        -       0x00000010   Zero   RW          114    .bss                api.o
    0x20001d30        -       0x00000060   Zero   RW          716    .bss                c_w.l(libspace.o)
    0x20001d90        -       0x00000200   Zero   RW          608    HEAP                startup_stm32f10x_hd.o
    0x20001f90        -       0x00000400   Zero   RW          607    STACK               startup_stm32f10x_hd.o


==============================================================================

Image component sizes


      Code (inc. data)   RO Data    RW Data    ZI Data      Debug   Object Name

       468         50          0          8          0          0   adc.o
         0          0          0          0         16          0   api.o
       224        104          0          0        112          0   base.o
       116         10          0          0          0          0   bzz.o
       276         18          0          4          0          0   dac.o
        96         18          0          0          0          0   encoder.o
       382         28          0          0         16          0   iic.o
        72          4          0          0          0          0   key.o
      2584         96      13180          0         32          0   lcd.o
       684        216       7240         20         30          0   main.o
       132         22          0          0          0          0   misc.o
        96         46          0          4         32          0   mode.o
       490         18          0          0          0          0   pwm.o
       316         24          0          8          0          0   spi.o
        64         26        304          0       1536          0   startup_stm32f10x_hd.o
       428         16          0          0          0          0   stm32f10x_adc.o
       156         24          0          0          0          0   stm32f10x_dac.o
       274         30          0          0          0          0   stm32f10x_flash.o
       422          6          0          0          0          0   stm32f10x_gpio.o
        24          0          0          0          0          0   stm32f10x_it.o
       364         50          0         20          0          0   stm32f10x_rcc.o
       948         92          0          0          0          0   stm32f10x_tim.o
       616         28          0          0          0          0   stm32f10x_usart.o
       370         32          0          0       1040          0   stmflash.o
       410         58          0         25          0          0   sys_time.o
       328         28          0         20          0          0   system_stm32f10x.o
      1130         52          0          0       6080          0   uart.o

    ----------------------------------------------------------------------
     11494       1096      20756        112       8896          0   Object Totals
         0          0         32          0          0          0   (incl. Generated)
        24          0          0          3          2          0   (incl. Padding)

    ----------------------------------------------------------------------

      Code (inc. data)   RO Data    RW Data    ZI Data      Debug   Library Member Name

         8          0          0          0          0          0   __main.o
       284          0          0          0          0          0   __printf_wp.o
         0          0          0          0          0          0   __rtentry.o
        12          0          0          0          0          0   __rtentry2.o
         6          0          0          0          0          0   __rtentry4.o
        52          8          0          0          0          0   __scatter.o
        26          0          0          0          0          0   __scatter_copy.o
        28          0          0          0          0          0   __scatter_zi.o
        48          6          0          0          0          0   _printf_char_common.o
         6          0          0          0          0          0   _printf_d.o
       120         16          0          0          0          0   _printf_dec.o
       178          0          0          0          0          0   _printf_intcommon.o
        78          0          0          0          0          0   _printf_pad.o
         0          0          0          0          0          0   _printf_percent.o
         4          0          0          0          0          0   _printf_percent_end.o
        10          0          0          0          0          0   _sputc.o
        16          0          0          0          0          0   aeabi_memset.o
        18          0          0          0          0          0   exit.o
         6          0          0          0          0          0   heapauxi.o
         0          0          0          0          0          0   indicate_semi.o
         2          0          0          0          0          0   libinit.o
         2          0          0          0          0          0   libinit2.o
         2          0          0          0          0          0   libshutdown.o
         2          0          0          0          0          0   libshutdown2.o
         8          4          0          0         96          0   libspace.o
        40          6          0          0          0          0   noretval__2sprintf.o
        68          0          0          0          0          0   rt_memclr.o
        78          0          0          0          0          0   rt_memclr_w.o
       100          0          0          0          0          0   rt_memcpy_w.o
         2          0          0          0          0          0   rtexit.o
        10          0          0          0          0          0   rtexit2.o
        62          0          0          0          0          0   strlen.o
        12          4          0          0          0          0   sys_exit.o
        74          0          0          0          0          0   sys_stackheap_outer.o
         2          0          0          0          0          0   use_no_semi.o
        98          4          0          0          0          0   d2f.o
       826         16          0          0          0          0   daddsub_clz.o
        24          0          0          0          0          0   dcmpi.o
       688        140          0          0          0          0   ddiv.o
       120          4          0          0          0          0   dleqf.o
       340         12          0          0          0          0   dmul.o
       156          4          0          0          0          0   dnaninf.o
        12          0          0          0          0          0   dretinf.o
       108          0          0          0          0          0   drleqf.o
        86          4          0          0          0          0   f2d.o
        24          0          0          0          0          0   fcmpi.o
       388         76          0          0          0          0   fdiv.o
        62          4          0          0          0          0   ffixu.o
        38          0          0          0          0          0   fflt_clz.o
       104          4          0          0          0          0   fleqf.o
       258          4          0          0          0          0   fmul.o
       140          4          0          0          0          0   fnaninf.o
        10          0          0          0          0          0   fretinf.o
         0          0          0          0          0          0   usenofp.o

    ----------------------------------------------------------------------
      4866        320          0          0         96          0   Library Totals
        20          0          0          0          0          0   (incl. Padding)

    ----------------------------------------------------------------------

      Code (inc. data)   RO Data    RW Data    ZI Data      Debug   Library Name

      1364         44          0          0         96          0   c_w.l
      3482        276          0          0          0          0   fz_ws.l

    ----------------------------------------------------------------------
      4866        320          0          0         96          0   Library Totals

    ----------------------------------------------------------------------

==============================================================================


      Code (inc. data)   RO Data    RW Data    ZI Data      Debug   

     16360       1416      20756        112       8992          0   Grand Totals
     16360       1416      20756        112       8992          0   ELF Image Totals
     16360       1416      20756        112          0          0   ROM Totals

==============================================================================

    Total RO  Size (Code + RO Data)                37116 (  36.25kB)
    Total RW  Size (RW Data + ZI Data)              9104 (   8.89kB)
    Total ROM Size (Code + RO Data + RW Data)      37228 (  36.36kB)

==============================================================================

