Component: ARM Compiler 5.06 update 7 (build 960) Tool: armlink [4d3601]

==============================================================================

Section Cross References

    main.o(i.Main_Init) refers to mode.o(.bss) for Mode_Init
    main.o(i.Main_Init) refers to main.o(.conststring) for .conststring
    main.o(i.Main_Init) refers to at32f425_clock.o(i.system_clock_config) for system_clock_config
    main.o(i.Main_Init) refers to at32f425_crm.o(i.crm_adc_clock_div_set) for crm_adc_clock_div_set
    main.o(i.Main_Init) refers to at32f425_crm.o(i.crm_periph_clock_enable) for crm_periph_clock_enable
    main.o(i.Main_Init) refers to at32f425_gpio.o(i.gpio_default_para_init) for gpio_default_para_init
    main.o(i.Main_Init) refers to mode.o(i.Mode_Index) for Mode_Index
    main.o(i.Main_Init) refers to at32f425_gpio.o(i.gpio_init) for gpio_init
    main.o(i.main) refers to main.o(i.Main_Init) for Main_Init
    base_adc.o(i.ADC_Get_List) refers to base_adc.o(.data) for Channel_NUM
    base_adc.o(i.ADC_Get_List) refers to base_adc.o(.bss) for ADC1_valuetab_list
    base_adc.o(i.ADC_Get_List) refers to at32f425_adc.o(i.adc_ordinary_software_trigger_enable) for adc_ordinary_software_trigger_enable
    base_adc.o(i.DMA1_Channel1_IRQHandler) refers to base_adc.o(.data) for dma_trans_complete_flag
    base_adc.o(i.DMA1_Channel1_IRQHandler) refers to at32f425_dma.o(i.dma_flag_get) for dma_flag_get
    base_adc.o(i.DMA1_Channel1_IRQHandler) refers to at32f425_dma.o(i.dma_flag_clear) for dma_flag_clear
    base_sys_time.o(i.GET_SysTick) refers to base_sys_time.o(.data) for Tick_Full
    base_sys_time.o(i.SET_SysTick) refers to base_sys_time.o(.data) for Tick_Full
    base_sys_time.o(i.SET_SysTick) refers to uldiv.o(.text) for __aeabi_uldivmod
    base_sys_time.o(i.SYS_Delay_S) refers to base_sys_time.o(i.SYS_Delay_ms) for SYS_Delay_ms
    base_sys_time.o(i.SYS_Delay_ms) refers to base_sys_time.o(.data) for Freq_ms
    base_sys_time.o(i.SYS_Delay_ms) refers to system_at32f425.o(.data) for system_core_clock
    base_sys_time.o(i.SYS_Delay_ms) refers to base_sys_time.o(i.GET_SysTick) for GET_SysTick
    base_sys_time.o(i.SYS_Delay_us) refers to base_sys_time.o(.data) for Freq_us
    base_sys_time.o(i.SYS_Delay_us) refers to system_at32f425.o(.data) for system_core_clock
    base_sys_time.o(i.SYS_Delay_us) refers to base_sys_time.o(i.GET_SysTick) for GET_SysTick
    base_sys_time.o(i.SysTick_Handler) refers to base_sys_time.o(.data) for SYS_Ticktime
    base_sys_time.o(i.Sys_Time_Init) refers to system_at32f425.o(.data) for system_core_clock
    base_sys_time.o(i.Sys_Time_Init) refers to base_sys_time.o(.data) for Tick_Full
    base_sys_time.o(i.Sys_Time_Init) refers to at32f425_misc.o(i.systick_clock_source_config) for systick_clock_source_config
    base_uart.o(i.UART_RXD_Flag) refers to base_uart.o(c.UART_RXD_Flag.00000008) for c.UART_RXD_Flag.00000008
    base_uart.o(i.UART_RXD_Flag) refers to base_uart.o(.data) for Temp
    base_uart.o(i.UART_RXD_Flag) refers to at32f425_usart.o(i.usart_flag_get) for usart_flag_get
    base_uart.o(i.UART_RXD_Flag_Clear) refers to base_uart.o(c.UART_RXD_Flag_Clear.00000008) for c.UART_RXD_Flag_Clear.00000008
    base_uart.o(i.UART_RXD_Flag_Clear) refers to base_uart.o(.data) for Temp
    base_uart.o(i.UART_RXD_Flag_Clear) refers to at32f425_usart.o(i.usart_flag_clear) for usart_flag_clear
    base_uart.o(i.UART_RXD_Receive) refers to base_uart.o(c.UART_RXD_Receive.00000008) for c.UART_RXD_Receive.00000008
    base_uart.o(i.UART_RXD_Receive) refers to base_uart.o(.data) for Temp
    base_uart.o(i.UART_RXD_Receive) refers to at32f425_usart.o(i.usart_data_receive) for usart_data_receive
    base_uart.o(i.UART_TXD_Send) refers to base_uart.o(c.UART_TXD_Send.0000000a) for c.UART_TXD_Send.0000000a
    base_uart.o(i.UART_TXD_Send) refers to base_uart.o(.data) for Temp
    base_uart.o(i.UART_TXD_Send) refers to at32f425_usart.o(i.usart_flag_get) for usart_flag_get
    base_uart.o(i.UART_TXD_Send) refers to at32f425_usart.o(i.usart_data_transmit) for usart_data_transmit
    base_uart.o(i.Uart1_Init) refers to base_uart.o(.data) for Temp
    base_uart.o(i.Uart1_Init) refers to at32f425_usart.o(i.usart_reset) for usart_reset
    base_uart.o(i.Uart1_Init) refers to at32f425_crm.o(i.crm_periph_clock_enable) for crm_periph_clock_enable
    base_uart.o(i.Uart1_Init) refers to at32f425_gpio.o(i.gpio_default_para_init) for gpio_default_para_init
    base_uart.o(i.Uart1_Init) refers to at32f425_gpio.o(i.gpio_init) for gpio_init
    base_uart.o(i.Uart1_Init) refers to at32f425_misc.o(i.nvic_priority_group_config) for nvic_priority_group_config
    base_uart.o(i.Uart1_Init) refers to at32f425_misc.o(i.nvic_irq_enable) for nvic_irq_enable
    base_uart.o(i.Uart1_Init) refers to at32f425_usart.o(i.usart_init) for usart_init
    base_uart.o(i.Uart1_Init) refers to at32f425_usart.o(i.usart_transmitter_enable) for usart_transmitter_enable
[...]
    Removing at32f425_acc.o(.revsh_text), (4 bytes).
    Removing at32f425_acc.o(.rrx_text), (6 bytes).
    Removing at32f425_acc.o(i.acc_calibration_mode_enable), (80 bytes).
    Removing at32f425_acc.o(i.acc_flag_clear), (14 bytes).
    Removing at32f425_acc.o(i.acc_flag_get), (38 bytes).
    Removing at32f425_acc.o(i.acc_hickcal_get), (14 bytes).
    Removing at32f425_acc.o(i.acc_hicktrim_get), (16 bytes).
    Removing at32f425_acc.o(i.acc_interrupt_enable), (56 bytes).
    Removing at32f425_acc.o(i.acc_read_c1), (14 bytes).
    Removing at32f425_acc.o(i.acc_read_c2), (14 bytes).
    Removing at32f425_acc.o(i.acc_read_c3), (14 bytes).
    Removing at32f425_acc.o(i.acc_step_set), (26 bytes).
    Removing at32f425_acc.o(i.acc_write_c1), (12 bytes).
    Removing at32f425_acc.o(i.acc_write_c2), (12 bytes).
    Removing at32f425_acc.o(i.acc_write_c3), (12 bytes).
    Removing at32f425_adc.o(.rev16_text), (4 bytes).
    Removing at32f425_adc.o(.revsh_text), (4 bytes).
    Removing at32f425_adc.o(.rrx_text), (6 bytes).
    Removing at32f425_adc.o(i.adc_base_config), (44 bytes).
    Removing at32f425_adc.o(i.adc_base_default_para_init), (14 bytes).
    Removing at32f425_adc.o(i.adc_calibration_init), (12 bytes).
    Removing at32f425_adc.o(i.adc_calibration_init_status_get), (18 bytes).
    Removing at32f425_adc.o(i.adc_calibration_start), (12 bytes).
    Removing at32f425_adc.o(i.adc_calibration_status_get), (18 bytes).
    Removing at32f425_adc.o(i.adc_dma_mode_enable), (10 bytes).
    Removing at32f425_adc.o(i.adc_enable), (10 bytes).
    Removing at32f425_adc.o(i.adc_flag_clear), (6 bytes).
    Removing at32f425_adc.o(i.adc_flag_get), (16 bytes).
    Removing at32f425_adc.o(i.adc_interrupt_enable), (22 bytes).
    Removing at32f425_adc.o(i.adc_ordinary_channel_set), (384 bytes).
    Removing at32f425_adc.o(i.adc_ordinary_conversion_data_get), (8 bytes).
    Removing at32f425_adc.o(i.adc_ordinary_conversion_trigger_set), (52 bytes).
    Removing at32f425_adc.o(i.adc_ordinary_oversample_enable), (14 bytes).
    Removing at32f425_adc.o(i.adc_ordinary_oversample_restart_set), (14 bytes).
    Removing at32f425_adc.o(i.adc_ordinary_oversample_trig_enable), (14 bytes).
    Removing at32f425_adc.o(i.adc_ordinary_part_count_set), (12 bytes).
    Removing at32f425_adc.o(i.adc_ordinary_part_mode_enable), (10 bytes).
    Removing at32f425_adc.o(i.adc_ordinary_software_trigger_enable), (10 bytes).
    Removing at32f425_adc.o(i.adc_ordinary_software_trigger_status_get), (18 bytes).
    Removing at32f425_adc.o(i.adc_oversample_ratio_shift_set), (22 bytes).
    Removing at32f425_adc.o(i.adc_preempt_auto_mode_enable), (10 bytes).
    Removing at32f425_adc.o(i.adc_preempt_channel_length_set), (12 bytes).
    Removing at32f425_adc.o(i.adc_preempt_channel_set), (280 bytes).
    Removing at32f425_adc.o(i.adc_preempt_conversion_data_get), (50 bytes).
    Removing at32f425_adc.o(i.adc_preempt_conversion_trigger_set), (52 bytes).
    Removing at32f425_adc.o(i.adc_preempt_offset_value_set), (62 bytes).
    Removing at32f425_adc.o(i.adc_preempt_oversample_enable), (14 bytes).
    Removing at32f425_adc.o(i.adc_preempt_part_mode_enable), (10 bytes).
    Removing at32f425_adc.o(i.adc_preempt_software_trigger_enable), (10 bytes).
    Removing at32f425_adc.o(i.adc_preempt_software_trigger_status_get), (18 bytes).
    Removing at32f425_adc.o(i.adc_reset), (42 bytes).
    Removing at32f425_adc.o(i.adc_tempersensor_vintrv_enable), (26 bytes).
    Removing at32f425_adc.o(i.adc_voltage_monitor_enable), (32 bytes).
    Removing at32f425_adc.o(i.adc_voltage_monitor_single_channel_select), (10 bytes).
    Removing at32f425_adc.o(i.adc_voltage_monitor_threshold_value_set), (18 bytes).
    Removing at32f425_adc.o(c.adc_ordinary_channel_set.00000006), (18 bytes).
    Removing at32f425_adc.o(c.adc_ordinary_channel_set.000000ce), (17 bytes).
    Removing at32f425_adc.o(c.adc_preempt_channel_set.00000008), (18 bytes).
    Removing at32f425_can.o(.rev16_text), (4 bytes).
    Removing at32f425_can.o(.revsh_text), (4 bytes).
    Removing at32f425_can.o(.rrx_text), (6 bytes).
    Removing at32f425_can.o(i.can_base_init), (188 bytes).
    Removing at32f425_can.o(i.can_baudrate_default_para_init), (16 bytes).
    Removing at32f425_can.o(i.can_baudrate_set), (146 bytes).
    Removing at32f425_can.o(i.can_debug_transmission_prohibit), (10 bytes).
    Removing at32f425_can.o(i.can_default_para_init), (18 bytes).
    Removing at32f425_can.o(i.can_doze_mode_enter), (74 bytes).
    Removing at32f425_can.o(i.can_doze_mode_exit), (44 bytes).
    Removing at32f425_can.o(i.can_error_type_record_get), (12 bytes).
    Removing at32f425_can.o(i.can_filter_default_para_init), (22 bytes).
    Removing at32f425_can.o(i.can_filter_init), (356 bytes).
    Removing at32f425_can.o(i.can_flag_clear), (114 bytes).
    Removing at32f425_can.o(i.can_flag_get), (228 bytes).
    Removing at32f425_can.o(i.can_interrupt_enable), (18 bytes).
    Removing at32f425_can.o(i.can_message_receive), (240 bytes).
    Removing at32f425_can.o(i.can_message_transmit), (312 bytes).
    Removing at32f425_can.o(i.can_operating_mode_set), (222 bytes).
    Removing at32f425_can.o(i.can_receive_error_counter_get), (10 bytes).
    Removing at32f425_can.o(i.can_receive_fifo_release), (26 bytes).
    Removing at32f425_can.o(i.can_receive_message_pending_get), (34 bytes).
    Removing at32f425_can.o(i.can_reset), (30 bytes).
    Removing at32f425_can.o(i.can_transmit_cancel), (40 bytes).
    Removing at32f425_can.o(i.can_transmit_error_counter_get), (12 bytes).
    Removing at32f425_can.o(i.can_transmit_status_get), (108 bytes).
    Removing at32f425_can.o(i.can_ttc_mode_enable), (50 bytes).
    Removing at32f425_can.o(c.can_flag_clear.00000004), (18 bytes).
    Removing at32f425_can.o(c.can_flag_get.00000008), (18 bytes).
    Removing at32f425_crc.o(.rev16_text), (4 bytes).
    Removing at32f425_crc.o(.revsh_text), (4 bytes).
    Removing at32f425_crc.o(.rrx_text), (6 bytes).
    Removing at32f425_crc.o(i.crc_block_calculate), (44 bytes).
    Removing at32f425_crc.o(i.crc_common_data_get), (14 bytes).
    Removing at32f425_crc.o(i.crc_common_data_set), (26 bytes).
    Removing at32f425_crc.o(i.crc_data_get), (12 bytes).
    Removing at32f425_crc.o(i.crc_data_reset), (28 bytes).
    Removing at32f425_crc.o(i.crc_init_data_set), (12 bytes).
    Removing at32f425_crc.o(i.crc_one_word_calculate), (16 bytes).
    Removing at32f425_crc.o(i.crc_reverse_input_data_set), (26 bytes).
    Removing at32f425_crc.o(i.crc_reverse_output_data_set), (26 bytes).
    Removing at32f425_crm.o(.rev16_text), (4 bytes).
    Removing at32f425_crm.o(.revsh_text), (4 bytes).
    Removing at32f425_crm.o(.rrx_text), (6 bytes).
    Removing at32f425_crm.o(i.crm_battery_powered_domain_reset), (26 bytes).
    Removing at32f425_crm.o(i.crm_clkout_div_set), (26 bytes).
    Removing at32f425_crm.o(i.crm_clock_failure_detection_enable), (26 bytes).
    Removing at32f425_crm.o(i.crm_clock_out_set), (52 bytes).
    Removing at32f425_crm.o(i.crm_ertc_clock_enable), (26 bytes).
    Removing at32f425_crm.o(i.crm_ertc_clock_select), (26 bytes).
    Removing at32f425_crm.o(i.crm_flag_clear), (302 bytes).
    Removing at32f425_crm.o(i.crm_hext_bypass), (26 bytes).
    Removing at32f425_crm.o(i.crm_hext_stable_wait), (46 bytes).
    Removing at32f425_crm.o(i.crm_hick_clock_calibration_set), (48 bytes).
    Removing at32f425_crm.o(i.crm_hick_clock_trimming_set), (26 bytes).
    Removing at32f425_crm.o(i.crm_hick_divider_select), (26 bytes).
    Removing at32f425_crm.o(i.crm_hick_sclk_frequency_select), (36 bytes).
    Removing at32f425_crm.o(i.crm_interrupt_enable), (52 bytes).
    Removing at32f425_crm.o(i.crm_lext_bypass), (26 bytes).
    Removing at32f425_crm.o(i.crm_periph_sleep_mode_clock_enable), (78 bytes).
    Removing at32f425_crm.o(i.crm_pll_config2), (176 bytes).
    Removing at32f425_crm.o(i.crm_usb_clock_div_set), (52 bytes).
    Removing at32f425_crm.o(i.crm_usb_clock_source_select), (38 bytes).
    Removing at32f425_crm.o(i.crm_usb_div_reset), (86 bytes).
    Removing at32f425_crm.o(c.crm_flag_clear.00000016), (8 bytes).
    Removing at32f425_crm.o(c.crm_flag_clear.00000028), (6 bytes).
    Removing at32f425_debug.o(.rev16_text), (4 bytes).
    Removing at32f425_debug.o(.revsh_text), (4 bytes).
    Removing at32f425_debug.o(.rrx_text), (6 bytes).
    Removing at32f425_debug.o(i.debug_device_id_get), (14 bytes).
    Removing at32f425_debug.o(i.debug_periph_mode_set), (50 bytes).
    Removing at32f425_dma.o(.rev16_text), (4 bytes).
    Removing at32f425_dma.o(.revsh_text), (4 bytes).
    Removing at32f425_dma.o(.rrx_text), (6 bytes).
    Removing at32f425_dma.o(i.dma_channel_enable), (10 bytes).
    Removing at32f425_dma.o(i.dma_data_number_get), (8 bytes).
    Removing at32f425_dma.o(i.dma_data_number_set), (4 bytes).
    Removing at32f425_dma.o(i.dma_default_para_init), (24 bytes).
    Removing at32f425_dma.o(i.dma_flexible_config), (152 bytes).
    Removing at32f425_dma.o(i.dma_init), (92 bytes).
    Removing at32f425_dma.o(i.dma_interrupt_enable), (18 bytes).
    Removing at32f425_dma.o(i.dma_reset), (58 bytes).
    Removing at32f425_ertc.o(.rev16_text), (4 bytes).
    Removing at32f425_ertc.o(.revsh_text), (4 bytes).
    Removing at32f425_ertc.o(.rrx_text), (6 bytes).
    Removing at32f425_ertc.o(i.ertc_alarm_enable), (62 bytes).
    Removing at32f425_ertc.o(i.ertc_alarm_get), (110 bytes).
    Removing at32f425_ertc.o(i.ertc_alarm_mask_set), (36 bytes).
    Removing at32f425_ertc.o(i.ertc_alarm_set), (120 bytes).
    Removing at32f425_ertc.o(i.ertc_alarm_sub_second_get), (18 bytes).
    Removing at32f425_ertc.o(i.ertc_alarm_sub_second_set), (52 bytes).
    Removing at32f425_ertc.o(i.ertc_alarm_week_date_select), (42 bytes).
    Removing at32f425_ertc.o(i.ertc_bcd_to_num), (20 bytes).
    Removing at32f425_ertc.o(i.ertc_bpr_data_read), (28 bytes).
    Removing at32f425_ertc.o(i.ertc_bpr_data_write), (38 bytes).
    Removing at32f425_ertc.o(i.ertc_cal_output_enable), (38 bytes).
    Removing at32f425_ertc.o(i.ertc_cal_output_select), (38 bytes).
    Removing at32f425_ertc.o(i.ertc_calendar_get), (128 bytes).
    Removing at32f425_ertc.o(i.ertc_date_set), (124 bytes).
    Removing at32f425_ertc.o(i.ertc_daylight_bpr_get), (16 bytes).
    Removing at32f425_ertc.o(i.ertc_daylight_set), (100 bytes).
    Removing at32f425_ertc.o(i.ertc_direct_read_enable), (38 bytes).
    Removing at32f425_ertc.o(i.ertc_divider_set), (68 bytes).
    Removing at32f425_ertc.o(i.ertc_flag_clear), (36 bytes).
    Removing at32f425_ertc.o(i.ertc_flag_get), (24 bytes).
    Removing at32f425_ertc.o(i.ertc_hour_mode_set), (56 bytes).
    Removing at32f425_ertc.o(i.ertc_init_mode_enter), (72 bytes).
    Removing at32f425_ertc.o(i.ertc_init_mode_exit), (16 bytes).
    Removing at32f425_ertc.o(i.ertc_interrupt_enable), (126 bytes).
    Removing at32f425_ertc.o(i.ertc_interrupt_get), (54 bytes).
    Removing at32f425_ertc.o(i.ertc_num_to_bcd), (36 bytes).
    Removing at32f425_ertc.o(i.ertc_output_set), (88 bytes).
    Removing at32f425_ertc.o(i.ertc_refer_clock_detect_enable), (56 bytes).
    Removing at32f425_ertc.o(i.ertc_reset), (142 bytes).
    Removing at32f425_ertc.o(i.ertc_smooth_calibration_config), (114 bytes).
    Removing at32f425_ertc.o(i.ertc_sub_second_get), (24 bytes).
    Removing at32f425_ertc.o(i.ertc_tamper_detect_freq_set), (38 bytes).
    Removing at32f425_ertc.o(i.ertc_tamper_enable), (42 bytes).
    Removing at32f425_ertc.o(i.ertc_tamper_filter_set), (38 bytes).
    Removing at32f425_ertc.o(i.ertc_tamper_precharge_set), (38 bytes).
    Removing at32f425_ertc.o(i.ertc_tamper_pull_up_enable), (46 bytes).
    Removing at32f425_ertc.o(i.ertc_tamper_timestamp_enable), (38 bytes).
    Removing at32f425_ertc.o(i.ertc_tamper_valid_edge_set), (42 bytes).
    Removing at32f425_ertc.o(i.ertc_time_adjust), (96 bytes).
    Removing at32f425_ertc.o(i.ertc_time_set), (124 bytes).
    Removing at32f425_ertc.o(i.ertc_timestamp_enable), (38 bytes).
    Removing at32f425_ertc.o(i.ertc_timestamp_get), (114 bytes).
    Removing at32f425_ertc.o(i.ertc_timestamp_sub_second_get), (14 bytes).
    Removing at32f425_ertc.o(i.ertc_timestamp_valid_edge_set), (38 bytes).
    Removing at32f425_ertc.o(i.ertc_wait_flag), (38 bytes).
    Removing at32f425_ertc.o(i.ertc_wait_update), (68 bytes).
    Removing at32f425_ertc.o(i.ertc_wakeup_clock_set), (38 bytes).
    Removing at32f425_ertc.o(i.ertc_wakeup_counter_get), (14 bytes).
    Removing at32f425_ertc.o(i.ertc_wakeup_counter_set), (38 bytes).
    Removing at32f425_ertc.o(i.ertc_wakeup_enable), (58 bytes).
    Removing at32f425_ertc.o(i.ertc_write_protect_disable), (18 bytes).
    Removing at32f425_ertc.o(i.ertc_write_protect_enable), (14 bytes).
    Removing at32f425_exint.o(.rev16_text), (4 bytes).
    Removing at32f425_exint.o(.revsh_text), (4 bytes).
    Removing at32f425_exint.o(.rrx_text), (6 bytes).
    Removing at32f425_exint.o(i.exint_default_para_init), (14 bytes).
    Removing at32f425_exint.o(i.exint_event_enable), (52 bytes).
    Removing at32f425_exint.o(i.exint_flag_clear), (12 bytes).
    Removing at32f425_exint.o(i.exint_flag_get), (30 bytes).
    Removing at32f425_exint.o(i.exint_init), (192 bytes).
    Removing at32f425_exint.o(i.exint_interrupt_enable), (52 bytes).
    Removing at32f425_exint.o(i.exint_reset), (56 bytes).
    Removing at32f425_exint.o(i.exint_software_interrupt_event_generate), (24 bytes).
    Removing at32f425_flash.o(.rev16_text), (4 bytes).
    Removing at32f425_flash.o(.revsh_text), (4 bytes).
    Removing at32f425_flash.o(.rrx_text), (6 bytes).
    Removing at32f425_flash.o(i.flash_boot_memory_extension_mode_enable), (78 bytes).
    Removing at32f425_flash.o(i.flash_byte_program), (74 bytes).
    Removing at32f425_flash.o(i.flash_crc_calibrate), (50 bytes).
    Removing at32f425_flash.o(i.flash_em_slib_inststart_sector_get), (16 bytes).
    Removing at32f425_flash.o(i.flash_epp_set), (270 bytes).
    Removing at32f425_flash.o(i.flash_epp_status_get), (14 bytes).
    Removing at32f425_flash.o(i.flash_extension_memory_slib_enable), (102 bytes).
    Removing at32f425_flash.o(i.flash_extension_memory_slib_state_get), (24 bytes).
    Removing at32f425_flash.o(i.flash_fap_enable), (190 bytes).
    Removing at32f425_flash.o(i.flash_fap_high_level_enable), (188 bytes).
    Removing at32f425_flash.o(i.flash_fap_high_level_status_get), (16 bytes).
    Removing at32f425_flash.o(i.flash_fap_status_get), (16 bytes).
    Removing at32f425_flash.o(i.flash_flag_clear), (12 bytes).
    Removing at32f425_flash.o(i.flash_flag_get), (64 bytes).
    Removing at32f425_flash.o(i.flash_halfword_program), (74 bytes).
    Removing at32f425_flash.o(i.flash_internal_all_erase), (78 bytes).
    Removing at32f425_flash.o(i.flash_interrupt_enable), (62 bytes).
    Removing at32f425_flash.o(i.flash_lock), (28 bytes).
    Removing at32f425_flash.o(i.flash_low_power_mode_enable), (26 bytes).
    Removing at32f425_flash.o(i.flash_operation_status_get), (66 bytes).
    Removing at32f425_flash.o(i.flash_operation_wait_for), (36 bytes).
    Removing at32f425_flash.o(i.flash_sector_erase), (82 bytes).
    Removing at32f425_flash.o(i.flash_slib_disable), (56 bytes).
    Removing at32f425_flash.o(i.flash_slib_enable), (164 bytes).
    Removing at32f425_flash.o(i.flash_slib_end_sector_get), (14 bytes).
    Removing at32f425_flash.o(i.flash_slib_inststart_sector_get), (16 bytes).
    Removing at32f425_flash.o(i.flash_slib_start_sector_get), (16 bytes).
    Removing at32f425_flash.o(i.flash_slib_state_get), (24 bytes).
    Removing at32f425_flash.o(i.flash_ssb_set), (128 bytes).
    Removing at32f425_flash.o(i.flash_ssb_status_get), (16 bytes).
    Removing at32f425_flash.o(i.flash_unlock), (30 bytes).
    Removing at32f425_flash.o(i.flash_user_system_data_erase), (200 bytes).
    Removing at32f425_flash.o(i.flash_user_system_data_program), (122 bytes).
    Removing at32f425_flash.o(i.flash_word_program), (74 bytes).
    Removing at32f425_flash.o(.constdata), (8 bytes).
    Removing at32f425_gpio.o(.rev16_text), (4 bytes).
    Removing at32f425_gpio.o(.revsh_text), (4 bytes).
    Removing at32f425_gpio.o(.rrx_text), (6 bytes).
    Removing at32f425_gpio.o(i.gpio_bits_reset), (4 bytes).
    Removing at32f425_gpio.o(i.gpio_bits_set), (4 bytes).
    Removing at32f425_gpio.o(i.gpio_bits_write), (10 bytes).
    Removing at32f425_gpio.o(i.gpio_input_data_bit_read), (18 bytes).
    Removing at32f425_gpio.o(i.gpio_input_data_read), (8 bytes).
    Removing at32f425_gpio.o(i.gpio_output_data_bit_read), (18 bytes).
    Removing at32f425_gpio.o(i.gpio_output_data_read), (8 bytes).
    Removing at32f425_gpio.o(i.gpio_pin_mux_config), (66 bytes).
    Removing at32f425_gpio.o(i.gpio_pin_wp_config), (18 bytes).
    Removing at32f425_gpio.o(i.gpio_pins_huge_driven_config), (18 bytes).
    Removing at32f425_gpio.o(i.gpio_port_write), (4 bytes).
    Removing at32f425_gpio.o(i.gpio_reset), (188 bytes).
    Removing at32f425_i2c.o(.rev16_text), (4 bytes).
    Removing at32f425_i2c.o(.revsh_text), (4 bytes).
    Removing at32f425_i2c.o(.rrx_text), (6 bytes).
    Removing at32f425_i2c.o(i.i2c_ack_enable), (18 bytes).
    Removing at32f425_i2c.o(i.i2c_addr10_header_enable), (10 bytes).
    Removing at32f425_i2c.o(i.i2c_addr10_mode_enable), (10 bytes).
    Removing at32f425_i2c.o(i.i2c_auto_stop_enable), (10 bytes).
    Removing at32f425_i2c.o(i.i2c_clock_stretch_enable), (18 bytes).
    Removing at32f425_i2c.o(i.i2c_cnt_set), (10 bytes).
    Removing at32f425_i2c.o(i.i2c_data_receive), (8 bytes).
    Removing at32f425_i2c.o(i.i2c_data_send), (4 bytes).
    Removing at32f425_i2c.o(i.i2c_dma_enable), (22 bytes).
    Removing at32f425_i2c.o(i.i2c_enable), (10 bytes).
    Removing at32f425_i2c.o(i.i2c_ext_timeout_enable), (10 bytes).
    Removing at32f425_i2c.o(i.i2c_ext_timeout_set), (10 bytes).
    Removing at32f425_i2c.o(i.i2c_flag_clear), (4 bytes).
    Removing at32f425_i2c.o(i.i2c_flag_get), (16 bytes).
    Removing at32f425_i2c.o(i.i2c_general_call_enable), (10 bytes).
    Removing at32f425_i2c.o(i.i2c_init), (20 bytes).
    Removing at32f425_i2c.o(i.i2c_interrupt_enable), (18 bytes).
    Removing at32f425_i2c.o(i.i2c_interrupt_get), (16 bytes).
    Removing at32f425_i2c.o(i.i2c_matched_addr_get), (12 bytes).
    Removing at32f425_i2c.o(i.i2c_own_address1_set), (30 bytes).
    Removing at32f425_i2c.o(i.i2c_own_address2_enable), (10 bytes).
    Removing at32f425_i2c.o(i.i2c_own_address2_set), (22 bytes).
    Removing at32f425_i2c.o(i.i2c_pec_calculate_enable), (10 bytes).
    Removing at32f425_i2c.o(i.i2c_pec_transmit_enable), (10 bytes).
    Removing at32f425_i2c.o(i.i2c_pec_value_get), (8 bytes).
    Removing at32f425_i2c.o(i.i2c_reload_enable), (10 bytes).
    Removing at32f425_i2c.o(i.i2c_reset), (64 bytes).
    Removing at32f425_i2c.o(i.i2c_slave_data_ctrl_enable), (10 bytes).
    Removing at32f425_i2c.o(i.i2c_smbus_alert_set), (10 bytes).
    Removing at32f425_i2c.o(i.i2c_smbus_enable), (34 bytes).
    Removing at32f425_i2c.o(i.i2c_start_generate), (14 bytes).
    Removing at32f425_i2c.o(i.i2c_stop_generate), (14 bytes).
    Removing at32f425_i2c.o(i.i2c_timeout_detcet_set), (10 bytes).
    Removing at32f425_i2c.o(i.i2c_timeout_enable), (10 bytes).
    Removing at32f425_i2c.o(i.i2c_timeout_set), (10 bytes).
    Removing at32f425_i2c.o(i.i2c_transfer_addr_get), (10 bytes).
    Removing at32f425_i2c.o(i.i2c_transfer_addr_set), (10 bytes).
    Removing at32f425_i2c.o(i.i2c_transfer_dir_get), (18 bytes).
    Removing at32f425_i2c.o(i.i2c_transfer_dir_set), (10 bytes).
    Removing at32f425_i2c.o(i.i2c_transmit_set), (34 bytes).
    Removing at32f425_misc.o(.rev16_text), (4 bytes).
    Removing at32f425_misc.o(.revsh_text), (4 bytes).
    Removing at32f425_misc.o(.rrx_text), (6 bytes).
    Removing at32f425_misc.o(i.nvic_irq_disable), (44 bytes).
    Removing at32f425_misc.o(i.nvic_lowpower_mode_config), (50 bytes).
    Removing at32f425_misc.o(i.nvic_system_reset), (52 bytes).
    Removing at32f425_misc.o(i.nvic_vector_table_set), (22 bytes).
    Removing at32f425_pwc.o(.rev16_text), (4 bytes).
    Removing at32f425_pwc.o(.revsh_text), (4 bytes).
    Removing at32f425_pwc.o(.rrx_text), (6 bytes).
    Removing at32f425_pwc.o(i.pwc_battery_powered_domain_access), (26 bytes).
    Removing at32f425_pwc.o(i.pwc_deep_sleep_mode_enter), (66 bytes).
    Removing at32f425_pwc.o(i.pwc_flag_clear), (66 bytes).
    Removing at32f425_pwc.o(i.pwc_flag_get), (24 bytes).
    Removing at32f425_pwc.o(i.pwc_power_voltage_monitor_enable), (26 bytes).
    Removing at32f425_pwc.o(i.pwc_pvm_level_select), (26 bytes).
    Removing at32f425_pwc.o(i.pwc_reset), (28 bytes).
    Removing at32f425_pwc.o(i.pwc_sleep_mode_enter), (42 bytes).
    Removing at32f425_pwc.o(i.pwc_standby_mode_enter), (72 bytes).
    Removing at32f425_pwc.o(i.pwc_voltage_regulate_set), (132 bytes).
    Removing at32f425_pwc.o(i.pwc_wakeup_pin_enable), (52 bytes).
    Removing at32f425_scfg.o(.rev16_text), (4 bytes).
    Removing at32f425_scfg.o(.revsh_text), (4 bytes).
    Removing at32f425_scfg.o(.rrx_text), (6 bytes).
    Removing at32f425_scfg.o(i.scfg_exint_line_config), (206 bytes).
    Removing at32f425_scfg.o(i.scfg_i2s_full_duplex_config), (22 bytes).
    Removing at32f425_scfg.o(i.scfg_infrared_config), (32 bytes).
    Removing at32f425_scfg.o(i.scfg_mem_map_get), (14 bytes).
    Removing at32f425_scfg.o(i.scfg_pa11pa12_pin_remap), (22 bytes).
    Removing at32f425_scfg.o(i.scfg_pins_ultra_driven_enable), (44 bytes).
    Removing at32f425_scfg.o(i.scfg_pvm_lock_enable), (22 bytes).
    Removing at32f425_scfg.o(i.scfg_reset), (24 bytes).
    Removing at32f425_spi.o(.rev16_text), (4 bytes).
    Removing at32f425_spi.o(.revsh_text), (4 bytes).
    Removing at32f425_spi.o(.rrx_text), (6 bytes).
    Removing at32f425_spi.o(i.i2s_default_para_init), (22 bytes).
    Removing at32f425_spi.o(i.i2s_enable), (10 bytes).
    Removing at32f425_spi.o(i.i2s_init), (554 bytes).
    Removing at32f425_spi.o(i.spi_crc_enable), (10 bytes).
    Removing at32f425_spi.o(i.spi_crc_next_transmit), (14 bytes).
    Removing at32f425_spi.o(i.spi_crc_polynomial_get), (8 bytes).
    Removing at32f425_spi.o(i.spi_crc_polynomial_set), (10 bytes).
    Removing at32f425_spi.o(i.spi_crc_value_get), (18 bytes).
    Removing at32f425_spi.o(i.spi_default_para_init), (22 bytes).
    Removing at32f425_spi.o(i.spi_enable), (10 bytes).
    Removing at32f425_spi.o(i.spi_frame_bit_num_set), (10 bytes).
    Removing at32f425_spi.o(i.spi_half_duplex_direction_set), (10 bytes).
    Removing at32f425_spi.o(i.spi_hardware_cs_output_enable), (10 bytes).
    Removing at32f425_spi.o(i.spi_i2s_data_receive), (8 bytes).
    Removing at32f425_spi.o(i.spi_i2s_data_transmit), (4 bytes).
    Removing at32f425_spi.o(i.spi_i2s_dma_receiver_enable), (10 bytes).
    Removing at32f425_spi.o(i.spi_i2s_dma_transmitter_enable), (10 bytes).
    Removing at32f425_spi.o(i.spi_i2s_flag_clear), (58 bytes).
    Removing at32f425_spi.o(i.spi_i2s_flag_get), (16 bytes).
    Removing at32f425_spi.o(i.spi_i2s_interrupt_enable), (18 bytes).
    Removing at32f425_spi.o(i.spi_i2s_reset), (68 bytes).
    Removing at32f425_spi.o(i.spi_init), (344 bytes).
    Removing at32f425_spi.o(i.spi_software_cs_internal_level_set), (10 bytes).
    Removing at32f425_spi.o(i.spi_ti_mode_enable), (10 bytes).
    Removing at32f425_tmr.o(.rev16_text), (4 bytes).
    Removing at32f425_tmr.o(.revsh_text), (4 bytes).
    Removing at32f425_tmr.o(.rrx_text), (6 bytes).
    Removing at32f425_tmr.o(i.tmr_32_bit_function_enable), (16 bytes).
    Removing at32f425_tmr.o(i.tmr_base_init), (16 bytes).
    Removing at32f425_tmr.o(i.tmr_brkdt_config), (72 bytes).
    Removing at32f425_tmr.o(i.tmr_brkdt_default_para_init), (18 bytes).
    Removing at32f425_tmr.o(i.tmr_channel1_input_select), (10 bytes).
    Removing at32f425_tmr.o(i.tmr_channel_buffer_enable), (10 bytes).
    Removing at32f425_tmr.o(i.tmr_channel_dma_select), (10 bytes).
    Removing at32f425_tmr.o(i.tmr_channel_enable), (96 bytes).
    Removing at32f425_tmr.o(i.tmr_channel_value_get), (46 bytes).
    Removing at32f425_tmr.o(i.tmr_channel_value_set), (40 bytes).
    Removing at32f425_tmr.o(i.tmr_clock_source_div_set), (10 bytes).
    Removing at32f425_tmr.o(i.tmr_cnt_dir_set), (10 bytes).
    Removing at32f425_tmr.o(i.tmr_counter_enable), (10 bytes).
    Removing at32f425_tmr.o(i.tmr_counter_value_get), (6 bytes).
    Removing at32f425_tmr.o(i.tmr_counter_value_set), (4 bytes).
    Removing at32f425_tmr.o(i.tmr_div_value_get), (6 bytes).
    Removing at32f425_tmr.o(i.tmr_div_value_set), (4 bytes).
    Removing at32f425_tmr.o(i.tmr_dma_control_config), (18 bytes).
    Removing at32f425_tmr.o(i.tmr_dma_request_enable), (22 bytes).
    Removing at32f425_tmr.o(i.tmr_encoder_mode_config), (70 bytes).
    Removing at32f425_tmr.o(i.tmr_event_sw_trigger), (8 bytes).
    Removing at32f425_tmr.o(i.tmr_external_clock_config), (28 bytes).
    Removing at32f425_tmr.o(i.tmr_external_clock_mode1_config), (44 bytes).
    Removing at32f425_tmr.o(i.tmr_external_clock_mode2_config), (36 bytes).
    Removing at32f425_tmr.o(i.tmr_flag_clear), (6 bytes).
    Removing at32f425_tmr.o(i.tmr_flag_get), (18 bytes).
    Removing at32f425_tmr.o(i.tmr_force_output_set), (66 bytes).
    Removing at32f425_tmr.o(i.tmr_hall_select), (10 bytes).
    Removing at32f425_tmr.o(i.tmr_input_channel_divider_set), (66 bytes).
    Removing at32f425_tmr.o(i.tmr_input_channel_filter_set), (66 bytes).
    Removing at32f425_tmr.o(i.tmr_input_channel_init), (304 bytes).
    Removing at32f425_tmr.o(i.tmr_input_default_para_init), (16 bytes).
    Removing at32f425_tmr.o(i.tmr_internal_clock_set), (10 bytes).
    Removing at32f425_tmr.o(i.tmr_interrupt_enable), (22 bytes).
    Removing at32f425_tmr.o(i.tmr_iremap_config), (10 bytes).
    Removing at32f425_tmr.o(i.tmr_one_cycle_mode_enable), (10 bytes).
    Removing at32f425_tmr.o(i.tmr_output_channel_buffer_enable), (66 bytes).
    Removing at32f425_tmr.o(i.tmr_output_channel_config), (416 bytes).
    Removing at32f425_tmr.o(i.tmr_output_channel_immediately_set), (66 bytes).
    Removing at32f425_tmr.o(i.tmr_output_channel_mode_select), (66 bytes).
    Removing at32f425_tmr.o(i.tmr_output_channel_polarity_set), (96 bytes).
    Removing at32f425_tmr.o(i.tmr_output_channel_switch_set), (66 bytes).
    Removing at32f425_tmr.o(i.tmr_output_default_para_init), (18 bytes).
    Removing at32f425_tmr.o(i.tmr_output_enable), (10 bytes).
    Removing at32f425_tmr.o(i.tmr_overflow_event_disable), (10 bytes).
    Removing at32f425_tmr.o(i.tmr_overflow_request_source_set), (10 bytes).
    Removing at32f425_tmr.o(i.tmr_period_buffer_enable), (10 bytes).
    Removing at32f425_tmr.o(i.tmr_period_value_get), (6 bytes).
    Removing at32f425_tmr.o(i.tmr_period_value_set), (4 bytes).
    Removing at32f425_tmr.o(i.tmr_primary_mode_select), (10 bytes).
    Removing at32f425_tmr.o(i.tmr_pwm_input_config), (350 bytes).
    Removing at32f425_tmr.o(i.tmr_repetition_counter_set), (10 bytes).
    Removing at32f425_tmr.o(i.tmr_reset), (272 bytes).
    Removing at32f425_tmr.o(i.tmr_sub_mode_select), (10 bytes).
    Removing at32f425_tmr.o(i.tmr_sub_sync_mode_set), (10 bytes).
    Removing at32f425_tmr.o(i.tmr_trigger_input_select), (10 bytes).
    Removing at32f425_tmr.o(c.tmr_channel_enable.00000008), (7 bytes).
    Removing at32f425_tmr.o(c.tmr_output_channel_polarity_set.00000008), (7 bytes).
    Removing at32f425_usart.o(.rev16_text), (4 bytes).
    Removing at32f425_usart.o(.revsh_text), (4 bytes).
    Removing at32f425_usart.o(.rrx_text), (6 bytes).
    Removing at32f425_usart.o(i.usart_break_bit_num_set), (10 bytes).
    Removing at32f425_usart.o(i.usart_break_send), (12 bytes).
    Removing at32f425_usart.o(i.usart_clock_config), (28 bytes).
    Removing at32f425_usart.o(i.usart_clock_enable), (10 bytes).
    Removing at32f425_usart.o(i.usart_de_polarity_set), (10 bytes).
    Removing at32f425_usart.o(i.usart_dma_receiver_enable), (10 bytes).
    Removing at32f425_usart.o(i.usart_dma_transmitter_enable), (10 bytes).
    Removing at32f425_usart.o(i.usart_hardware_flow_control_set), (102 bytes).
    Removing at32f425_usart.o(i.usart_id_bit_num_set), (10 bytes).
    Removing at32f425_usart.o(i.usart_irda_low_power_enable), (10 bytes).
    Removing at32f425_usart.o(i.usart_irda_mode_enable), (10 bytes).
    Removing at32f425_usart.o(i.usart_irda_smartcard_division_set), (10 bytes).
    Removing at32f425_usart.o(i.usart_lin_mode_enable), (10 bytes).
    Removing at32f425_usart.o(i.usart_receiver_mute_enable), (10 bytes).
    Removing at32f425_usart.o(i.usart_rs485_delay_time_config), (18 bytes).
    Removing at32f425_usart.o(i.usart_rs485_mode_enable), (10 bytes).
    Removing at32f425_usart.o(i.usart_single_line_halfduplex_select), (10 bytes).
    Removing at32f425_usart.o(i.usart_smartcard_guard_time_set), (10 bytes).
    Removing at32f425_usart.o(i.usart_smartcard_mode_enable), (10 bytes).
    Removing at32f425_usart.o(i.usart_smartcard_nack_set), (10 bytes).
    Removing at32f425_usart.o(i.usart_transmit_receive_pin_swap), (10 bytes).
    Removing at32f425_usart.o(i.usart_wakeup_id_set), (46 bytes).
    Removing at32f425_usart.o(i.usart_wakeup_mode_set), (10 bytes).
    Removing at32f425_usb.o(.rev16_text), (4 bytes).
    Removing at32f425_usb.o(.revsh_text), (4 bytes).
    Removing at32f425_usb.o(.rrx_text), (6 bytes).
    Removing at32f425_usb.o(i.usb_connect), (18 bytes).
    Removing at32f425_usb.o(i.usb_disconnect), (20 bytes).
    Removing at32f425_usb.o(i.usb_ept0_setup), (34 bytes).
    Removing at32f425_usb.o(i.usb_ept0_start), (50 bytes).
    Removing at32f425_usb.o(i.usb_ept_clear_stall), (146 bytes).
    Removing at32f425_usb.o(i.usb_ept_close), (100 bytes).
    Removing at32f425_usb.o(i.usb_ept_in_clear), (12 bytes).
    Removing at32f425_usb.o(i.usb_ept_in_interrupt), (44 bytes).
    Removing at32f425_usb.o(i.usb_ept_open), (416 bytes).
    Removing at32f425_usb.o(i.usb_ept_out_clear), (12 bytes).
    Removing at32f425_usb.o(i.usb_ept_out_interrupt), (22 bytes).
    Removing at32f425_usb.o(i.usb_ept_stall), (146 bytes).
    Removing at32f425_usb.o(i.usb_flush_rx_fifo), (46 bytes).
    Removing at32f425_usb.o(i.usb_flush_tx_fifo), (56 bytes).
    Removing at32f425_usb.o(i.usb_get_all_in_interrupt), (18 bytes).
    Removing at32f425_usb.o(i.usb_get_all_out_interrupt), (18 bytes).
    Removing at32f425_usb.o(i.usb_global_clear_interrupt), (4 bytes).
    Removing at32f425_usb.o(i.usb_global_get_all_interrupt), (10 bytes).
    Removing at32f425_usb.o(i.usb_global_init), (24 bytes).
    Removing at32f425_usb.o(i.usb_global_interrupt_enable), (20 bytes).
    Removing at32f425_usb.o(i.usb_global_power_on), (36 bytes).
    Removing at32f425_usb.o(i.usb_global_reset), (82 bytes).
    Removing at32f425_usb.o(i.usb_global_select_core), (8 bytes).
    Removing at32f425_usb.o(i.usb_global_set_mode), (68 bytes).
    Removing at32f425_usb.o(i.usb_hc_enable), (276 bytes).
    Removing at32f425_usb.o(i.usb_hch_halt), (196 bytes).
    Removing at32f425_usb.o(i.usb_hch_read_interrupt), (12 bytes).
    Removing at32f425_usb.o(i.usb_host_disable), (180 bytes).
    Removing at32f425_usb.o(i.usb_interrupt_disable), (10 bytes).
    Removing at32f425_usb.o(i.usb_interrupt_enable), (12 bytes).
    Removing at32f425_usb.o(i.usb_open_phy_clk), (14 bytes).
    Removing at32f425_usb.o(i.usb_port_power_on), (36 bytes).
    Removing at32f425_usb.o(i.usb_read_packet), (42 bytes).
    Removing at32f425_usb.o(i.usb_remote_wkup_clear), (18 bytes).
    Removing at32f425_usb.o(i.usb_remote_wkup_set), (20 bytes).
    Removing at32f425_usb.o(i.usb_set_address), (14 bytes).
    Removing at32f425_usb.o(i.usb_set_rx_fifo), (4 bytes).
    Removing at32f425_usb.o(i.usb_set_tx_fifo), (66 bytes).
    Removing at32f425_usb.o(i.usb_stop_phy_clk), (16 bytes).
    Removing at32f425_usb.o(i.usb_suspend_status_get), (14 bytes).
    Removing at32f425_usb.o(i.usb_write_packet), (48 bytes).
    Removing at32f425_usb.o(i.usbh_fsls_clksel), (34 bytes).
    Removing at32f425_usb.o(i.usbh_get_frame), (12 bytes).
    Removing at32f425_wdt.o(.rev16_text), (4 bytes).
    Removing at32f425_wdt.o(.revsh_text), (4 bytes).
    Removing at32f425_wdt.o(.rrx_text), (6 bytes).
    Removing at32f425_wdt.o(i.wdt_counter_reload), (16 bytes).
    Removing at32f425_wdt.o(i.wdt_divider_set), (26 bytes).
    Removing at32f425_wdt.o(i.wdt_enable), (16 bytes).
    Removing at32f425_wdt.o(i.wdt_flag_get), (26 bytes).
    Removing at32f425_wdt.o(i.wdt_register_write_enable), (32 bytes).
    Removing at32f425_wdt.o(i.wdt_reload_value_set), (12 bytes).
    Removing at32f425_wdt.o(i.wdt_window_counter_set), (26 bytes).
    Removing at32f425_wwdt.o(.rev16_text), (4 bytes).
    Removing at32f425_wwdt.o(.revsh_text), (4 bytes).
    Removing at32f425_wwdt.o(.rrx_text), (6 bytes).
    Removing at32f425_wwdt.o(i.wwdt_counter_set), (26 bytes).
    Removing at32f425_wwdt.o(i.wwdt_divider_set), (26 bytes).
    Removing at32f425_wwdt.o(i.wwdt_enable), (16 bytes).
    Removing at32f425_wwdt.o(i.wwdt_flag_clear), (14 bytes).
    Removing at32f425_wwdt.o(i.wwdt_flag_get), (16 bytes).
    Removing at32f425_wwdt.o(i.wwdt_interrupt_enable), (30 bytes).
    Removing at32f425_wwdt.o(i.wwdt_reset), (28 bytes).
    Removing at32f425_wwdt.o(i.wwdt_window_counter_set), (26 bytes).
    Removing fmul.o(.text), (100 bytes).
    Removing fflti.o(.text), (18 bytes).
    Removing d2f.o(.text), (56 bytes).
    Removing fepilogue.o(.text), (110 bytes).
    Removing dmul.o(.text), (228 bytes).
    Removing ddiv.o(.text), (222 bytes).
    Removing dfltul.o(.text), (24 bytes).
    Removing depilogue.o(.text), (186 bytes).

708 unused section(s) (total 25908 bytes) removed from the image.

==============================================================================

Image Symbol Table

    Local Symbols

    Symbol Name                              Value     Ov Type        Size  Object(Section)

    ../clib/microlib/ctype/ctype.c           0x00000000   Number         0  isspace_c.o ABSOLUTE
    ../clib/microlib/ctype/ctype.c           0x00000000   Number         0  ctype_c.o ABSOLUTE
    ../clib/microlib/division.c              0x00000000   Number         0  uldiv.o ABSOLUTE
    ../clib/microlib/errno.c                 0x00000000   Number         0  errno.o ABSOLUTE
    ../clib/microlib/init/entry.s            0x00000000   Number         0  entry.o ABSOLUTE
    ../clib/microlib/init/entry.s            0x00000000   Number         0  entry8b.o ABSOLUTE
    ../clib/microlib/init/entry.s            0x00000000   Number         0  entry8a.o ABSOLUTE
    ../clib/microlib/init/entry.s            0x00000000   Number         0  entry10b.o ABSOLUTE
    ../clib/microlib/init/entry.s            0x00000000   Number         0  entry12b.o ABSOLUTE
    ../clib/microlib/init/entry.s            0x00000000   Number         0  entry12a.o ABSOLUTE
    ../clib/microlib/init/entry.s            0x00000000   Number         0  entry9b.o ABSOLUTE
    ../clib/microlib/init/entry.s            0x00000000   Number         0  entry11a.o ABSOLUTE
    ../clib/microlib/init/entry.s            0x00000000   Number         0  entry7b.o ABSOLUTE
    ../clib/microlib/init/entry.s            0x00000000   Number         0  entry7a.o ABSOLUTE
    ../clib/microlib/init/entry.s            0x00000000   Number         0  entry10a.o ABSOLUTE
    ../clib/microlib/init/entry.s            0x00000000   Number         0  entry5.o ABSOLUTE
    ../clib/microlib/init/entry.s            0x00000000   Number         0  entry2.o ABSOLUTE
    ../clib/microlib/init/entry.s            0x00000000   Number         0  entry11b.o ABSOLUTE
    ../clib/microlib/init/entry.s            0x00000000   Number         0  entry9a.o ABSOLUTE
    ../clib/microlib/longlong.c              0x00000000   Number         0  llshl.o ABSOLUTE
    ../clib/microlib/longlong.c              0x00000000   Number         0  llushr.o ABSOLUTE
    ../clib/microlib/string/memcpy.c         0x00000000   Number         0  memcpya.o ABSOLUTE
    ../clib/microlib/string/memcpy.c         0x00000000   Number         0  memcpyb.o ABSOLUTE
    ../clib/microlib/string/strcpy.c         0x00000000   Number         0  strcpy.o ABSOLUTE
    ../clib/microlib/string/strlen.c         0x00000000   Number         0  strlen.o ABSOLUTE
    ../clib/microlib/stubs.s                 0x00000000   Number         0  iusefp.o ABSOLUTE
    ../clib/scanf.c                          0x00000000   Number         0  strtod.o ABSOLUTE
    ../clib/scanf.c                          0x00000000   Number         0  _sgetc.o ABSOLUTE
    ../clib/scanf.c                          0x00000000   Number         0  scanf_fp.o ABSOLUTE
    ../fplib/microlib/d2f.c                  0x00000000   Number         0  d2f.o ABSOLUTE
    ../fplib/microlib/fpdiv.c                0x00000000   Number         0  ddiv.o ABSOLUTE
    ../fplib/microlib/fpepilogue.c           0x00000000   Number         0  depilogue.o ABSOLUTE
    ../fplib/microlib/fpepilogue.c           0x00000000   Number         0  fepilogue.o ABSOLUTE
    ../fplib/microlib/fpflt.c                0x00000000   Number         0  dfltul.o ABSOLUTE
    ../fplib/microlib/fpflt.c                0x00000000   Number         0  fflti.o ABSOLUTE
    ../fplib/microlib/fpmul.c                0x00000000   Number         0  fmul.o ABSOLUTE
    ../fplib/microlib/fpmul.c                0x00000000   Number         0  dmul.o ABSOLUTE
    ../mathlib/atof.c                        0x00000000   Number         0  atof.o ABSOLUTE
    ..\..\..\Caven-MCU_Lib\API\API.c         0x00000000   Number         0  api.o ABSOLUTE
    ..\..\..\Caven-MCU_Lib\API\Check_CRC16.c 0x00000000   Number         0  check_crc16.o ABSOLUTE
    ..\..\..\Caven-MCU_Lib\API\DATA_Handle.c 0x00000000   Number         0  data_handle.o ABSOLUTE
    ..\..\..\Caven-MCU_Lib\API\Keyboard.c    0x00000000   Number         0  keyboard.o ABSOLUTE
    ..\..\..\Caven-MCU_Lib\API\Time_Handle.c 0x00000000   Number         0  time_handle.o ABSOLUTE
    ..\..\..\Caven-MCU_Lib\API\libcollections.c 0x00000000   Number         0  libcollections.o ABSOLUTE
    ..\..\..\Caven-MCU_Lib\Base_AT32F425\Base.c 0x00000000   Number         0  base.o ABSOLUTE
    ..\..\..\Caven-MCU_Lib\Base_AT32F425\Base_ADC.c 0x00000000   Number         0  base_adc.o ABSOLUTE
    ..\..\..\Caven-MCU_Lib\Base_AT32F425\Base_Exist_GPIO.c 0x00000000   Number         0  base_exist_gpio.o ABSOLUTE
    ..\..\..\Caven-MCU_Lib\Base_AT32F425\Base_Flash.c 0x00000000   Number         0  base_flash.o ABSOLUTE
    ..\..\..\Caven-MCU_Lib\Base_AT32F425\Base_IIC.c 0x00000000   Number         0  base_iic.o ABSOLUTE
    ..\..\..\Caven-MCU_Lib\Base_AT32F425\Base_PWM.c 0x00000000   Number         0  base_pwm.o ABSOLUTE
    ..\..\..\Caven-MCU_Lib\Base_AT32F425\Base_SPI.c 0x00000000   Number         0  base_spi.o ABSOLUTE
    ..\..\..\Caven-MCU_Lib\Base_AT32F425\Base_Sys_Time.c 0x00000000   Number         0  base_sys_time.o ABSOLUTE
    ..\..\..\Caven-MCU_Lib\Base_AT32F425\Base_UART.c 0x00000000   Number         0  base_uart.o ABSOLUTE
    ..\..\..\Caven-MCU_Lib\Mode\BZZ.c        0x00000000   Number         0  bzz.o ABSOLUTE
    ..\..\..\Caven-MCU_Lib\Mode\Control_Mode.c 0x00000000   Number         0  control_mode.o ABSOLUTE
    ..\..\..\Caven-MCU_Lib\Mode\DS18B20.c    0x00000000   Number         0  ds18b20.o ABSOLUTE
    ..\..\..\Caven-MCU_Lib\Mode\HC138.c      0x00000000   Number         0  hc138.o ABSOLUTE
    ..\..\..\Caven-MCU_Lib\Mode\HC595.c      0x00000000   Number         0  hc595.o ABSOLUTE
    ..\..\..\Caven-MCU_Lib\Mode\LED.c        0x00000000   Number         0  led.o ABSOLUTE
    ..\..\..\Caven-MCU_Lib\Mode\MODE_MP3.c   0x00000000   Number         0  mode_mp3.o ABSOLUTE
    ..\..\..\Caven-MCU_Lib\Mode\MODE_Motor.c 0x00000000   Number         0  mode_motor.o ABSOLUTE
    ..\..\..\Caven-MCU_Lib\Mode\MODE_Time.c  0x00000000   Number         0  mode_time.o ABSOLUTE
    ..\..\..\Caven-MCU_Lib\Mode\MODE_Tracing.c 0x00000000   Number         0  mode_tracing.o ABSOLUTE
    ..\..\..\Caven-MCU_Lib\Mode\MODE_UART.c  0x00000000   Number         0  mode_uart.o ABSOLUTE
    ..\..\..\Caven-MCU_Lib\Mode\MODE_Ultrasonic.c 0x00000000   Number         0  mode_ultrasonic.o ABSOLUTE
    ..\..\..\Caven-MCU_Lib\Mode\Mode.c       0x00000000   Number         0  mode.o ABSOLUTE
    ..\..\..\Caven-MCU_Lib\Mode\Steering_engine.c 0x00000000   Number         0  steering_engine.o ABSOLUTE
    ..\..\..\Caven-MCU_Lib\Mode\key.c        0x00000000   Number         0  key.o ABSOLUTE
    ..\..\..\Caven-MCU_Lib\Mode\lcd.c        0x00000000   Number         0  lcd.o ABSOLUTE
    ..\..\..\Caven-MCU_Lib\Mode\mlx90614.c   0x00000000   Number         0  mlx90614.o ABSOLUTE
    ..\Config\at32f425_clock.c               0x00000000   Number         0  at32f425_clock.o ABSOLUTE
    ..\Config\at32f425_int.c                 0x00000000   Number         0  at32f425_int.o ABSOLUTE
    ..\Config\system_at32f425.c              0x00000000   Number         0  system_at32f425.o ABSOLUTE
    ..\SDK\src\at32f425_acc.c                0x00000000   Number         0  at32f425_acc.o ABSOLUTE
    ..\SDK\src\at32f425_adc.c                0x00000000   Number         0  at32f425_adc.o ABSOLUTE
    ..\SDK\src\at32f425_can.c                0x00000000   Number         0  at32f425_can.o ABSOLUTE
    ..\SDK\src\at32f425_crc.c                0x00000000   Number         0  at32f425_crc.o ABSOLUTE
    ..\SDK\src\at32f425_crm.c                0x00000000   Number         0  at32f425_crm.o ABSOLUTE
    ..\SDK\src\at32f425_debug.c              0x00000000   Number         0  at32f425_debug.o ABSOLUTE
    ..\SDK\src\at32f425_dma.c                0x00000000   Number         0  at32f425_dma.o ABSOLUTE
    ..\SDK\src\at32f425_ertc.c               0x00000000   Number         0  at32f425_ertc.o ABSOLUTE
    ..\SDK\src\at32f425_exint.c              0x00000000   Number         0  at32f425_exint.o ABSOLUTE
    ..\SDK\src\at32f425_flash.c              0x00000000   Number         0  at32f425_flash.o ABSOLUTE
    ..\SDK\src\at32f425_gpio.c               0x00000000   Number         0  at32f425_gpio.o ABSOLUTE
    ..\SDK\src\at32f425_i2c.c                0x00000000   Number         0  at32f425_i2c.o ABSOLUTE
    ..\SDK\src\at32f425_misc.c               0x00000000   Number         0  at32f425_misc.o ABSOLUTE
    ..\SDK\src\at32f425_pwc.c                0x00000000   Number         0  at32f425_pwc.o ABSOLUTE
    ..\SDK\src\at32f425_scfg.c               0x00000000   Number         0  at32f425_scfg.o ABSOLUTE
    ..\SDK\src\at32f425_spi.c                0x00000000   Number         0  at32f425_spi.o ABSOLUTE
    ..\SDK\src\at32f425_tmr.c                0x00000000   Number         0  at32f425_tmr.o ABSOLUTE
    ..\SDK\src\at32f425_usart.c              0x00000000   Number         0  at32f425_usart.o ABSOLUTE
    ..\SDK\src\at32f425_usb.c                0x00000000   Number         0  at32f425_usb.o ABSOLUTE
    ..\SDK\src\at32f425_wdt.c                0x00000000   Number         0  at32f425_wdt.o ABSOLUTE
    ..\SDK\src\at32f425_wwdt.c               0x00000000   Number         0  at32f425_wwdt.o ABSOLUTE
    ..\Startup\startup_at32f425.s            0x00000000   Number         0  startup_at32f425.o ABSOLUTE
    ..\\..\\..\\Caven-MCU_Lib\\Base_AT32F425\\Base.c 0x00000000   Number         0  base.o ABSOLUTE
    ..\\..\\..\\Caven-MCU_Lib\\Base_AT32F425\\Base_ADC.c 0x00000000   Number         0  base_adc.o ABSOLUTE
    ..\\..\\..\\Caven-MCU_Lib\\Base_AT32F425\\Base_Exist_GPIO.c 0x00000000   Number         0  base_exist_gpio.o ABSOLUTE
    ..\\..\\..\\Caven-MCU_Lib\\Base_AT32F425\\Base_IIC.c 0x00000000   Number         0  base_iic.o ABSOLUTE
    ..\\..\\..\\Caven-MCU_Lib\\Base_AT32F425\\Base_PWM.c 0x00000000   Number         0  base_pwm.o ABSOLUTE
    ..\\..\\..\\Caven-MCU_Lib\\Base_AT32F425\\Base_SPI.c 0x00000000   Number         0  base_spi.o ABSOLUTE
    ..\\..\\..\\Caven-MCU_Lib\\Base_AT32F425\\Base_Sys_Time.c 0x00000000   Number         0  base_sys_time.o ABSOLUTE
    ..\\..\\..\\Caven-MCU_Lib\\Base_AT32F425\\Base_UART.c 0x00000000   Number         0  base_uart.o ABSOLUTE
    ..\\..\\..\\Caven-MCU_Lib\\Mode\\BZZ.c   0x00000000   Number         0  bzz.o ABSOLUTE
    ..\\..\\..\\Caven-MCU_Lib\\Mode\\Control_Mode.c 0x00000000   Number         0  control_mode.o ABSOLUTE
    ..\\..\\..\\Caven-MCU_Lib\\Mode\\DS18B20.c 0x00000000   Number         0  ds18b20.o ABSOLUTE
    ..\\..\\..\\Caven-MCU_Lib\\Mode\\HC138.c 0x00000000   Number         0  hc138.o ABSOLUTE
    ..\\..\\..\\Caven-MCU_Lib\\Mode\\HC595.c 0x00000000   Number         0  hc595.o ABSOLUTE
    ..\\..\\..\\Caven-MCU_Lib\\Mode\\LED.c   0x00000000   Number         0  led.o ABSOLUTE
    ..\\..\\..\\Caven-MCU_Lib\\Mode\\MODE_MP3.c 0x00000000   Number         0  mode_mp3.o ABSOLUTE
    ..\\..\\..\\Caven-MCU_Lib\\Mode\\MODE_Motor.c 0x00000000   Number         0  mode_motor.o ABSOLUTE
    ..\\..\\..\\Caven-MCU_Lib\\Mode\\MODE_Time.c 0x00000000   Number         0  mode_time.o ABSOLUTE
    ..\\..\\..\\Caven-MCU_Lib\\Mode\\MODE_UART.c 0x00000000   Number         0  mode_uart.o ABSOLUTE
    ..\\..\\..\\Caven-MCU_Lib\\Mode\\MODE_Ultrasonic.c 0x00000000   Number         0  mode_ultrasonic.o ABSOLUTE
    ..\\..\\..\\Caven-MCU_Lib\\Mode\\Mode.c  0x00000000   Number         0  mode.o ABSOLUTE
    ..\\..\\..\\Caven-MCU_Lib\\Mode\\Steering_engine.c 0x00000000   Number         0  steering_engine.o ABSOLUTE
    ..\\..\\..\\Caven-MCU_Lib\\Mode\\key.c   0x00000000   Number         0  key.o ABSOLUTE
    ..\\..\\..\\Caven-MCU_Lib\\Mode\\lcd.c   0x00000000   Number         0  lcd.o ABSOLUTE
    ..\\Config\\at32f425_clock.c             0x00000000   Number         0  at32f425_clock.o ABSOLUTE
    ..\\Config\\at32f425_int.c               0x00000000   Number         0  at32f425_int.o ABSOLUTE
    ..\\Config\\system_at32f425.c            0x00000000   Number         0  system_at32f425.o ABSOLUTE
    ..\\SDK\\src\\at32f425_acc.c             0x00000000   Number         0  at32f425_acc.o ABSOLUTE
    ..\\SDK\\src\\at32f425_adc.c             0x00000000   Number         0  at32f425_adc.o ABSOLUTE
    ..\\SDK\\src\\at32f425_can.c             0x00000000   Number         0  at32f425_can.o ABSOLUTE
    ..\\SDK\\src\\at32f425_crc.c             0x00000000   Number         0  at32f425_crc.o ABSOLUTE
    ..\\SDK\\src\\at32f425_crm.c             0x00000000   Number         0  at32f425_crm.o ABSOLUTE
    ..\\SDK\\src\\at32f425_debug.c           0x00000000   Number         0  at32f425_debug.o ABSOLUTE
    ..\\SDK\\src\\at32f425_dma.c             0x00000000   Number         0  at32f425_dma.o ABSOLUTE
    ..\\SDK\\src\\at32f425_ertc.c            0x00000000   Number         0  at32f425_ertc.o ABSOLUTE
    ..\\SDK\\src\\at32f425_exint.c           0x00000000   Number         0  at32f425_exint.o ABSOLUTE
    ..\\SDK\\src\\at32f425_flash.c           0x00000000   Number         0  at32f425_flash.o ABSOLUTE
    ..\\SDK\\src\\at32f425_gpio.c            0x00000000   Number         0  at32f425_gpio.o ABSOLUTE
    ..\\SDK\\src\\at32f425_i2c.c             0x00000000   Number         0  at32f425_i2c.o ABSOLUTE
    ..\\SDK\\src\\at32f425_misc.c            0x00000000   Number         0  at32f425_misc.o ABSOLUTE
    ..\\SDK\\src\\at32f425_pwc.c             0x00000000   Number         0  at32f425_pwc.o ABSOLUTE
    ..\\SDK\\src\\at32f425_scfg.c            0x00000000   Number         0  at32f425_scfg.o ABSOLUTE
    ..\\SDK\\src\\at32f425_spi.c             0x00000000   Number         0  at32f425_spi.o ABSOLUTE
    ..\\SDK\\src\\at32f425_tmr.c             0x00000000   Number         0  at32f425_tmr.o ABSOLUTE
    ..\\SDK\\src\\at32f425_usart.c           0x00000000   Number         0  at32f425_usart.o ABSOLUTE
    ..\\SDK\\src\\at32f425_usb.c             0x00000000   Number         0  at32f425_usb.o ABSOLUTE
    ..\\SDK\\src\\at32f425_wdt.c             0x00000000   Number         0  at32f425_wdt.o ABSOLUTE
    ..\\SDK\\src\\at32f425_wwdt.c            0x00000000   Number         0  at32f425_wwdt.o ABSOLUTE
    Main.c                                   0x00000000   Number         0  main.o ABSOLUTE
    Main.c                                   0x00000000   Number         0  main.o ABSOLUTE
    dc.s                                     0x00000000   Number         0  dc.o ABSOLUTE
    handlers.s                               0x00000000   Number         0  handlers.o ABSOLUTE
    init.s                                   0x00000000   Number         0  init.o ABSOLUTE
    RESET                                    0x08000000   Section      208  startup_at32f425.o(RESET)
    .ARM.Collect$$$$00000000                 0x080000d0   Section        0  entry.o(.ARM.Collect$$$$00000000)
    .ARM.Collect$$$$00000001                 0x080000d0   Section        4  entry2.o(.ARM.Collect$$$$00000001)
    .ARM.Collect$$$$00000004                 0x080000d4   Section        4  entry5.o(.ARM.Collect$$$$00000004)
    .ARM.Collect$$$$00000008                 0x080000d8   Section        0  entry7b.o(.ARM.Collect$$$$00000008)
    .ARM.Collect$$$$0000000A                 0x080000d8   Section        0  entry8b.o(.ARM.Collect$$$$0000000A)
    .ARM.Collect$$$$0000000B                 0x080000d8   Section        8  entry9a.o(.ARM.Collect$$$$0000000B)
    .ARM.Collect$$$$0000000E                 0x080000e0   Section        4  entry12b.o(.ARM.Collect$$$$0000000E)
    .ARM.Collect$$$$0000000F                 0x080000e4   Section        0  entry10a.o(.ARM.Collect$$$$0000000F)
    .ARM.Collect$$$$00000011                 0x080000e4   Section        0  entry11a.o(.ARM.Collect$$$$00000011)
    .ARM.Collect$$$$00002712                 0x080000e4   Section        4  entry2.o(.ARM.Collect$$$$00002712)
    __lit__00000000                          0x080000e4   Data           4  entry2.o(.ARM.Collect$$$$00002712)
    .text                                    0x080000e8   Section       36  startup_at32f425.o(.text)
    .text                                    0x0800010c   Section        0  uldiv.o(.text)
    .text                                    0x0800016e   Section        0  strlen.o(.text)
    .text                                    0x0800017c   Section        0  llshl.o(.text)
    .text                                    0x0800019a   Section        0  llushr.o(.text)
    .text                                    0x080001bc   Section       36  init.o(.text)
    i.BusFault_Handler                       0x080001e0   Section        0  at32f425_int.o(i.BusFault_Handler)
    i.DMA1_Channel1_IRQHandler               0x080001e4   Section        0  base_adc.o(i.DMA1_Channel1_IRQHandler)
    i.DebugMon_Handler                       0x08000202   Section        0  at32f425_int.o(i.DebugMon_Handler)
    i.Debug_Out                              0x08000204   Section        0  mode.o(i.Debug_Out)
    i.GET_SysTick                            0x08000212   Section        0  base_sys_time.o(i.GET_SysTick)
    i.Get_Lose_Tiem                          0x0800026a   Section        0  mode_time.o(i.Get_Lose_Tiem)
    i.Get_RXD                                0x080002a8   Section        0  mode_uart.o(i.Get_RXD)
    Get_RXD                                  0x080002a9   Thumb Code    52  mode_uart.o(i.Get_RXD)
    i.Get_TIME                               0x080002dc   Section        0  mode_time.o(i.Get_TIME)
    i.HardFault_Handler                      0x0800037c   Section        0  at32f425_int.o(i.HardFault_Handler)
    i.Hourly_to_Seconds                      0x08000380   Section        0  time_handle.o(i.Hourly_to_Seconds)
    i.Main_Init                              0x080003be   Section        0  main.o(i.Main_Init)
    i.MemManage_Handler                      0x08000442   Section        0  at32f425_int.o(i.MemManage_Handler)
    i.Mode_Index                             0x08000448   Section        0  mode.o(i.Mode_Index)
    i.Mode_User_index                        0x0800046c   Section        0  mode.o(i.Mode_User_index)
    Mode_User_index                          0x0800046d   Thumb Code   150  mode.o(i.Mode_User_index)
    i.NMI_Handler                            0x08000502   Section        0  at32f425_int.o(i.NMI_Handler)
    i.PendSV_Handler                         0x08000504   Section        0  at32f425_int.o(i.PendSV_Handler)
    i.SET_SysTick                            0x08000506   Section        0  base_sys_time.o(i.SET_SysTick)
    i.SVC_Handler                            0x0800055e   Section        0  at32f425_int.o(i.SVC_Handler)
    i.SYS_Delay_S                            0x08000560   Section        0  base_sys_time.o(i.SYS_Delay_S)
    i.SYS_Delay_ms                           0x08000578   Section        0  base_sys_time.o(i.SYS_Delay_ms)
    i.SYS_Delay_us                           0x080005f8   Section        0  base_sys_time.o(i.SYS_Delay_us)
    i.Seconds_to_Hourly                      0x08000678   Section        0  time_handle.o(i.Seconds_to_Hourly)
    i.Set_TIME                               0x080006c6   Section        0  mode_time.o(i.Set_TIME)
    i.SysTick_Handler                        0x080006ea   Section        0  base_sys_time.o(i.SysTick_Handler)
    i.Sys_Clock_Init                         0x08000702   Section        0  mode_time.o(i.Sys_Clock_Init)
    i.Sys_Time_Init                          0x0800075a   Section        0  base_sys_time.o(i.Sys_Time_Init)
    i.SystemInit                             0x08000850   Section        0  system_at32f425.o(i.SystemInit)
    i.UART_RXD_Flag                          0x080008ea   Section        0  base_uart.o(i.UART_RXD_Flag)
    i.UART_RXD_Flag_Clear                    0x08000948   Section        0  base_uart.o(i.UART_RXD_Flag_Clear)
    i.UART_RXD_Receive                       0x080009a2   Section        0  base_uart.o(i.UART_RXD_Receive)
    i.UART_Send_Data                         0x080009fc   Section        0  mode_uart.o(i.UART_Send_Data)
    i.UART_Send_String                       0x08000a32   Section        0  mode_uart.o(i.UART_Send_String)
    i.UART_TXD_Send                          0x08000a4c   Section        0  base_uart.o(i.UART_TXD_Send)
    i.USART1_IRQHandler                      0x08000abe   Section        0  mode_uart.o(i.USART1_IRQHandler)
    i.USART2_IRQHandler                      0x08000af4   Section        0  mode_uart.o(i.USART2_IRQHandler)
    i.Uart1_Init                             0x08000b2a   Section        0  base_uart.o(i.Uart1_Init)
    i.Uart2_Init                             0x08000c2e   Section        0  base_uart.o(i.Uart2_Init)
    i.Uart_Init                              0x08000d2e   Section        0  mode_uart.o(i.Uart_Init)
    i.UsageFault_Handler                     0x08000d8e   Section        0  at32f425_int.o(i.UsageFault_Handler)
    i.__scatterload_copy                     0x08000d92   Section       14  handlers.o(i.__scatterload_copy)
    i.__scatterload_null                     0x08000da0   Section        2  handlers.o(i.__scatterload_null)
    i.__scatterload_zeroinit                 0x08000da2   Section       14  handlers.o(i.__scatterload_zeroinit)
    i.crm_adc_clock_div_set                  0x08000db0   Section        0  at32f425_crm.o(i.crm_adc_clock_div_set)
    i.crm_ahb_div_set                        0x08000de4   Section        0  at32f425_crm.o(i.crm_ahb_div_set)
    i.crm_apb1_div_set                       0x08000dfe   Section        0  at32f425_crm.o(i.crm_apb1_div_set)
    i.crm_apb2_div_set                       0x08000e18   Section        0  at32f425_crm.o(i.crm_apb2_div_set)
    i.crm_clock_source_enable                0x08000e32   Section        0  at32f425_crm.o(i.crm_clock_source_enable)
    i.crm_clocks_freq_get                    0x08000eca   Section        0  at32f425_crm.o(i.crm_clocks_freq_get)
    i.crm_flag_get                           0x0800110e   Section        0  at32f425_crm.o(i.crm_flag_get)
    i.crm_periph_clock_enable                0x0800113c   Section        0  at32f425_crm.o(i.crm_periph_clock_enable)
    i.crm_periph_reset                       0x0800118a   Section        0  at32f425_crm.o(i.crm_periph_reset)
    i.crm_pll_config                         0x080011d8   Section        0  at32f425_crm.o(i.crm_pll_config)
    i.crm_reset                              0x0800134e   Section        0  at32f425_crm.o(i.crm_reset)
    i.crm_sysclk_switch                      0x080013dc   Section        0  at32f425_crm.o(i.crm_sysclk_switch)
    i.crm_sysclk_switch_status_get           0x080013f6   Section        0  at32f425_crm.o(i.crm_sysclk_switch_status_get)
    i.dma_flag_clear                         0x08001406   Section        0  at32f425_dma.o(i.dma_flag_clear)
    i.dma_flag_get                           0x08001410   Section        0  at32f425_dma.o(i.dma_flag_get)
    i.gpio_default_para_init                 0x0800142c   Section        0  at32f425_gpio.o(i.gpio_default_para_init)
    i.gpio_init                              0x08001440   Section        0  at32f425_gpio.o(i.gpio_init)
    i.main                                   0x080014ba   Section        0  main.o(i.main)
    i.nvic_irq_enable                        0x080014ca   Section        0  at32f425_misc.o(i.nvic_irq_enable)
    i.nvic_priority_group_config             0x08001598   Section        0  at32f425_misc.o(i.nvic_priority_group_config)
    i.system_clock_config                    0x080015c8   Section        0  at32f425_clock.o(i.system_clock_config)
    i.system_core_clock_update               0x08001634   Section        0  system_at32f425.o(i.system_core_clock_update)
    i.systick_clock_source_config            0x08001832   Section        0  at32f425_misc.o(i.systick_clock_source_config)
    i.usart_data_receive                     0x0800185a   Section        0  at32f425_usart.o(i.usart_data_receive)
    i.usart_data_transmit                    0x08001862   Section        0  at32f425_usart.o(i.usart_data_transmit)
    i.usart_enable                           0x0800186a   Section        0  at32f425_usart.o(i.usart_enable)
    i.usart_flag_clear                       0x08001874   Section        0  at32f425_usart.o(i.usart_flag_clear)
    i.usart_flag_get                         0x08001886   Section        0  at32f425_usart.o(i.usart_flag_get)
    i.usart_init                             0x08001896   Section        0  at32f425_usart.o(i.usart_init)
    i.usart_interrupt_enable                 0x0800193c   Section        0  at32f425_usart.o(i.usart_interrupt_enable)
    i.usart_parity_selection_config          0x08001972   Section        0  at32f425_usart.o(i.usart_parity_selection_config)
    i.usart_receiver_enable                  0x080019be   Section        0  at32f425_usart.o(i.usart_receiver_enable)
    i.usart_reset                            0x080019c8   Section        0  at32f425_usart.o(i.usart_reset)
    i.usart_transmitter_enable               0x08001a4c   Section        0  at32f425_usart.o(i.usart_transmitter_enable)
    .constdata                               0x08001a56   Section       16  system_at32f425.o(.constdata)
    sys_ahb_div_table                        0x08001a56   Data          16  system_at32f425.o(.constdata)
    .constdata                               0x08001a66   Section       40  at32f425_crm.o(.constdata)
    sclk_ahb_div_table                       0x08001a66   Data          16  at32f425_crm.o(.constdata)
    ahb_apb1_div_table                       0x08001a76   Data           8  at32f425_crm.o(.constdata)
    ahb_apb2_div_table                       0x08001a7e   Data           8  at32f425_crm.o(.constdata)
    adc_div_table                            0x08001a86   Data           8  at32f425_crm.o(.constdata)
    .conststring                             0x08001a90   Section       17  main.o(.conststring)
    c.UART_RXD_Flag.00000008                 0x08001ac4   Section        6  base_uart.o(c.UART_RXD_Flag.00000008)
    c.UART_RXD_Flag_Clear.00000008           0x08001aca   Section        6  base_uart.o(c.UART_RXD_Flag_Clear.00000008)
    c.UART_RXD_Receive.00000008              0x08001ad0   Section        6  base_uart.o(c.UART_RXD_Receive.00000008)
    c.UART_TXD_Send.0000000a                 0x08001ad6   Section        6  base_uart.o(c.UART_TXD_Send.0000000a)
    c.crm_clock_source_enable.00000004       0x08001adc   Section        5  at32f425_crm.o(c.crm_clock_source_enable.00000004)
    .data                                    0x20000000   Section        6  base_adc.o(.data)
    .data                                    0x20000008   Section       20  base_sys_time.o(.data)
    .data                                    0x2000001c   Section        4  base_uart.o(.data)
    Temp                                     0x2000001c   Data           4  base_uart.o(.data)
    .data                                    0x20000020   Section       32  mode_time.o(.data)
    .data                                    0x20000040   Section        4  system_at32f425.o(.data)
    .bss                                     0x20000044   Section       52  mode.o(.bss)
    .bss                                     0x20000078   Section      472  mode_uart.o(.bss)
    STACK                                    0x20000250   Section     1024  startup_at32f425.o(STACK)

    Global Symbols

    Symbol Name                              Value     Ov Type        Size  Object(Section)

    BuildAttributes$$THM_ISAv4$E$P$D$K$B$S$7EM$PE$A:L22UL41UL21$X:L11$S22US41US21$IEEE1$IW$USESV6$~STKCKD$USESV7$~SHL$OTIME$ROPI$IEEEJ$EBA8$MICROLIB$REQ8$PRES8$EABIv2 0x00000000   Number         0  anon$$obj.o ABSOLUTE
    __ARM_use_no_argv                        0x00000000   Number         0  main.o ABSOLUTE
    __arm_fini_                               - Undefined Weak Reference
    __cpp_initialize__aeabi_                  - Undefined Weak Reference
    __cxa_finalize                            - Undefined Weak Reference
    __decompress                              - Undefined Weak Reference
    _clock_init                               - Undefined Weak Reference
    _microlib_exit                            - Undefined Weak Reference
    __Vectors_Size                           0x000000d0   Number         0  startup_at32f425.o ABSOLUTE
    __Vectors                                0x08000000   Data           4  startup_at32f425.o(RESET)
    __Vectors_End                            0x080000d0   Data           0  startup_at32f425.o(RESET)
    __main                                   0x080000d1   Thumb Code     0  entry.o(.ARM.Collect$$$$00000000)
    _main_stk                                0x080000d1   Thumb Code     0  entry2.o(.ARM.Collect$$$$00000001)
    _main_scatterload                        0x080000d5   Thumb Code     0  entry5.o(.ARM.Collect$$$$00000004)
    __main_after_scatterload                 0x080000d9   Thumb Code     0  entry5.o(.ARM.Collect$$$$00000004)
    _main_clock                              0x080000d9   Thumb Code     0  entry7b.o(.ARM.Collect$$$$00000008)
    _main_cpp_init                           0x080000d9   Thumb Code     0  entry8b.o(.ARM.Collect$$$$0000000A)
    _main_init                               0x080000d9   Thumb Code     0  entry9a.o(.ARM.Collect$$$$0000000B)
    __rt_lib_shutdown_fini                   0x080000e1   Thumb Code     0  entry12b.o(.ARM.Collect$$$$0000000E)
    __rt_final_cpp                           0x080000e5   Thumb Code     0  entry10a.o(.ARM.Collect$$$$0000000F)
    __rt_final_exit                          0x080000e5   Thumb Code     0  entry11a.o(.ARM.Collect$$$$00000011)
    Reset_Handler                            0x080000e9   Thumb Code     8  startup_at32f425.o(.text)
    ACC_IRQHandler                           0x08000103   Thumb Code     0  startup_at32f425.o(.text)
    ADC1_IRQHandler                          0x08000103   Thumb Code     0  startup_at32f425.o(.text)
    CAN1_IRQHandler                          0x08000103   Thumb Code     0  startup_at32f425.o(.text)
    CRM_IRQHandler                           0x08000103   Thumb Code     0  startup_at32f425.o(.text)
    DMA1_Channel3_2_IRQHandler               0x08000103   Thumb Code     0  startup_at32f425.o(.text)
    DMA1_Channel7_4_IRQHandler               0x08000103   Thumb Code     0  startup_at32f425.o(.text)
    ERTC_IRQHandler                          0x08000103   Thumb Code     0  startup_at32f425.o(.text)
    EXINT15_4_IRQHandler                     0x08000103   Thumb Code     0  startup_at32f425.o(.text)
    EXINT1_0_IRQHandler                      0x08000103   Thumb Code     0  startup_at32f425.o(.text)
    EXINT3_2_IRQHandler                      0x08000103   Thumb Code     0  startup_at32f425.o(.text)
    FLASH_IRQHandler                         0x08000103   Thumb Code     0  startup_at32f425.o(.text)
    I2C1_ERR_IRQHandler                      0x08000103   Thumb Code     0  startup_at32f425.o(.text)
    I2C1_EVT_IRQHandler                      0x08000103   Thumb Code     0  startup_at32f425.o(.text)
    I2C2_ERR_IRQHandler                      0x08000103   Thumb Code     0  startup_at32f425.o(.text)
    I2C2_EVT_IRQHandler                      0x08000103   Thumb Code     0  startup_at32f425.o(.text)
    OTGFS1_IRQHandler                        0x08000103   Thumb Code     0  startup_at32f425.o(.text)
    PVM_IRQHandler                           0x08000103   Thumb Code     0  startup_at32f425.o(.text)
    SPI1_IRQHandler                          0x08000103   Thumb Code     0  startup_at32f425.o(.text)
    SPI2_IRQHandler                          0x08000103   Thumb Code     0  startup_at32f425.o(.text)
    SPI3_IRQHandler                          0x08000103   Thumb Code     0  startup_at32f425.o(.text)
    TMR13_GLOBAL_IRQHandler                  0x08000103   Thumb Code     0  startup_at32f425.o(.text)
    TMR14_GLOBAL_IRQHandler                  0x08000103   Thumb Code     0  startup_at32f425.o(.text)
    TMR15_GLOBAL_IRQHandler                  0x08000103   Thumb Code     0  startup_at32f425.o(.text)
    TMR16_GLOBAL_IRQHandler                  0x08000103   Thumb Code     0  startup_at32f425.o(.text)
    TMR17_GLOBAL_IRQHandler                  0x08000103   Thumb Code     0  startup_at32f425.o(.text)
    TMR1_BRK_OVF_TRG_HALL_IRQHandler         0x08000103   Thumb Code     0  startup_at32f425.o(.text)
    TMR1_CH_IRQHandler                       0x08000103   Thumb Code     0  startup_at32f425.o(.text)
    TMR2_GLOBAL_IRQHandler                   0x08000103   Thumb Code     0  startup_at32f425.o(.text)
    TMR3_GLOBAL_IRQHandler                   0x08000103   Thumb Code     0  startup_at32f425.o(.text)
    TMR6_GLOBAL_IRQHandler                   0x08000103   Thumb Code     0  startup_at32f425.o(.text)
    TMR7_GLOBAL_IRQHandler                   0x08000103   Thumb Code     0  startup_at32f425.o(.text)
    USART4_3_IRQHandler                      0x08000103   Thumb Code     0  startup_at32f425.o(.text)
    WWDT_IRQHandler                          0x08000103   Thumb Code     0  startup_at32f425.o(.text)
    __aeabi_uldivmod                         0x0800010d   Thumb Code    98  uldiv.o(.text)
    strlen                                   0x0800016f   Thumb Code    14  strlen.o(.text)
    __aeabi_llsl                             0x0800017d   Thumb Code    30  llshl.o(.text)
    _ll_shift_l                              0x0800017d   Thumb Code     0  llshl.o(.text)
    __aeabi_llsr                             0x0800019b   Thumb Code    32  llushr.o(.text)
    _ll_ushift_r                             0x0800019b   Thumb Code     0  llushr.o(.text)
    __scatterload                            0x080001bd   Thumb Code    28  init.o(.text)
    __scatterload_rt2                        0x080001bd   Thumb Code     0  init.o(.text)
    BusFault_Handler                         0x080001e1   Thumb Code     4  at32f425_int.o(i.BusFault_Handler)
    DMA1_Channel1_IRQHandler                 0x080001e5   Thumb Code    30  base_adc.o(i.DMA1_Channel1_IRQHandler)
    DebugMon_Handler                         0x08000203   Thumb Code     2  at32f425_int.o(i.DebugMon_Handler)
    Debug_Out                                0x08000205   Thumb Code    14  mode.o(i.Debug_Out)
    GET_SysTick                              0x08000213   Thumb Code    88  base_sys_time.o(i.GET_SysTick)
    Get_Lose_Tiem                            0x0800026b   Thumb Code    62  mode_time.o(i.Get_Lose_Tiem)
    Get_TIME                                 0x080002dd   Thumb Code   160  mode_time.o(i.Get_TIME)
    HardFault_Handler                        0x0800037d   Thumb Code     4  at32f425_int.o(i.HardFault_Handler)
    Hourly_to_Seconds                        0x08000381   Thumb Code    62  time_handle.o(i.Hourly_to_Seconds)
    Main_Init                                0x080003bf   Thumb Code   132  main.o(i.Main_Init)
    MemManage_Handler                        0x08000443   Thumb Code     4  at32f425_int.o(i.MemManage_Handler)
    Mode_Index                               0x08000449   Thumb Code    36  mode.o(i.Mode_Index)
    NMI_Handler                              0x08000503   Thumb Code     2  at32f425_int.o(i.NMI_Handler)
    PendSV_Handler                           0x08000505   Thumb Code     2  at32f425_int.o(i.PendSV_Handler)
    SET_SysTick                              0x08000507   Thumb Code    88  base_sys_time.o(i.SET_SysTick)
    SVC_Handler                              0x0800055f   Thumb Code     2  at32f425_int.o(i.SVC_Handler)
    SYS_Delay_S                              0x08000561   Thumb Code    24  base_sys_time.o(i.SYS_Delay_S)
    SYS_Delay_ms                             0x08000579   Thumb Code   128  base_sys_time.o(i.SYS_Delay_ms)
    SYS_Delay_us                             0x080005f9   Thumb Code   128  base_sys_time.o(i.SYS_Delay_us)
    Seconds_to_Hourly                        0x08000679   Thumb Code    78  time_handle.o(i.Seconds_to_Hourly)
    Set_TIME                                 0x080006c7   Thumb Code    36  mode_time.o(i.Set_TIME)
    SysTick_Handler                          0x080006eb   Thumb Code    24  base_sys_time.o(i.SysTick_Handler)
    Sys_Clock_Init                           0x08000703   Thumb Code    88  mode_time.o(i.Sys_Clock_Init)
    Sys_Time_Init                            0x0800075b   Thumb Code   246  base_sys_time.o(i.Sys_Time_Init)
    SystemInit                               0x08000851   Thumb Code   154  system_at32f425.o(i.SystemInit)
    UART_RXD_Flag                            0x080008eb   Thumb Code    94  base_uart.o(i.UART_RXD_Flag)
    UART_RXD_Flag_Clear                      0x08000949   Thumb Code    90  base_uart.o(i.UART_RXD_Flag_Clear)
    UART_RXD_Receive                         0x080009a3   Thumb Code    90  base_uart.o(i.UART_RXD_Receive)
    UART_Send_Data                           0x080009fd   Thumb Code    54  mode_uart.o(i.UART_Send_Data)
    UART_Send_String                         0x08000a33   Thumb Code    26  mode_uart.o(i.UART_Send_String)
    UART_TXD_Send                            0x08000a4d   Thumb Code   114  base_uart.o(i.UART_TXD_Send)
    USART1_IRQHandler                        0x08000abf   Thumb Code    54  mode_uart.o(i.USART1_IRQHandler)
    USART2_IRQHandler                        0x08000af5   Thumb Code    54  mode_uart.o(i.USART2_IRQHandler)
    Uart1_Init                               0x08000b2b   Thumb Code   260  base_uart.o(i.Uart1_Init)
    Uart2_Init                               0x08000c2f   Thumb Code   256  base_uart.o(i.Uart2_Init)
    Uart_Init                                0x08000d2f   Thumb Code    96  mode_uart.o(i.Uart_Init)
    UsageFault_Handler                       0x08000d8f   Thumb Code     4  at32f425_int.o(i.UsageFault_Handler)
    __scatterload_copy                       0x08000d93   Thumb Code    14  handlers.o(i.__scatterload_copy)
    __scatterload_null                       0x08000da1   Thumb Code     2  handlers.o(i.__scatterload_null)
    __scatterload_zeroinit                   0x08000da3   Thumb Code    14  handlers.o(i.__scatterload_zeroinit)
    crm_adc_clock_div_set                    0x08000db1   Thumb Code    52  at32f425_crm.o(i.crm_adc_clock_div_set)
    crm_ahb_div_set                          0x08000de5   Thumb Code    26  at32f425_crm.o(i.crm_ahb_div_set)
    crm_apb1_div_set                         0x08000dff   Thumb Code    26  at32f425_crm.o(i.crm_apb1_div_set)
    crm_apb2_div_set                         0x08000e19   Thumb Code    26  at32f425_crm.o(i.crm_apb2_div_set)
    crm_clock_source_enable                  0x08000e33   Thumb Code   152  at32f425_crm.o(i.crm_clock_source_enable)
    crm_clocks_freq_get                      0x08000ecb   Thumb Code   580  at32f425_crm.o(i.crm_clocks_freq_get)
    crm_flag_get                             0x0800110f   Thumb Code    46  at32f425_crm.o(i.crm_flag_get)
    crm_periph_clock_enable                  0x0800113d   Thumb Code    78  at32f425_crm.o(i.crm_periph_clock_enable)
    crm_periph_reset                         0x0800118b   Thumb Code    78  at32f425_crm.o(i.crm_periph_reset)
    crm_pll_config                           0x080011d9   Thumb Code   374  at32f425_crm.o(i.crm_pll_config)
    crm_reset                                0x0800134f   Thumb Code   142  at32f425_crm.o(i.crm_reset)
    crm_sysclk_switch                        0x080013dd   Thumb Code    26  at32f425_crm.o(i.crm_sysclk_switch)
    crm_sysclk_switch_status_get             0x080013f7   Thumb Code    16  at32f425_crm.o(i.crm_sysclk_switch_status_get)
    dma_flag_clear                           0x08001407   Thumb Code    10  at32f425_dma.o(i.dma_flag_clear)
    dma_flag_get                             0x08001411   Thumb Code    28  at32f425_dma.o(i.dma_flag_get)
    gpio_default_para_init                   0x0800142d   Thumb Code    20  at32f425_gpio.o(i.gpio_default_para_init)
    gpio_init                                0x08001441   Thumb Code   122  at32f425_gpio.o(i.gpio_init)
    main                                     0x080014bb   Thumb Code    16  main.o(i.main)
    nvic_irq_enable                          0x080014cb   Thumb Code   206  at32f425_misc.o(i.nvic_irq_enable)
    nvic_priority_group_config               0x08001599   Thumb Code    48  at32f425_misc.o(i.nvic_priority_group_config)
    system_clock_config                      0x080015c9   Thumb Code   108  at32f425_clock.o(i.system_clock_config)
    system_core_clock_update                 0x08001635   Thumb Code   510  system_at32f425.o(i.system_core_clock_update)
    systick_clock_source_config              0x08001833   Thumb Code    40  at32f425_misc.o(i.systick_clock_source_config)
    usart_data_receive                       0x0800185b   Thumb Code     8  at32f425_usart.o(i.usart_data_receive)
    usart_data_transmit                      0x08001863   Thumb Code     8  at32f425_usart.o(i.usart_data_transmit)
    usart_enable                             0x0800186b   Thumb Code    10  at32f425_usart.o(i.usart_enable)
    usart_flag_clear                         0x08001875   Thumb Code    18  at32f425_usart.o(i.usart_flag_clear)
    usart_flag_get                           0x08001887   Thumb Code    16  at32f425_usart.o(i.usart_flag_get)
    usart_init                               0x08001897   Thumb Code   166  at32f425_usart.o(i.usart_init)
    usart_interrupt_enable                   0x0800193d   Thumb Code    54  at32f425_usart.o(i.usart_interrupt_enable)
    usart_parity_selection_config            0x08001973   Thumb Code    76  at32f425_usart.o(i.usart_parity_selection_config)
    usart_receiver_enable                    0x080019bf   Thumb Code    10  at32f425_usart.o(i.usart_receiver_enable)
    usart_reset                              0x080019c9   Thumb Code   132  at32f425_usart.o(i.usart_reset)
    usart_transmitter_enable                 0x08001a4d   Thumb Code    10  at32f425_usart.o(i.usart_transmitter_enable)
    Region$$Table$$Base                      0x08001aa4   Number         0  anon$$obj.o(Region$$Table)
    Region$$Table$$Limit                     0x08001ac4   Number         0  anon$$obj.o(Region$$Table)
    Channel_NUM                              0x20000000   Data           4  base_adc.o(.data)
    dma_trans_complete_flag                  0x20000004   Data           2  base_adc.o(.data)
    Tick_Full                                0x20000008   Data           4  base_sys_time.o(.data)
    Freq_ms                                  0x2000000c   Data           4  base_sys_time.o(.data)
    Freq_us                                  0x20000010   Data           4  base_sys_time.o(.data)
    SYS_Ticktime                             0x20000014   Data           8  base_sys_time.o(.data)
    SYS_Time                                 0x20000020   Data          20  mode_time.o(.data)
    Tick_Freq                                0x20000034   Data           4  mode_time.o(.data)
    Tick_ms                                  0x20000038   Data           4  mode_time.o(.data)
    Tick_us                                  0x2000003c   Data           4  mode_time.o(.data)
    system_core_clock                        0x20000040   Data           4  system_at32f425.o(.data)
    Mode_Init                                0x20000044   Data          12  mode.o(.bss)
    Mode_User                                0x20000050   Data          40  mode.o(.bss)
    UART1_Data                               0x20000078   Data         224  mode_uart.o(.bss)
    UART2_Data                               0x20000158   Data         224  mode_uart.o(.bss)
    CV_UART                                  0x20000238   Data          24  mode_uart.o(.bss)
    __initial_sp                             0x20000650   Data           0  startup_at32f425.o(STACK)



==============================================================================

Memory Map of the image

  Image Entry point : 0x080000d1

  Load Region LR_IROM1 (Base: 0x08000000, Size: 0x00001b28, Max: 0x00010000, ABSOLUTE)

    Execution Region ER_IROM1 (Exec base: 0x08000000, Load base: 0x08000000, Size: 0x00001ae4, Max: 0x00010000, ABSOLUTE)

    Exec Addr    Load Addr    Size         Type   Attr      Idx    E Section Name        Object

    0x08000000   0x08000000   0x000000d0   Data   RO         1629    RESET               startup_at32f425.o
    0x080000d0   0x080000d0   0x00000000   Code   RO         4876  * .ARM.Collect$$$$00000000  mc_w.l(entry.o)
    0x080000d0   0x080000d0   0x00000004   Code   RO         4895    .ARM.Collect$$$$00000001  mc_w.l(entry2.o)
    0x080000d4   0x080000d4   0x00000004   Code   RO         4898    .ARM.Collect$$$$00000004  mc_w.l(entry5.o)
    0x080000d8   0x080000d8   0x00000000   Code   RO         4900    .ARM.Collect$$$$00000008  mc_w.l(entry7b.o)
    0x080000d8   0x080000d8   0x00000000   Code   RO         4902    .ARM.Collect$$$$0000000A  mc_w.l(entry8b.o)
    0x080000d8   0x080000d8   0x00000008   Code   RO         4903    .ARM.Collect$$$$0000000B  mc_w.l(entry9a.o)
    0x080000e0   0x080000e0   0x00000004   Code   RO         4910    .ARM.Collect$$$$0000000E  mc_w.l(entry12b.o)
    0x080000e4   0x080000e4   0x00000000   Code   RO         4905    .ARM.Collect$$$$0000000F  mc_w.l(entry10a.o)
    0x080000e4   0x080000e4   0x00000000   Code   RO         4907    .ARM.Collect$$$$00000011  mc_w.l(entry11a.o)
    0x080000e4   0x080000e4   0x00000004   Code   RO         4896    .ARM.Collect$$$$00002712  mc_w.l(entry2.o)
    0x080000e8   0x080000e8   0x00000024   Code   RO         1630    .text               startup_at32f425.o
    0x0800010c   0x0800010c   0x00000062   Code   RO         4879    .text               mc_w.l(uldiv.o)
    0x0800016e   0x0800016e   0x0000000e   Code   RO         4883    .text               mc_w.l(strlen.o)
    0x0800017c   0x0800017c   0x0000001e   Code   RO         4911    .text               mc_w.l(llshl.o)
    0x0800019a   0x0800019a   0x00000020   Code   RO         4913    .text               mc_w.l(llushr.o)
    0x080001ba   0x080001ba   0x00000002   PAD
    0x080001bc   0x080001bc   0x00000024   Code   RO         4927    .text               mc_w.l(init.o)
    0x080001e0   0x080001e0   0x00000004   Code   RO         1524    i.BusFault_Handler  at32f425_int.o
    0x080001e4   0x080001e4   0x0000001e   Code   RO          202    i.DMA1_Channel1_IRQHandler  base_adc.o
    0x08000202   0x08000202   0x00000002   Code   RO         1525    i.DebugMon_Handler  at32f425_int.o
    0x08000204   0x08000204   0x0000000e   Code   RO         1076    i.Debug_Out         mode.o
    0x08000212   0x08000212   0x00000058   Code   RO          543    i.GET_SysTick       base_sys_time.o
    0x0800026a   0x0800026a   0x0000003e   Code   RO         1174    i.Get_Lose_Tiem     mode_time.o
    0x080002a8   0x080002a8   0x00000034   Code   RO         1256    i.Get_RXD           mode_uart.o
    0x080002dc   0x080002dc   0x000000a0   Code   RO         1175    i.Get_TIME          mode_time.o
    0x0800037c   0x0800037c   0x00000004   Code   RO         1526    i.HardFault_Handler  at32f425_int.o
    0x08000380   0x08000380   0x0000003e   Code   RO         1473    i.Hourly_to_Seconds  time_handle.o
    0x080003be   0x080003be   0x00000084   Code   RO            4    i.Main_Init         main.o
    0x08000442   0x08000442   0x00000004   Code   RO         1527    i.MemManage_Handler  at32f425_int.o
    0x08000446   0x08000446   0x00000002   PAD
    0x08000448   0x08000448   0x00000024   Code   RO         1077    i.Mode_Index        mode.o
    0x0800046c   0x0800046c   0x00000096   Code   RO         1078    i.Mode_User_index   mode.o
    0x08000502   0x08000502   0x00000002   Code   RO         1528    i.NMI_Handler       at32f425_int.o
    0x08000504   0x08000504   0x00000002   Code   RO         1529    i.PendSV_Handler    at32f425_int.o
    0x08000506   0x08000506   0x00000058   Code   RO          544    i.SET_SysTick       base_sys_time.o
    0x0800055e   0x0800055e   0x00000002   Code   RO         1530    i.SVC_Handler       at32f425_int.o
    0x08000560   0x08000560   0x00000018   Code   RO          545    i.SYS_Delay_S       base_sys_time.o
    0x08000578   0x08000578   0x00000080   Code   RO          546    i.SYS_Delay_ms      base_sys_time.o
    0x080005f8   0x080005f8   0x00000080   Code   RO          547    i.SYS_Delay_us      base_sys_time.o
    0x08000678   0x08000678   0x0000004e   Code   RO         1475    i.Seconds_to_Hourly  time_handle.o
    0x080006c6   0x080006c6   0x00000024   Code   RO         1176    i.Set_TIME          mode_time.o
    0x080006ea   0x080006ea   0x00000018   Code   RO          548    i.SysTick_Handler   base_sys_time.o
    0x08000702   0x08000702   0x00000058   Code   RO         1177    i.Sys_Clock_Init    mode_time.o
    0x0800075a   0x0800075a   0x000000f6   Code   RO          549    i.Sys_Time_Init     base_sys_time.o
    0x08000850   0x08000850   0x0000009a   Code   RO         1593    i.SystemInit        system_at32f425.o
    0x080008ea   0x080008ea   0x0000005e   Code   RO          613    i.UART_RXD_Flag     base_uart.o
    0x08000948   0x08000948   0x0000005a   Code   RO          614    i.UART_RXD_Flag_Clear  base_uart.o
    0x080009a2   0x080009a2   0x0000005a   Code   RO          615    i.UART_RXD_Receive  base_uart.o
    0x080009fc   0x080009fc   0x00000036   Code   RO         1257    i.UART_Send_Data    mode_uart.o
    0x08000a32   0x08000a32   0x0000001a   Code   RO         1258    i.UART_Send_String  mode_uart.o
    0x08000a4c   0x08000a4c   0x00000072   Code   RO          616    i.UART_TXD_Send     base_uart.o
    0x08000abe   0x08000abe   0x00000036   Code   RO         1259    i.USART1_IRQHandler  mode_uart.o
    0x08000af4   0x08000af4   0x00000036   Code   RO         1260    i.USART2_IRQHandler  mode_uart.o
    0x08000b2a   0x08000b2a   0x00000104   Code   RO          617    i.Uart1_Init        base_uart.o
    0x08000c2e   0x08000c2e   0x00000100   Code   RO          618    i.Uart2_Init        base_uart.o
    0x08000d2e   0x08000d2e   0x00000060   Code   RO         1261    i.Uart_Init         mode_uart.o
    0x08000d8e   0x08000d8e   0x00000004   Code   RO         1531    i.UsageFault_Handler  at32f425_int.o
    0x08000d92   0x08000d92   0x0000000e   Code   RO         4950    i.__scatterload_copy  mc_w.l(handlers.o)
    0x08000da0   0x08000da0   0x00000002   Code   RO         4951    i.__scatterload_null  mc_w.l(handlers.o)
    0x08000da2   0x08000da2   0x0000000e   Code   RO         4952    i.__scatterload_zeroinit  mc_w.l(handlers.o)
    0x08000db0   0x08000db0   0x00000034   Code   RO         2212    i.crm_adc_clock_div_set  at32f425_crm.o
    0x08000de4   0x08000de4   0x0000001a   Code   RO         2213    i.crm_ahb_div_set   at32f425_crm.o
    0x08000dfe   0x08000dfe   0x0000001a   Code   RO         2214    i.crm_apb1_div_set  at32f425_crm.o
    0x08000e18   0x08000e18   0x0000001a   Code   RO         2215    i.crm_apb2_div_set  at32f425_crm.o
    0x08000e32   0x08000e32   0x00000098   Code   RO         2220    i.crm_clock_source_enable  at32f425_crm.o
    0x08000eca   0x08000eca   0x00000244   Code   RO         2221    i.crm_clocks_freq_get  at32f425_crm.o
    0x0800110e   0x0800110e   0x0000002e   Code   RO         2225    i.crm_flag_get      at32f425_crm.o
    0x0800113c   0x0800113c   0x0000004e   Code   RO         2234    i.crm_periph_clock_enable  at32f425_crm.o
    0x0800118a   0x0800118a   0x0000004e   Code   RO         2235    i.crm_periph_reset  at32f425_crm.o
    0x080011d8   0x080011d8   0x00000176   Code   RO         2237    i.crm_pll_config    at32f425_crm.o
    0x0800134e   0x0800134e   0x0000008e   Code   RO         2239    i.crm_reset         at32f425_crm.o
    0x080013dc   0x080013dc   0x0000001a   Code   RO         2240    i.crm_sysclk_switch  at32f425_crm.o
    0x080013f6   0x080013f6   0x00000010   Code   RO         2241    i.crm_sysclk_switch_status_get  at32f425_crm.o
    0x08001406   0x08001406   0x0000000a   Code   RO         2466    i.dma_flag_clear    at32f425_dma.o
    0x08001410   0x08001410   0x0000001c   Code   RO         2467    i.dma_flag_get      at32f425_dma.o
    0x0800142c   0x0800142c   0x00000014   Code   RO         3162    i.gpio_default_para_init  at32f425_gpio.o
    0x08001440   0x08001440   0x0000007a   Code   RO         3163    i.gpio_init         at32f425_gpio.o
    0x080014ba   0x080014ba   0x00000010   Code   RO            5    i.main              main.o
    0x080014ca   0x080014ca   0x000000ce   Code   RO         3520    i.nvic_irq_enable   at32f425_misc.o
    0x08001598   0x08001598   0x00000030   Code   RO         3522    i.nvic_priority_group_config  at32f425_misc.o
    0x080015c8   0x080015c8   0x0000006c   Code   RO         1500    i.system_clock_config  at32f425_clock.o
    0x08001634   0x08001634   0x000001fe   Code   RO         1594    i.system_core_clock_update  system_at32f425.o
    0x08001832   0x08001832   0x00000028   Code   RO         3525    i.systick_clock_source_config  at32f425_misc.o
    0x0800185a   0x0800185a   0x00000008   Code   RO         4255    i.usart_data_receive  at32f425_usart.o
    0x08001862   0x08001862   0x00000008   Code   RO         4256    i.usart_data_transmit  at32f425_usart.o
    0x0800186a   0x0800186a   0x0000000a   Code   RO         4260    i.usart_enable      at32f425_usart.o
    0x08001874   0x08001874   0x00000012   Code   RO         4261    i.usart_flag_clear  at32f425_usart.o
    0x08001886   0x08001886   0x00000010   Code   RO         4262    i.usart_flag_get    at32f425_usart.o
    0x08001896   0x08001896   0x000000a6   Code   RO         4265    i.usart_init        at32f425_usart.o
    0x0800193c   0x0800193c   0x00000036   Code   RO         4266    i.usart_interrupt_enable  at32f425_usart.o
    0x08001972   0x08001972   0x0000004c   Code   RO         4271    i.usart_parity_selection_config  at32f425_usart.o
    0x080019be   0x080019be   0x0000000a   Code   RO         4272    i.usart_receiver_enable  at32f425_usart.o
    0x080019c8   0x080019c8   0x00000084   Code   RO         4274    i.usart_reset       at32f425_usart.o
    0x08001a4c   0x08001a4c   0x0000000a   Code   RO         4282    i.usart_transmitter_enable  at32f425_usart.o
    0x08001a56   0x08001a56   0x00000010   Data   RO         1595    .constdata          system_at32f425.o
    0x08001a66   0x08001a66   0x00000028   Data   RO         2245    .constdata          at32f425_crm.o
    0x08001a8e   0x08001a8e   0x00000002   PAD
    0x08001a90   0x08001a90   0x00000011   Data   RO            6    .conststring        main.o
    0x08001aa1   0x08001aa1   0x00000003   PAD
    0x08001aa4   0x08001aa4   0x00000020   Data   RO         4948    Region$$Table       anon$$obj.o
    0x08001ac4   0x08001ac4   0x00000006   Data   RO          624    c.UART_RXD_Flag.00000008  base_uart.o
    0x08001aca   0x08001aca   0x00000006   Data   RO          625    c.UART_RXD_Flag_Clear.00000008  base_uart.o
    0x08001ad0   0x08001ad0   0x00000006   Data   RO          626    c.UART_RXD_Receive.00000008  base_uart.o
    0x08001ad6   0x08001ad6   0x00000006   Data   RO          627    c.UART_TXD_Send.0000000a  base_uart.o
    0x08001adc   0x08001adc   0x00000005   Data   RO         2246    c.crm_clock_source_enable.00000004  at32f425_crm.o


    Execution Region RW_IRAM1 (Exec base: 0x20000000, Load base: 0x08001ae4, Size: 0x00000650, Max: 0x00005000, ABSOLUTE)

    Exec Addr    Load Addr    Size         Type   Attr      Idx    E Section Name        Object

    0x20000000   0x08001ae4   0x00000006   Data   RW          204    .data               base_adc.o
    0x20000006   0x08001aea   0x00000002   PAD
    0x20000008   0x08001aec   0x00000014   Data   RW          550    .data               base_sys_time.o
    0x2000001c   0x08001b00   0x00000004   Data   RW          623    .data               base_uart.o
    0x20000020   0x08001b04   0x00000020   Data   RW         1178    .data               mode_time.o
    0x20000040   0x08001b24   0x00000004   Data   RW         1596    .data               system_at32f425.o
    0x20000044        -       0x00000034   Zero   RW         1079    .bss                mode.o
    0x20000078        -       0x000001d8   Zero   RW         1262    .bss                mode_uart.o
    0x20000250        -       0x00000400   Zero   RW         1627    STACK               startup_at32f425.o


==============================================================================

Image component sizes


      Code (inc. data)   RO Data    RW Data    ZI Data      Debug   Object Name

       108          0          0          0          0        538   at32f425_clock.o
      1622          0         45          0          0       7848   at32f425_crm.o
        38          0          0          0          0       1044   at32f425_dma.o
       142          0          0          0          0       1477   at32f425_gpio.o
        24          0          0          0          0       3480   at32f425_int.o
       294          0          0          0          0      32340   at32f425_misc.o
       508          0          0          0          0       6689   at32f425_usart.o
        30          0          0          6          0       1340   base_adc.o
       726          0          0         20          0      35538   base_sys_time.o
       904          0         24          4          0       4675   base_uart.o
       148          0         17          0          0      34520   main.o
       200          0          0          0         52       2399   mode.o
       346          0          0         32          0       3832   mode_time.o
       336          0          0          0        472       5248   mode_uart.o
        36          8        208          0       1024        796   startup_at32f425.o
       664          0         16          4          0       2016   system_at32f425.o
       140          0          0          0          0       1612   time_handle.o

    ----------------------------------------------------------------------
      6268          8        350         68       1548     145392   Object Totals
         0          0         32          0          0          0   (incl. Generated)
         2          0          8          2          0          0   (incl. Padding)

    ----------------------------------------------------------------------

      Code (inc. data)   RO Data    RW Data    ZI Data      Debug   Library Member Name

         0          0          0          0          0          0   entry.o
         0          0          0          0          0          0   entry10a.o
         0          0          0          0          0          0   entry11a.o
         4          0          0          0          0          0   entry12b.o
         8          4          0          0          0          0   entry2.o
         4          0          0          0          0          0   entry5.o
         0          0          0          0          0          0   entry7b.o
         0          0          0          0          0          0   entry8b.o
         8          4          0          0          0          0   entry9a.o
        30          0          0          0          0          0   handlers.o
        36          8          0          0          0         68   init.o
        30          0          0          0          0         68   llshl.o
        32          0          0          0          0         68   llushr.o
        14          0          0          0          0         68   strlen.o
        98          0          0          0          0         92   uldiv.o

    ----------------------------------------------------------------------
       266         16          0          0          0        364   Library Totals
         2          0          0          0          0          0   (incl. Padding)

    ----------------------------------------------------------------------

      Code (inc. data)   RO Data    RW Data    ZI Data      Debug   Library Name

       264         16          0          0          0        364   mc_w.l

    ----------------------------------------------------------------------
       266         16          0          0          0        364   Library Totals

    ----------------------------------------------------------------------

==============================================================================


      Code (inc. data)   RO Data    RW Data    ZI Data      Debug   

      6534         24        350         68       1548     142268   Grand Totals
      6534         24        350         68       1548     142268   ELF Image Totals
      6534         24        350         68          0          0   ROM Totals

==============================================================================

    Total RO  Size (Code + RO Data)                 6884 (   6.72kB)
    Total RW  Size (RW Data + ZI Data)              1616 (   1.58kB)
    Total ROM Size (Code + RO Data + RW Data)       6952 (   6.79kB)

==============================================================================

