<html>
<body>
<pre>
<h1>µVision Build Log</h1>
<h2>Tool Versions:</h2>
IDE-Version: ¦ÌVision V5.18a
Copyright (C) 2016 ARM Ltd and ARM Germany GmbH. All rights reserved.
License Information: lau xglam, nationrfid, LIC=HN012-92SGD-DK1BN-YI5MD-S94M8-QNGF8
 
Tool Versions:
Toolchain:       MDK-ARM Standard  Version: 5.18a
Toolchain Path:  D:\Keil_v5\ARM\ARMCC\Bin
C Compiler:      Armcc.exe V5.06 update 1 (build 61)
Assembler:       Armasm.exe V5.06 update 1 (build 61)
Linker/Locator:  ArmLink.exe V5.06 update 1 (build 61)
Library Manager: ArmAr.exe V5.06 update 1 (build 61)
Hex Converter:   FromElf.exe V5.06 update 1 (build 61)
CPU DLL:         SARMCM3.DLL V5.18a
Dialog DLL:      DCM.DLL V1.13.6.0
Target DLL:      CMSIS_AGDI.dll V1.25.14.0
Dialog DLL:      TCM.DLL V1.14.8.0
 
<h2>Project:</h2>
E:\arteryARM\code_sample\AT32F4xx_StdPeriph_Lib_V1.2.7\Project\AT_START_F415\Examples\OTG_Device\Printer\MDK_v5\Printer.uvprojx
Project File Date:  11/10/2020

<h2>Output:</h2>
*** Using Compiler 'V5.06 update 1 (build 61)', folder: 'D:\Keil_v5\ARM\ARMCC\Bin'
Rebuild target 'Printer'
assembling startup_at32f415rct7.s...
compiling at32_board.c...
compiling usbd_desc.c...
compiling at32f4xx_tim.c...
compiling usb_dcd.c...
compiling at32f4xx_rcc.c...
compiling misc.c...
compiling usbd_usr.c...
compiling at32f4xx_exti.c...
compiling at32f4xx_usart.c...
compiling usbd_req.c...
compiling usb_bsp.c...
compiling at32f4xx_it.c...
compiling main.c...
compiling system_at32f4xx.c...
compiling usbd_ioreq.c...
compiling at32f4xx_gpio.c...
compiling usbd_core.c...
compiling usb_dcd_int.c...
compiling usb_core.c...
compiling usbd_printer_core.c...
..\..\..\..\..\..\Middlewares\AT32_USB_OTG_Library\USB_Device_Library\Class\printer\src\usbd_printer_core.c(350): warning:  #550-D: variable "USB_Rx_Cnt" was set but never used
    uint16_t USB_Rx_Cnt;
..\..\..\..\..\..\Middlewares\AT32_USB_OTG_Library\USB_Device_Library\Class\printer\src\usbd_printer_core.c: 1 warning, 0 errors
linking...
Program Size: Code=13246 RO-data=418 RW-data=396 ZI-data=4052  
FromELF: creating hex file...
".\Objects\VCP_Loopback.axf" - 0 Error(s), 1 Warning(s).

<h2>Collection of Component include folders:</h2>
  E:\arteryARM\code_sample\AT32F4xx_StdPeriph_Lib_V1.2.7\Project\AT_START_F415\Examples\OTG_Device\Printer\MDK_v5\RTE
  D:\Keil_v5\ARM\PACK\Keil\AT32F4xx_DFP\1.3.4\Device\Include

<h2>Collection of Component Files used:</h2>
Build Time Elapsed:  00:00:01
</pre>
</body>
</html>
