Component: ARM Compiler 5.06 update 7 (build 960) Tool: armlink [4d3601]

==============================================================================

Section Cross References

    main.o(i.Main_Init) refers to at32f415_clock.o(i.system_clock_config) for system_clock_config
    main.o(i.Main_Init) refers to at32f415_misc.o(i.nvic_priority_group_config) for nvic_priority_group_config
    main.o(i.Main_Init) refers to mode.o(i.Mode_Index) for Mode_Index
    main.o(i.Main_Init) refers to api.o(i.API_Index) for API_Index
    main.o(i.Main_Init) refers to mode_rtc8564.o(i.RTC8564_Init) for RTC8564_Init
    main.o(i.Main_Init) refers to base_flash.o(i.Flash_Read_Data) for Flash_Read_Data
    main.o(i.Main_Init) refers to printf5.o(i.__0printf$5) for __2printf
    main.o(i.Main_Init) refers to mode.o(.bss) for Mode_Init
    main.o(i.Main_Init) refers to main.o(.bss) for temp_a
    main.o(i.Main_Init) refers to system_at32f415.o(.data) for system_core_clock
    main.o(i.main) refers to main.o(i.Main_Init) for Main_Init
    main.o(i.main) refers to mode.o(.bss) for Mode_User
    base_adc.o(i.ADC_Conversion_Vol) refers to fflti.o(.text) for __aeabi_i2f
    base_exist_gpio.o(i.KEY_GPIO_Init) refers to at32f415_gpio.o(i.gpio_default_para_init) for gpio_default_para_init
    base_exist_gpio.o(i.KEY_GPIO_Init) refers to at32f415_crm.o(i.crm_periph_clock_enable) for crm_periph_clock_enable
    base_exist_gpio.o(i.KEY_GPIO_Init) refers to at32f415_gpio.o(i.gpio_init) for gpio_init
    base_exist_gpio.o(i.LCD_GPIO_Init) refers to at32f415_gpio.o(i.gpio_default_para_init) for gpio_default_para_init
    base_exist_gpio.o(i.LCD_GPIO_Init) refers to at32f415_crm.o(i.crm_periph_clock_enable) for crm_periph_clock_enable
    base_exist_gpio.o(i.LCD_GPIO_Init) refers to at32f415_gpio.o(i.gpio_init) for gpio_init
    base_exist_gpio.o(i.LED_GPIO_Init) refers to at32f415_gpio.o(i.gpio_default_para_init) for gpio_default_para_init
    base_exist_gpio.o(i.LED_GPIO_Init) refers to at32f415_crm.o(i.crm_periph_clock_enable) for crm_periph_clock_enable
    base_exist_gpio.o(i.LED_GPIO_Init) refers to at32f415_gpio.o(i.gpio_init) for gpio_init
    base_exist_gpio.o(i.STEP_Motor) refers to at32f415_gpio.o(i.gpio_default_para_init) for gpio_default_para_init
    base_exist_gpio.o(i.STEP_Motor) refers to at32f415_crm.o(i.crm_periph_clock_enable) for crm_periph_clock_enable
    base_exist_gpio.o(i.STEP_Motor) refers to at32f415_gpio.o(i.gpio_init) for gpio_init
    base_exist_gpio.o(i.User_GPIO_Init) refers to at32f415_gpio.o(i.gpio_default_para_init) for gpio_default_para_init
    base_flash.o(i.Flash_Clear_Area) refers to base_flash.o(i.Addr_Get_Area) for Addr_Get_Area
    base_flash.o(i.Flash_Clear_Area) refers to at32f415_flash.o(i.flash_unlock) for flash_unlock
    base_flash.o(i.Flash_Clear_Area) refers to at32f415_flash.o(i.flash_operation_wait_for) for flash_operation_wait_for
    base_flash.o(i.Flash_Clear_Area) refers to at32f415_flash.o(i.flash_flag_clear) for flash_flag_clear
    base_flash.o(i.Flash_Clear_Area) refers to at32f415_flash.o(i.flash_sector_erase) for flash_sector_erase
    base_flash.o(i.Flash_Clear_Area) refers to at32f415_flash.o(i.flash_lock) for flash_lock
    base_flash.o(i.Flash_Read_Data) refers to base_flash.o(i.Addr_Get_Area) for Addr_Get_Area
    base_flash.o(i.Flash_Save_Data) refers to base_flash.o(i.Addr_Get_Area) for Addr_Get_Area
    base_flash.o(i.Flash_Save_Data) refers to at32f415_flash.o(i.flash_unlock) for flash_unlock
    base_flash.o(i.Flash_Save_Data) refers to at32f415_flash.o(i.flash_operation_wait_for) for flash_operation_wait_for
    base_flash.o(i.Flash_Save_Data) refers to at32f415_flash.o(i.flash_flag_clear) for flash_flag_clear
    base_flash.o(i.Flash_Save_Data) refers to at32f415_flash.o(i.flash_sector_erase) for flash_sector_erase
    base_flash.o(i.Flash_Save_Data) refers to memseta.o(.text) for __aeabi_memclr4
    base_flash.o(i.Flash_Save_Data) refers to memcpya.o(.text) for __aeabi_memcpy
    base_flash.o(i.Flash_Save_Data) refers to at32f415_flash.o(i.flash_word_program) for flash_word_program
    base_flash.o(i.Flash_Save_Data) refers to at32f415_flash.o(i.flash_lock) for flash_lock
    base_iic.o(i.IIC_ASK) refers to base_iic.o(i.IIC_SDA_Satar) for IIC_SDA_Satar
    base_iic.o(i.IIC_ASK) refers to base_iic.o(i.IIC_Delay) for IIC_Delay
    base_iic.o(i.IIC_NASK) refers to base_iic.o(i.IIC_SDA_Satar) for IIC_SDA_Satar
    base_iic.o(i.IIC_NASK) refers to base_iic.o(i.IIC_Delay) for IIC_Delay
    base_iic.o(i.IIC_Read_DATA) refers to base_iic.o(i.IIC_SDA_Satar) for IIC_SDA_Satar
    base_iic.o(i.IIC_Read_DATA) refers to base_iic.o(i.IIC_Delay) for IIC_Delay
    base_iic.o(i.IIC_Read_DATA) refers to at32f415_gpio.o(i.gpio_input_data_bit_read) for gpio_input_data_bit_read
    base_iic.o(i.IIC_Receive_DATA) refers to base_iic.o(i.IIC_StartBit) for IIC_StartBit
    base_iic.o(i.IIC_Receive_DATA) refers to base_iic.o(i.IIC_Write_DATA) for IIC_Write_DATA
[...]
    i.Find_Data                              0x0800049a   Section        0  data_handle.o(i.Find_Data)
    i.Flash_Read_Data                        0x080004b6   Section        0  base_flash.o(i.Flash_Read_Data)
    i.GET_SysTick                            0x080004fc   Section        0  base_sys_time.o(i.GET_SysTick)
    i.Get_Lose_Time                          0x08000558   Section        0  mode_time.o(i.Get_Lose_Time)
    i.Get_RXD                                0x08000596   Section        0  mode_uart.o(i.Get_RXD)
    Get_RXD                                  0x08000597   Thumb Code    58  mode_uart.o(i.Get_RXD)
    i.HardFault_Handler                      0x080005d0   Section        0  at32f415_int.o(i.HardFault_Handler)
    i.IIC_ASK                                0x080005d4   Section        0  base_iic.o(i.IIC_ASK)
    i.IIC_Delay                              0x0800060c   Section        0  base_iic.o(i.IIC_Delay)
    IIC_Delay                                0x0800060d   Thumb Code    32  base_iic.o(i.IIC_Delay)
    i.IIC_Read_DATA                          0x0800062c   Section        0  base_iic.o(i.IIC_Read_DATA)
    i.IIC_Receive_DATA                       0x08000680   Section        0  base_iic.o(i.IIC_Receive_DATA)
    i.IIC_SDA_Satar                          0x08000714   Section        0  base_iic.o(i.IIC_SDA_Satar)
    i.IIC_Send_DATA                          0x08000750   Section        0  base_iic.o(i.IIC_Send_DATA)
    i.IIC_StartBit                           0x080007cc   Section        0  base_iic.o(i.IIC_StartBit)
    i.IIC_Start_Init                         0x08000820   Section        0  base_iic.o(i.IIC_Start_Init)
    i.IIC_StopBit                            0x08000898   Section        0  base_iic.o(i.IIC_StopBit)
    i.IIC_WaitASK                            0x080008e0   Section        0  base_iic.o(i.IIC_WaitASK)
    i.IIC_Write_DATA                         0x0800094c   Section        0  base_iic.o(i.IIC_Write_DATA)
    i.KEY_GPIO_Init                          0x080009b8   Section        0  base_exist_gpio.o(i.KEY_GPIO_Init)
    i.KEY_Init                               0x08000a18   Section        0  key.o(i.KEY_Init)
    i.KEY_State                              0x08000a3c   Section        0  key.o(i.KEY_State)
    i.LCD_Address_Set                        0x08000a68   Section        0  lcd.o(i.LCD_Address_Set)
    i.LCD_Delay                              0x08000b50   Section        0  lcd.o(i.LCD_Delay)
    LCD_Delay                                0x08000b51   Thumb Code    24  lcd.o(i.LCD_Delay)
    i.LCD_Draw_Circle                        0x08000b68   Section        0  lcd.o(i.LCD_Draw_Circle)
    i.LCD_Draw_Line                          0x08000c06   Section        0  lcd.o(i.LCD_Draw_Line)
    i.LCD_Draw_Point                         0x08000cb2   Section        0  lcd.o(i.LCD_Draw_Point)
    i.LCD_Draw_Rectangle                     0x08000cce   Section        0  lcd.o(i.LCD_Draw_Rectangle)
    i.LCD_Fill                               0x08000d18   Section        0  lcd.o(i.LCD_Fill)
    i.LCD_GPIO_Init                          0x08000d58   Section        0  base_exist_gpio.o(i.LCD_GPIO_Init)
    i.LCD_Init                               0x08000db8   Section        0  lcd.o(i.LCD_Init)
    i.LCD_Show_Char                          0x08000f98   Section        0  lcd.o(i.LCD_Show_Char)
    i.LCD_Show_Chinese                       0x080010d4   Section        0  lcd.o(i.LCD_Show_Chinese)
    i.LCD_Show_Chinese24x24                  0x0800112c   Section        0  lcd.o(i.LCD_Show_Chinese24x24)
    i.LCD_Show_Chinese32x32                  0x08001134   Section        0  lcd.o(i.LCD_Show_Chinese32x32)
    i.LCD_Show_Picture                       0x0800113c   Section        0  lcd.o(i.LCD_Show_Picture)
    i.LCD_Show_String                        0x080011a2   Section        0  lcd.o(i.LCD_Show_String)
    i.LCD_WR_CMD                             0x08001214   Section        0  lcd.o(i.LCD_WR_CMD)
    i.LCD_WR_DATA                            0x08001248   Section        0  lcd.o(i.LCD_WR_DATA)
    i.LCD_WR_DATA8                           0x0800126a   Section        0  lcd.o(i.LCD_WR_DATA8)
    i.LCD_Writ_Bus                           0x08001286   Section        0  lcd.o(i.LCD_Writ_Bus)
    i.LED_GPIO_Init                          0x08001294   Section        0  base_exist_gpio.o(i.LED_GPIO_Init)
    i.MODE_Get_TIME                          0x08001324   Section        0  mode_time.o(i.MODE_Get_TIME)
    i.MODE_LED_Init                          0x080013bc   Section        0  led.o(i.MODE_LED_Init)
    i.MODE_LED_REG                           0x080013d0   Section        0  led.o(i.MODE_LED_REG)
    i.MODE_LED_SET                           0x08001400   Section        0  led.o(i.MODE_LED_SET)
    i.Main_Init                              0x08001440   Section        0  main.o(i.Main_Init)
    i.MemManage_Handler                      0x080014f8   Section        0  at32f415_int.o(i.MemManage_Handler)
    i.Mode_Index                             0x080014fc   Section        0  mode.o(i.Mode_Index)
    i.Mode_User_index                        0x08001534   Section        0  mode.o(i.Mode_User_index)
    Mode_User_index                          0x08001535   Thumb Code   108  mode.o(i.Mode_User_index)
    i.NMI_Handler                            0x080015f4   Section        0  at32f415_int.o(i.NMI_Handler)
    i.OTGFS1_IRQHandler                      0x080015f8   Section        0  usb_user.o(i.OTGFS1_IRQHandler)
    i.OTGFS1_WKUP_IRQHandler                 0x08001608   Section        0  usb_user.o(i.OTGFS1_WKUP_IRQHandler)
    i.PendSV_Handler                         0x08001614   Section        0  at32f415_int.o(i.PendSV_Handler)
    i.RTC8564_Init                           0x08001616   Section        0  mode_rtc8564.o(i.RTC8564_Init)
    i.SET_SysTick                            0x08001658   Section        0  base_sys_time.o(i.SET_SysTick)
    i.SPI1_IRQHandler                        0x0800169c   Section        0  base_spi.o(i.SPI1_IRQHandler)
    i.SPI2_GPIO_Init                         0x080016d8   Section        0  base_spi.o(i.SPI2_GPIO_Init)
    i.SPI2_IRQHandler                        0x08001774   Section        0  base_spi.o(i.SPI2_IRQHandler)
    i.SPI_CS_Set                             0x08001790   Section        0  base_spi.o(i.SPI_CS_Set)
    i.SPI_Send_DATA                          0x080017cc   Section        0  base_spi.o(i.SPI_Send_DATA)
    i.SPI_Start_Init                         0x08001800   Section        0  base_spi.o(i.SPI_Start_Init)
    i.SVC_Handler                            0x08001894   Section        0  at32f415_int.o(i.SVC_Handler)
    i.SYS_Delay_S                            0x08001896   Section        0  base_sys_time.o(i.SYS_Delay_S)
    i.SYS_Delay_ms                           0x080018b0   Section        0  base_sys_time.o(i.SYS_Delay_ms)
    i.SYS_Delay_us                           0x0800192c   Section        0  base_sys_time.o(i.SYS_Delay_us)
    i.Set_TIME                               0x080019a8   Section        0  mode_time.o(i.Set_TIME)
    i.SysTick_Handler                        0x080019cc   Section        0  base_sys_time.o(i.SysTick_Handler)
    i.Sys_Clock_Init                         0x080019dc   Section        0  mode_time.o(i.Sys_Clock_Init)
    i.Sys_Time_Init                          0x08001a24   Section        0  base_sys_time.o(i.Sys_Time_Init)
    i.SystemInit                             0x08001af8   Section        0  system_at32f415.o(i.SystemInit)
    i.UART_RXD_Flag                          0x08001b94   Section        0  base_uart.o(i.UART_RXD_Flag)
    i.UART_RXD_Flag_Clear                    0x08001bf4   Section        0  base_uart.o(i.UART_RXD_Flag_Clear)
    i.UART_RXD_Receive                       0x08001c50   Section        0  base_uart.o(i.UART_RXD_Receive)
    i.UART_Send_Data                         0x08001cac   Section        0  mode_uart.o(i.UART_Send_Data)
    i.UART_Send_String                       0x08001ce2   Section        0  mode_uart.o(i.UART_Send_String)
    i.UART_TXD_Send                          0x08001cfc   Section        0  base_uart.o(i.UART_TXD_Send)
    i.USART1_IRQHandler                      0x08001d68   Section        0  mode_uart.o(i.USART1_IRQHandler)
    i.USART2_IRQHandler                      0x08001d9c   Section        0  mode_uart.o(i.USART2_IRQHandler)
    i.USART3_IRQHandler                      0x08001dd0   Section        0  mode_uart.o(i.USART3_IRQHandler)
    i.Uart1_Init                             0x08001e04   Section        0  base_uart.o(i.Uart1_Init)
    i.Uart2_Init                             0x08001ee0   Section        0  base_uart.o(i.Uart2_Init)
    i.Uart3_Init                             0x08001fb8   Section        0  base_uart.o(i.Uart3_Init)
    i.Uart4_Init                             0x080020ac   Section        0  base_uart.o(i.Uart4_Init)
    i.Uart_Init                              0x08002188   Section        0  mode_uart.o(i.Uart_Init)
    i.UsageFault_Handler                     0x08002204   Section        0  at32f415_int.o(i.UsageFault_Handler)
    i.WS2812_Delay                           0x08002208   Section        0  led.o(i.WS2812_Delay)
    i.WS2812_write_byte                      0x0800221c   Section        0  led.o(i.WS2812_write_byte)
    i.__0printf$5                            0x0800227c   Section        0  printf5.o(i.__0printf$5)
    i.__scatterload_copy                     0x0800229c   Section       14  handlers.o(i.__scatterload_copy)
    i.__scatterload_null                     0x080022aa   Section        2  handlers.o(i.__scatterload_null)
    i.__scatterload_zeroinit                 0x080022ac   Section       14  handlers.o(i.__scatterload_zeroinit)
    i._printf_core                           0x080022bc   Section        0  printf5.o(i._printf_core)
    _printf_core                             0x080022bd   Thumb Code   660  printf5.o(i._printf_core)
    i.crm_ahb_div_set                        0x0800257c   Section        0  at32f415_crm.o(i.crm_ahb_div_set)
    i.crm_apb1_div_set                       0x08002590   Section        0  at32f415_crm.o(i.crm_apb1_div_set)
    i.crm_apb2_div_set                       0x080025a4   Section        0  at32f415_crm.o(i.crm_apb2_div_set)
    i.crm_auto_step_mode_enable              0x080025b8   Section        0  at32f415_crm.o(i.crm_auto_step_mode_enable)
    i.crm_clock_source_enable                0x080025e0   Section        0  at32f415_crm.o(i.crm_clock_source_enable)
    i.crm_clocks_freq_get                    0x08002640   Section        0  at32f415_crm.o(i.crm_clocks_freq_get)
    i.crm_flag_get                           0x080027ec   Section        0  at32f415_crm.o(i.crm_flag_get)
    i.crm_hick_divider_select                0x0800281c   Section        0  at32f415_crm.o(i.crm_hick_divider_select)
    i.crm_hick_sclk_frequency_select         0x08002830   Section        0  at32f415_crm.o(i.crm_hick_sclk_frequency_select)
    i.crm_periph_clock_enable                0x0800284c   Section        0  at32f415_crm.o(i.crm_periph_clock_enable)
    i.crm_periph_reset                       0x08002890   Section        0  at32f415_crm.o(i.crm_periph_reset)
    i.crm_pll_config                         0x080028d4   Section        0  at32f415_crm.o(i.crm_pll_config)
    i.crm_reset                              0x080029dc   Section        0  at32f415_crm.o(i.crm_reset)
    i.crm_sysclk_switch                      0x08002a40   Section        0  at32f415_crm.o(i.crm_sysclk_switch)
    i.crm_sysclk_switch_status_get           0x08002a54   Section        0  at32f415_crm.o(i.crm_sysclk_switch_status_get)
    i.crm_usb_clock_div_set                  0x08002a64   Section        0  at32f415_crm.o(i.crm_usb_clock_div_set)
    i.crm_usb_clock_source_select            0x08002a84   Section        0  at32f415_crm.o(i.crm_usb_clock_source_select)
    i.exint_flag_clear                       0x08002aa4   Section        0  at32f415_exint.o(i.exint_flag_clear)
    i.fputc                                  0x08002ab0   Section        0  base_uart.o(i.fputc)
    i.gpio_default_para_init                 0x08002ac2   Section        0  at32f415_gpio.o(i.gpio_default_para_init)
    i.gpio_init                              0x08002ad8   Section        0  at32f415_gpio.o(i.gpio_init)
    i.gpio_input_data_bit_read               0x08002b80   Section        0  at32f415_gpio.o(i.gpio_input_data_bit_read)
    i.gpio_pin_remap_config                  0x08002b94   Section        0  at32f415_gpio.o(i.gpio_pin_remap_config)
    i.main                                   0x08002be0   Section        0  main.o(i.main)
    i.nvic_irq_enable                        0x08002c14   Section        0  at32f415_misc.o(i.nvic_irq_enable)
    i.nvic_priority_group_config             0x08002cdc   Section        0  at32f415_misc.o(i.nvic_priority_group_config)
    i.spi_default_para_init                  0x08002d04   Section        0  at32f415_spi.o(i.spi_default_para_init)
    i.spi_enable                             0x08002d1a   Section        0  at32f415_spi.o(i.spi_enable)
    i.spi_i2s_data_transmit                  0x08002d24   Section        0  at32f415_spi.o(i.spi_i2s_data_transmit)
    i.spi_i2s_flag_get                       0x08002d28   Section        0  at32f415_spi.o(i.spi_i2s_flag_get)
    i.spi_i2s_interrupt_enable               0x08002d38   Section        0  at32f415_spi.o(i.spi_i2s_interrupt_enable)
    i.spi_i2s_reset                          0x08002d4c   Section        0  at32f415_spi.o(i.spi_i2s_reset)
    i.spi_init                               0x08002d8c   Section        0  at32f415_spi.o(i.spi_init)
    i.system_clock_config                    0x08002eb0   Section        0  at32f415_clock.o(i.system_clock_config)
    i.system_clock_hick_config               0x08002eb8   Section        0  at32f415_clock.o(i.system_clock_hick_config)
    i.system_core_clock_update               0x08002f3c   Section        0  system_at32f415.o(i.system_core_clock_update)
    i.systick_clock_source_config            0x08003090   Section        0  at32f415_misc.o(i.systick_clock_source_config)
    i.usart_data_receive                     0x080030b8   Section        0  at32f415_usart.o(i.usart_data_receive)
    i.usart_data_transmit                    0x080030c0   Section        0  at32f415_usart.o(i.usart_data_transmit)
    i.usart_enable                           0x080030c8   Section        0  at32f415_usart.o(i.usart_enable)
    i.usart_flag_clear                       0x080030d2   Section        0  at32f415_usart.o(i.usart_flag_clear)
    i.usart_flag_get                         0x080030e4   Section        0  at32f415_usart.o(i.usart_flag_get)
    i.usart_init                             0x080030f4   Section        0  at32f415_usart.o(i.usart_init)
    i.usart_interrupt_enable                 0x08003160   Section        0  at32f415_usart.o(i.usart_interrupt_enable)
    i.usart_parity_selection_config          0x08003196   Section        0  at32f415_usart.o(i.usart_parity_selection_config)
    i.usart_receiver_enable                  0x080031e2   Section        0  at32f415_usart.o(i.usart_receiver_enable)
    i.usart_reset                            0x080031ec   Section        0  at32f415_usart.o(i.usart_reset)
    i.usart_transmitter_enable               0x08003280   Section        0  at32f415_usart.o(i.usart_transmitter_enable)
    i.usb_ept0_setup                         0x0800328a   Section        0  at32f415_usb.o(i.usb_ept0_setup)
    i.usb_ept0_start                         0x080032ac   Section        0  at32f415_usb.o(i.usb_ept0_start)
    i.usb_ept_clear_stall                    0x080032d8   Section        0  at32f415_usb.o(i.usb_ept_clear_stall)
    i.usb_ept_in_clear                       0x0800336a   Section        0  at32f415_usb.o(i.usb_ept_in_clear)
    i.usb_ept_in_interrupt                   0x08003376   Section        0  at32f415_usb.o(i.usb_ept_in_interrupt)
    i.usb_ept_open                           0x080033a2   Section        0  at32f415_usb.o(i.usb_ept_open)
    i.usb_ept_out_clear                      0x08003542   Section        0  at32f415_usb.o(i.usb_ept_out_clear)
    i.usb_ept_out_interrupt                  0x0800354e   Section        0  at32f415_usb.o(i.usb_ept_out_interrupt)
    i.usb_ept_stall                          0x08003564   Section        0  at32f415_usb.o(i.usb_ept_stall)
    i.usb_flush_tx_fifo                      0x080035f8   Section        0  at32f415_usb.o(i.usb_flush_tx_fifo)
    i.usb_get_all_in_interrupt               0x08003630   Section        0  at32f415_usb.o(i.usb_get_all_in_interrupt)
    i.usb_get_all_out_interrupt              0x08003642   Section        0  at32f415_usb.o(i.usb_get_all_out_interrupt)
    i.usb_global_clear_interrupt             0x08003654   Section        0  at32f415_usb.o(i.usb_global_clear_interrupt)
    i.usb_global_get_all_interrupt           0x08003658   Section        0  at32f415_usb.o(i.usb_global_get_all_interrupt)
    i.usb_global_interrupt_enable            0x08003662   Section        0  at32f415_usb.o(i.usb_global_interrupt_enable)
    i.usb_open_phy_clk                       0x08003676   Section        0  at32f415_usb.o(i.usb_open_phy_clk)
    i.usb_read_packet                        0x08003684   Section        0  at32f415_usb.o(i.usb_read_packet)
    i.usb_set_address                        0x080036ae   Section        0  at32f415_usb.o(i.usb_set_address)
    i.usb_set_rx_fifo                        0x080036bc   Section        0  at32f415_usb.o(i.usb_set_rx_fifo)
    i.usb_set_tx_fifo                        0x080036c0   Section        0  at32f415_usb.o(i.usb_set_tx_fifo)
    i.usb_stop_phy_clk                       0x08003702   Section        0  at32f415_usb.o(i.usb_stop_phy_clk)
    i.usb_suspend_status_get                 0x08003712   Section        0  at32f415_usb.o(i.usb_suspend_status_get)
    i.usb_write_empty_txfifo                 0x08003720   Section        0  usbd_int.o(i.usb_write_empty_txfifo)
    i.usb_write_packet                       0x080037b8   Section        0  at32f415_usb.o(i.usb_write_packet)
    i.usbd_clear_feature                     0x080037e8   Section        0  usbd_sdr.o(i.usbd_clear_feature)
    usbd_clear_feature                       0x080037e9   Thumb Code    84  usbd_sdr.o(i.usbd_clear_feature)
    i.usbd_clear_stall                       0x0800383c   Section        0  usbd_core.o(i.usbd_clear_stall)
    i.usbd_core_in_handler                   0x08003886   Section        0  usbd_core.o(i.usbd_core_in_handler)
    i.usbd_core_out_handler                  0x08003948   Section        0  usbd_core.o(i.usbd_core_out_handler)
    i.usbd_core_setup_handler                0x080039c8   Section        0  usbd_core.o(i.usbd_core_setup_handler)
    i.usbd_ctrl_recv_status                  0x08003a1c   Section        0  usbd_core.o(i.usbd_ctrl_recv_status)
    i.usbd_ctrl_send                         0x08003a34   Section        0  usbd_core.o(i.usbd_ctrl_send)
    i.usbd_ctrl_send_status                  0x08003a5c   Section        0  usbd_core.o(i.usbd_ctrl_send_status)
    i.usbd_ctrl_unsupport                    0x08003a74   Section        0  usbd_core.o(i.usbd_ctrl_unsupport)
    i.usbd_device_request                    0x08003a8a   Section        0  usbd_sdr.o(i.usbd_device_request)
    i.usbd_endpoint_request                  0x08003b0a   Section        0  usbd_sdr.o(i.usbd_endpoint_request)
    i.usbd_enter_suspend                     0x08003c66   Section        0  usbd_core.o(i.usbd_enter_suspend)
    i.usbd_enumdone_handler                  0x08003c7c   Section        0  usbd_int.o(i.usbd_enumdone_handler)
    i.usbd_ept_open                          0x08003cc2   Section        0  usbd_core.o(i.usbd_ept_open)
    i.usbd_ept_recv                          0x08003d1c   Section        0  usbd_core.o(i.usbd_ept_recv)
    i.usbd_ept_send                          0x08003e30   Section        0  usbd_core.o(i.usbd_ept_send)
    i.usbd_fifo_alloc                        0x08003f5a   Section        0  usbd_core.o(i.usbd_fifo_alloc)
    i.usbd_get_configuration                 0x08003f98   Section        0  usbd_sdr.o(i.usbd_get_configuration)
    usbd_get_configuration                   0x08003f99   Thumb Code    86  usbd_sdr.o(i.usbd_get_configuration)
    i.usbd_get_descriptor                    0x08003fee   Section        0  usbd_sdr.o(i.usbd_get_descriptor)
    usbd_get_descriptor                      0x08003fef   Thumb Code   242  usbd_sdr.o(i.usbd_get_descriptor)
    i.usbd_get_status                        0x080040e0   Section        0  usbd_sdr.o(i.usbd_get_status)
    usbd_get_status                          0x080040e1   Thumb Code    68  usbd_sdr.o(i.usbd_get_status)
    i.usbd_incomisioin_handler               0x08004124   Section        0  usbd_int.o(i.usbd_incomisioin_handler)
    i.usbd_incomisoout_handler               0x0800413a   Section        0  usbd_int.o(i.usbd_incomisoout_handler)
    i.usbd_inept_handler                     0x08004150   Section        0  usbd_int.o(i.usbd_inept_handler)
    i.usbd_interface_request                 0x080041fc   Section        0  usbd_sdr.o(i.usbd_interface_request)
    i.usbd_irq_handler                       0x08004234   Section        0  usbd_int.o(i.usbd_irq_handler)
    i.usbd_outept_handler                    0x0800431e   Section        0  usbd_int.o(i.usbd_outept_handler)
    i.usbd_reset_handler                     0x080043b0   Section        0  usbd_int.o(i.usbd_reset_handler)
    i.usbd_rxflvl_handler                    0x08004464   Section        0  usbd_int.o(i.usbd_rxflvl_handler)
    i.usbd_set_address                       0x080044e6   Section        0  usbd_sdr.o(i.usbd_set_address)
    usbd_set_address                         0x080044e7   Thumb Code    82  usbd_sdr.o(i.usbd_set_address)
    i.usbd_set_configuration                 0x08004538   Section        0  usbd_sdr.o(i.usbd_set_configuration)
    usbd_set_configuration                   0x08004539   Thumb Code   194  usbd_sdr.o(i.usbd_set_configuration)
    i.usbd_set_feature                       0x08004600   Section        0  usbd_sdr.o(i.usbd_set_feature)
    usbd_set_feature                         0x08004601   Thumb Code    42  usbd_sdr.o(i.usbd_set_feature)
    i.usbd_set_stall                         0x0800462a   Section        0  usbd_core.o(i.usbd_set_stall)
    i.usbd_setup_request_parse               0x08004674   Section        0  usbd_sdr.o(i.usbd_setup_request_parse)
    i.usbd_sof_handler                       0x0800469c   Section        0  usbd_int.o(i.usbd_sof_handler)
    i.usbd_suspend_handler                   0x080046b0   Section        0  usbd_int.o(i.usbd_suspend_handler)
    i.usbd_wakeup_handler                    0x080046e8   Section        0  usbd_int.o(i.usbd_wakeup_handler)
    .constdata                               0x0800471e   Section    12160  lcd.o(.constdata)
    .constdata                               0x0800769e   Section      512  check_crc16.o(.constdata)
    CRC_CCITT_table                          0x0800769e   Data         512  check_crc16.o(.constdata)
    .constdata                               0x0800789e   Section       16  system_at32f415.o(.constdata)
    sys_ahb_div_table                        0x0800789e   Data          16  system_at32f415.o(.constdata)
    .constdata                               0x080078ae   Section       40  at32f415_crm.o(.constdata)
    sclk_ahb_div_table                       0x080078ae   Data          16  at32f415_crm.o(.constdata)
    ahb_apb1_div_table                       0x080078be   Data           8  at32f415_crm.o(.constdata)
    ahb_apb2_div_table                       0x080078c6   Data           8  at32f415_crm.o(.constdata)
    adc_div_table                            0x080078ce   Data           8  at32f415_crm.o(.constdata)
    .data                                    0x20000000   Section        6  base_spi.o(.data)
    .data                                    0x20000008   Section       20  base_sys_time.o(.data)
    .data                                    0x2000001c   Section        4  base_uart.o(.data)
    Temp                                     0x2000001c   Data           4  base_uart.o(.data)
    .data                                    0x20000020   Section        1  usbd_sdr.o(.data)
    config_value                             0x20000020   Data           1  usbd_sdr.o(.data)
    .data                                    0x20000022   Section        3  lcd.o(.data)
    .data                                    0x20000028   Section       32  mode_time.o(.data)
    .data                                    0x20000048   Section        4  system_at32f415.o(.data)
    .data                                    0x2000004c   Section        4  stdout.o(.data)
    .bss                                     0x20000050   Section       20  main.o(.bss)
    .bss                                     0x20000064   Section      420  usb_user.o(.bss)
    .bss                                     0x20000208   Section      108  mode.o(.bss)
    .bss                                     0x20000274   Section      920  mode_uart.o(.bss)
    .bss                                     0x2000060c   Section       20  api.o(.bss)
    STACK                                    0x20000620   Section     1024  startup_at32f415.o(STACK)

    Global Symbols

    Symbol Name                              Value     Ov Type        Size  Object(Section)

    BuildAttributes$$THM_ISAv4$E$P$D$K$B$S$7EM$PE$A:L22UL41UL21$X:L11$S22US41US21$IEEE1$IW$USESV6$~STKCKD$USESV7$~SHL$OTIME$ROPI$IEEEJ$EBA8$MICROLIB$REQ8$PRES8$EABIv2 0x00000000   Number         0  anon$$obj.o ABSOLUTE
    __ARM_use_no_argv                        0x00000000   Number         0  main.o ABSOLUTE
    _printf_a                                0x00000000   Number         0  stubs.o ABSOLUTE
    _printf_c                                0x00000000   Number         0  stubs.o ABSOLUTE
    _printf_charcount                        0x00000000   Number         0  stubs.o ABSOLUTE
    _printf_d                                0x00000000   Number         0  stubs.o ABSOLUTE
    _printf_e                                0x00000000   Number         0  stubs.o ABSOLUTE
    _printf_f                                0x00000000   Number         0  stubs.o ABSOLUTE
    _printf_flags                            0x00000000   Number         0  stubs.o ABSOLUTE
    _printf_fp_dec                           0x00000000   Number         0  stubs.o ABSOLUTE
    _printf_fp_hex                           0x00000000   Number         0  stubs.o ABSOLUTE
    _printf_g                                0x00000000   Number         0  stubs.o ABSOLUTE
    _printf_i                                0x00000000   Number         0  stubs.o ABSOLUTE
    _printf_int_dec                          0x00000000   Number         0  stubs.o ABSOLUTE
    _printf_l                                0x00000000   Number         0  stubs.o ABSOLUTE
    _printf_lc                               0x00000000   Number         0  stubs.o ABSOLUTE
    _printf_ll                               0x00000000   Number         0  stubs.o ABSOLUTE
    _printf_lld                              0x00000000   Number         0  stubs.o ABSOLUTE
    _printf_lli                              0x00000000   Number         0  stubs.o ABSOLUTE
    _printf_llo                              0x00000000   Number         0  stubs.o ABSOLUTE
    _printf_llu                              0x00000000   Number         0  stubs.o ABSOLUTE
    _printf_llx                              0x00000000   Number         0  stubs.o ABSOLUTE
    _printf_longlong_dec                     0x00000000   Number         0  stubs.o ABSOLUTE
    _printf_longlong_hex                     0x00000000   Number         0  stubs.o ABSOLUTE
    _printf_longlong_oct                     0x00000000   Number         0  stubs.o ABSOLUTE
    _printf_ls                               0x00000000   Number         0  stubs.o ABSOLUTE
    _printf_mbtowc                           0x00000000   Number         0  stubs.o ABSOLUTE
    _printf_n                                0x00000000   Number         0  stubs.o ABSOLUTE
    _printf_o                                0x00000000   Number         0  stubs.o ABSOLUTE
    _printf_p                                0x00000000   Number         0  stubs.o ABSOLUTE
    _printf_percent                          0x00000000   Number         0  stubs.o ABSOLUTE
    _printf_pre_padding                      0x00000000   Number         0  stubs.o ABSOLUTE
    _printf_return_value                     0x00000000   Number         0  stubs.o ABSOLUTE
    _printf_s                                0x00000000   Number         0  stubs.o ABSOLUTE
    _printf_sizespec                         0x00000000   Number         0  stubs.o ABSOLUTE
    _printf_str                              0x00000000   Number         0  stubs.o ABSOLUTE
    _printf_truncate_signed                  0x00000000   Number         0  stubs.o ABSOLUTE
    _printf_truncate_unsigned                0x00000000   Number         0  stubs.o ABSOLUTE
    _printf_u                                0x00000000   Number         0  stubs.o ABSOLUTE
    _printf_wc                               0x00000000   Number         0  stubs.o ABSOLUTE
    _printf_wctomb                           0x00000000   Number         0  stubs.o ABSOLUTE
    _printf_widthprec                        0x00000000   Number         0  stubs.o ABSOLUTE
    _printf_x                                0x00000000   Number         0  stubs.o ABSOLUTE
    __arm_fini_                               - Undefined Weak Reference
    __cpp_initialize__aeabi_                  - Undefined Weak Reference
    __cxa_finalize                            - Undefined Weak Reference
    __decompress                              - Undefined Weak Reference
    _clock_init                               - Undefined Weak Reference
    _microlib_exit                            - Undefined Weak Reference
    __Vectors_Size                           0x00000170   Number         0  startup_at32f415.o ABSOLUTE
    __Vectors                                0x08000000   Data           4  startup_at32f415.o(RESET)
    __Vectors_End                            0x08000170   Data           0  startup_at32f415.o(RESET)
    __main                                   0x08000171   Thumb Code     0  entry.o(.ARM.Collect$$$$00000000)
    _main_stk                                0x08000171   Thumb Code     0  entry2.o(.ARM.Collect$$$$00000001)
    _main_scatterload                        0x08000175   Thumb Code     0  entry5.o(.ARM.Collect$$$$00000004)
    __main_after_scatterload                 0x08000179   Thumb Code     0  entry5.o(.ARM.Collect$$$$00000004)
    _main_clock                              0x08000179   Thumb Code     0  entry7b.o(.ARM.Collect$$$$00000008)
    _main_cpp_init                           0x08000179   Thumb Code     0  entry8b.o(.ARM.Collect$$$$0000000A)
    _main_init                               0x08000179   Thumb Code     0  entry9a.o(.ARM.Collect$$$$0000000B)
    __rt_lib_shutdown_fini                   0x08000181   Thumb Code     0  entry12b.o(.ARM.Collect$$$$0000000E)
    __rt_final_cpp                           0x08000185   Thumb Code     0  entry10a.o(.ARM.Collect$$$$0000000F)
    __rt_final_exit                          0x08000185   Thumb Code     0  entry11a.o(.ARM.Collect$$$$00000011)
    Reset_Handler                            0x08000189   Thumb Code     8  startup_at32f415.o(.text)
    ADC1_IRQHandler                          0x080001a3   Thumb Code     0  startup_at32f415.o(.text)
    CAN1_RX0_IRQHandler                      0x080001a3   Thumb Code     0  startup_at32f415.o(.text)
    CAN1_RX1_IRQHandler                      0x080001a3   Thumb Code     0  startup_at32f415.o(.text)
    CAN1_SE_IRQHandler                       0x080001a3   Thumb Code     0  startup_at32f415.o(.text)
    CAN1_TX_IRQHandler                       0x080001a3   Thumb Code     0  startup_at32f415.o(.text)
    CMP1_IRQHandler                          0x080001a3   Thumb Code     0  startup_at32f415.o(.text)
    CMP2_IRQHandler                          0x080001a3   Thumb Code     0  startup_at32f415.o(.text)
    CRM_IRQHandler                           0x080001a3   Thumb Code     0  startup_at32f415.o(.text)
    DMA1_Channel1_IRQHandler                 0x080001a3   Thumb Code     0  startup_at32f415.o(.text)
    DMA1_Channel2_IRQHandler                 0x080001a3   Thumb Code     0  startup_at32f415.o(.text)
    DMA1_Channel3_IRQHandler                 0x080001a3   Thumb Code     0  startup_at32f415.o(.text)
    DMA1_Channel4_IRQHandler                 0x080001a3   Thumb Code     0  startup_at32f415.o(.text)
    DMA1_Channel5_IRQHandler                 0x080001a3   Thumb Code     0  startup_at32f415.o(.text)
    DMA1_Channel6_IRQHandler                 0x080001a3   Thumb Code     0  startup_at32f415.o(.text)
    DMA1_Channel7_IRQHandler                 0x080001a3   Thumb Code     0  startup_at32f415.o(.text)
    DMA2_Channel1_IRQHandler                 0x080001a3   Thumb Code     0  startup_at32f415.o(.text)
    DMA2_Channel2_IRQHandler                 0x080001a3   Thumb Code     0  startup_at32f415.o(.text)
    DMA2_Channel3_IRQHandler                 0x080001a3   Thumb Code     0  startup_at32f415.o(.text)
    DMA2_Channel4_5_IRQHandler               0x080001a3   Thumb Code     0  startup_at32f415.o(.text)
    DMA2_Channel6_7_IRQHandler               0x080001a3   Thumb Code     0  startup_at32f415.o(.text)
    ERTCAlarm_IRQHandler                     0x080001a3   Thumb Code     0  startup_at32f415.o(.text)
    ERTC_WKUP_IRQHandler                     0x080001a3   Thumb Code     0  startup_at32f415.o(.text)
    EXINT0_IRQHandler                        0x080001a3   Thumb Code     0  startup_at32f415.o(.text)
    EXINT15_10_IRQHandler                    0x080001a3   Thumb Code     0  startup_at32f415.o(.text)
    EXINT1_IRQHandler                        0x080001a3   Thumb Code     0  startup_at32f415.o(.text)
    EXINT2_IRQHandler                        0x080001a3   Thumb Code     0  startup_at32f415.o(.text)
    EXINT3_IRQHandler                        0x080001a3   Thumb Code     0  startup_at32f415.o(.text)
    EXINT4_IRQHandler                        0x080001a3   Thumb Code     0  startup_at32f415.o(.text)
    EXINT9_5_IRQHandler                      0x080001a3   Thumb Code     0  startup_at32f415.o(.text)
    FLASH_IRQHandler                         0x080001a3   Thumb Code     0  startup_at32f415.o(.text)
    I2C1_ERR_IRQHandler                      0x080001a3   Thumb Code     0  startup_at32f415.o(.text)
    I2C1_EVT_IRQHandler                      0x080001a3   Thumb Code     0  startup_at32f415.o(.text)
    I2C2_ERR_IRQHandler                      0x080001a3   Thumb Code     0  startup_at32f415.o(.text)
    I2C2_EVT_IRQHandler                      0x080001a3   Thumb Code     0  startup_at32f415.o(.text)
    PVM_IRQHandler                           0x080001a3   Thumb Code     0  startup_at32f415.o(.text)
    SDIO1_IRQHandler                         0x080001a3   Thumb Code     0  startup_at32f415.o(.text)
    TAMP_STAMP_IRQHandler                    0x080001a3   Thumb Code     0  startup_at32f415.o(.text)
    TMR1_BRK_TMR9_IRQHandler                 0x080001a3   Thumb Code     0  startup_at32f415.o(.text)
    TMR1_CH_IRQHandler                       0x080001a3   Thumb Code     0  startup_at32f415.o(.text)
    TMR1_OVF_TMR10_IRQHandler                0x080001a3   Thumb Code     0  startup_at32f415.o(.text)
    TMR1_TRG_HALL_TMR11_IRQHandler           0x080001a3   Thumb Code     0  startup_at32f415.o(.text)
    TMR2_GLOBAL_IRQHandler                   0x080001a3   Thumb Code     0  startup_at32f415.o(.text)
    TMR3_GLOBAL_IRQHandler                   0x080001a3   Thumb Code     0  startup_at32f415.o(.text)
    TMR4_GLOBAL_IRQHandler                   0x080001a3   Thumb Code     0  startup_at32f415.o(.text)
    TMR5_GLOBAL_IRQHandler                   0x080001a3   Thumb Code     0  startup_at32f415.o(.text)
    UART4_IRQHandler                         0x080001a3   Thumb Code     0  startup_at32f415.o(.text)
    UART5_IRQHandler                         0x080001a3   Thumb Code     0  startup_at32f415.o(.text)
    WWDT_IRQHandler                          0x080001a3   Thumb Code     0  startup_at32f415.o(.text)
    __aeabi_uldivmod                         0x080001ad   Thumb Code    98  uldiv.o(.text)
    strlen                                   0x0800020f   Thumb Code    14  strlen.o(.text)
    __aeabi_llsl                             0x0800021d   Thumb Code    30  llshl.o(.text)
    _ll_shift_l                              0x0800021d   Thumb Code     0  llshl.o(.text)
    __aeabi_llsr                             0x0800023b   Thumb Code    32  llushr.o(.text)
    _ll_ushift_r                             0x0800023b   Thumb Code     0  llushr.o(.text)
    __scatterload                            0x0800025d   Thumb Code    28  init.o(.text)
    __scatterload_rt2                        0x0800025d   Thumb Code     0  init.o(.text)
    API_Hourly_to_Seconds                    0x08000281   Thumb Code    50  time_handle.o(i.API_Hourly_to_Seconds)
    API_Index                                0x080002b9   Thumb Code    28  api.o(i.API_Index)
    API_Over_Time                            0x080002ed   Thumb Code   206  time_handle.o(i.API_Over_Time)
    API_Seconds_to_Hourly                    0x080003c5   Thumb Code    78  time_handle.o(i.API_Seconds_to_Hourly)
    Addr_Get_Area                            0x08000415   Thumb Code    32  base_flash.o(i.Addr_Get_Area)
    Base_Delay                               0x08000439   Thumb Code    30  base_sys_time.o(i.Base_Delay)
    BusFault_Handler                         0x08000457   Thumb Code     4  at32f415_int.o(i.BusFault_Handler)
    CRC16_CCITT_CalateByte                   0x0800045d   Thumb Code    20  check_crc16.o(i.CRC16_CCITT_CalateByte)
    CRC16_CCITT_CalculateBuf                 0x08000475   Thumb Code    36  check_crc16.o(i.CRC16_CCITT_CalculateBuf)
    DebugMon_Handler                         0x08000499   Thumb Code     2  at32f415_int.o(i.DebugMon_Handler)
    Find_Data                                0x0800049b   Thumb Code    28  data_handle.o(i.Find_Data)
    Flash_Read_Data                          0x080004b7   Thumb Code    68  base_flash.o(i.Flash_Read_Data)
    GET_SysTick                              0x080004fd   Thumb Code    78  base_sys_time.o(i.GET_SysTick)
    Get_Lose_Time                            0x08000559   Thumb Code    62  mode_time.o(i.Get_Lose_Time)
    HardFault_Handler                        0x080005d1   Thumb Code     4  at32f415_int.o(i.HardFault_Handler)
    IIC_ASK                                  0x080005d5   Thumb Code    50  base_iic.o(i.IIC_ASK)
    IIC_Read_DATA                            0x0800062d   Thumb Code    80  base_iic.o(i.IIC_Read_DATA)
    IIC_Receive_DATA                         0x08000681   Thumb Code   146  base_iic.o(i.IIC_Receive_DATA)
    IIC_SDA_Satar                            0x08000715   Thumb Code    54  base_iic.o(i.IIC_SDA_Satar)
    IIC_Send_DATA                            0x08000751   Thumb Code   124  base_iic.o(i.IIC_Send_DATA)
    IIC_StartBit                             0x080007cd   Thumb Code    80  base_iic.o(i.IIC_StartBit)
    IIC_Start_Init                           0x08000821   Thumb Code   112  base_iic.o(i.IIC_Start_Init)
    IIC_StopBit                              0x08000899   Thumb Code    66  base_iic.o(i.IIC_StopBit)
    IIC_WaitASK                              0x080008e1   Thumb Code   102  base_iic.o(i.IIC_WaitASK)
    IIC_Write_DATA                           0x0800094d   Thumb Code   104  base_iic.o(i.IIC_Write_DATA)
    KEY_GPIO_Init                            0x080009b9   Thumb Code    86  base_exist_gpio.o(i.KEY_GPIO_Init)
    KEY_Init                                 0x08000a19   Thumb Code    36  key.o(i.KEY_Init)
    KEY_State                                0x08000a3d   Thumb Code    38  key.o(i.KEY_State)
    LCD_Address_Set                          0x08000a69   Thumb Code   228  lcd.o(i.LCD_Address_Set)
    LCD_Draw_Circle                          0x08000b69   Thumb Code   158  lcd.o(i.LCD_Draw_Circle)
    LCD_Draw_Line                            0x08000c07   Thumb Code   172  lcd.o(i.LCD_Draw_Line)
    LCD_Draw_Point                           0x08000cb3   Thumb Code    28  lcd.o(i.LCD_Draw_Point)
    LCD_Draw_Rectangle                       0x08000ccf   Thumb Code    74  lcd.o(i.LCD_Draw_Rectangle)
    LCD_Fill                                 0x08000d19   Thumb Code    62  lcd.o(i.LCD_Fill)
    LCD_GPIO_Init                            0x08000d59   Thumb Code    88  base_exist_gpio.o(i.LCD_GPIO_Init)
    LCD_Init                                 0x08000db9   Thumb Code   470  lcd.o(i.LCD_Init)
    LCD_Show_Char                            0x08000f99   Thumb Code   304  lcd.o(i.LCD_Show_Char)
    LCD_Show_Chinese                         0x080010d5   Thumb Code    88  lcd.o(i.LCD_Show_Chinese)
    LCD_Show_Chinese24x24                    0x0800112d   Thumb Code     8  lcd.o(i.LCD_Show_Chinese24x24)
    LCD_Show_Chinese32x32                    0x08001135   Thumb Code     8  lcd.o(i.LCD_Show_Chinese32x32)
    LCD_Show_Picture                         0x0800113d   Thumb Code   102  lcd.o(i.LCD_Show_Picture)
    LCD_Show_String                          0x080011a3   Thumb Code   112  lcd.o(i.LCD_Show_String)
    LCD_WR_CMD                               0x08001215   Thumb Code    46  lcd.o(i.LCD_WR_CMD)
    LCD_WR_DATA                              0x08001249   Thumb Code    34  lcd.o(i.LCD_WR_DATA)
    LCD_WR_DATA8                             0x0800126b   Thumb Code    28  lcd.o(i.LCD_WR_DATA8)
    LCD_Writ_Bus                             0x08001287   Thumb Code    12  lcd.o(i.LCD_Writ_Bus)
    LED_GPIO_Init                            0x08001295   Thumb Code   130  base_exist_gpio.o(i.LED_GPIO_Init)
    MODE_Get_TIME                            0x08001325   Thumb Code   136  mode_time.o(i.MODE_Get_TIME)
    MODE_LED_Init                            0x080013bd   Thumb Code    20  led.o(i.MODE_LED_Init)
    MODE_LED_REG                             0x080013d1   Thumb Code    48  led.o(i.MODE_LED_REG)
    MODE_LED_SET                             0x08001401   Thumb Code    54  led.o(i.MODE_LED_SET)
    Main_Init                                0x08001441   Thumb Code   114  main.o(i.Main_Init)
    MemManage_Handler                        0x080014f9   Thumb Code     4  at32f415_int.o(i.MemManage_Handler)
    Mode_Index                               0x080014fd   Thumb Code    30  mode.o(i.Mode_Index)
    NMI_Handler                              0x080015f5   Thumb Code     2  at32f415_int.o(i.NMI_Handler)
    OTGFS1_IRQHandler                        0x080015f9   Thumb Code    10  usb_user.o(i.OTGFS1_IRQHandler)
    OTGFS1_WKUP_IRQHandler                   0x08001609   Thumb Code    12  usb_user.o(i.OTGFS1_WKUP_IRQHandler)
    PendSV_Handler                           0x08001615   Thumb Code     2  at32f415_int.o(i.PendSV_Handler)
    RTC8564_Init                             0x08001617   Thumb Code    64  mode_rtc8564.o(i.RTC8564_Init)
    SET_SysTick                              0x08001659   Thumb Code    58  base_sys_time.o(i.SET_SysTick)
    SPI1_IRQHandler                          0x0800169d   Thumb Code    50  base_spi.o(i.SPI1_IRQHandler)
    SPI2_GPIO_Init                           0x080016d9   Thumb Code   146  base_spi.o(i.SPI2_GPIO_Init)
    SPI2_IRQHandler                          0x08001775   Thumb Code    24  base_spi.o(i.SPI2_IRQHandler)
    SPI_CS_Set                               0x08001791   Thumb Code    54  base_spi.o(i.SPI_CS_Set)
    SPI_Send_DATA                            0x080017cd   Thumb Code    48  base_spi.o(i.SPI_Send_DATA)
    SPI_Start_Init                           0x08001801   Thumb Code   140  base_spi.o(i.SPI_Start_Init)
    SVC_Handler                              0x08001895   Thumb Code     2  at32f415_int.o(i.SVC_Handler)
    SYS_Delay_S                              0x08001897   Thumb Code    24  base_sys_time.o(i.SYS_Delay_S)
    SYS_Delay_ms                             0x080018b1   Thumb Code   110  base_sys_time.o(i.SYS_Delay_ms)
    SYS_Delay_us                             0x0800192d   Thumb Code   110  base_sys_time.o(i.SYS_Delay_us)
    Set_TIME                                 0x080019a9   Thumb Code    30  mode_time.o(i.Set_TIME)
    SysTick_Handler                          0x080019cd   Thumb Code    12  base_sys_time.o(i.SysTick_Handler)
    Sys_Clock_Init                           0x080019dd   Thumb Code    52  mode_time.o(i.Sys_Clock_Init)
    Sys_Time_Init                            0x08001a25   Thumb Code   178  base_sys_time.o(i.Sys_Time_Init)
    SystemInit                               0x08001af9   Thumb Code   138  system_at32f415.o(i.SystemInit)
    UART_RXD_Flag                            0x08001b95   Thumb Code    74  base_uart.o(i.UART_RXD_Flag)
    UART_RXD_Flag_Clear                      0x08001bf5   Thumb Code    70  base_uart.o(i.UART_RXD_Flag_Clear)
    UART_RXD_Receive                         0x08001c51   Thumb Code    70  base_uart.o(i.UART_RXD_Receive)
    UART_Send_Data                           0x08001cad   Thumb Code    54  mode_uart.o(i.UART_Send_Data)
    UART_Send_String                         0x08001ce3   Thumb Code    26  mode_uart.o(i.UART_Send_String)
    UART_TXD_Send                            0x08001cfd   Thumb Code    88  base_uart.o(i.UART_TXD_Send)
    USART1_IRQHandler                        0x08001d69   Thumb Code    48  mode_uart.o(i.USART1_IRQHandler)
    USART2_IRQHandler                        0x08001d9d   Thumb Code    48  mode_uart.o(i.USART2_IRQHandler)
    USART3_IRQHandler                        0x08001dd1   Thumb Code    48  mode_uart.o(i.USART3_IRQHandler)
    Uart1_Init                               0x08001e05   Thumb Code   198  base_uart.o(i.Uart1_Init)
    Uart2_Init                               0x08001ee1   Thumb Code   192  base_uart.o(i.Uart2_Init)
    Uart3_Init                               0x08001fb9   Thumb Code   214  base_uart.o(i.Uart3_Init)
    Uart4_Init                               0x080020ad   Thumb Code   196  base_uart.o(i.Uart4_Init)
    Uart_Init                                0x08002189   Thumb Code   104  mode_uart.o(i.Uart_Init)
    UsageFault_Handler                       0x08002205   Thumb Code     4  at32f415_int.o(i.UsageFault_Handler)
    WS2812_Delay                             0x08002209   Thumb Code    20  led.o(i.WS2812_Delay)
    WS2812_write_byte                        0x0800221d   Thumb Code    92  led.o(i.WS2812_write_byte)
    __0printf$5                              0x0800227d   Thumb Code    22  printf5.o(i.__0printf$5)
    __1printf$5                              0x0800227d   Thumb Code     0  printf5.o(i.__0printf$5)
    __2printf                                0x0800227d   Thumb Code     0  printf5.o(i.__0printf$5)
    __scatterload_copy                       0x0800229d   Thumb Code    14  handlers.o(i.__scatterload_copy)
    __scatterload_null                       0x080022ab   Thumb Code     2  handlers.o(i.__scatterload_null)
    __scatterload_zeroinit                   0x080022ad   Thumb Code    14  handlers.o(i.__scatterload_zeroinit)
    crm_ahb_div_set                          0x0800257d   Thumb Code    14  at32f415_crm.o(i.crm_ahb_div_set)
    crm_apb1_div_set                         0x08002591   Thumb Code    14  at32f415_crm.o(i.crm_apb1_div_set)
    crm_apb2_div_set                         0x080025a5   Thumb Code    14  at32f415_crm.o(i.crm_apb2_div_set)
    crm_auto_step_mode_enable                0x080025b9   Thumb Code    34  at32f415_crm.o(i.crm_auto_step_mode_enable)
    crm_clock_source_enable                  0x080025e1   Thumb Code    90  at32f415_crm.o(i.crm_clock_source_enable)
    crm_clocks_freq_get                      0x08002641   Thumb Code   396  at32f415_crm.o(i.crm_clocks_freq_get)
    crm_flag_get                             0x080027ed   Thumb Code    42  at32f415_crm.o(i.crm_flag_get)
    crm_hick_divider_select                  0x0800281d   Thumb Code    14  at32f415_crm.o(i.crm_hick_divider_select)
    crm_hick_sclk_frequency_select           0x08002831   Thumb Code    24  at32f415_crm.o(i.crm_hick_sclk_frequency_select)
    crm_periph_clock_enable                  0x0800284d   Thumb Code    62  at32f415_crm.o(i.crm_periph_clock_enable)
    crm_periph_reset                         0x08002891   Thumb Code    62  at32f415_crm.o(i.crm_periph_reset)
    crm_pll_config                           0x080028d5   Thumb Code   210  at32f415_crm.o(i.crm_pll_config)
    crm_reset                                0x080029dd   Thumb Code    90  at32f415_crm.o(i.crm_reset)
    crm_sysclk_switch                        0x08002a41   Thumb Code    14  at32f415_crm.o(i.crm_sysclk_switch)
    crm_sysclk_switch_status_get             0x08002a55   Thumb Code    10  at32f415_crm.o(i.crm_sysclk_switch_status_get)
    crm_usb_clock_div_set                    0x08002a65   Thumb Code    28  at32f415_crm.o(i.crm_usb_clock_div_set)
    crm_usb_clock_source_select              0x08002a85   Thumb Code    26  at32f415_crm.o(i.crm_usb_clock_source_select)
    exint_flag_clear                         0x08002aa5   Thumb Code     6  at32f415_exint.o(i.exint_flag_clear)
    fputc                                    0x08002ab1   Thumb Code    18  base_uart.o(i.fputc)
    gpio_default_para_init                   0x08002ac3   Thumb Code    22  at32f415_gpio.o(i.gpio_default_para_init)
    gpio_init                                0x08002ad9   Thumb Code   168  at32f415_gpio.o(i.gpio_init)
    gpio_input_data_bit_read                 0x08002b81   Thumb Code    18  at32f415_gpio.o(i.gpio_input_data_bit_read)
    gpio_pin_remap_config                    0x08002b95   Thumb Code    70  at32f415_gpio.o(i.gpio_pin_remap_config)
    main                                     0x08002be1   Thumb Code    48  main.o(i.main)
    nvic_irq_enable                          0x08002c15   Thumb Code   190  at32f415_misc.o(i.nvic_irq_enable)
    nvic_priority_group_config               0x08002cdd   Thumb Code    32  at32f415_misc.o(i.nvic_priority_group_config)
    spi_default_para_init                    0x08002d05   Thumb Code    22  at32f415_spi.o(i.spi_default_para_init)
    spi_enable                               0x08002d1b   Thumb Code    10  at32f415_spi.o(i.spi_enable)
    spi_i2s_data_transmit                    0x08002d25   Thumb Code     4  at32f415_spi.o(i.spi_i2s_data_transmit)
    spi_i2s_flag_get                         0x08002d29   Thumb Code    16  at32f415_spi.o(i.spi_i2s_flag_get)
    spi_i2s_interrupt_enable                 0x08002d39   Thumb Code    18  at32f415_spi.o(i.spi_i2s_interrupt_enable)
    spi_i2s_reset                            0x08002d4d   Thumb Code    56  at32f415_spi.o(i.spi_i2s_reset)
    spi_init                                 0x08002d8d   Thumb Code   292  at32f415_spi.o(i.spi_init)
    system_clock_config                      0x08002eb1   Thumb Code     8  at32f415_clock.o(i.system_clock_config)
    system_clock_hick_config                 0x08002eb9   Thumb Code   126  at32f415_clock.o(i.system_clock_hick_config)
    system_core_clock_update                 0x08002f3d   Thumb Code   316  system_at32f415.o(i.system_core_clock_update)
    systick_clock_source_config              0x08003091   Thumb Code    40  at32f415_misc.o(i.systick_clock_source_config)
    usart_data_receive                       0x080030b9   Thumb Code     8  at32f415_usart.o(i.usart_data_receive)
    usart_data_transmit                      0x080030c1   Thumb Code     8  at32f415_usart.o(i.usart_data_transmit)
    usart_enable                             0x080030c9   Thumb Code    10  at32f415_usart.o(i.usart_enable)
    usart_flag_clear                         0x080030d3   Thumb Code    18  at32f415_usart.o(i.usart_flag_clear)
    usart_flag_get                           0x080030e5   Thumb Code    16  at32f415_usart.o(i.usart_flag_get)
    usart_init                               0x080030f5   Thumb Code   102  at32f415_usart.o(i.usart_init)
    usart_interrupt_enable                   0x08003161   Thumb Code    54  at32f415_usart.o(i.usart_interrupt_enable)
    usart_parity_selection_config            0x08003197   Thumb Code    76  at32f415_usart.o(i.usart_parity_selection_config)
    usart_receiver_enable                    0x080031e3   Thumb Code    10  at32f415_usart.o(i.usart_receiver_enable)
    usart_reset                              0x080031ed   Thumb Code   124  at32f415_usart.o(i.usart_reset)
    usart_transmitter_enable                 0x08003281   Thumb Code    10  at32f415_usart.o(i.usart_transmitter_enable)
    usb_ept0_setup                           0x0800328b   Thumb Code    34  at32f415_usb.o(i.usb_ept0_setup)
    usb_ept0_start                           0x080032ad   Thumb Code    44  at32f415_usb.o(i.usb_ept0_start)
    usb_ept_clear_stall                      0x080032d9   Thumb Code   146  at32f415_usb.o(i.usb_ept_clear_stall)
    usb_ept_in_clear                         0x0800336b   Thumb Code    12  at32f415_usb.o(i.usb_ept_in_clear)
    usb_ept_in_interrupt                     0x08003377   Thumb Code    44  at32f415_usb.o(i.usb_ept_in_interrupt)
    usb_ept_open                             0x080033a3   Thumb Code   416  at32f415_usb.o(i.usb_ept_open)
    usb_ept_out_clear                        0x08003543   Thumb Code    12  at32f415_usb.o(i.usb_ept_out_clear)
    usb_ept_out_interrupt                    0x0800354f   Thumb Code    22  at32f415_usb.o(i.usb_ept_out_interrupt)
    usb_ept_stall                            0x08003565   Thumb Code   146  at32f415_usb.o(i.usb_ept_stall)
    usb_flush_tx_fifo                        0x080035f9   Thumb Code    50  at32f415_usb.o(i.usb_flush_tx_fifo)
    usb_get_all_in_interrupt                 0x08003631   Thumb Code    18  at32f415_usb.o(i.usb_get_all_in_interrupt)
    usb_get_all_out_interrupt                0x08003643   Thumb Code    18  at32f415_usb.o(i.usb_get_all_out_interrupt)
    usb_global_clear_interrupt               0x08003655   Thumb Code     4  at32f415_usb.o(i.usb_global_clear_interrupt)
    usb_global_get_all_interrupt             0x08003659   Thumb Code    10  at32f415_usb.o(i.usb_global_get_all_interrupt)
    usb_global_interrupt_enable              0x08003663   Thumb Code    20  at32f415_usb.o(i.usb_global_interrupt_enable)
    usb_open_phy_clk                         0x08003677   Thumb Code    14  at32f415_usb.o(i.usb_open_phy_clk)
    usb_read_packet                          0x08003685   Thumb Code    42  at32f415_usb.o(i.usb_read_packet)
    usb_set_address                          0x080036af   Thumb Code    14  at32f415_usb.o(i.usb_set_address)
    usb_set_rx_fifo                          0x080036bd   Thumb Code     4  at32f415_usb.o(i.usb_set_rx_fifo)
    usb_set_tx_fifo                          0x080036c1   Thumb Code    66  at32f415_usb.o(i.usb_set_tx_fifo)
    usb_stop_phy_clk                         0x08003703   Thumb Code    16  at32f415_usb.o(i.usb_stop_phy_clk)
    usb_suspend_status_get                   0x08003713   Thumb Code    14  at32f415_usb.o(i.usb_suspend_status_get)
    usb_write_empty_txfifo                   0x08003721   Thumb Code   152  usbd_int.o(i.usb_write_empty_txfifo)
    usb_write_packet                         0x080037b9   Thumb Code    48  at32f415_usb.o(i.usb_write_packet)
    usbd_clear_stall                         0x0800383d   Thumb Code    74  usbd_core.o(i.usbd_clear_stall)
    usbd_core_in_handler                     0x08003887   Thumb Code   194  usbd_core.o(i.usbd_core_in_handler)
    usbd_core_out_handler                    0x08003949   Thumb Code   128  usbd_core.o(i.usbd_core_out_handler)
    usbd_core_setup_handler                  0x080039c9   Thumb Code    84  usbd_core.o(i.usbd_core_setup_handler)
    usbd_ctrl_recv_status                    0x08003a1d   Thumb Code    24  usbd_core.o(i.usbd_ctrl_recv_status)
    usbd_ctrl_send                           0x08003a35   Thumb Code    40  usbd_core.o(i.usbd_ctrl_send)
    usbd_ctrl_send_status                    0x08003a5d   Thumb Code    24  usbd_core.o(i.usbd_ctrl_send_status)
    usbd_ctrl_unsupport                      0x08003a75   Thumb Code    22  usbd_core.o(i.usbd_ctrl_unsupport)
    usbd_device_request                      0x08003a8b   Thumb Code   128  usbd_sdr.o(i.usbd_device_request)
    usbd_endpoint_request                    0x08003b0b   Thumb Code   348  usbd_sdr.o(i.usbd_endpoint_request)
    usbd_enter_suspend                       0x08003c67   Thumb Code    22  usbd_core.o(i.usbd_enter_suspend)
    usbd_enumdone_handler                    0x08003c7d   Thumb Code    70  usbd_int.o(i.usbd_enumdone_handler)
    usbd_ept_open                            0x08003cc3   Thumb Code    90  usbd_core.o(i.usbd_ept_open)
    usbd_ept_recv                            0x08003d1d   Thumb Code   276  usbd_core.o(i.usbd_ept_recv)
    usbd_ept_send                            0x08003e31   Thumb Code   298  usbd_core.o(i.usbd_ept_send)
    usbd_fifo_alloc                          0x08003f5b   Thumb Code    62  usbd_core.o(i.usbd_fifo_alloc)
    usbd_incomisioin_handler                 0x08004125   Thumb Code    22  usbd_int.o(i.usbd_incomisioin_handler)
    usbd_incomisoout_handler                 0x0800413b   Thumb Code    22  usbd_int.o(i.usbd_incomisoout_handler)
    usbd_inept_handler                       0x08004151   Thumb Code   172  usbd_int.o(i.usbd_inept_handler)
    usbd_interface_request                   0x080041fd   Thumb Code    56  usbd_sdr.o(i.usbd_interface_request)
    usbd_irq_handler                         0x08004235   Thumb Code   234  usbd_int.o(i.usbd_irq_handler)
    usbd_outept_handler                      0x0800431f   Thumb Code   146  usbd_int.o(i.usbd_outept_handler)
    usbd_reset_handler                       0x080043b1   Thumb Code   180  usbd_int.o(i.usbd_reset_handler)
    usbd_rxflvl_handler                      0x08004465   Thumb Code   130  usbd_int.o(i.usbd_rxflvl_handler)
    usbd_set_stall                           0x0800462b   Thumb Code    74  usbd_core.o(i.usbd_set_stall)
    usbd_setup_request_parse                 0x08004675   Thumb Code    40  usbd_sdr.o(i.usbd_setup_request_parse)
    usbd_sof_handler                         0x0800469d   Thumb Code    20  usbd_int.o(i.usbd_sof_handler)
    usbd_suspend_handler                     0x080046b1   Thumb Code    56  usbd_int.o(i.usbd_suspend_handler)
    usbd_wakeup_handler                      0x080046e9   Thumb Code    54  usbd_int.o(i.usbd_wakeup_handler)
    ascii_1608                               0x0800471e   Data        1520  lcd.o(.constdata)
    ascii_2412                               0x08004d0e   Data        4560  lcd.o(.constdata)
    ascii_3216                               0x08005ede   Data        6080  lcd.o(.constdata)
    Region$$Table$$Base                      0x080078d8   Number         0  anon$$obj.o(Region$$Table)
    Region$$Table$$Limit                     0x080078f8   Number         0  anon$$obj.o(Region$$Table)
    Temp_SPI                                 0x20000000   Data           4  base_spi.o(.data)
    SPI_complete_flag                        0x20000004   Data           2  base_spi.o(.data)
    Tick_Full                                0x20000008   Data           4  base_sys_time.o(.data)
    Freq_ms                                  0x2000000c   Data           4  base_sys_time.o(.data)
    Freq_us                                  0x20000010   Data           4  base_sys_time.o(.data)
    SYS_Ticktime                             0x20000014   Data           8  base_sys_time.o(.data)
    BACK_COLOR                               0x20000022   Data           2  lcd.o(.data)
    HORIZONTAL                               0x20000024   Data           1  lcd.o(.data)
    SYS_Time                                 0x20000028   Data          20  mode_time.o(.data)
    Tick_Freq                                0x2000003c   Data           4  mode_time.o(.data)
    Tick_ms                                  0x20000040   Data           4  mode_time.o(.data)
    Tick_us                                  0x20000044   Data           4  mode_time.o(.data)
    system_core_clock                        0x20000048   Data           4  system_at32f415.o(.data)
    __stdout                                 0x2000004c   Data           4  stdout.o(.data)
    temp_a                                   0x20000050   Data          20  main.o(.bss)
    otg_core_struct                          0x20000064   Data         420  usb_user.o(.bss)
    Mode_Init                                0x20000208   Data          24  mode.o(.bss)
    Mode_User                                0x20000220   Data          84  mode.o(.bss)
    UART1_Data                               0x20000274   Data         224  mode_uart.o(.bss)
    UART2_Data                               0x20000354   Data         224  mode_uart.o(.bss)
    UART3_Data                               0x20000434   Data         224  mode_uart.o(.bss)
    UART4_Data                               0x20000514   Data         224  mode_uart.o(.bss)
    CV_UART                                  0x200005f4   Data          24  mode_uart.o(.bss)
    API                                      0x2000060c   Data          20  api.o(.bss)
    __initial_sp                             0x20000a20   Data           0  startup_at32f415.o(STACK)



==============================================================================

Memory Map of the image

  Image Entry point : 0x08000171

  Load Region LR_IROM1 (Base: 0x08000000, Size: 0x00007948, Max: 0x00040000, ABSOLUTE)

    Execution Region ER_IROM1 (Exec base: 0x08000000, Load base: 0x08000000, Size: 0x000078f8, Max: 0x00040000, ABSOLUTE)

    Exec Addr    Load Addr    Size         Type   Attr      Idx    E Section Name        Object

    0x08000000   0x08000000   0x00000170   Data   RO         2618    RESET               startup_at32f415.o
    0x08000170   0x08000170   0x00000000   Code   RO         5843  * .ARM.Collect$$$$00000000  mc_w.l(entry.o)
    0x08000170   0x08000170   0x00000004   Code   RO         6129    .ARM.Collect$$$$00000001  mc_w.l(entry2.o)
    0x08000174   0x08000174   0x00000004   Code   RO         6132    .ARM.Collect$$$$00000004  mc_w.l(entry5.o)
    0x08000178   0x08000178   0x00000000   Code   RO         6134    .ARM.Collect$$$$00000008  mc_w.l(entry7b.o)
    0x08000178   0x08000178   0x00000000   Code   RO         6136    .ARM.Collect$$$$0000000A  mc_w.l(entry8b.o)
    0x08000178   0x08000178   0x00000008   Code   RO         6137    .ARM.Collect$$$$0000000B  mc_w.l(entry9a.o)
    0x08000180   0x08000180   0x00000004   Code   RO         6144    .ARM.Collect$$$$0000000E  mc_w.l(entry12b.o)
    0x08000184   0x08000184   0x00000000   Code   RO         6139    .ARM.Collect$$$$0000000F  mc_w.l(entry10a.o)
    0x08000184   0x08000184   0x00000000   Code   RO         6141    .ARM.Collect$$$$00000011  mc_w.l(entry11a.o)
    0x08000184   0x08000184   0x00000004   Code   RO         6130    .ARM.Collect$$$$00002712  mc_w.l(entry2.o)
    0x08000188   0x08000188   0x00000024   Code   RO         2619    .text               startup_at32f415.o
    0x080001ac   0x080001ac   0x00000062   Code   RO         5846    .text               mc_w.l(uldiv.o)
    0x0800020e   0x0800020e   0x0000000e   Code   RO         5852    .text               mc_w.l(strlen.o)
    0x0800021c   0x0800021c   0x0000001e   Code   RO         6148    .text               mc_w.l(llshl.o)
    0x0800023a   0x0800023a   0x00000020   Code   RO         6150    .text               mc_w.l(llushr.o)
    0x0800025a   0x0800025a   0x00000002   PAD
    0x0800025c   0x0800025c   0x00000024   Code   RO         6174    .text               mc_w.l(init.o)
    0x08000280   0x08000280   0x00000038   Code   RO         2450    i.API_Hourly_to_Seconds  time_handle.o
    0x080002b8   0x080002b8   0x00000034   Code   RO         2367    i.API_Index         api.o
    0x080002ec   0x080002ec   0x000000d8   Code   RO         2451    i.API_Over_Time     time_handle.o
    0x080003c4   0x080003c4   0x0000004e   Code   RO         2452    i.API_Seconds_to_Hourly  time_handle.o
    0x08000412   0x08000412   0x00000002   PAD
    0x08000414   0x08000414   0x00000024   Code   RO          386    i.Addr_Get_Area     base_flash.o
    0x08000438   0x08000438   0x0000001e   Code   RO          690    i.Base_Delay        base_sys_time.o
    0x08000456   0x08000456   0x00000004   Code   RO         2513    i.BusFault_Handler  at32f415_int.o
    0x0800045a   0x0800045a   0x00000002   PAD
    0x0800045c   0x0800045c   0x00000018   Code   RO         2386    i.CRC16_CCITT_CalateByte  check_crc16.o
    0x08000474   0x08000474   0x00000024   Code   RO         2387    i.CRC16_CCITT_CalculateBuf  check_crc16.o
    0x08000498   0x08000498   0x00000002   Code   RO         2514    i.DebugMon_Handler  at32f415_int.o
    0x0800049a   0x0800049a   0x0000001c   Code   RO         2412    i.Find_Data         data_handle.o
    0x080004b6   0x080004b6   0x00000044   Code   RO          388    i.Flash_Read_Data   base_flash.o
    0x080004fa   0x080004fa   0x00000002   PAD
    0x080004fc   0x080004fc   0x0000005c   Code   RO          692    i.GET_SysTick       base_sys_time.o
    0x08000558   0x08000558   0x0000003e   Code   RO         2090    i.Get_Lose_Time     mode_time.o
    0x08000596   0x08000596   0x0000003a   Code   RO         2156    i.Get_RXD           mode_uart.o
    0x080005d0   0x080005d0   0x00000004   Code   RO         2515    i.HardFault_Handler  at32f415_int.o
    0x080005d4   0x080005d4   0x00000038   Code   RO          428    i.IIC_ASK           base_iic.o
    0x0800060c   0x0800060c   0x00000020   Code   RO          429    i.IIC_Delay         base_iic.o
    0x0800062c   0x0800062c   0x00000054   Code   RO          431    i.IIC_Read_DATA     base_iic.o
    0x08000680   0x08000680   0x00000092   Code   RO          432    i.IIC_Receive_DATA  base_iic.o
    0x08000712   0x08000712   0x00000002   PAD
    0x08000714   0x08000714   0x0000003c   Code   RO          433    i.IIC_SDA_Satar     base_iic.o
    0x08000750   0x08000750   0x0000007c   Code   RO          434    i.IIC_Send_DATA     base_iic.o
    0x080007cc   0x080007cc   0x00000054   Code   RO          435    i.IIC_StartBit      base_iic.o
    0x08000820   0x08000820   0x00000078   Code   RO          436    i.IIC_Start_Init    base_iic.o
    0x08000898   0x08000898   0x00000048   Code   RO          437    i.IIC_StopBit       base_iic.o
    0x080008e0   0x080008e0   0x0000006c   Code   RO          438    i.IIC_WaitASK       base_iic.o
    0x0800094c   0x0800094c   0x0000006c   Code   RO          439    i.IIC_Write_DATA    base_iic.o
    0x080009b8   0x080009b8   0x00000060   Code   RO          318    i.KEY_GPIO_Init     base_exist_gpio.o
    0x08000a18   0x08000a18   0x00000024   Code   RO         1755    i.KEY_Init          key.o
    0x08000a3c   0x08000a3c   0x0000002c   Code   RO         1756    i.KEY_State         key.o
    0x08000a68   0x08000a68   0x000000e8   Code   RO         1788    i.LCD_Address_Set   lcd.o
    0x08000b50   0x08000b50   0x00000018   Code   RO         1789    i.LCD_Delay         lcd.o
    0x08000b68   0x08000b68   0x0000009e   Code   RO         1790    i.LCD_Draw_Circle   lcd.o
    0x08000c06   0x08000c06   0x000000ac   Code   RO         1791    i.LCD_Draw_Line     lcd.o
    0x08000cb2   0x08000cb2   0x0000001c   Code   RO         1792    i.LCD_Draw_Point    lcd.o
    0x08000cce   0x08000cce   0x0000004a   Code   RO         1793    i.LCD_Draw_Rectangle  lcd.o
    0x08000d18   0x08000d18   0x0000003e   Code   RO         1794    i.LCD_Fill          lcd.o
    0x08000d56   0x08000d56   0x00000002   PAD
    0x08000d58   0x08000d58   0x00000060   Code   RO          319    i.LCD_GPIO_Init     base_exist_gpio.o
    0x08000db8   0x08000db8   0x000001e0   Code   RO         1795    i.LCD_Init          lcd.o
    0x08000f98   0x08000f98   0x0000013c   Code   RO         1797    i.LCD_Show_Char     lcd.o
    0x080010d4   0x080010d4   0x00000058   Code   RO         1798    i.LCD_Show_Chinese  lcd.o
    0x0800112c   0x0800112c   0x00000008   Code   RO         1799    i.LCD_Show_Chinese24x24  lcd.o
    0x08001134   0x08001134   0x00000008   Code   RO         1800    i.LCD_Show_Chinese32x32  lcd.o
    0x0800113c   0x0800113c   0x00000066   Code   RO         1801    i.LCD_Show_Picture  lcd.o
    0x080011a2   0x080011a2   0x00000070   Code   RO         1802    i.LCD_Show_String   lcd.o
    0x08001212   0x08001212   0x00000002   PAD
    0x08001214   0x08001214   0x00000034   Code   RO         1803    i.LCD_WR_CMD        lcd.o
    0x08001248   0x08001248   0x00000022   Code   RO         1804    i.LCD_WR_DATA       lcd.o
    0x0800126a   0x0800126a   0x0000001c   Code   RO         1805    i.LCD_WR_DATA8      lcd.o
    0x08001286   0x08001286   0x0000000c   Code   RO         1806    i.LCD_Writ_Bus      lcd.o
    0x08001292   0x08001292   0x00000002   PAD
    0x08001294   0x08001294   0x00000090   Code   RO          320    i.LED_GPIO_Init     base_exist_gpio.o
    0x08001324   0x08001324   0x00000098   Code   RO         2091    i.MODE_Get_TIME     mode_time.o
    0x080013bc   0x080013bc   0x00000014   Code   RO         1935    i.MODE_LED_Init     led.o
    0x080013d0   0x080013d0   0x00000030   Code   RO         1936    i.MODE_LED_REG      led.o
    0x08001400   0x08001400   0x00000040   Code   RO         1937    i.MODE_LED_SET      led.o
    0x08001440   0x08001440   0x000000b8   Code   RO            4    i.Main_Init         main.o
    0x080014f8   0x080014f8   0x00000004   Code   RO         2516    i.MemManage_Handler  at32f415_int.o
    0x080014fc   0x080014fc   0x00000038   Code   RO         1993    i.Mode_Index        mode.o
    0x08001534   0x08001534   0x000000c0   Code   RO         1994    i.Mode_User_index   mode.o
    0x080015f4   0x080015f4   0x00000002   Code   RO         2517    i.NMI_Handler       at32f415_int.o
    0x080015f6   0x080015f6   0x00000002   PAD
    0x080015f8   0x080015f8   0x00000010   Code   RO         1470    i.OTGFS1_IRQHandler  usb_user.o
    0x08001608   0x08001608   0x0000000c   Code   RO         1471    i.OTGFS1_WKUP_IRQHandler  usb_user.o
    0x08001614   0x08001614   0x00000002   Code   RO         2518    i.PendSV_Handler    at32f415_int.o
    0x08001616   0x08001616   0x00000040   Code   RO         2346    i.RTC8564_Init      mode_rtc8564.o
    0x08001656   0x08001656   0x00000002   PAD
    0x08001658   0x08001658   0x00000044   Code   RO          694    i.SET_SysTick       base_sys_time.o
    0x0800169c   0x0800169c   0x0000003c   Code   RO          594    i.SPI1_IRQHandler   base_spi.o
    0x080016d8   0x080016d8   0x0000009c   Code   RO          596    i.SPI2_GPIO_Init    base_spi.o
    0x08001774   0x08001774   0x0000001c   Code   RO          597    i.SPI2_IRQHandler   base_spi.o
    0x08001790   0x08001790   0x0000003c   Code   RO          598    i.SPI_CS_Set        base_spi.o
    0x080017cc   0x080017cc   0x00000034   Code   RO          602    i.SPI_Send_DATA     base_spi.o
    0x08001800   0x08001800   0x00000094   Code   RO          604    i.SPI_Start_Init    base_spi.o
    0x08001894   0x08001894   0x00000002   Code   RO         2519    i.SVC_Handler       at32f415_int.o
    0x08001896   0x08001896   0x00000018   Code   RO          695    i.SYS_Delay_S       base_sys_time.o
    0x080018ae   0x080018ae   0x00000002   PAD
    0x080018b0   0x080018b0   0x0000007c   Code   RO          696    i.SYS_Delay_ms      base_sys_time.o
    0x0800192c   0x0800192c   0x0000007c   Code   RO          697    i.SYS_Delay_us      base_sys_time.o
    0x080019a8   0x080019a8   0x00000024   Code   RO         2092    i.Set_TIME          mode_time.o
    0x080019cc   0x080019cc   0x00000010   Code   RO          698    i.SysTick_Handler   base_sys_time.o
    0x080019dc   0x080019dc   0x00000048   Code   RO         2093    i.Sys_Clock_Init    mode_time.o
    0x08001a24   0x08001a24   0x000000d4   Code   RO          700    i.Sys_Time_Init     base_sys_time.o
    0x08001af8   0x08001af8   0x0000009c   Code   RO         2582    i.SystemInit        system_at32f415.o
    0x08001b94   0x08001b94   0x00000060   Code   RO          784    i.UART_RXD_Flag     base_uart.o
    0x08001bf4   0x08001bf4   0x0000005c   Code   RO          785    i.UART_RXD_Flag_Clear  base_uart.o
    0x08001c50   0x08001c50   0x0000005c   Code   RO          786    i.UART_RXD_Receive  base_uart.o
    0x08001cac   0x08001cac   0x00000036   Code   RO         2157    i.UART_Send_Data    mode_uart.o
    0x08001ce2   0x08001ce2   0x0000001a   Code   RO         2158    i.UART_Send_String  mode_uart.o
    0x08001cfc   0x08001cfc   0x0000006c   Code   RO          787    i.UART_TXD_Send     base_uart.o
    0x08001d68   0x08001d68   0x00000034   Code   RO         2159    i.USART1_IRQHandler  mode_uart.o
    0x08001d9c   0x08001d9c   0x00000034   Code   RO         2160    i.USART2_IRQHandler  mode_uart.o
    0x08001dd0   0x08001dd0   0x00000034   Code   RO         2161    i.USART3_IRQHandler  mode_uart.o
    0x08001e04   0x08001e04   0x000000dc   Code   RO          788    i.Uart1_Init        base_uart.o
    0x08001ee0   0x08001ee0   0x000000d8   Code   RO          789    i.Uart2_Init        base_uart.o
    0x08001fb8   0x08001fb8   0x000000f4   Code   RO          790    i.Uart3_Init        base_uart.o
    0x080020ac   0x080020ac   0x000000dc   Code   RO          791    i.Uart4_Init        base_uart.o
    0x08002188   0x08002188   0x0000007c   Code   RO         2163    i.Uart_Init         mode_uart.o
    0x08002204   0x08002204   0x00000004   Code   RO         2520    i.UsageFault_Handler  at32f415_int.o
    0x08002208   0x08002208   0x00000014   Code   RO         1938    i.WS2812_Delay      led.o
    0x0800221c   0x0800221c   0x00000060   Code   RO         1940    i.WS2812_write_byte  led.o
    0x0800227c   0x0800227c   0x00000020   Code   RO         5991    i.__0printf$5       mc_w.l(printf5.o)
    0x0800229c   0x0800229c   0x0000000e   Code   RO         6195    i.__scatterload_copy  mc_w.l(handlers.o)
    0x080022aa   0x080022aa   0x00000002   Code   RO         6196    i.__scatterload_null  mc_w.l(handlers.o)
    0x080022ac   0x080022ac   0x0000000e   Code   RO         6197    i.__scatterload_zeroinit  mc_w.l(handlers.o)
    0x080022ba   0x080022ba   0x00000002   PAD
    0x080022bc   0x080022bc   0x000002c0   Code   RO         5998    i._printf_core      mc_w.l(printf5.o)
    0x0800257c   0x0800257c   0x00000014   Code   RO         3137    i.crm_ahb_div_set   at32f415_crm.o
    0x08002590   0x08002590   0x00000014   Code   RO         3138    i.crm_apb1_div_set  at32f415_crm.o
    0x080025a4   0x080025a4   0x00000014   Code   RO         3139    i.crm_apb2_div_set  at32f415_crm.o
    0x080025b8   0x080025b8   0x00000028   Code   RO         3140    i.crm_auto_step_mode_enable  at32f415_crm.o
    0x080025e0   0x080025e0   0x00000060   Code   RO         3145    i.crm_clock_source_enable  at32f415_crm.o
    0x08002640   0x08002640   0x000001ac   Code   RO         3146    i.crm_clocks_freq_get  at32f415_crm.o
    0x080027ec   0x080027ec   0x00000030   Code   RO         3150    i.crm_flag_get      at32f415_crm.o
    0x0800281c   0x0800281c   0x00000014   Code   RO         3155    i.crm_hick_divider_select  at32f415_crm.o
    0x08002830   0x08002830   0x0000001c   Code   RO         3156    i.crm_hick_sclk_frequency_select  at32f415_crm.o
    0x0800284c   0x0800284c   0x00000044   Code   RO         3160    i.crm_periph_clock_enable  at32f415_crm.o
    0x08002890   0x08002890   0x00000044   Code   RO         3161    i.crm_periph_reset  at32f415_crm.o
    0x080028d4   0x080028d4   0x00000108   Code   RO         3163    i.crm_pll_config    at32f415_crm.o
    0x080029dc   0x080029dc   0x00000064   Code   RO         3165    i.crm_reset         at32f415_crm.o
    0x08002a40   0x08002a40   0x00000014   Code   RO         3166    i.crm_sysclk_switch  at32f415_crm.o
    0x08002a54   0x08002a54   0x00000010   Code   RO         3167    i.crm_sysclk_switch_status_get  at32f415_crm.o
    0x08002a64   0x08002a64   0x00000020   Code   RO         3168    i.crm_usb_clock_div_set  at32f415_crm.o
    0x08002a84   0x08002a84   0x00000020   Code   RO         3169    i.crm_usb_clock_source_select  at32f415_crm.o
    0x08002aa4   0x08002aa4   0x0000000c   Code   RO         3817    i.exint_flag_clear  at32f415_exint.o
    0x08002ab0   0x08002ab0   0x00000012   Code   RO          793    i.fputc             base_uart.o
    0x08002ac2   0x08002ac2   0x00000016   Code   RO         4101    i.gpio_default_para_init  at32f415_gpio.o
    0x08002ad8   0x08002ad8   0x000000a8   Code   RO         4105    i.gpio_init         at32f415_gpio.o
    0x08002b80   0x08002b80   0x00000012   Code   RO         4106    i.gpio_input_data_bit_read  at32f415_gpio.o
    0x08002b92   0x08002b92   0x00000002   PAD
    0x08002b94   0x08002b94   0x0000004c   Code   RO         4111    i.gpio_pin_remap_config  at32f415_gpio.o
    0x08002be0   0x08002be0   0x00000034   Code   RO            5    i.main              main.o
    0x08002c14   0x08002c14   0x000000c8   Code   RO         4417    i.nvic_irq_enable   at32f415_misc.o
    0x08002cdc   0x08002cdc   0x00000028   Code   RO         4419    i.nvic_priority_group_config  at32f415_misc.o
    0x08002d04   0x08002d04   0x00000016   Code   RO         4758    i.spi_default_para_init  at32f415_spi.o
    0x08002d1a   0x08002d1a   0x0000000a   Code   RO         4759    i.spi_enable        at32f415_spi.o
    0x08002d24   0x08002d24   0x00000004   Code   RO         4764    i.spi_i2s_data_transmit  at32f415_spi.o
    0x08002d28   0x08002d28   0x00000010   Code   RO         4768    i.spi_i2s_flag_get  at32f415_spi.o
    0x08002d38   0x08002d38   0x00000012   Code   RO         4769    i.spi_i2s_interrupt_enable  at32f415_spi.o
    0x08002d4a   0x08002d4a   0x00000002   PAD
    0x08002d4c   0x08002d4c   0x00000040   Code   RO         4770    i.spi_i2s_reset     at32f415_spi.o
    0x08002d8c   0x08002d8c   0x00000124   Code   RO         4771    i.spi_init          at32f415_spi.o
    0x08002eb0   0x08002eb0   0x00000008   Code   RO         2477    i.system_clock_config  at32f415_clock.o
    0x08002eb8   0x08002eb8   0x00000084   Code   RO         2479    i.system_clock_hick_config  at32f415_clock.o
    0x08002f3c   0x08002f3c   0x00000154   Code   RO         2583    i.system_core_clock_update  system_at32f415.o
    0x08003090   0x08003090   0x00000028   Code   RO         4422    i.systick_clock_source_config  at32f415_misc.o
    0x080030b8   0x080030b8   0x00000008   Code   RO         5258    i.usart_data_receive  at32f415_usart.o
    0x080030c0   0x080030c0   0x00000008   Code   RO         5259    i.usart_data_transmit  at32f415_usart.o
    0x080030c8   0x080030c8   0x0000000a   Code   RO         5262    i.usart_enable      at32f415_usart.o
    0x080030d2   0x080030d2   0x00000012   Code   RO         5263    i.usart_flag_clear  at32f415_usart.o
    0x080030e4   0x080030e4   0x00000010   Code   RO         5264    i.usart_flag_get    at32f415_usart.o
    0x080030f4   0x080030f4   0x0000006c   Code   RO         5266    i.usart_init        at32f415_usart.o
    0x08003160   0x08003160   0x00000036   Code   RO         5267    i.usart_interrupt_enable  at32f415_usart.o
    0x08003196   0x08003196   0x0000004c   Code   RO         5272    i.usart_parity_selection_config  at32f415_usart.o
    0x080031e2   0x080031e2   0x0000000a   Code   RO         5273    i.usart_receiver_enable  at32f415_usart.o
    0x080031ec   0x080031ec   0x00000094   Code   RO         5275    i.usart_reset       at32f415_usart.o
    0x08003280   0x08003280   0x0000000a   Code   RO         5280    i.usart_transmitter_enable  at32f415_usart.o
    0x0800328a   0x0800328a   0x00000022   Code   RO         5448    i.usb_ept0_setup    at32f415_usb.o
    0x080032ac   0x080032ac   0x0000002c   Code   RO         5449    i.usb_ept0_start    at32f415_usb.o
    0x080032d8   0x080032d8   0x00000092   Code   RO         5450    i.usb_ept_clear_stall  at32f415_usb.o
    0x0800336a   0x0800336a   0x0000000c   Code   RO         5452    i.usb_ept_in_clear  at32f415_usb.o
    0x08003376   0x08003376   0x0000002c   Code   RO         5453    i.usb_ept_in_interrupt  at32f415_usb.o
    0x080033a2   0x080033a2   0x000001a0   Code   RO         5454    i.usb_ept_open      at32f415_usb.o
    0x08003542   0x08003542   0x0000000c   Code   RO         5455    i.usb_ept_out_clear  at32f415_usb.o
    0x0800354e   0x0800354e   0x00000016   Code   RO         5456    i.usb_ept_out_interrupt  at32f415_usb.o
    0x08003564   0x08003564   0x00000092   Code   RO         5457    i.usb_ept_stall     at32f415_usb.o
    0x080035f6   0x080035f6   0x00000002   PAD
    0x080035f8   0x080035f8   0x00000038   Code   RO         5459    i.usb_flush_tx_fifo  at32f415_usb.o
    0x08003630   0x08003630   0x00000012   Code   RO         5460    i.usb_get_all_in_interrupt  at32f415_usb.o
    0x08003642   0x08003642   0x00000012   Code   RO         5461    i.usb_get_all_out_interrupt  at32f415_usb.o
    0x08003654   0x08003654   0x00000004   Code   RO         5462    i.usb_global_clear_interrupt  at32f415_usb.o
    0x08003658   0x08003658   0x0000000a   Code   RO         5463    i.usb_global_get_all_interrupt  at32f415_usb.o
    0x08003662   0x08003662   0x00000014   Code   RO         5465    i.usb_global_interrupt_enable  at32f415_usb.o
    0x08003676   0x08003676   0x0000000e   Code   RO         5476    i.usb_open_phy_clk  at32f415_usb.o
    0x08003684   0x08003684   0x0000002a   Code   RO         5478    i.usb_read_packet   at32f415_usb.o
    0x080036ae   0x080036ae   0x0000000e   Code   RO         5481    i.usb_set_address   at32f415_usb.o
    0x080036bc   0x080036bc   0x00000004   Code   RO         5482    i.usb_set_rx_fifo   at32f415_usb.o
    0x080036c0   0x080036c0   0x00000042   Code   RO         5483    i.usb_set_tx_fifo   at32f415_usb.o
    0x08003702   0x08003702   0x00000010   Code   RO         5484    i.usb_stop_phy_clk  at32f415_usb.o
    0x08003712   0x08003712   0x0000000e   Code   RO         5485    i.usb_suspend_status_get  at32f415_usb.o
    0x08003720   0x08003720   0x00000098   Code   RO         1084    i.usb_write_empty_txfifo  usbd_int.o
    0x080037b8   0x080037b8   0x00000030   Code   RO         5486    i.usb_write_packet  at32f415_usb.o
    0x080037e8   0x080037e8   0x00000054   Code   RO         1183    i.usbd_clear_feature  usbd_sdr.o
    0x0800383c   0x0800383c   0x0000004a   Code   RO          896    i.usbd_clear_stall  usbd_core.o
    0x08003886   0x08003886   0x000000c2   Code   RO          899    i.usbd_core_in_handler  usbd_core.o
    0x08003948   0x08003948   0x00000080   Code   RO          901    i.usbd_core_out_handler  usbd_core.o
    0x080039c8   0x080039c8   0x00000054   Code   RO          902    i.usbd_core_setup_handler  usbd_core.o
    0x08003a1c   0x08003a1c   0x00000018   Code   RO          904    i.usbd_ctrl_recv_status  usbd_core.o
    0x08003a34   0x08003a34   0x00000028   Code   RO          905    i.usbd_ctrl_send    usbd_core.o
    0x08003a5c   0x08003a5c   0x00000018   Code   RO          906    i.usbd_ctrl_send_status  usbd_core.o
    0x08003a74   0x08003a74   0x00000016   Code   RO          907    i.usbd_ctrl_unsupport  usbd_core.o
    0x08003a8a   0x08003a8a   0x00000080   Code   RO         1184    i.usbd_device_request  usbd_sdr.o
    0x08003b0a   0x08003b0a   0x0000015c   Code   RO         1185    i.usbd_endpoint_request  usbd_sdr.o
    0x08003c66   0x08003c66   0x00000016   Code   RO          909    i.usbd_enter_suspend  usbd_core.o
    0x08003c7c   0x08003c7c   0x00000046   Code   RO         1086    i.usbd_enumdone_handler  usbd_int.o
    0x08003cc2   0x08003cc2   0x0000005a   Code   RO          911    i.usbd_ept_open     usbd_core.o
    0x08003d1c   0x08003d1c   0x00000114   Code   RO          912    i.usbd_ept_recv     usbd_core.o
    0x08003e30   0x08003e30   0x0000012a   Code   RO          913    i.usbd_ept_send     usbd_core.o
    0x08003f5a   0x08003f5a   0x0000003e   Code   RO          914    i.usbd_fifo_alloc   usbd_core.o
    0x08003f98   0x08003f98   0x00000056   Code   RO         1186    i.usbd_get_configuration  usbd_sdr.o
    0x08003fee   0x08003fee   0x000000f2   Code   RO         1187    i.usbd_get_descriptor  usbd_sdr.o
    0x080040e0   0x080040e0   0x00000044   Code   RO         1188    i.usbd_get_status   usbd_sdr.o
    0x08004124   0x08004124   0x00000016   Code   RO         1087    i.usbd_incomisioin_handler  usbd_int.o
    0x0800413a   0x0800413a   0x00000016   Code   RO         1088    i.usbd_incomisoout_handler  usbd_int.o
    0x08004150   0x08004150   0x000000ac   Code   RO         1089    i.usbd_inept_handler  usbd_int.o
    0x080041fc   0x080041fc   0x00000038   Code   RO         1189    i.usbd_interface_request  usbd_sdr.o
    0x08004234   0x08004234   0x000000ea   Code   RO         1090    i.usbd_irq_handler  usbd_int.o
    0x0800431e   0x0800431e   0x00000092   Code   RO         1091    i.usbd_outept_handler  usbd_int.o
    0x080043b0   0x080043b0   0x000000b4   Code   RO         1092    i.usbd_reset_handler  usbd_int.o
    0x08004464   0x08004464   0x00000082   Code   RO         1093    i.usbd_rxflvl_handler  usbd_int.o
    0x080044e6   0x080044e6   0x00000052   Code   RO         1190    i.usbd_set_address  usbd_sdr.o
    0x08004538   0x08004538   0x000000c8   Code   RO         1191    i.usbd_set_configuration  usbd_sdr.o
    0x08004600   0x08004600   0x0000002a   Code   RO         1192    i.usbd_set_feature  usbd_sdr.o
    0x0800462a   0x0800462a   0x0000004a   Code   RO          919    i.usbd_set_stall    usbd_core.o
    0x08004674   0x08004674   0x00000028   Code   RO         1193    i.usbd_setup_request_parse  usbd_sdr.o
    0x0800469c   0x0800469c   0x00000014   Code   RO         1094    i.usbd_sof_handler  usbd_int.o
    0x080046b0   0x080046b0   0x00000038   Code   RO         1095    i.usbd_suspend_handler  usbd_int.o
    0x080046e8   0x080046e8   0x00000036   Code   RO         1096    i.usbd_wakeup_handler  usbd_int.o
    0x0800471e   0x0800471e   0x00002f80   Data   RO         1808    .constdata          lcd.o
    0x0800769e   0x0800769e   0x00000200   Data   RO         2388    .constdata          check_crc16.o
    0x0800789e   0x0800789e   0x00000010   Data   RO         2584    .constdata          system_at32f415.o
    0x080078ae   0x080078ae   0x00000028   Data   RO         3171    .constdata          at32f415_crm.o
    0x080078d6   0x080078d6   0x00000002   PAD
    0x080078d8   0x080078d8   0x00000020   Data   RO         6193    Region$$Table       anon$$obj.o


    Execution Region RW_IRAM1 (Exec base: 0x20000000, Load base: 0x080078f8, Size: 0x00000a20, Max: 0x00008000, ABSOLUTE)

    Exec Addr    Load Addr    Size         Type   Attr      Idx    E Section Name        Object

    0x20000000   0x080078f8   0x00000006   Data   RW          605    .data               base_spi.o
    0x20000006   0x080078fe   0x00000002   PAD
    0x20000008   0x08007900   0x00000014   Data   RW          701    .data               base_sys_time.o
    0x2000001c   0x08007914   0x00000004   Data   RW          794    .data               base_uart.o
    0x20000020   0x08007918   0x00000001   Data   RW         1194    .data               usbd_sdr.o
    0x20000021   0x08007919   0x00000001   PAD
    0x20000022   0x0800791a   0x00000003   Data   RW         1809    .data               lcd.o
    0x20000025   0x0800791d   0x00000003   PAD
    0x20000028   0x08007920   0x00000020   Data   RW         2094    .data               mode_time.o
    0x20000048   0x08007940   0x00000004   Data   RW         2585    .data               system_at32f415.o
    0x2000004c   0x08007944   0x00000004   Data   RW         6145    .data               mc_w.l(stdout.o)
    0x20000050        -       0x00000014   Zero   RW            6    .bss                main.o
    0x20000064        -       0x000001a4   Zero   RW         1480    .bss                usb_user.o
    0x20000208        -       0x0000006c   Zero   RW         1995    .bss                mode.o
    0x20000274        -       0x00000398   Zero   RW         2164    .bss                mode_uart.o
    0x2000060c        -       0x00000014   Zero   RW         2368    .bss                api.o
    0x20000620        -       0x00000400   Zero   RW         2616    STACK               startup_at32f415.o


==============================================================================

Image component sizes


      Code (inc. data)   RO Data    RW Data    ZI Data      Debug   Object Name

        52         24          0          0         20       1182   api.o
       140          6          0          0          0       1041   at32f415_clock.o
      1320        182         40          0          0       9953   at32f415_crm.o
        12          6          0          0          0        491   at32f415_exint.o
       284          6          0          0          0       3044   at32f415_gpio.o
        24          0          0          0          0       3480   at32f415_int.o
       280         18          0          0          0      32340   at32f415_misc.o
       426          8          0          0          0       4226   at32f415_spi.o
       466         30          0          0          0       6669   at32f415_usart.o
      1220          6          0          0          0      13516   at32f415_usb.o
       336         32          0          0          0       1972   base_exist_gpio.o
       104          4          0          0          0       1586   base_flash.o
       994         44          0          0          0       7626   base_iic.o
       504         42          0          6          0       4316   base_spi.o
       690         90          0         20          0      36819   base_sys_time.o
      1306        210          0          4          0       6797   base_uart.o
        60          4        512          0          0       1952   check_crc16.o
        28          0          0          0          0        728   data_handle.o
        80          6          0          0          0       1191   key.o
      1990         32      12160          3          0      14294   lcd.o
       248         14          0          0          0       2881   led.o
       236         74          0          0         20      74249   main.o
       248        110          0          0        108       2099   mode.o
        64          0          0          0          0        627   mode_rtc8564.o
       322         42          0         32          0       3885   mode_time.o
       418         32          0          0        920       5966   mode_uart.o
        36          8        368          0       1024        804   startup_at32f415.o
       496         42         16          4          0       2028   system_at32f415.o
       350         16          0          0          0       2416   time_handle.o
        28          6          0          0        420       2299   usb_user.o
      1412          0          0          0          0      17939   usbd_core.o
      1258          0          0          0          0       9152   usbd_int.o
      1376         30          0          1          0       8530   usbd_sdr.o

    ----------------------------------------------------------------------
     16834       1124      13130         76       2512     286098   Object Totals
         0          0         32          0          0          0   (incl. Generated)
        26          0          2          6          0          0   (incl. Padding)

    ----------------------------------------------------------------------

      Code (inc. data)   RO Data    RW Data    ZI Data      Debug   Library Member Name

         0          0          0          0          0          0   entry.o
         0          0          0          0          0          0   entry10a.o
         0          0          0          0          0          0   entry11a.o
         4          0          0          0          0          0   entry12b.o
         8          4          0          0          0          0   entry2.o
         4          0          0          0          0          0   entry5.o
         0          0          0          0          0          0   entry7b.o
         0          0          0          0          0          0   entry8b.o
         8          4          0          0          0          0   entry9a.o
        30          0          0          0          0          0   handlers.o
        36          8          0          0          0         68   init.o
        30          0          0          0          0         68   llshl.o
        32          0          0          0          0         68   llushr.o
       736         54          0          0          0        184   printf5.o
         0          0          0          4          0          0   stdout.o
        14          0          0          0          0         68   strlen.o
        98          0          0          0          0         92   uldiv.o

    ----------------------------------------------------------------------
      1004         70          0          4          0        548   Library Totals
         4          0          0          0          0          0   (incl. Padding)

    ----------------------------------------------------------------------

      Code (inc. data)   RO Data    RW Data    ZI Data      Debug   Library Name

      1000         70          0          4          0        548   mc_w.l

    ----------------------------------------------------------------------
      1004         70          0          4          0        548   Library Totals

    ----------------------------------------------------------------------

==============================================================================


      Code (inc. data)   RO Data    RW Data    ZI Data      Debug   

     17838       1194      13130         80       2512     276294   Grand Totals
     17838       1194      13130         80       2512     276294   ELF Image Totals
     17838       1194      13130         80          0          0   ROM Totals

==============================================================================

    Total RO  Size (Code + RO Data)                30968 (  30.24kB)
    Total RW  Size (RW Data + ZI Data)              2592 (   2.53kB)
    Total ROM Size (Code + RO Data + RW Data)      31048 (  30.32kB)

==============================================================================

