Component: ARM Compiler 5.06 update 7 (build 960) Tool: armlink [4d3601]

==============================================================================

Section Cross References

    main.o(i.Main_Init) refers to at32f415_clock.o(i.system_clock_config) for system_clock_config
    main.o(i.Main_Init) refers to at32f415_misc.o(i.nvic_priority_group_config) for nvic_priority_group_config
    main.o(i.Main_Init) refers to mode.o(i.Mode_Index) for Mode_Index
    main.o(i.Main_Init) refers to api.o(i.API_Index) for API_Index
    main.o(i.Main_Init) refers to base_pwm.o(i.TIM4_PWM_Start_Init) for TIM4_PWM_Start_Init
    main.o(i.Main_Init) refers to memcpya.o(.text) for __aeabi_memcpy4
    main.o(i.Main_Init) refers to printf3.o(i.__0printf$3) for __2printf
    main.o(i.Main_Init) refers to base_flash.o(i.Flash_Save_Area) for Flash_Save_Area
    main.o(i.Main_Init) refers to mode.o(.bss) for Mode_Init
    main.o(i.Main_Init) refers to main.o(.constdata) for .constdata
    main.o(i.Main_Init) refers to mode_time.o(.data) for SYS_Time
    main.o(i.Main_Init) refers to system_at32f415.o(.data) for system_core_clock
    main.o(i.Main_Init) refers to main.o(.data) for temp_list
    main.o(i.main) refers to main.o(i.Main_Init) for Main_Init
    main.o(i.main) refers to memseta.o(.text) for __aeabi_memclr4
    main.o(i.main) refers to base_spi.o(i.SPI_CS_Set) for SPI_CS_Set
    main.o(i.main) refers to base_spi.o(i.SPI_Send_DATA) for SPI_Send_DATA
    main.o(i.main) refers to base_pwm.o(i.TIM4_PWMx_SetValue) for TIM4_PWMx_SetValue
    main.o(i.main) refers to main.o(.bss) for temp_String
    main.o(i.main) refers to mode.o(.bss) for Mode_User
    main.o(i.main) refers to mode_time.o(.data) for SYS_Time
    main.o(i.main) refers to main.o(.data) for temp
    base_adc.o(i.ADC1_DMA_Config) refers to at32f415_dma.o(i.dma_default_para_init) for dma_default_para_init
    base_adc.o(i.ADC1_DMA_Config) refers to at32f415_crm.o(i.crm_periph_clock_enable) for crm_periph_clock_enable
    base_adc.o(i.ADC1_DMA_Config) refers to at32f415_misc.o(i.nvic_irq_enable) for nvic_irq_enable
    base_adc.o(i.ADC1_DMA_Config) refers to at32f415_dma.o(i.dma_reset) for dma_reset
    base_adc.o(i.ADC1_DMA_Config) refers to at32f415_dma.o(i.dma_init) for dma_init
    base_adc.o(i.ADC1_DMA_Config) refers to at32f415_dma.o(i.dma_interrupt_enable) for dma_interrupt_enable
    base_adc.o(i.ADC1_DMA_Config) refers to at32f415_dma.o(i.dma_channel_enable) for dma_channel_enable
    base_adc.o(i.ADC_Conversion_Vol) refers to fflti.o(.text) for __aeabi_i2f
    base_adc.o(i.ADC_Conversion_Vol) refers to fdiv.o(.text) for __aeabi_fdiv
    base_adc.o(i.ADC_Conversion_Vol) refers to fmul.o(.text) for __aeabi_fmul
    base_adc.o(i.ADC_Conversion_Vol) refers to base_adc.o(.data) for VDDA
    base_adc.o(i.ADC_GPIO_Init) refers to at32f415_gpio.o(i.gpio_default_para_init) for gpio_default_para_init
    base_adc.o(i.ADC_GPIO_Init) refers to at32f415_crm.o(i.crm_periph_clock_enable) for crm_periph_clock_enable
    base_adc.o(i.ADC_GPIO_Init) refers to at32f415_gpio.o(i.gpio_init) for gpio_init
    base_adc.o(i.ADC_Get_List) refers to at32f415_adc.o(i.adc_ordinary_software_trigger_enable) for adc_ordinary_software_trigger_enable
    base_adc.o(i.ADC_Get_List) refers to base_adc.o(.data) for Channel_NUM
    base_adc.o(i.ADC_Get_List) refers to base_adc.o(.bss) for ADC1_valuetab_list
    base_adc.o(i.ADC_Get_Temperature) refers to at32f415_adc.o(i.adc_ordinary_software_trigger_enable) for adc_ordinary_software_trigger_enable
    base_adc.o(i.ADC_Get_Temperature) refers to ffltui.o(.text) for __aeabi_ui2f
    base_adc.o(i.ADC_Get_Temperature) refers to fmul.o(.text) for __aeabi_fmul
    base_adc.o(i.ADC_Get_Temperature) refers to fdiv.o(.text) for __aeabi_fdiv
    base_adc.o(i.ADC_Get_Temperature) refers to f2d.o(.text) for __aeabi_f2d
    base_adc.o(i.ADC_Get_Temperature) refers to dadd.o(.text) for __aeabi_drsub
    base_adc.o(i.ADC_Get_Temperature) refers to ddiv.o(.text) for __aeabi_ddiv
    base_adc.o(i.ADC_Get_Temperature) refers to d2f.o(.text) for __aeabi_d2f
    base_adc.o(i.ADC_Get_Temperature) refers to base_adc.o(.data) for dma_trans_complete_flag
    base_adc.o(i.ADC_Get_Temperature) refers to base_adc.o(.bss) for ADC1_valuetab_list
    base_adc.o(i.ADC_Start_Init) refers to at32f415_crm.o(i.crm_periph_clock_enable) for crm_periph_clock_enable
    base_adc.o(i.ADC_Start_Init) refers to at32f415_crm.o(i.crm_adc_clock_div_set) for crm_adc_clock_div_set
    base_adc.o(i.ADC_Start_Init) refers to base_adc.o(i.ADC_GPIO_Init) for ADC_GPIO_Init
    base_adc.o(i.ADC_Start_Init) refers to at32f415_adc.o(i.adc_ordinary_channel_set) for adc_ordinary_channel_set
    base_adc.o(i.ADC_Start_Init) refers to at32f415_adc.o(i.adc_tempersensor_vintrv_enable) for adc_tempersensor_vintrv_enable
    base_adc.o(i.ADC_Start_Init) refers to base_adc.o(i.ADC1_DMA_Config) for ADC1_DMA_Config
[...]
    _printf_fp_hex                           0x00000000   Number         0  stubs.o ABSOLUTE
    _printf_g                                0x00000000   Number         0  stubs.o ABSOLUTE
    _printf_i                                0x00000000   Number         0  stubs.o ABSOLUTE
    _printf_int_dec                          0x00000000   Number         0  stubs.o ABSOLUTE
    _printf_l                                0x00000000   Number         0  stubs.o ABSOLUTE
    _printf_lc                               0x00000000   Number         0  stubs.o ABSOLUTE
    _printf_ll                               0x00000000   Number         0  stubs.o ABSOLUTE
    _printf_lld                              0x00000000   Number         0  stubs.o ABSOLUTE
    _printf_lli                              0x00000000   Number         0  stubs.o ABSOLUTE
    _printf_llo                              0x00000000   Number         0  stubs.o ABSOLUTE
    _printf_llu                              0x00000000   Number         0  stubs.o ABSOLUTE
    _printf_llx                              0x00000000   Number         0  stubs.o ABSOLUTE
    _printf_longlong_dec                     0x00000000   Number         0  stubs.o ABSOLUTE
    _printf_longlong_hex                     0x00000000   Number         0  stubs.o ABSOLUTE
    _printf_longlong_oct                     0x00000000   Number         0  stubs.o ABSOLUTE
    _printf_ls                               0x00000000   Number         0  stubs.o ABSOLUTE
    _printf_mbtowc                           0x00000000   Number         0  stubs.o ABSOLUTE
    _printf_n                                0x00000000   Number         0  stubs.o ABSOLUTE
    _printf_o                                0x00000000   Number         0  stubs.o ABSOLUTE
    _printf_p                                0x00000000   Number         0  stubs.o ABSOLUTE
    _printf_percent                          0x00000000   Number         0  stubs.o ABSOLUTE
    _printf_pre_padding                      0x00000000   Number         0  stubs.o ABSOLUTE
    _printf_return_value                     0x00000000   Number         0  stubs.o ABSOLUTE
    _printf_s                                0x00000000   Number         0  stubs.o ABSOLUTE
    _printf_sizespec                         0x00000000   Number         0  stubs.o ABSOLUTE
    _printf_str                              0x00000000   Number         0  stubs.o ABSOLUTE
    _printf_truncate_signed                  0x00000000   Number         0  stubs.o ABSOLUTE
    _printf_truncate_unsigned                0x00000000   Number         0  stubs.o ABSOLUTE
    _printf_u                                0x00000000   Number         0  stubs.o ABSOLUTE
    _printf_wc                               0x00000000   Number         0  stubs.o ABSOLUTE
    _printf_wctomb                           0x00000000   Number         0  stubs.o ABSOLUTE
    _printf_widthprec                        0x00000000   Number         0  stubs.o ABSOLUTE
    _printf_x                                0x00000000   Number         0  stubs.o ABSOLUTE
    __arm_fini_                               - Undefined Weak Reference
    __cpp_initialize__aeabi_                  - Undefined Weak Reference
    __cxa_finalize                            - Undefined Weak Reference
    _clock_init                               - Undefined Weak Reference
    _microlib_exit                            - Undefined Weak Reference
    __Vectors_Size                           0x00000170   Number         0  startup_at32f415.o ABSOLUTE
    __Vectors                                0x08000000   Data           4  startup_at32f415.o(RESET)
    __Vectors_End                            0x08000170   Data           0  startup_at32f415.o(RESET)
    __main                                   0x08000171   Thumb Code     0  entry.o(.ARM.Collect$$$$00000000)
    _main_stk                                0x08000171   Thumb Code     0  entry2.o(.ARM.Collect$$$$00000001)
    _main_scatterload                        0x08000175   Thumb Code     0  entry5.o(.ARM.Collect$$$$00000004)
    __main_after_scatterload                 0x08000179   Thumb Code     0  entry5.o(.ARM.Collect$$$$00000004)
    _main_clock                              0x08000179   Thumb Code     0  entry7b.o(.ARM.Collect$$$$00000008)
    _main_cpp_init                           0x08000179   Thumb Code     0  entry8b.o(.ARM.Collect$$$$0000000A)
    _main_init                               0x08000179   Thumb Code     0  entry9a.o(.ARM.Collect$$$$0000000B)
    __rt_lib_shutdown_fini                   0x08000181   Thumb Code     0  entry12b.o(.ARM.Collect$$$$0000000E)
    __rt_final_cpp                           0x08000185   Thumb Code     0  entry10a.o(.ARM.Collect$$$$0000000F)
    __rt_final_exit                          0x08000185   Thumb Code     0  entry11a.o(.ARM.Collect$$$$00000011)
    Reset_Handler                            0x08000189   Thumb Code     8  startup_at32f415.o(.text)
    ADC1_IRQHandler                          0x080001a3   Thumb Code     0  startup_at32f415.o(.text)
    CAN1_RX0_IRQHandler                      0x080001a3   Thumb Code     0  startup_at32f415.o(.text)
    CAN1_RX1_IRQHandler                      0x080001a3   Thumb Code     0  startup_at32f415.o(.text)
    CAN1_SE_IRQHandler                       0x080001a3   Thumb Code     0  startup_at32f415.o(.text)
    CAN1_TX_IRQHandler                       0x080001a3   Thumb Code     0  startup_at32f415.o(.text)
    CMP1_IRQHandler                          0x080001a3   Thumb Code     0  startup_at32f415.o(.text)
    CMP2_IRQHandler                          0x080001a3   Thumb Code     0  startup_at32f415.o(.text)
    CRM_IRQHandler                           0x080001a3   Thumb Code     0  startup_at32f415.o(.text)
    DMA1_Channel2_IRQHandler                 0x080001a3   Thumb Code     0  startup_at32f415.o(.text)
    DMA1_Channel3_IRQHandler                 0x080001a3   Thumb Code     0  startup_at32f415.o(.text)
    DMA1_Channel4_IRQHandler                 0x080001a3   Thumb Code     0  startup_at32f415.o(.text)
    DMA1_Channel5_IRQHandler                 0x080001a3   Thumb Code     0  startup_at32f415.o(.text)
    DMA1_Channel6_IRQHandler                 0x080001a3   Thumb Code     0  startup_at32f415.o(.text)
    DMA1_Channel7_IRQHandler                 0x080001a3   Thumb Code     0  startup_at32f415.o(.text)
    DMA2_Channel1_IRQHandler                 0x080001a3   Thumb Code     0  startup_at32f415.o(.text)
    DMA2_Channel2_IRQHandler                 0x080001a3   Thumb Code     0  startup_at32f415.o(.text)
    DMA2_Channel3_IRQHandler                 0x080001a3   Thumb Code     0  startup_at32f415.o(.text)
    DMA2_Channel4_5_IRQHandler               0x080001a3   Thumb Code     0  startup_at32f415.o(.text)
    DMA2_Channel6_7_IRQHandler               0x080001a3   Thumb Code     0  startup_at32f415.o(.text)
    ERTCAlarm_IRQHandler                     0x080001a3   Thumb Code     0  startup_at32f415.o(.text)
    ERTC_WKUP_IRQHandler                     0x080001a3   Thumb Code     0  startup_at32f415.o(.text)
    EXINT0_IRQHandler                        0x080001a3   Thumb Code     0  startup_at32f415.o(.text)
    EXINT15_10_IRQHandler                    0x080001a3   Thumb Code     0  startup_at32f415.o(.text)
    EXINT1_IRQHandler                        0x080001a3   Thumb Code     0  startup_at32f415.o(.text)
    EXINT2_IRQHandler                        0x080001a3   Thumb Code     0  startup_at32f415.o(.text)
    EXINT3_IRQHandler                        0x080001a3   Thumb Code     0  startup_at32f415.o(.text)
    EXINT4_IRQHandler                        0x080001a3   Thumb Code     0  startup_at32f415.o(.text)
    EXINT9_5_IRQHandler                      0x080001a3   Thumb Code     0  startup_at32f415.o(.text)
    FLASH_IRQHandler                         0x080001a3   Thumb Code     0  startup_at32f415.o(.text)
    I2C1_ERR_IRQHandler                      0x080001a3   Thumb Code     0  startup_at32f415.o(.text)
    I2C1_EVT_IRQHandler                      0x080001a3   Thumb Code     0  startup_at32f415.o(.text)
    I2C2_ERR_IRQHandler                      0x080001a3   Thumb Code     0  startup_at32f415.o(.text)
    I2C2_EVT_IRQHandler                      0x080001a3   Thumb Code     0  startup_at32f415.o(.text)
    PVM_IRQHandler                           0x080001a3   Thumb Code     0  startup_at32f415.o(.text)
    SDIO1_IRQHandler                         0x080001a3   Thumb Code     0  startup_at32f415.o(.text)
    TAMP_STAMP_IRQHandler                    0x080001a3   Thumb Code     0  startup_at32f415.o(.text)
    TMR1_BRK_TMR9_IRQHandler                 0x080001a3   Thumb Code     0  startup_at32f415.o(.text)
    TMR1_CH_IRQHandler                       0x080001a3   Thumb Code     0  startup_at32f415.o(.text)
    TMR1_OVF_TMR10_IRQHandler                0x080001a3   Thumb Code     0  startup_at32f415.o(.text)
    TMR1_TRG_HALL_TMR11_IRQHandler           0x080001a3   Thumb Code     0  startup_at32f415.o(.text)
    TMR2_GLOBAL_IRQHandler                   0x080001a3   Thumb Code     0  startup_at32f415.o(.text)
    TMR3_GLOBAL_IRQHandler                   0x080001a3   Thumb Code     0  startup_at32f415.o(.text)
    TMR4_GLOBAL_IRQHandler                   0x080001a3   Thumb Code     0  startup_at32f415.o(.text)
    TMR5_GLOBAL_IRQHandler                   0x080001a3   Thumb Code     0  startup_at32f415.o(.text)
    UART4_IRQHandler                         0x080001a3   Thumb Code     0  startup_at32f415.o(.text)
    UART5_IRQHandler                         0x080001a3   Thumb Code     0  startup_at32f415.o(.text)
    WWDT_IRQHandler                          0x080001a3   Thumb Code     0  startup_at32f415.o(.text)
    __aeabi_uldivmod                         0x080001ad   Thumb Code    98  uldiv.o(.text)
    __aeabi_memcpy                           0x0800020f   Thumb Code    36  memcpya.o(.text)
    __aeabi_memcpy4                          0x0800020f   Thumb Code     0  memcpya.o(.text)
    __aeabi_memcpy8                          0x0800020f   Thumb Code     0  memcpya.o(.text)
    __aeabi_memset                           0x08000233   Thumb Code    14  memseta.o(.text)
    __aeabi_memset4                          0x08000233   Thumb Code     0  memseta.o(.text)
    __aeabi_memset8                          0x08000233   Thumb Code     0  memseta.o(.text)
    __aeabi_memclr                           0x08000241   Thumb Code     4  memseta.o(.text)
    __aeabi_memclr4                          0x08000241   Thumb Code     0  memseta.o(.text)
    __aeabi_memclr8                          0x08000241   Thumb Code     0  memseta.o(.text)
    _memset$wrapper                          0x08000245   Thumb Code    18  memseta.o(.text)
    strlen                                   0x08000257   Thumb Code    14  strlen.o(.text)
    __aeabi_fmul                             0x08000265   Thumb Code   100  fmul.o(.text)
    __aeabi_fdiv                             0x080002c9   Thumb Code   124  fdiv.o(.text)
    __aeabi_dadd                             0x08000345   Thumb Code   322  dadd.o(.text)
    __aeabi_dsub                             0x08000487   Thumb Code     6  dadd.o(.text)
    __aeabi_drsub                            0x0800048d   Thumb Code     6  dadd.o(.text)
    __aeabi_dmul                             0x08000493   Thumb Code   228  dmul.o(.text)
    __aeabi_ddiv                             0x08000577   Thumb Code   222  ddiv.o(.text)
    __aeabi_i2f                              0x08000655   Thumb Code    18  fflti.o(.text)
    __aeabi_ui2f                             0x08000667   Thumb Code    10  ffltui.o(.text)
    __aeabi_f2d                              0x08000671   Thumb Code    38  f2d.o(.text)
    __aeabi_d2f                              0x08000697   Thumb Code    56  d2f.o(.text)
    __aeabi_uidiv                            0x080006cf   Thumb Code     0  uidiv.o(.text)
    __aeabi_uidivmod                         0x080006cf   Thumb Code    44  uidiv.o(.text)
    __aeabi_llsl                             0x080006fb   Thumb Code    30  llshl.o(.text)
    _ll_shift_l                              0x080006fb   Thumb Code     0  llshl.o(.text)
    __aeabi_llsr                             0x08000719   Thumb Code    32  llushr.o(.text)
    _ll_ushift_r                             0x08000719   Thumb Code     0  llushr.o(.text)
    __aeabi_lasr                             0x08000739   Thumb Code    36  llsshr.o(.text)
    _ll_sshift_r                             0x08000739   Thumb Code     0  llsshr.o(.text)
    __I$use$fp                               0x0800075d   Thumb Code     0  iusefp.o(.text)
    _float_round                             0x0800075d   Thumb Code    18  fepilogue.o(.text)
    _float_epilogue                          0x0800076f   Thumb Code    92  fepilogue.o(.text)
    _double_round                            0x080007cb   Thumb Code    30  depilogue.o(.text)
    _double_epilogue                         0x080007e9   Thumb Code   156  depilogue.o(.text)
    __scatterload                            0x08000885   Thumb Code    28  init.o(.text)
    __scatterload_rt2                        0x08000885   Thumb Code     0  init.o(.text)
    __decompress                             0x080008a9   Thumb Code     0  __dczerorl2.o(.text)
    __decompress1                            0x080008a9   Thumb Code    86  __dczerorl2.o(.text)
    ADC1_DMA_Config                          0x08000901   Thumb Code   120  base_adc.o(i.ADC1_DMA_Config)
    ADC_Conversion_Vol                       0x08000981   Thumb Code    40  base_adc.o(i.ADC_Conversion_Vol)
    ADC_GPIO_Init                            0x080009ad   Thumb Code   112  base_adc.o(i.ADC_GPIO_Init)
    ADC_Get_List                             0x08000a29   Thumb Code    62  base_adc.o(i.ADC_Get_List)
    ADC_Get_Temperature                      0x08000a79   Thumb Code   120  base_adc.o(i.ADC_Get_Temperature)
    ADC_Start_Init                           0x08000b19   Thumb Code   234  base_adc.o(i.ADC_Start_Init)
    API_Index                                0x08000c15   Thumb Code    28  api.o(i.API_Index)
    BusFault_Handler                         0x08000c49   Thumb Code     4  at32f415_int.o(i.BusFault_Handler)
    CRC16_CCITT_CalateByte                   0x08000c4d   Thumb Code    20  check_crc16.o(i.CRC16_CCITT_CalateByte)
    CRC16_CCITT_CalculateBuf                 0x08000c65   Thumb Code    36  check_crc16.o(i.CRC16_CCITT_CalculateBuf)
    DMA1_Channel1_IRQHandler                 0x08000c89   Thumb Code    24  base_adc.o(i.DMA1_Channel1_IRQHandler)
    DS18B20_Get_Temp                         0x08000ce1   Thumb Code   148  ds18b20.o(i.DS18B20_Get_Temp)
    DS18B20_IO_Config                        0x08000d7d   Thumb Code    80  base_exist_gpio.o(i.DS18B20_IO_Config)
    DS18B20_Init                             0x08000dd5   Thumb Code    68  ds18b20.o(i.DS18B20_Init)
    DS18B20_Start                            0x08000e29   Thumb Code   132  ds18b20.o(i.DS18B20_Start)
    DebugMon_Handler                         0x08000eb5   Thumb Code     2  at32f415_int.o(i.DebugMon_Handler)
    Debug_Out                                0x08000eb7   Thumb Code    14  mode.o(i.Debug_Out)
    Find_Data                                0x08000ec5   Thumb Code    28  data_handle.o(i.Find_Data)
    Flash_Addr_Check                         0x08000ee1   Thumb Code    90  base_flash.o(i.Flash_Addr_Check)
    Flash_Save_Area                          0x08000f75   Thumb Code   170  base_flash.o(i.Flash_Save_Area)
    GET_SysTick                              0x08001021   Thumb Code    64  base_sys_time.o(i.GET_SysTick)
    Get_Lose_Tiem                            0x08001069   Thumb Code    62  mode_time.o(i.Get_Lose_Tiem)
    Get_TIME                                 0x080010dd   Thumb Code   130  mode_time.o(i.Get_TIME)
    HardFault_Handler                        0x08001171   Thumb Code     4  at32f415_int.o(i.HardFault_Handler)
    Hourly_to_Seconds                        0x08001175   Thumb Code    50  time_handle.o(i.Hourly_to_Seconds)
    LCD_Address_Set                          0x080011ad   Thumb Code    58  lcd.o(i.LCD_Address_Set)
    LCD_Draw_Circle                          0x080011ff   Thumb Code   158  lcd.o(i.LCD_Draw_Circle)
    LCD_Draw_Line                            0x0800129d   Thumb Code   172  lcd.o(i.LCD_Draw_Line)
    LCD_Draw_Point                           0x08001349   Thumb Code    28  lcd.o(i.LCD_Draw_Point)
    LCD_Draw_Rectangle                       0x08001365   Thumb Code    74  lcd.o(i.LCD_Draw_Rectangle)
    LCD_Fill                                 0x080013af   Thumb Code    62  lcd.o(i.LCD_Fill)
    LCD_GPIO_Init                            0x080013ed   Thumb Code    88  base_exist_gpio.o(i.LCD_GPIO_Init)
    LCD_Init                                 0x0800144d   Thumb Code   426  lcd.o(i.LCD_Init)
    LCD_Show_Char                            0x080015fd   Thumb Code   298  lcd.o(i.LCD_Show_Char)
    LCD_Show_Chinese                         0x08001735   Thumb Code    88  lcd.o(i.LCD_Show_Chinese)
    LCD_Show_Chinese24x24                    0x0800178d   Thumb Code     8  lcd.o(i.LCD_Show_Chinese24x24)
    LCD_Show_Chinese32x32                    0x08001795   Thumb Code     8  lcd.o(i.LCD_Show_Chinese32x32)
    LCD_Show_Picture                         0x0800179d   Thumb Code   102  lcd.o(i.LCD_Show_Picture)
    LCD_Show_String                          0x08001803   Thumb Code   110  lcd.o(i.LCD_Show_String)
    LCD_WR_CMD                               0x08001871   Thumb Code    46  lcd.o(i.LCD_WR_CMD)
    LCD_WR_DATA                              0x080018a5   Thumb Code    34  lcd.o(i.LCD_WR_DATA)
    LCD_WR_DATA8                             0x080018c7   Thumb Code    28  lcd.o(i.LCD_WR_DATA8)
    LCD_Writ_Bus                             0x080018e3   Thumb Code    12  lcd.o(i.LCD_Writ_Bus)
    LED_GPIO_Init                            0x080018f1   Thumb Code   130  base_exist_gpio.o(i.LED_GPIO_Init)
    LED_Init                                 0x08001981   Thumb Code    20  led.o(i.LED_Init)
    LED_REG                                  0x08001995   Thumb Code    46  led.o(i.LED_REG)
    LED_SET                                  0x080019c5   Thumb Code    54  led.o(i.LED_SET)
    Main_Init                                0x08001a05   Thumb Code   270  main.o(i.Main_Init)
    MemManage_Handler                        0x08001ba1   Thumb Code     4  at32f415_int.o(i.MemManage_Handler)
    Mode_Index                               0x08001ba5   Thumb Code    38  mode.o(i.Mode_Index)
    NMI_Handler                              0x08001cd9   Thumb Code     2  at32f415_int.o(i.NMI_Handler)
    OTGFS1_IRQHandler                        0x08001cdd   Thumb Code    10  usb_user.o(i.OTGFS1_IRQHandler)
    OTGFS1_WKUP_IRQHandler                   0x08001ced   Thumb Code    12  usb_user.o(i.OTGFS1_WKUP_IRQHandler)
    Over_Time                                0x08001cf9   Thumb Code   204  time_handle.o(i.Over_Time)
    PendSV_Handler                           0x08001dcd   Thumb Code     2  at32f415_int.o(i.PendSV_Handler)
    SET_SysTick                              0x08001e3d   Thumb Code    58  base_sys_time.o(i.SET_SysTick)
    SPI1_IRQHandler                          0x08001e81   Thumb Code    50  base_spi.o(i.SPI1_IRQHandler)
    SPI2_GPIO_Init                           0x08001ebd   Thumb Code   146  base_spi.o(i.SPI2_GPIO_Init)
    SPI2_IRQHandler                          0x08001f59   Thumb Code    24  base_spi.o(i.SPI2_IRQHandler)
    SPI_CS_Set                               0x08001f75   Thumb Code    54  base_spi.o(i.SPI_CS_Set)
    SPI_Send_DATA                            0x08001fb1   Thumb Code    48  base_spi.o(i.SPI_Send_DATA)
    SPI_Start_Init                           0x08001fe5   Thumb Code   140  base_spi.o(i.SPI_Start_Init)
    SVC_Handler                              0x08002079   Thumb Code     2  at32f415_int.o(i.SVC_Handler)
    SYS_Delay_S                              0x0800207b   Thumb Code    24  base_sys_time.o(i.SYS_Delay_S)
    SYS_Delay_ms                             0x08002095   Thumb Code   106  base_sys_time.o(i.SYS_Delay_ms)
    SYS_Delay_us                             0x0800210d   Thumb Code   106  base_sys_time.o(i.SYS_Delay_us)
    Seconds_to_Hourly                        0x08002185   Thumb Code    78  time_handle.o(i.Seconds_to_Hourly)
    Set_TIME                                 0x080021d5   Thumb Code    30  mode_time.o(i.Set_TIME)
    SysTick_Handler                          0x080021f9   Thumb Code    12  base_sys_time.o(i.SysTick_Handler)
    Sys_Clock_Init                           0x08002209   Thumb Code    52  mode_time.o(i.Sys_Clock_Init)
    Sys_Time_Init                            0x08002251   Thumb Code   178  base_sys_time.o(i.Sys_Time_Init)
    SystemInit                               0x08002325   Thumb Code   138  system_at32f415.o(i.SystemInit)
    TIM4_PWM_GPIO_Init                       0x080023c1   Thumb Code   106  base_pwm.o(i.TIM4_PWM_GPIO_Init)
    TIM4_PWM_Start_Init                      0x08002439   Thumb Code   230  base_pwm.o(i.TIM4_PWM_Start_Init)
    TIM4_PWMx_SetValue                       0x08002529   Thumb Code    80  base_pwm.o(i.TIM4_PWMx_SetValue)
    UART_RXD_Flag                            0x0800257d   Thumb Code    74  base_uart.o(i.UART_RXD_Flag)
    UART_RXD_Flag_Clear                      0x080025dd   Thumb Code    70  base_uart.o(i.UART_RXD_Flag_Clear)
    UART_RXD_Receive                         0x08002639   Thumb Code    70  base_uart.o(i.UART_RXD_Receive)
    UART_Send_Data                           0x08002695   Thumb Code    54  mode_uart.o(i.UART_Send_Data)
    UART_Send_String                         0x080026cb   Thumb Code    26  mode_uart.o(i.UART_Send_String)
    UART_TXD_Send                            0x080026e5   Thumb Code    88  base_uart.o(i.UART_TXD_Send)
    USART1_IRQHandler                        0x08002751   Thumb Code    40  mode_uart.o(i.USART1_IRQHandler)
    USART2_IRQHandler                        0x0800277d   Thumb Code    40  mode_uart.o(i.USART2_IRQHandler)
    USART3_IRQHandler                        0x080027a9   Thumb Code    40  mode_uart.o(i.USART3_IRQHandler)
    USB_User_init                            0x080027d5   Thumb Code    66  usb_user.o(i.USB_User_init)
    Uart1_Init                               0x08002829   Thumb Code   198  base_uart.o(i.Uart1_Init)
    Uart2_Init                               0x08002905   Thumb Code   192  base_uart.o(i.Uart2_Init)
    Uart3_Init                               0x080029dd   Thumb Code   214  base_uart.o(i.Uart3_Init)
    Uart4_Init                               0x08002ad1   Thumb Code   196  base_uart.o(i.Uart4_Init)
    Uart_Init                                0x08002bad   Thumb Code   104  mode_uart.o(i.Uart_Init)
    UsageFault_Handler                       0x08002c29   Thumb Code     4  at32f415_int.o(i.UsageFault_Handler)
    WS2812_Delay                             0x08002c2d   Thumb Code    20  led.o(i.WS2812_Delay)
    WS2812_write_byte                        0x08002c41   Thumb Code    92  led.o(i.WS2812_write_byte)
    __0printf$3                              0x08002d0d   Thumb Code    22  printf3.o(i.__0printf$3)
    __1printf$3                              0x08002d0d   Thumb Code     0  printf3.o(i.__0printf$3)
    __2printf                                0x08002d0d   Thumb Code     0  printf3.o(i.__0printf$3)
    __scatterload_copy                       0x08002d2d   Thumb Code    14  handlers.o(i.__scatterload_copy)
    __scatterload_null                       0x08002d3b   Thumb Code     2  handlers.o(i.__scatterload_null)
    __scatterload_zeroinit                   0x08002d3d   Thumb Code    14  handlers.o(i.__scatterload_zeroinit)
    adc_base_config                          0x08002f05   Thumb Code    44  at32f415_adc.o(i.adc_base_config)
    adc_base_default_para_init               0x08002f31   Thumb Code    14  at32f415_adc.o(i.adc_base_default_para_init)
    adc_calibration_init                     0x08002f3f   Thumb Code    12  at32f415_adc.o(i.adc_calibration_init)
    adc_calibration_init_status_get          0x08002f4b   Thumb Code    18  at32f415_adc.o(i.adc_calibration_init_status_get)
    adc_calibration_start                    0x08002f5d   Thumb Code    12  at32f415_adc.o(i.adc_calibration_start)
    adc_calibration_status_get               0x08002f69   Thumb Code    18  at32f415_adc.o(i.adc_calibration_status_get)
    adc_dma_mode_enable                      0x08002f7b   Thumb Code    10  at32f415_adc.o(i.adc_dma_mode_enable)
    adc_enable                               0x08002f85   Thumb Code    10  at32f415_adc.o(i.adc_enable)
    adc_ordinary_channel_set                 0x08002f8f   Thumb Code   404  at32f415_adc.o(i.adc_ordinary_channel_set)
    adc_ordinary_conversion_trigger_set      0x08003123   Thumb Code    52  at32f415_adc.o(i.adc_ordinary_conversion_trigger_set)
    adc_ordinary_software_trigger_enable     0x08003157   Thumb Code    10  at32f415_adc.o(i.adc_ordinary_software_trigger_enable)
    adc_tempersensor_vintrv_enable           0x08003161   Thumb Code    14  at32f415_adc.o(i.adc_tempersensor_vintrv_enable)
    crm_adc_clock_div_set                    0x0800343d   Thumb Code    28  at32f415_crm.o(i.crm_adc_clock_div_set)
    crm_ahb_div_set                          0x0800345d   Thumb Code    14  at32f415_crm.o(i.crm_ahb_div_set)
    crm_apb1_div_set                         0x08003471   Thumb Code    14  at32f415_crm.o(i.crm_apb1_div_set)
    crm_apb2_div_set                         0x08003485   Thumb Code    14  at32f415_crm.o(i.crm_apb2_div_set)
    crm_auto_step_mode_enable                0x08003499   Thumb Code    34  at32f415_crm.o(i.crm_auto_step_mode_enable)
    crm_clock_source_enable                  0x080034c1   Thumb Code    90  at32f415_crm.o(i.crm_clock_source_enable)
    crm_clocks_freq_get                      0x08003521   Thumb Code   396  at32f415_crm.o(i.crm_clocks_freq_get)
    crm_flag_get                             0x080036cd   Thumb Code    42  at32f415_crm.o(i.crm_flag_get)
    crm_hick_divider_select                  0x080036fd   Thumb Code    14  at32f415_crm.o(i.crm_hick_divider_select)
    crm_hick_sclk_frequency_select           0x08003711   Thumb Code    24  at32f415_crm.o(i.crm_hick_sclk_frequency_select)
    crm_periph_clock_enable                  0x0800372d   Thumb Code    62  at32f415_crm.o(i.crm_periph_clock_enable)
    crm_periph_reset                         0x08003771   Thumb Code    62  at32f415_crm.o(i.crm_periph_reset)
    crm_pll_config                           0x080037b5   Thumb Code   210  at32f415_crm.o(i.crm_pll_config)
    crm_reset                                0x080038bd   Thumb Code    90  at32f415_crm.o(i.crm_reset)
    crm_sysclk_switch                        0x08003921   Thumb Code    14  at32f415_crm.o(i.crm_sysclk_switch)
    crm_sysclk_switch_status_get             0x08003935   Thumb Code    10  at32f415_crm.o(i.crm_sysclk_switch_status_get)
    crm_usb_clock_div_set                    0x08003945   Thumb Code    28  at32f415_crm.o(i.crm_usb_clock_div_set)
    crm_usb_clock_source_select              0x08003965   Thumb Code    26  at32f415_crm.o(i.crm_usb_clock_source_select)
    dma_channel_enable                       0x08003985   Thumb Code    10  at32f415_dma.o(i.dma_channel_enable)
    dma_default_para_init                    0x0800398f   Thumb Code    24  at32f415_dma.o(i.dma_default_para_init)
    dma_flag_clear                           0x080039a9   Thumb Code    22  at32f415_dma.o(i.dma_flag_clear)
    dma_flag_get                             0x080039c9   Thumb Code    36  at32f415_dma.o(i.dma_flag_get)
    dma_init                                 0x080039f5   Thumb Code    92  at32f415_dma.o(i.dma_init)
    dma_interrupt_enable                     0x08003a51   Thumb Code    18  at32f415_dma.o(i.dma_interrupt_enable)
    dma_reset                                0x08003a65   Thumb Code   102  at32f415_dma.o(i.dma_reset)
    exint_default_para_init                  0x08003ad5   Thumb Code    14  at32f415_exint.o(i.exint_default_para_init)
    exint_flag_clear                         0x08003ae5   Thumb Code     6  at32f415_exint.o(i.exint_flag_clear)
    exint_init                               0x08003af1   Thumb Code   148  at32f415_exint.o(i.exint_init)
    flash_byte_program                       0x08003b89   Thumb Code    50  at32f415_flash.o(i.flash_byte_program)
    flash_flag_clear                         0x08003bc1   Thumb Code     6  at32f415_flash.o(i.flash_flag_clear)
    flash_lock                               0x08003bcd   Thumb Code    16  at32f415_flash.o(i.flash_lock)
    flash_operation_status_get               0x08003be1   Thumb Code    48  at32f415_flash.o(i.flash_operation_status_get)
    flash_operation_wait_for                 0x08003c15   Thumb Code    36  at32f415_flash.o(i.flash_operation_wait_for)
    flash_sector_erase                       0x08003c39   Thumb Code    58  at32f415_flash.o(i.flash_sector_erase)
    flash_unlock                             0x08003c79   Thumb Code    12  at32f415_flash.o(i.flash_unlock)
    fputc                                    0x08003c91   Thumb Code    18  base_uart.o(i.fputc)
    gpio_default_para_init                   0x08003dd9   Thumb Code    22  at32f415_gpio.o(i.gpio_default_para_init)
    gpio_init                                0x08003def   Thumb Code   168  at32f415_gpio.o(i.gpio_init)
    gpio_input_data_bit_read                 0x08003e97   Thumb Code    18  at32f415_gpio.o(i.gpio_input_data_bit_read)
    gpio_pin_remap_config                    0x08003ea9   Thumb Code    70  at32f415_gpio.o(i.gpio_pin_remap_config)
    main                                     0x08003fe5   Thumb Code   266  main.o(i.main)
    nvic_irq_enable                          0x08004109   Thumb Code   190  at32f415_misc.o(i.nvic_irq_enable)
    nvic_priority_group_config               0x080041d1   Thumb Code    32  at32f415_misc.o(i.nvic_priority_group_config)
    spi_default_para_init                    0x080041f9   Thumb Code    22  at32f415_spi.o(i.spi_default_para_init)
    spi_enable                               0x0800420f   Thumb Code    10  at32f415_spi.o(i.spi_enable)
    spi_i2s_data_transmit                    0x08004219   Thumb Code     4  at32f415_spi.o(i.spi_i2s_data_transmit)
    spi_i2s_flag_get                         0x0800421d   Thumb Code    16  at32f415_spi.o(i.spi_i2s_flag_get)
    spi_i2s_interrupt_enable                 0x0800422d   Thumb Code    18  at32f415_spi.o(i.spi_i2s_interrupt_enable)
    spi_i2s_reset                            0x08004241   Thumb Code    56  at32f415_spi.o(i.spi_i2s_reset)
    spi_init                                 0x08004281   Thumb Code   292  at32f415_spi.o(i.spi_init)
    system_clock_config                      0x080043a5   Thumb Code     8  at32f415_clock.o(i.system_clock_config)
    system_clock_hext_config                 0x080043ad   Thumb Code   126  at32f415_clock.o(i.system_clock_hext_config)
    system_core_clock_update                 0x08004431   Thumb Code   316  system_at32f415.o(i.system_core_clock_update)
    systick_clock_source_config              0x08004585   Thumb Code    40  at32f415_misc.o(i.systick_clock_source_config)
    tmr_base_init                            0x080045ad   Thumb Code    16  at32f415_tmr.o(i.tmr_base_init)
    tmr_channel_value_set                    0x080045bd   Thumb Code    40  at32f415_tmr.o(i.tmr_channel_value_set)
    tmr_cnt_dir_set                          0x080045e5   Thumb Code    10  at32f415_tmr.o(i.tmr_cnt_dir_set)
    tmr_counter_enable                       0x080045ef   Thumb Code    10  at32f415_tmr.o(i.tmr_counter_enable)
    tmr_output_channel_config                0x080045f9   Thumb Code   416  at32f415_tmr.o(i.tmr_output_channel_config)
    tmr_output_default_para_init             0x08004799   Thumb Code    18  at32f415_tmr.o(i.tmr_output_default_para_init)
    tmr_output_enable                        0x080047ab   Thumb Code    10  at32f415_tmr.o(i.tmr_output_enable)
    tmr_reset                                0x080047b5   Thumb Code   210  at32f415_tmr.o(i.tmr_reset)
    usart_data_receive                       0x080048a9   Thumb Code     8  at32f415_usart.o(i.usart_data_receive)
    usart_data_transmit                      0x080048b1   Thumb Code     8  at32f415_usart.o(i.usart_data_transmit)
    usart_enable                             0x080048b9   Thumb Code    10  at32f415_usart.o(i.usart_enable)
    usart_flag_clear                         0x080048c3   Thumb Code    18  at32f415_usart.o(i.usart_flag_clear)
    usart_flag_get                           0x080048d5   Thumb Code    16  at32f415_usart.o(i.usart_flag_get)
    usart_init                               0x080048e5   Thumb Code   102  at32f415_usart.o(i.usart_init)
    usart_interrupt_enable                   0x08004951   Thumb Code    54  at32f415_usart.o(i.usart_interrupt_enable)
    usart_parity_selection_config            0x08004987   Thumb Code    76  at32f415_usart.o(i.usart_parity_selection_config)
    usart_receiver_enable                    0x080049d3   Thumb Code    10  at32f415_usart.o(i.usart_receiver_enable)
    usart_reset                              0x080049dd   Thumb Code   124  at32f415_usart.o(i.usart_reset)
    usart_transmitter_enable                 0x08004a71   Thumb Code    10  at32f415_usart.o(i.usart_transmitter_enable)
    usb_connect                              0x08004aed   Thumb Code    18  at32f415_usb.o(i.usb_connect)
    usb_core_config                          0x08004aff   Thumb Code    66  usb_core.o(i.usb_core_config)
    usb_delay_ms                             0x08004b41   Thumb Code    12  usbd_core.o(i.usb_delay_ms)
    usb_disconnect                           0x08004b4d   Thumb Code    20  at32f415_usb.o(i.usb_disconnect)
    usb_ept0_setup                           0x08004b61   Thumb Code    34  at32f415_usb.o(i.usb_ept0_setup)
    usb_ept0_start                           0x08004b83   Thumb Code    44  at32f415_usb.o(i.usb_ept0_start)
    usb_ept_clear_stall                      0x08004baf   Thumb Code   146  at32f415_usb.o(i.usb_ept_clear_stall)
    usb_ept_close                            0x08004c41   Thumb Code   100  at32f415_usb.o(i.usb_ept_close)
    usb_ept_default_init                     0x08004ca5   Thumb Code   250  usbd_core.o(i.usb_ept_default_init)
    usb_ept_in_clear                         0x08004d9f   Thumb Code    12  at32f415_usb.o(i.usb_ept_in_clear)
    usb_ept_in_interrupt                     0x08004dab   Thumb Code    44  at32f415_usb.o(i.usb_ept_in_interrupt)
    usb_ept_open                             0x08004dd7   Thumb Code   416  at32f415_usb.o(i.usb_ept_open)
    usb_ept_out_clear                        0x08004f77   Thumb Code    12  at32f415_usb.o(i.usb_ept_out_clear)
    usb_ept_out_interrupt                    0x08004f83   Thumb Code    22  at32f415_usb.o(i.usb_ept_out_interrupt)
    usb_ept_stall                            0x08004f99   Thumb Code   146  at32f415_usb.o(i.usb_ept_stall)
    usb_flush_rx_fifo                        0x0800502d   Thumb Code    40  at32f415_usb.o(i.usb_flush_rx_fifo)
    usb_flush_tx_fifo                        0x08005059   Thumb Code    50  at32f415_usb.o(i.usb_flush_tx_fifo)
    usb_get_all_in_interrupt                 0x08005091   Thumb Code    18  at32f415_usb.o(i.usb_get_all_in_interrupt)
    usb_get_all_out_interrupt                0x080050a3   Thumb Code    18  at32f415_usb.o(i.usb_get_all_out_interrupt)
    usb_global_clear_interrupt               0x080050b5   Thumb Code     4  at32f415_usb.o(i.usb_global_clear_interrupt)
    usb_global_get_all_interrupt             0x080050b9   Thumb Code    10  at32f415_usb.o(i.usb_global_get_all_interrupt)
    usb_global_init                          0x080050c3   Thumb Code    48  at32f415_usb.o(i.usb_global_init)
    usb_global_interrupt_enable              0x080050f3   Thumb Code    20  at32f415_usb.o(i.usb_global_interrupt_enable)
    usb_global_reset                         0x08005109   Thumb Code    70  at32f415_usb.o(i.usb_global_reset)
    usb_global_select_core                   0x08005155   Thumb Code     8  at32f415_usb.o(i.usb_global_select_core)
    usb_global_set_mode                      0x0800515d   Thumb Code    68  at32f415_usb.o(i.usb_global_set_mode)
    usb_interrupt_disable                    0x080051f5   Thumb Code    10  at32f415_usb.o(i.usb_interrupt_disable)
    usb_interrupt_enable                     0x080051ff   Thumb Code    12  at32f415_usb.o(i.usb_interrupt_enable)
    usb_open_phy_clk                         0x0800523d   Thumb Code    14  at32f415_usb.o(i.usb_open_phy_clk)
    usb_read_packet                          0x0800524b   Thumb Code    42  at32f415_usb.o(i.usb_read_packet)
    usb_set_address                          0x08005275   Thumb Code    14  at32f415_usb.o(i.usb_set_address)
    usb_set_rx_fifo                          0x08005283   Thumb Code     4  at32f415_usb.o(i.usb_set_rx_fifo)
    usb_set_tx_fifo                          0x08005287   Thumb Code    66  at32f415_usb.o(i.usb_set_tx_fifo)
    usb_stop_phy_clk                         0x080052c9   Thumb Code    16  at32f415_usb.o(i.usb_stop_phy_clk)
    usb_suspend_status_get                   0x080052d9   Thumb Code    14  at32f415_usb.o(i.usb_suspend_status_get)
    usb_write_empty_txfifo                   0x080052e7   Thumb Code   152  usbd_int.o(i.usb_write_empty_txfifo)
    usb_write_packet                         0x0800537f   Thumb Code    48  at32f415_usb.o(i.usb_write_packet)
    usbd_clear_stall                         0x08005403   Thumb Code    74  usbd_core.o(i.usbd_clear_stall)
    usbd_connect                             0x0800544d   Thumb Code    12  usbd_core.o(i.usbd_connect)
    usbd_core_in_handler                     0x08005459   Thumb Code   194  usbd_core.o(i.usbd_core_in_handler)
    usbd_core_init                           0x0800551d   Thumb Code   338  usbd_core.o(i.usbd_core_init)
    usbd_core_out_handler                    0x08005675   Thumb Code   128  usbd_core.o(i.usbd_core_out_handler)
    usbd_core_setup_handler                  0x080056f5   Thumb Code    84  usbd_core.o(i.usbd_core_setup_handler)
    usbd_ctrl_recv                           0x08005749   Thumb Code    36  usbd_core.o(i.usbd_ctrl_recv)
    usbd_ctrl_recv_status                    0x0800576d   Thumb Code    24  usbd_core.o(i.usbd_ctrl_recv_status)
    usbd_ctrl_send                           0x08005785   Thumb Code    40  usbd_core.o(i.usbd_ctrl_send)
    usbd_ctrl_send_status                    0x080057ad   Thumb Code    24  usbd_core.o(i.usbd_ctrl_send_status)
    usbd_ctrl_unsupport                      0x080057c5   Thumb Code    22  usbd_core.o(i.usbd_ctrl_unsupport)
    usbd_device_request                      0x080057db   Thumb Code   128  usbd_sdr.o(i.usbd_device_request)
    usbd_disconnect                          0x0800585b   Thumb Code    12  usbd_core.o(i.usbd_disconnect)
    usbd_endpoint_request                    0x08005867   Thumb Code   348  usbd_sdr.o(i.usbd_endpoint_request)
    usbd_enter_suspend                       0x080059c3   Thumb Code    22  usbd_core.o(i.usbd_enter_suspend)
    usbd_enumdone_handler                    0x080059d9   Thumb Code    70  usbd_int.o(i.usbd_enumdone_handler)
    usbd_ept_close                           0x08005a1f   Thumb Code    64  usbd_core.o(i.usbd_ept_close)
    usbd_ept_open                            0x08005a5f   Thumb Code    90  usbd_core.o(i.usbd_ept_open)
    usbd_ept_recv                            0x08005ab9   Thumb Code   276  usbd_core.o(i.usbd_ept_recv)
    usbd_ept_send                            0x08005bcd   Thumb Code   298  usbd_core.o(i.usbd_ept_send)
    usbd_fifo_alloc                          0x08005cf7   Thumb Code    62  usbd_core.o(i.usbd_fifo_alloc)
    usbd_get_recv_len                        0x08005e7d   Thumb Code    28  usbd_core.o(i.usbd_get_recv_len)
    usbd_incomisioin_handler                 0x08005edd   Thumb Code    22  usbd_int.o(i.usbd_incomisioin_handler)
    usbd_incomisoout_handler                 0x08005ef3   Thumb Code    22  usbd_int.o(i.usbd_incomisoout_handler)
    usbd_inept_handler                       0x08005f09   Thumb Code   172  usbd_int.o(i.usbd_inept_handler)
    usbd_init                                0x08005fb5   Thumb Code   104  usb_core.o(i.usbd_init)
    usbd_interface_request                   0x0800605b   Thumb Code    56  usbd_sdr.o(i.usbd_interface_request)
    usbd_irq_handler                         0x08006093   Thumb Code   234  usbd_int.o(i.usbd_irq_handler)
    usbd_outept_handler                      0x0800617d   Thumb Code   146  usbd_int.o(i.usbd_outept_handler)
    usbd_reset_handler                       0x0800620f   Thumb Code   180  usbd_int.o(i.usbd_reset_handler)
    usbd_rxflvl_handler                      0x080062c3   Thumb Code   130  usbd_int.o(i.usbd_rxflvl_handler)
    usbd_set_stall                           0x0800648b   Thumb Code    74  usbd_core.o(i.usbd_set_stall)
    usbd_setup_request_parse                 0x080064d5   Thumb Code    40  usbd_sdr.o(i.usbd_setup_request_parse)
    usbd_sof_handler                         0x080064fd   Thumb Code    20  usbd_int.o(i.usbd_sof_handler)
    usbd_suspend_handler                     0x08006511   Thumb Code    56  usbd_int.o(i.usbd_suspend_handler)
    usbd_wakeup_handler                      0x08006585   Thumb Code    54  usbd_int.o(i.usbd_wakeup_handler)
    gImage_am_60                             0x080065bc   Data        7200  main.o(.constdata)
    ascii_1608                               0x080082a4   Data        1520  lcd.o(.constdata)
    ascii_2412                               0x08008894   Data        4560  lcd.o(.constdata)
    ascii_3216                               0x08009a64   Data        6080  lcd.o(.constdata)
    Region$$Table$$Base                      0x0800b45c   Number         0  anon$$obj.o(Region$$Table)
    Region$$Table$$Limit                     0x0800b47c   Number         0  anon$$obj.o(Region$$Table)
    temp                                     0x20000000   Data           4  main.o(.data)
    temp_1                                   0x20000004   Data           1  main.o(.data)
    temp_2                                   0x20000008   Data           4  main.o(.data)
    temp_3                                   0x2000000c   Data           4  main.o(.data)
    temp_po                                  0x20000010   Data           4  main.o(.data)
    temp_list                                0x20000014   Data           4  main.o(.data)
    temp_f                                   0x20000018   Data           4  main.o(.data)
    i                                        0x2000001c   Data           4  main.o(.data)
    VDDA                                     0x20000020   Data           4  base_adc.o(.data)
    VCC_Cfc                                  0x20000024   Data           4  base_adc.o(.data)
    Channel_NUM                              0x20000028   Data           4  base_adc.o(.data)
    dma_trans_complete_flag                  0x2000002c   Data           2  base_adc.o(.data)
    Temp_SPI                                 0x20000030   Data           4  base_spi.o(.data)
    SPI_complete_flag                        0x20000034   Data           2  base_spi.o(.data)
    Tick_Full                                0x20000038   Data           4  base_sys_time.o(.data)
    Freq_ms                                  0x2000003c   Data           4  base_sys_time.o(.data)
    Freq_us                                  0x20000040   Data           4  base_sys_time.o(.data)
    SYS_Ticktime                             0x20000044   Data           8  base_sys_time.o(.data)
    cdc_keyboard_class_handler               0x20000050   Data          40  cdc_keyboard_class.o(.data)
    cdc_keyboard_desc_handler                0x20000084   Data          40  cdc_keyboard_desc.o(.data)
    g_vcpkybrd_hid_usb_desc                  0x20000114   Data           9  cdc_keyboard_desc.o(.data)
    USBD_KeyRepDesc                          0x2000011d   Data          62  cdc_keyboard_desc.o(.data)
    USBD_HIDRepDesc                          0x2000015b   Data          34  cdc_keyboard_desc.o(.data)
    SYS_Time                                 0x200001c8   Data          20  mode_time.o(.data)
    Tick_Freq                                0x200001dc   Data           4  mode_time.o(.data)
    Tick_ms                                  0x200001e0   Data           4  mode_time.o(.data)
    Tick_us                                  0x200001e4   Data           4  mode_time.o(.data)
    Templ                                    0x200001e8   Data           4  ds18b20.o(.data)
    Temp2                                    0x200001ec   Data           4  ds18b20.o(.data)
    Temperature                              0x200001f0   Data           4  ds18b20.o(.data)
    Minus_Flag                               0x200001f4   Data           1  ds18b20.o(.data)
    DS18B20_Time                             0x200001f8   Data           4  ds18b20.o(.data)
    DS18B20_Exist_Flag                       0x200001fc   Data           4  ds18b20.o(.data)
    BACK_COLOR                               0x20000200   Data           2  lcd.o(.data)
    system_core_clock                        0x20000204   Data           4  system_at32f415.o(.data)
    __stdout                                 0x2000020c   Data           4  stdout.o(.data)
    temp_String                              0x20000210   Data         300  main.o(.bss)
    temp1_String                             0x2000033c   Data         300  main.o(.bss)
    temp_data                                0x20000468   Data        8192  main.o(.bss)
    temp1_data                               0x20002468   Data        2000  main.o(.bss)
    ADC1_valuetab_list                       0x20002c38   Data          40  base_adc.o(.bss)
    otg_core_struct                          0x20002c60   Data         420  usb_user.o(.bss)
    HID_compilation                          0x20002e04   Data         168  cdc_keyboard_class.o(.bss)
    Mode_Init                                0x20002fac   Data          32  mode.o(.bss)
    Mode_User                                0x20002fcc   Data         100  mode.o(.bss)
    UART1_Data                               0x20003030   Data         224  mode_uart.o(.bss)
    UART2_Data                               0x20003110   Data         224  mode_uart.o(.bss)
    UART3_Data                               0x200031f0   Data         224  mode_uart.o(.bss)
    UART4_Data                               0x200032d0   Data         224  mode_uart.o(.bss)
    CV_UART                                  0x200033b0   Data          24  mode_uart.o(.bss)
    API                                      0x200033c8   Data          20  api.o(.bss)
    __initial_sp                             0x200037e0   Data           0  startup_at32f415.o(STACK)



==============================================================================

Memory Map of the image

  Image Entry point : 0x08000171

  Load Region LR_IROM1 (Base: 0x08000000, Size: 0x0000b68c, Max: 0x00040000, ABSOLUTE, COMPRESSED[0x0000b5a4])

    Execution Region ER_IROM1 (Exec base: 0x08000000, Load base: 0x08000000, Size: 0x0000b47c, Max: 0x00040000, ABSOLUTE)

    Exec Addr    Load Addr    Size         Type   Attr      Idx    E Section Name        Object

    0x08000000   0x08000000   0x00000170   Data   RO         2147    RESET               startup_at32f415.o
    0x08000170   0x08000170   0x00000000   Code   RO         5756  * .ARM.Collect$$$$00000000  mc_w.l(entry.o)
    0x08000170   0x08000170   0x00000004   Code   RO         6050    .ARM.Collect$$$$00000001  mc_w.l(entry2.o)
    0x08000174   0x08000174   0x00000004   Code   RO         6053    .ARM.Collect$$$$00000004  mc_w.l(entry5.o)
    0x08000178   0x08000178   0x00000000   Code   RO         6055    .ARM.Collect$$$$00000008  mc_w.l(entry7b.o)
    0x08000178   0x08000178   0x00000000   Code   RO         6057    .ARM.Collect$$$$0000000A  mc_w.l(entry8b.o)
    0x08000178   0x08000178   0x00000008   Code   RO         6058    .ARM.Collect$$$$0000000B  mc_w.l(entry9a.o)
    0x08000180   0x08000180   0x00000004   Code   RO         6065    .ARM.Collect$$$$0000000E  mc_w.l(entry12b.o)
    0x08000184   0x08000184   0x00000000   Code   RO         6060    .ARM.Collect$$$$0000000F  mc_w.l(entry10a.o)
    0x08000184   0x08000184   0x00000000   Code   RO         6062    .ARM.Collect$$$$00000011  mc_w.l(entry11a.o)
    0x08000184   0x08000184   0x00000004   Code   RO         6051    .ARM.Collect$$$$00002712  mc_w.l(entry2.o)
    0x08000188   0x08000188   0x00000024   Code   RO         2148    .text               startup_at32f415.o
    0x080001ac   0x080001ac   0x00000062   Code   RO         5759    .text               mc_w.l(uldiv.o)
    0x0800020e   0x0800020e   0x00000024   Code   RO         5761    .text               mc_w.l(memcpya.o)
    0x08000232   0x08000232   0x00000024   Code   RO         5763    .text               mc_w.l(memseta.o)
    0x08000256   0x08000256   0x0000000e   Code   RO         5765    .text               mc_w.l(strlen.o)
    0x08000264   0x08000264   0x00000064   Code   RO         6032    .text               mf_w.l(fmul.o)
    0x080002c8   0x080002c8   0x0000007c   Code   RO         6034    .text               mf_w.l(fdiv.o)
    0x08000344   0x08000344   0x0000014e   Code   RO         6036    .text               mf_w.l(dadd.o)
    0x08000492   0x08000492   0x000000e4   Code   RO         6038    .text               mf_w.l(dmul.o)
    0x08000576   0x08000576   0x000000de   Code   RO         6040    .text               mf_w.l(ddiv.o)
    0x08000654   0x08000654   0x00000012   Code   RO         6042    .text               mf_w.l(fflti.o)
    0x08000666   0x08000666   0x0000000a   Code   RO         6044    .text               mf_w.l(ffltui.o)
    0x08000670   0x08000670   0x00000026   Code   RO         6046    .text               mf_w.l(f2d.o)
    0x08000696   0x08000696   0x00000038   Code   RO         6048    .text               mf_w.l(d2f.o)
    0x080006ce   0x080006ce   0x0000002c   Code   RO         6067    .text               mc_w.l(uidiv.o)
    0x080006fa   0x080006fa   0x0000001e   Code   RO         6069    .text               mc_w.l(llshl.o)
    0x08000718   0x08000718   0x00000020   Code   RO         6071    .text               mc_w.l(llushr.o)
    0x08000738   0x08000738   0x00000024   Code   RO         6073    .text               mc_w.l(llsshr.o)
    0x0800075c   0x0800075c   0x00000000   Code   RO         6084    .text               mc_w.l(iusefp.o)
    0x0800075c   0x0800075c   0x0000006e   Code   RO         6085    .text               mf_w.l(fepilogue.o)
    0x080007ca   0x080007ca   0x000000ba   Code   RO         6087    .text               mf_w.l(depilogue.o)
    0x08000884   0x08000884   0x00000024   Code   RO         6093    .text               mc_w.l(init.o)
    0x080008a8   0x080008a8   0x00000056   Code   RO         6116    .text               mc_w.l(__dczerorl2.o)
    0x080008fe   0x080008fe   0x00000002   PAD
    0x08000900   0x08000900   0x00000080   Code   RO          266    i.ADC1_DMA_Config   base_adc.o
    0x08000980   0x08000980   0x0000002c   Code   RO          267    i.ADC_Conversion_Vol  base_adc.o
    0x080009ac   0x080009ac   0x0000007c   Code   RO          268    i.ADC_GPIO_Init     base_adc.o
    0x08000a28   0x08000a28   0x00000050   Code   RO          269    i.ADC_Get_List      base_adc.o
    0x08000a78   0x08000a78   0x000000a0   Code   RO          270    i.ADC_Get_Temperature  base_adc.o
    0x08000b18   0x08000b18   0x000000fc   Code   RO          271    i.ADC_Start_Init    base_adc.o
    0x08000c14   0x08000c14   0x00000034   Code   RO         1896    i.API_Index         api.o
    0x08000c48   0x08000c48   0x00000004   Code   RO         2042    i.BusFault_Handler  at32f415_int.o
    0x08000c4c   0x08000c4c   0x00000018   Code   RO         1915    i.CRC16_CCITT_CalateByte  check_crc16.o
    0x08000c64   0x08000c64   0x00000024   Code   RO         1916    i.CRC16_CCITT_CalculateBuf  check_crc16.o
    0x08000c88   0x08000c88   0x0000001c   Code   RO          272    i.DMA1_Channel1_IRQHandler  base_adc.o
    0x08000ca4   0x08000ca4   0x0000003c   Code   RO         1698    i.DS18B20_Delay     ds18b20.o
    0x08000ce0   0x08000ce0   0x0000009c   Code   RO         1699    i.DS18B20_Get_Temp  ds18b20.o
    0x08000d7c   0x08000d7c   0x00000058   Code   RO          334    i.DS18B20_IO_Config  base_exist_gpio.o
    0x08000dd4   0x08000dd4   0x00000054   Code   RO         1700    i.DS18B20_Init      ds18b20.o
    0x08000e28   0x08000e28   0x0000008c   Code   RO         1701    i.DS18B20_Start     ds18b20.o
    0x08000eb4   0x08000eb4   0x00000002   Code   RO         2043    i.DebugMon_Handler  at32f415_int.o
    0x08000eb6   0x08000eb6   0x0000000e   Code   RO         1385    i.Debug_Out         mode.o
    0x08000ec4   0x08000ec4   0x0000001c   Code   RO         1941    i.Find_Data         data_handle.o
    0x08000ee0   0x08000ee0   0x00000094   Code   RO          399    i.Flash_Addr_Check  base_flash.o
    0x08000f74   0x08000f74   0x000000aa   Code   RO          402    i.Flash_Save_Area   base_flash.o
    0x0800101e   0x0800101e   0x00000002   PAD
    0x08001020   0x08001020   0x00000048   Code   RO          706    i.GET_SysTick       base_sys_time.o
    0x08001068   0x08001068   0x0000003e   Code   RO         1483    i.Get_Lose_Tiem     mode_time.o
    0x080010a6   0x080010a6   0x00000034   Code   RO         1549    i.Get_RXD           mode_uart.o
    0x080010da   0x080010da   0x00000002   PAD
    0x080010dc   0x080010dc   0x00000094   Code   RO         1484    i.Get_TIME          mode_time.o
    0x08001170   0x08001170   0x00000004   Code   RO         2044    i.HardFault_Handler  at32f415_int.o
    0x08001174   0x08001174   0x00000038   Code   RO         1979    i.Hourly_to_Seconds  time_handle.o
    0x080011ac   0x080011ac   0x0000003a   Code   RO         1752    i.LCD_Address_Set   lcd.o
    0x080011e6   0x080011e6   0x00000018   Code   RO         1753    i.LCD_Delay         lcd.o
    0x080011fe   0x080011fe   0x0000009e   Code   RO         1754    i.LCD_Draw_Circle   lcd.o
    0x0800129c   0x0800129c   0x000000ac   Code   RO         1755    i.LCD_Draw_Line     lcd.o
    0x08001348   0x08001348   0x0000001c   Code   RO         1756    i.LCD_Draw_Point    lcd.o
    0x08001364   0x08001364   0x0000004a   Code   RO         1757    i.LCD_Draw_Rectangle  lcd.o
    0x080013ae   0x080013ae   0x0000003e   Code   RO         1758    i.LCD_Fill          lcd.o
    0x080013ec   0x080013ec   0x00000060   Code   RO          338    i.LCD_GPIO_Init     base_exist_gpio.o
    0x0800144c   0x0800144c   0x000001b0   Code   RO         1759    i.LCD_Init          lcd.o
    0x080015fc   0x080015fc   0x00000138   Code   RO         1761    i.LCD_Show_Char     lcd.o
    0x08001734   0x08001734   0x00000058   Code   RO         1762    i.LCD_Show_Chinese  lcd.o
    0x0800178c   0x0800178c   0x00000008   Code   RO         1763    i.LCD_Show_Chinese24x24  lcd.o
    0x08001794   0x08001794   0x00000008   Code   RO         1764    i.LCD_Show_Chinese32x32  lcd.o
    0x0800179c   0x0800179c   0x00000066   Code   RO         1765    i.LCD_Show_Picture  lcd.o
    0x08001802   0x08001802   0x0000006e   Code   RO         1766    i.LCD_Show_String   lcd.o
    0x08001870   0x08001870   0x00000034   Code   RO         1767    i.LCD_WR_CMD        lcd.o
    0x080018a4   0x080018a4   0x00000022   Code   RO         1768    i.LCD_WR_DATA       lcd.o
    0x080018c6   0x080018c6   0x0000001c   Code   RO         1769    i.LCD_WR_DATA8      lcd.o
    0x080018e2   0x080018e2   0x0000000c   Code   RO         1770    i.LCD_Writ_Bus      lcd.o
    0x080018ee   0x080018ee   0x00000002   PAD
    0x080018f0   0x080018f0   0x00000090   Code   RO          339    i.LED_GPIO_Init     base_exist_gpio.o
    0x08001980   0x08001980   0x00000014   Code   RO         1328    i.LED_Init          led.o
    0x08001994   0x08001994   0x0000002e   Code   RO         1329    i.LED_REG           led.o
    0x080019c2   0x080019c2   0x00000002   PAD
    0x080019c4   0x080019c4   0x00000040   Code   RO         1330    i.LED_SET           led.o
    0x08001a04   0x08001a04   0x0000019c   Code   RO            4    i.Main_Init         main.o
    0x08001ba0   0x08001ba0   0x00000004   Code   RO         2045    i.MemManage_Handler  at32f415_int.o
    0x08001ba4   0x08001ba4   0x00000048   Code   RO         1386    i.Mode_Index        mode.o
    0x08001bec   0x08001bec   0x000000ec   Code   RO         1387    i.Mode_User_index   mode.o
    0x08001cd8   0x08001cd8   0x00000002   Code   RO         2046    i.NMI_Handler       at32f415_int.o
    0x08001cda   0x08001cda   0x00000002   PAD
    0x08001cdc   0x08001cdc   0x00000010   Code   RO          856    i.OTGFS1_IRQHandler  usb_user.o
    0x08001cec   0x08001cec   0x0000000c   Code   RO          857    i.OTGFS1_WKUP_IRQHandler  usb_user.o
    0x08001cf8   0x08001cf8   0x000000d4   Code   RO         1980    i.Over_Time         time_handle.o
    0x08001dcc   0x08001dcc   0x00000002   Code   RO         2047    i.PendSV_Handler    at32f415_int.o
    0x08001dce   0x08001dce   0x00000002   PAD
    0x08001dd0   0x08001dd0   0x0000006c   Code   RO         1702    i.Read_Byte         ds18b20.o
    0x08001e3c   0x08001e3c   0x00000044   Code   RO          707    i.SET_SysTick       base_sys_time.o
    0x08001e80   0x08001e80   0x0000003c   Code   RO          610    i.SPI1_IRQHandler   base_spi.o
    0x08001ebc   0x08001ebc   0x0000009c   Code   RO          612    i.SPI2_GPIO_Init    base_spi.o
    0x08001f58   0x08001f58   0x0000001c   Code   RO          613    i.SPI2_IRQHandler   base_spi.o
    0x08001f74   0x08001f74   0x0000003c   Code   RO          614    i.SPI_CS_Set        base_spi.o
    0x08001fb0   0x08001fb0   0x00000034   Code   RO          618    i.SPI_Send_DATA     base_spi.o
    0x08001fe4   0x08001fe4   0x00000094   Code   RO          620    i.SPI_Start_Init    base_spi.o
    0x08002078   0x08002078   0x00000002   Code   RO         2048    i.SVC_Handler       at32f415_int.o
    0x0800207a   0x0800207a   0x00000018   Code   RO          708    i.SYS_Delay_S       base_sys_time.o
    0x08002092   0x08002092   0x00000002   PAD
    0x08002094   0x08002094   0x00000078   Code   RO          709    i.SYS_Delay_ms      base_sys_time.o
    0x0800210c   0x0800210c   0x00000078   Code   RO          710    i.SYS_Delay_us      base_sys_time.o
    0x08002184   0x08002184   0x0000004e   Code   RO         1981    i.Seconds_to_Hourly  time_handle.o
    0x080021d2   0x080021d2   0x00000002   PAD
    0x080021d4   0x080021d4   0x00000024   Code   RO         1485    i.Set_TIME          mode_time.o
    0x080021f8   0x080021f8   0x00000010   Code   RO          711    i.SysTick_Handler   base_sys_time.o
    0x08002208   0x08002208   0x00000048   Code   RO         1486    i.Sys_Clock_Init    mode_time.o
    0x08002250   0x08002250   0x000000d4   Code   RO          712    i.Sys_Time_Init     base_sys_time.o
    0x08002324   0x08002324   0x0000009c   Code   RO         2111    i.SystemInit        system_at32f415.o
    0x080023c0   0x080023c0   0x00000078   Code   RO          539    i.TIM4_PWM_GPIO_Init  base_pwm.o
    0x08002438   0x08002438   0x000000f0   Code   RO          540    i.TIM4_PWM_Start_Init  base_pwm.o
    0x08002528   0x08002528   0x00000054   Code   RO          541    i.TIM4_PWMx_SetValue  base_pwm.o
    0x0800257c   0x0800257c   0x00000060   Code   RO          776    i.UART_RXD_Flag     base_uart.o
    0x080025dc   0x080025dc   0x0000005c   Code   RO          777    i.UART_RXD_Flag_Clear  base_uart.o
    0x08002638   0x08002638   0x0000005c   Code   RO          778    i.UART_RXD_Receive  base_uart.o
    0x08002694   0x08002694   0x00000036   Code   RO         1550    i.UART_Send_Data    mode_uart.o
    0x080026ca   0x080026ca   0x0000001a   Code   RO         1551    i.UART_Send_String  mode_uart.o
    0x080026e4   0x080026e4   0x0000006c   Code   RO          779    i.UART_TXD_Send     base_uart.o
    0x08002750   0x08002750   0x0000002c   Code   RO         1552    i.USART1_IRQHandler  mode_uart.o
    0x0800277c   0x0800277c   0x0000002c   Code   RO         1553    i.USART2_IRQHandler  mode_uart.o
    0x080027a8   0x080027a8   0x0000002c   Code   RO         1554    i.USART3_IRQHandler  mode_uart.o
    0x080027d4   0x080027d4   0x00000054   Code   RO          861    i.USB_User_init     usb_user.o
    0x08002828   0x08002828   0x000000dc   Code   RO          780    i.Uart1_Init        base_uart.o
    0x08002904   0x08002904   0x000000d8   Code   RO          781    i.Uart2_Init        base_uart.o
    0x080029dc   0x080029dc   0x000000f4   Code   RO          782    i.Uart3_Init        base_uart.o
    0x08002ad0   0x08002ad0   0x000000dc   Code   RO          783    i.Uart4_Init        base_uart.o
    0x08002bac   0x08002bac   0x0000007c   Code   RO         1556    i.Uart_Init         mode_uart.o
    0x08002c28   0x08002c28   0x00000004   Code   RO         2049    i.UsageFault_Handler  at32f415_int.o
    0x08002c2c   0x08002c2c   0x00000014   Code   RO         1331    i.WS2812_Delay      led.o
    0x08002c40   0x08002c40   0x00000060   Code   RO         1333    i.WS2812_write_byte  led.o
    0x08002ca0   0x08002ca0   0x0000006c   Code   RO         1703    i.Write_Byte        ds18b20.o
    0x08002d0c   0x08002d0c   0x00000020   Code   RO         5860    i.__0printf$3       mc_w.l(printf3.o)
    0x08002d2c   0x08002d2c   0x0000000e   Code   RO         6110    i.__scatterload_copy  mc_w.l(handlers.o)
    0x08002d3a   0x08002d3a   0x00000002   Code   RO         6111    i.__scatterload_null  mc_w.l(handlers.o)
    0x08002d3c   0x08002d3c   0x0000000e   Code   RO         6112    i.__scatterload_zeroinit  mc_w.l(handlers.o)
    0x08002d4a   0x08002d4a   0x00000002   PAD
    0x08002d4c   0x08002d4c   0x000001b8   Code   RO         5867    i._printf_core      mc_w.l(printf3.o)
    0x08002f04   0x08002f04   0x0000002c   Code   RO         2155    i.adc_base_config   at32f415_adc.o
    0x08002f30   0x08002f30   0x0000000e   Code   RO         2156    i.adc_base_default_para_init  at32f415_adc.o
    0x08002f3e   0x08002f3e   0x0000000c   Code   RO         2157    i.adc_calibration_init  at32f415_adc.o
    0x08002f4a   0x08002f4a   0x00000012   Code   RO         2158    i.adc_calibration_init_status_get  at32f415_adc.o
    0x08002f5c   0x08002f5c   0x0000000c   Code   RO         2159    i.adc_calibration_start  at32f415_adc.o
    0x08002f68   0x08002f68   0x00000012   Code   RO         2160    i.adc_calibration_status_get  at32f415_adc.o
    0x08002f7a   0x08002f7a   0x0000000a   Code   RO         2161    i.adc_dma_mode_enable  at32f415_adc.o
    0x08002f84   0x08002f84   0x0000000a   Code   RO         2162    i.adc_enable        at32f415_adc.o
    0x08002f8e   0x08002f8e   0x00000194   Code   RO         2166    i.adc_ordinary_channel_set  at32f415_adc.o
    0x08003122   0x08003122   0x00000034   Code   RO         2168    i.adc_ordinary_conversion_trigger_set  at32f415_adc.o
    0x08003156   0x08003156   0x0000000a   Code   RO         2171    i.adc_ordinary_software_trigger_enable  at32f415_adc.o
    0x08003160   0x08003160   0x00000014   Code   RO         2183    i.adc_tempersensor_vintrv_enable  at32f415_adc.o
    0x08003174   0x08003174   0x000000f0   Code   RO          957    i.cdc_class_setup_handler  cdc_keyboard_class.o
    0x08003264   0x08003264   0x00000024   Code   RO          958    i.class_clear_handler  cdc_keyboard_class.o
    0x08003288   0x08003288   0x0000002c   Code   RO          959    i.class_ept0_rx_handler  cdc_keyboard_class.o
    0x080032b4   0x080032b4   0x00000006   Code   RO          960    i.class_ept0_tx_handler  cdc_keyboard_class.o
    0x080032ba   0x080032ba   0x0000001e   Code   RO          961    i.class_event_handler  cdc_keyboard_class.o
    0x080032d8   0x080032d8   0x00000028   Code   RO          962    i.class_in_handler  cdc_keyboard_class.o
    0x08003300   0x08003300   0x00000050   Code   RO          963    i.class_init_handler  cdc_keyboard_class.o
    0x08003350   0x08003350   0x0000002a   Code   RO          964    i.class_out_handler  cdc_keyboard_class.o
    0x0800337a   0x0800337a   0x000000ba   Code   RO          965    i.class_setup_handler  cdc_keyboard_class.o
    0x08003434   0x08003434   0x00000006   Code   RO          966    i.class_sof_handler  cdc_keyboard_class.o
    0x0800343a   0x0800343a   0x00000002   PAD
    0x0800343c   0x0800343c   0x00000020   Code   RO         2665    i.crm_adc_clock_div_set  at32f415_crm.o
    0x0800345c   0x0800345c   0x00000014   Code   RO         2666    i.crm_ahb_div_set   at32f415_crm.o
    0x08003470   0x08003470   0x00000014   Code   RO         2667    i.crm_apb1_div_set  at32f415_crm.o
    0x08003484   0x08003484   0x00000014   Code   RO         2668    i.crm_apb2_div_set  at32f415_crm.o
    0x08003498   0x08003498   0x00000028   Code   RO         2669    i.crm_auto_step_mode_enable  at32f415_crm.o
    0x080034c0   0x080034c0   0x00000060   Code   RO         2674    i.crm_clock_source_enable  at32f415_crm.o
    0x08003520   0x08003520   0x000001ac   Code   RO         2675    i.crm_clocks_freq_get  at32f415_crm.o
    0x080036cc   0x080036cc   0x00000030   Code   RO         2679    i.crm_flag_get      at32f415_crm.o
    0x080036fc   0x080036fc   0x00000014   Code   RO         2684    i.crm_hick_divider_select  at32f415_crm.o
    0x08003710   0x08003710   0x0000001c   Code   RO         2685    i.crm_hick_sclk_frequency_select  at32f415_crm.o
    0x0800372c   0x0800372c   0x00000044   Code   RO         2689    i.crm_periph_clock_enable  at32f415_crm.o
    0x08003770   0x08003770   0x00000044   Code   RO         2690    i.crm_periph_reset  at32f415_crm.o
    0x080037b4   0x080037b4   0x00000108   Code   RO         2692    i.crm_pll_config    at32f415_crm.o
    0x080038bc   0x080038bc   0x00000064   Code   RO         2694    i.crm_reset         at32f415_crm.o
    0x08003920   0x08003920   0x00000014   Code   RO         2695    i.crm_sysclk_switch  at32f415_crm.o
    0x08003934   0x08003934   0x00000010   Code   RO         2696    i.crm_sysclk_switch_status_get  at32f415_crm.o
    0x08003944   0x08003944   0x00000020   Code   RO         2697    i.crm_usb_clock_div_set  at32f415_crm.o
    0x08003964   0x08003964   0x00000020   Code   RO         2698    i.crm_usb_clock_source_select  at32f415_crm.o
    0x08003984   0x08003984   0x0000000a   Code   RO         2924    i.dma_channel_enable  at32f415_dma.o
    0x0800398e   0x0800398e   0x00000018   Code   RO         2927    i.dma_default_para_init  at32f415_dma.o
    0x080039a6   0x080039a6   0x00000002   PAD
    0x080039a8   0x080039a8   0x00000020   Code   RO         2928    i.dma_flag_clear    at32f415_dma.o
    0x080039c8   0x080039c8   0x0000002c   Code   RO         2929    i.dma_flag_get      at32f415_dma.o
    0x080039f4   0x080039f4   0x0000005c   Code   RO         2931    i.dma_init          at32f415_dma.o
    0x08003a50   0x08003a50   0x00000012   Code   RO         2932    i.dma_interrupt_enable  at32f415_dma.o
    0x08003a62   0x08003a62   0x00000002   PAD
    0x08003a64   0x08003a64   0x00000070   Code   RO         2933    i.dma_reset         at32f415_dma.o
    0x08003ad4   0x08003ad4   0x0000000e   Code   RO         3344    i.exint_default_para_init  at32f415_exint.o
    0x08003ae2   0x08003ae2   0x00000002   PAD
    0x08003ae4   0x08003ae4   0x0000000c   Code   RO         3346    i.exint_flag_clear  at32f415_exint.o
    0x08003af0   0x08003af0   0x00000098   Code   RO         3348    i.exint_init        at32f415_exint.o
    0x08003b88   0x08003b88   0x00000038   Code   RO         3411    i.flash_byte_program  at32f415_flash.o
    0x08003bc0   0x08003bc0   0x0000000c   Code   RO         3422    i.flash_flag_clear  at32f415_flash.o
    0x08003bcc   0x08003bcc   0x00000014   Code   RO         3427    i.flash_lock        at32f415_flash.o
    0x08003be0   0x08003be0   0x00000034   Code   RO         3428    i.flash_operation_status_get  at32f415_flash.o
    0x08003c14   0x08003c14   0x00000024   Code   RO         3429    i.flash_operation_wait_for  at32f415_flash.o
    0x08003c38   0x08003c38   0x00000040   Code   RO         3430    i.flash_sector_erase  at32f415_flash.o
    0x08003c78   0x08003c78   0x00000018   Code   RO         3439    i.flash_unlock      at32f415_flash.o
    0x08003c90   0x08003c90   0x00000012   Code   RO          785    i.fputc             base_uart.o
    0x08003ca2   0x08003ca2   0x00000002   PAD
    0x08003ca4   0x08003ca4   0x00000044   Code   RO         1072    i.get_device_config_string  cdc_keyboard_desc.o
    0x08003ce8   0x08003ce8   0x00000008   Code   RO         1073    i.get_device_configuration  cdc_keyboard_desc.o
    0x08003cf0   0x08003cf0   0x00000008   Code   RO         1074    i.get_device_descriptor  cdc_keyboard_desc.o
    0x08003cf8   0x08003cf8   0x00000030   Code   RO         1075    i.get_device_interface_string  cdc_keyboard_desc.o
    0x08003d28   0x08003d28   0x00000008   Code   RO         1076    i.get_device_lang_id  cdc_keyboard_desc.o
    0x08003d30   0x08003d30   0x00000028   Code   RO         1077    i.get_device_manufacturer_string  cdc_keyboard_desc.o
    0x08003d58   0x08003d58   0x00000004   Code   RO         1078    i.get_device_other_speed  cdc_keyboard_desc.o
    0x08003d5c   0x08003d5c   0x00000034   Code   RO         1079    i.get_device_product_string  cdc_keyboard_desc.o
    0x08003d90   0x08003d90   0x00000004   Code   RO         1080    i.get_device_qualifier  cdc_keyboard_desc.o
    0x08003d94   0x08003d94   0x00000010   Code   RO         1081    i.get_device_serial_string  cdc_keyboard_desc.o
    0x08003da4   0x08003da4   0x00000034   Code   RO         1082    i.get_serial_num    cdc_keyboard_desc.o
    0x08003dd8   0x08003dd8   0x00000016   Code   RO         3630    i.gpio_default_para_init  at32f415_gpio.o
    0x08003dee   0x08003dee   0x000000a8   Code   RO         3634    i.gpio_init         at32f415_gpio.o
    0x08003e96   0x08003e96   0x00000012   Code   RO         3635    i.gpio_input_data_bit_read  at32f415_gpio.o
    0x08003ea8   0x08003ea8   0x0000004c   Code   RO         3640    i.gpio_pin_remap_config  at32f415_gpio.o
    0x08003ef4   0x08003ef4   0x000000f0   Code   RO          968    i.keyboard_class_setup_handler  cdc_keyboard_class.o
    0x08003fe4   0x08003fe4   0x00000124   Code   RO            5    i.main              main.o
    0x08004108   0x08004108   0x000000c8   Code   RO         3946    i.nvic_irq_enable   at32f415_misc.o
    0x080041d0   0x080041d0   0x00000028   Code   RO         3948    i.nvic_priority_group_config  at32f415_misc.o
    0x080041f8   0x080041f8   0x00000016   Code   RO         4287    i.spi_default_para_init  at32f415_spi.o
    0x0800420e   0x0800420e   0x0000000a   Code   RO         4288    i.spi_enable        at32f415_spi.o
    0x08004218   0x08004218   0x00000004   Code   RO         4293    i.spi_i2s_data_transmit  at32f415_spi.o
    0x0800421c   0x0800421c   0x00000010   Code   RO         4297    i.spi_i2s_flag_get  at32f415_spi.o
    0x0800422c   0x0800422c   0x00000012   Code   RO         4298    i.spi_i2s_interrupt_enable  at32f415_spi.o
    0x0800423e   0x0800423e   0x00000002   PAD
    0x08004240   0x08004240   0x00000040   Code   RO         4299    i.spi_i2s_reset     at32f415_spi.o
    0x08004280   0x08004280   0x00000124   Code   RO         4300    i.spi_init          at32f415_spi.o
    0x080043a4   0x080043a4   0x00000008   Code   RO         2006    i.system_clock_config  at32f415_clock.o
    0x080043ac   0x080043ac   0x00000084   Code   RO         2007    i.system_clock_hext_config  at32f415_clock.o
    0x08004430   0x08004430   0x00000154   Code   RO         2112    i.system_core_clock_update  system_at32f415.o
    0x08004584   0x08004584   0x00000028   Code   RO         3951    i.systick_clock_source_config  at32f415_misc.o
    0x080045ac   0x080045ac   0x00000010   Code   RO         4436    i.tmr_base_init     at32f415_tmr.o
    0x080045bc   0x080045bc   0x00000028   Code   RO         4444    i.tmr_channel_value_set  at32f415_tmr.o
    0x080045e4   0x080045e4   0x0000000a   Code   RO         4446    i.tmr_cnt_dir_set   at32f415_tmr.o
    0x080045ee   0x080045ee   0x0000000a   Code   RO         4447    i.tmr_counter_enable  at32f415_tmr.o
    0x080045f8   0x080045f8   0x000001a0   Code   RO         4471    i.tmr_output_channel_config  at32f415_tmr.o
    0x08004798   0x08004798   0x00000012   Code   RO         4476    i.tmr_output_default_para_init  at32f415_tmr.o
    0x080047aa   0x080047aa   0x0000000a   Code   RO         4477    i.tmr_output_enable  at32f415_tmr.o
    0x080047b4   0x080047b4   0x000000f4   Code   RO         4486    i.tmr_reset         at32f415_tmr.o
    0x080048a8   0x080048a8   0x00000008   Code   RO         4787    i.usart_data_receive  at32f415_usart.o
    0x080048b0   0x080048b0   0x00000008   Code   RO         4788    i.usart_data_transmit  at32f415_usart.o
    0x080048b8   0x080048b8   0x0000000a   Code   RO         4791    i.usart_enable      at32f415_usart.o
    0x080048c2   0x080048c2   0x00000012   Code   RO         4792    i.usart_flag_clear  at32f415_usart.o
    0x080048d4   0x080048d4   0x00000010   Code   RO         4793    i.usart_flag_get    at32f415_usart.o
    0x080048e4   0x080048e4   0x0000006c   Code   RO         4795    i.usart_init        at32f415_usart.o
    0x08004950   0x08004950   0x00000036   Code   RO         4796    i.usart_interrupt_enable  at32f415_usart.o
    0x08004986   0x08004986   0x0000004c   Code   RO         4801    i.usart_parity_selection_config  at32f415_usart.o
    0x080049d2   0x080049d2   0x0000000a   Code   RO         4802    i.usart_receiver_enable  at32f415_usart.o
    0x080049dc   0x080049dc   0x00000094   Code   RO         4804    i.usart_reset       at32f415_usart.o
    0x08004a70   0x08004a70   0x0000000a   Code   RO         4809    i.usart_transmitter_enable  at32f415_usart.o
    0x08004a7a   0x08004a7a   0x00000002   PAD
    0x08004a7c   0x08004a7c   0x00000070   Code   RO          863    i.usb_clock48m_select  usb_user.o
    0x08004aec   0x08004aec   0x00000012   Code   RO         4975    i.usb_connect       at32f415_usb.o
    0x08004afe   0x08004afe   0x00000042   Code   RO         5371    i.usb_core_config   usb_core.o
    0x08004b40   0x08004b40   0x0000000c   Code   RO         5401    i.usb_delay_ms      usbd_core.o
    0x08004b4c   0x08004b4c   0x00000014   Code   RO         4976    i.usb_disconnect    at32f415_usb.o
    0x08004b60   0x08004b60   0x00000022   Code   RO         4977    i.usb_ept0_setup    at32f415_usb.o
    0x08004b82   0x08004b82   0x0000002c   Code   RO         4978    i.usb_ept0_start    at32f415_usb.o
    0x08004bae   0x08004bae   0x00000092   Code   RO         4979    i.usb_ept_clear_stall  at32f415_usb.o
    0x08004c40   0x08004c40   0x00000064   Code   RO         4980    i.usb_ept_close     at32f415_usb.o
    0x08004ca4   0x08004ca4   0x000000fa   Code   RO         5402    i.usb_ept_default_init  usbd_core.o
    0x08004d9e   0x08004d9e   0x0000000c   Code   RO         4981    i.usb_ept_in_clear  at32f415_usb.o
    0x08004daa   0x08004daa   0x0000002c   Code   RO         4982    i.usb_ept_in_interrupt  at32f415_usb.o
    0x08004dd6   0x08004dd6   0x000001a0   Code   RO         4983    i.usb_ept_open      at32f415_usb.o
    0x08004f76   0x08004f76   0x0000000c   Code   RO         4984    i.usb_ept_out_clear  at32f415_usb.o
    0x08004f82   0x08004f82   0x00000016   Code   RO         4985    i.usb_ept_out_interrupt  at32f415_usb.o
    0x08004f98   0x08004f98   0x00000092   Code   RO         4986    i.usb_ept_stall     at32f415_usb.o
    0x0800502a   0x0800502a   0x00000002   PAD
    0x0800502c   0x0800502c   0x0000002c   Code   RO         4987    i.usb_flush_rx_fifo  at32f415_usb.o
    0x08005058   0x08005058   0x00000038   Code   RO         4988    i.usb_flush_tx_fifo  at32f415_usb.o
    0x08005090   0x08005090   0x00000012   Code   RO         4989    i.usb_get_all_in_interrupt  at32f415_usb.o
    0x080050a2   0x080050a2   0x00000012   Code   RO         4990    i.usb_get_all_out_interrupt  at32f415_usb.o
    0x080050b4   0x080050b4   0x00000004   Code   RO         4991    i.usb_global_clear_interrupt  at32f415_usb.o
    0x080050b8   0x080050b8   0x0000000a   Code   RO         4992    i.usb_global_get_all_interrupt  at32f415_usb.o
    0x080050c2   0x080050c2   0x00000030   Code   RO         4993    i.usb_global_init   at32f415_usb.o
    0x080050f2   0x080050f2   0x00000014   Code   RO         4994    i.usb_global_interrupt_enable  at32f415_usb.o
    0x08005106   0x08005106   0x00000002   PAD
    0x08005108   0x08005108   0x0000004c   Code   RO         4996    i.usb_global_reset  at32f415_usb.o
    0x08005154   0x08005154   0x00000008   Code   RO         4997    i.usb_global_select_core  at32f415_usb.o
    0x0800515c   0x0800515c   0x00000044   Code   RO         4998    i.usb_global_set_mode  at32f415_usb.o
    0x080051a0   0x080051a0   0x00000054   Code   RO          864    i.usb_gpio_config   usb_user.o
    0x080051f4   0x080051f4   0x0000000a   Code   RO         5003    i.usb_interrupt_disable  at32f415_usb.o
    0x080051fe   0x080051fe   0x0000000c   Code   RO         5004    i.usb_interrupt_enable  at32f415_usb.o
    0x0800520a   0x0800520a   0x00000032   Code   RO          865    i.usb_low_power_wakeup_config  usb_user.o
    0x0800523c   0x0800523c   0x0000000e   Code   RO         5005    i.usb_open_phy_clk  at32f415_usb.o
    0x0800524a   0x0800524a   0x0000002a   Code   RO         5007    i.usb_read_packet   at32f415_usb.o
    0x08005274   0x08005274   0x0000000e   Code   RO         5010    i.usb_set_address   at32f415_usb.o
    0x08005282   0x08005282   0x00000004   Code   RO         5011    i.usb_set_rx_fifo   at32f415_usb.o
    0x08005286   0x08005286   0x00000042   Code   RO         5012    i.usb_set_tx_fifo   at32f415_usb.o
    0x080052c8   0x080052c8   0x00000010   Code   RO         5013    i.usb_stop_phy_clk  at32f415_usb.o
    0x080052d8   0x080052d8   0x0000000e   Code   RO         5014    i.usb_suspend_status_get  at32f415_usb.o
    0x080052e6   0x080052e6   0x00000098   Code   RO         5578    i.usb_write_empty_txfifo  usbd_int.o
    0x0800537e   0x0800537e   0x00000030   Code   RO         5015    i.usb_write_packet  at32f415_usb.o
    0x080053ae   0x080053ae   0x00000054   Code   RO         5677    i.usbd_clear_feature  usbd_sdr.o
    0x08005402   0x08005402   0x0000004a   Code   RO         5403    i.usbd_clear_stall  usbd_core.o
    0x0800544c   0x0800544c   0x0000000c   Code   RO         5404    i.usbd_connect      usbd_core.o
    0x08005458   0x08005458   0x000000c2   Code   RO         5406    i.usbd_core_in_handler  usbd_core.o
    0x0800551a   0x0800551a   0x00000002   PAD
    0x0800551c   0x0800551c   0x00000158   Code   RO         5407    i.usbd_core_init    usbd_core.o
    0x08005674   0x08005674   0x00000080   Code   RO         5408    i.usbd_core_out_handler  usbd_core.o
    0x080056f4   0x080056f4   0x00000054   Code   RO         5409    i.usbd_core_setup_handler  usbd_core.o
    0x08005748   0x08005748   0x00000024   Code   RO         5410    i.usbd_ctrl_recv    usbd_core.o
    0x0800576c   0x0800576c   0x00000018   Code   RO         5411    i.usbd_ctrl_recv_status  usbd_core.o
    0x08005784   0x08005784   0x00000028   Code   RO         5412    i.usbd_ctrl_send    usbd_core.o
    0x080057ac   0x080057ac   0x00000018   Code   RO         5413    i.usbd_ctrl_send_status  usbd_core.o
    0x080057c4   0x080057c4   0x00000016   Code   RO         5414    i.usbd_ctrl_unsupport  usbd_core.o
    0x080057da   0x080057da   0x00000080   Code   RO         5678    i.usbd_device_request  usbd_sdr.o
    0x0800585a   0x0800585a   0x0000000c   Code   RO         5415    i.usbd_disconnect   usbd_core.o
    0x08005866   0x08005866   0x0000015c   Code   RO         5679    i.usbd_endpoint_request  usbd_sdr.o
    0x080059c2   0x080059c2   0x00000016   Code   RO         5416    i.usbd_enter_suspend  usbd_core.o
    0x080059d8   0x080059d8   0x00000046   Code   RO         5580    i.usbd_enumdone_handler  usbd_int.o
    0x08005a1e   0x08005a1e   0x00000040   Code   RO         5417    i.usbd_ept_close    usbd_core.o
    0x08005a5e   0x08005a5e   0x0000005a   Code   RO         5418    i.usbd_ept_open     usbd_core.o
    0x08005ab8   0x08005ab8   0x00000114   Code   RO         5419    i.usbd_ept_recv     usbd_core.o
    0x08005bcc   0x08005bcc   0x0000012a   Code   RO         5420    i.usbd_ept_send     usbd_core.o
    0x08005cf6   0x08005cf6   0x0000003e   Code   RO         5421    i.usbd_fifo_alloc   usbd_core.o
    0x08005d34   0x08005d34   0x00000056   Code   RO         5680    i.usbd_get_configuration  usbd_sdr.o
    0x08005d8a   0x08005d8a   0x000000f2   Code   RO         5681    i.usbd_get_descriptor  usbd_sdr.o
    0x08005e7c   0x08005e7c   0x0000001c   Code   RO         5423    i.usbd_get_recv_len  usbd_core.o
    0x08005e98   0x08005e98   0x00000044   Code   RO         5682    i.usbd_get_status   usbd_sdr.o
    0x08005edc   0x08005edc   0x00000016   Code   RO         5581    i.usbd_incomisioin_handler  usbd_int.o
    0x08005ef2   0x08005ef2   0x00000016   Code   RO         5582    i.usbd_incomisoout_handler  usbd_int.o
    0x08005f08   0x08005f08   0x000000ac   Code   RO         5583    i.usbd_inept_handler  usbd_int.o
    0x08005fb4   0x08005fb4   0x00000068   Code   RO         5372    i.usbd_init         usb_core.o
    0x0800601c   0x0800601c   0x0000003e   Code   RO         1083    i.usbd_int_to_unicode  cdc_keyboard_desc.o
    0x0800605a   0x0800605a   0x00000038   Code   RO         5683    i.usbd_interface_request  usbd_sdr.o
    0x08006092   0x08006092   0x000000ea   Code   RO         5584    i.usbd_irq_handler  usbd_int.o
    0x0800617c   0x0800617c   0x00000092   Code   RO         5585    i.usbd_outept_handler  usbd_int.o
    0x0800620e   0x0800620e   0x000000b4   Code   RO         5586    i.usbd_reset_handler  usbd_int.o
    0x080062c2   0x080062c2   0x00000082   Code   RO         5587    i.usbd_rxflvl_handler  usbd_int.o
    0x08006344   0x08006344   0x00000052   Code   RO         5684    i.usbd_set_address  usbd_sdr.o
    0x08006396   0x08006396   0x00000002   PAD
    0x08006398   0x08006398   0x000000c8   Code   RO         5685    i.usbd_set_configuration  usbd_sdr.o
    0x08006460   0x08006460   0x0000002a   Code   RO         5686    i.usbd_set_feature  usbd_sdr.o
    0x0800648a   0x0800648a   0x0000004a   Code   RO         5426    i.usbd_set_stall    usbd_core.o
    0x080064d4   0x080064d4   0x00000028   Code   RO         5687    i.usbd_setup_request_parse  usbd_sdr.o
    0x080064fc   0x080064fc   0x00000014   Code   RO         5588    i.usbd_sof_handler  usbd_int.o
    0x08006510   0x08006510   0x00000038   Code   RO         5589    i.usbd_suspend_handler  usbd_int.o
    0x08006548   0x08006548   0x0000003c   Code   RO         1084    i.usbd_unicode_convert  cdc_keyboard_desc.o
    0x08006584   0x08006584   0x00000036   Code   RO         5590    i.usbd_wakeup_handler  usbd_int.o
    0x080065ba   0x080065ba   0x00000002   PAD
    0x080065bc   0x080065bc   0x00001ce8   Data   RO            7    .constdata          main.o
    0x080082a4   0x080082a4   0x00002f80   Data   RO         1772    .constdata          lcd.o
    0x0800b224   0x0800b224   0x00000200   Data   RO         1917    .constdata          check_crc16.o
    0x0800b424   0x0800b424   0x00000010   Data   RO         2113    .constdata          system_at32f415.o
    0x0800b434   0x0800b434   0x00000028   Data   RO         2700    .constdata          at32f415_crm.o
    0x0800b45c   0x0800b45c   0x00000020   Data   RO         6108    Region$$Table       anon$$obj.o


    Execution Region RW_IRAM1 (Exec base: 0x20000000, Load base: 0x0800b47c, Size: 0x000037e0, Max: 0x00008000, ABSOLUTE, COMPRESSED[0x00000128])

    Exec Addr    Load Addr    Size         Type   Attr      Idx    E Section Name        Object

    0x20000000   COMPRESSED   0x00000020   Data   RW            8    .data               main.o
    0x20000020   COMPRESSED   0x0000000e   Data   RW          274    .data               base_adc.o
    0x2000002e   COMPRESSED   0x00000002   PAD
    0x20000030   COMPRESSED   0x00000006   Data   RW          621    .data               base_spi.o
    0x20000036   COMPRESSED   0x00000002   PAD
    0x20000038   COMPRESSED   0x00000014   Data   RW          713    .data               base_sys_time.o
    0x2000004c   COMPRESSED   0x00000004   Data   RW          786    .data               base_uart.o
    0x20000050   COMPRESSED   0x00000031   Data   RW          975    .data               cdc_keyboard_class.o
    0x20000081   COMPRESSED   0x00000003   PAD
    0x20000084   COMPRESSED   0x00000144   Data   RW         1086    .data               cdc_keyboard_desc.o
    0x200001c8   COMPRESSED   0x00000020   Data   RW         1487    .data               mode_time.o
    0x200001e8   COMPRESSED   0x00000018   Data   RW         1704    .data               ds18b20.o
    0x20000200   COMPRESSED   0x00000002   Data   RW         1773    .data               lcd.o
    0x20000202   COMPRESSED   0x00000002   PAD
    0x20000204   COMPRESSED   0x00000004   Data   RW         2114    .data               system_at32f415.o
    0x20000208   COMPRESSED   0x00000001   Data   RW         5688    .data               usbd_sdr.o
    0x20000209   COMPRESSED   0x00000003   PAD
    0x2000020c   COMPRESSED   0x00000004   Data   RW         6066    .data               mc_w.l(stdout.o)
    0x20000210        -       0x00002a28   Zero   RW            6    .bss                main.o
    0x20002c38        -       0x00000028   Zero   RW          273    .bss                base_adc.o
    0x20002c60        -       0x000001a4   Zero   RW          866    .bss                usb_user.o
    0x20002e04        -       0x000000a8   Zero   RW          973    .bss                cdc_keyboard_class.o
    0x20002eac        -       0x00000100   Zero   RW         1085    .bss                cdc_keyboard_desc.o
    0x20002fac        -       0x00000084   Zero   RW         1388    .bss                mode.o
    0x20003030        -       0x00000398   Zero   RW         1557    .bss                mode_uart.o
    0x200033c8        -       0x00000014   Zero   RW         1897    .bss                api.o
    0x200033dc   COMPRESSED   0x00000004   PAD
    0x200033e0        -       0x00000400   Zero   RW         2145    STACK               startup_at32f415.o


==============================================================================

Image component sizes


      Code (inc. data)   RO Data    RW Data    ZI Data      Debug   Object Name

        52         24          0          0         20       1146   api.o
       624         42          0          0          0       6905   at32f415_adc.o
       140          6          0          0          0       1013   at32f415_clock.o
      1352        186         40          0          0      10221   at32f415_crm.o
       332         28          0          0          0       4007   at32f415_dma.o
       178         10          0          0          0       1862   at32f415_exint.o
       264         38          0          0          0       3669   at32f415_flash.o
       284          6          0          0          0       2984   at32f415_gpio.o
        24          0          0          0          0       3384   at32f415_int.o
       280         18          0          0          0      32292   at32f415_misc.o
       426          8          0          0          0       4130   at32f415_spi.o
       764         34          0          0          0       4938   at32f415_tmr.o
       466         30          0          0          0       6525   at32f415_usart.o
      1624         16          0          0          0      18298   at32f415_usb.o
       816        104          0         14         40       5238   base_adc.o
       328         30          0          0          0       1944   base_exist_gpio.o
       318         58          0          0          0       1765   base_flash.o
       444         28          0          0          0       2660   base_pwm.o
       504         42          0          6          0       4248   base_spi.o
       632         84          0         20          0      35442   base_sys_time.o
      1306        210          0          4          0       6673   base_uart.o
       950         52          0         49        168      11051   cdc_keyboard_class.o
       430        148          0        324        256       8748   cdc_keyboard_desc.o
        60          4        512          0          0       1912   check_crc16.o
        28          0          0          0          0        716   data_handle.o
       656         40          0         24          0       4387   ds18b20.o
      1762         26      12160          2          0      13911   lcd.o
       246         14          0          0          0       2794   led.o
       704        168       7400         32      10792     104085   main.o
       322        140          0          0        132       2739   mode.o
       318         44          0         32          0       3768   mode_time.o
       388         32          0          0        920       5822   mode_uart.o
        36          8        368          0       1024        796   startup_at32f415.o
       496         42         16          4          0       1980   system_at32f415.o
       346         14          0          0          0       2352   time_handle.o
       170          0          0          0          0       1930   usb_core.o
       358         48          0          0        420      11551   usb_user.o
      2170          6          0          0          0      16381   usbd_core.o
      1258          0          0          0          0       9040   usbd_int.o
      1376         30          0          1          0       8414   usbd_sdr.o

    ----------------------------------------------------------------------
     23272       1818      20528        524      13776     371721   Object Totals
         0          0         32          0          0          0   (incl. Generated)
        40          0          0         12          4          0   (incl. Padding)

    ----------------------------------------------------------------------

      Code (inc. data)   RO Data    RW Data    ZI Data      Debug   Library Member Name

        86          0          0          0          0          0   __dczerorl2.o
         0          0          0          0          0          0   entry.o
         0          0          0          0          0          0   entry10a.o
         0          0          0          0          0          0   entry11a.o
         4          0          0          0          0          0   entry12b.o
         8          4          0          0          0          0   entry2.o
         4          0          0          0          0          0   entry5.o
         0          0          0          0          0          0   entry7b.o
         0          0          0          0          0          0   entry8b.o
         8          4          0          0          0          0   entry9a.o
        30          0          0          0          0          0   handlers.o
        36          8          0          0          0         68   init.o
         0          0          0          0          0          0   iusefp.o
        30          0          0          0          0         68   llshl.o
        36          0          0          0          0         68   llsshr.o
        32          0          0          0          0         68   llushr.o
        36          0          0          0          0         68   memcpya.o
        36          0          0          0          0        108   memseta.o
       472         14          0          0          0        184   printf3.o
         0          0          0          4          0          0   stdout.o
        14          0          0          0          0         68   strlen.o
        44          0          0          0          0         80   uidiv.o
        98          0          0          0          0         92   uldiv.o
        56          0          0          0          0         88   d2f.o
       334          0          0          0          0        148   dadd.o
       222          0          0          0          0        100   ddiv.o
       186          0          0          0          0        176   depilogue.o
       228          0          0          0          0         96   dmul.o
        38          0          0          0          0         68   f2d.o
       124          0          0          0          0         88   fdiv.o
       110          0          0          0          0        168   fepilogue.o
        18          0          0          0          0         68   fflti.o
        10          0          0          0          0         68   ffltui.o
       100          0          0          0          0         76   fmul.o

    ----------------------------------------------------------------------
      2404         30          0          4          0       2016   Library Totals
         4          0          0          0          0          0   (incl. Padding)

    ----------------------------------------------------------------------

      Code (inc. data)   RO Data    RW Data    ZI Data      Debug   Library Name

       974         30          0          4          0        872   mc_w.l
      1426          0          0          0          0       1144   mf_w.l

    ----------------------------------------------------------------------
      2404         30          0          4          0       2016   Library Totals

    ----------------------------------------------------------------------

==============================================================================


      Code (inc. data)   RO Data    RW Data    ZI Data      Debug   

     25676       1848      20528        528      13776     358109   Grand Totals
     25676       1848      20528        296      13776     358109   ELF Image Totals (compressed)
     25676       1848      20528        296          0          0   ROM Totals

==============================================================================

    Total RO  Size (Code + RO Data)                46204 (  45.12kB)
    Total RW  Size (RW Data + ZI Data)             14304 (  13.97kB)
    Total ROM Size (Code + RO Data + RW Data)      46500 (  45.41kB)

==============================================================================

