Component: ARM Compiler 5.06 update 7 (build 960) Tool: armlink [4d3601]

==============================================================================

Section Cross References

    main.o(i.Main_Init) refers to at32f415_clock.o(i.system_clock_config) for system_clock_config
    main.o(i.Main_Init) refers to at32f415_misc.o(i.nvic_priority_group_config) for nvic_priority_group_config
    main.o(i.Main_Init) refers to mode.o(i.Mode_Index) for Mode_Index
    main.o(i.Main_Init) refers to api.o(i.API_Index) for API_Index
    main.o(i.Main_Init) refers to printf1.o(i.__0printf$1) for __2printf
    main.o(i.Main_Init) refers to mode.o(.bss) for Mode_Init
    main.o(i.Main_Init) refers to system_at32f415.o(.data) for system_core_clock
    main.o(i.main) refers to main.o(i.Main_Init) for Main_Init
    main.o(i.main) refers to printf1.o(i.__0printf$1) for __2printf
    main.o(i.main) refers to mode.o(.bss) for Mode_User
    main.o(i.main) refers to main.o(.data) for i
    base_adc.o(i.ADC_Conversion_Vol) refers to fflti.o(.text) for __aeabi_i2f
    base_exist_gpio.o(i.KEY_GPIO_Init) refers to at32f415_gpio.o(i.gpio_default_para_init) for gpio_default_para_init
    base_exist_gpio.o(i.KEY_GPIO_Init) refers to at32f415_crm.o(i.crm_periph_clock_enable) for crm_periph_clock_enable
    base_exist_gpio.o(i.KEY_GPIO_Init) refers to at32f415_gpio.o(i.gpio_init) for gpio_init
    base_exist_gpio.o(i.LCD_GPIO_Init) refers to at32f415_gpio.o(i.gpio_default_para_init) for gpio_default_para_init
    base_exist_gpio.o(i.LCD_GPIO_Init) refers to at32f415_crm.o(i.crm_periph_clock_enable) for crm_periph_clock_enable
    base_exist_gpio.o(i.LCD_GPIO_Init) refers to at32f415_gpio.o(i.gpio_init) for gpio_init
    base_exist_gpio.o(i.User_GPIO_Init) refers to at32f415_gpio.o(i.gpio_default_para_init) for gpio_default_para_init
    base_spi.o(i.SPI1_DMA_Config) refers to at32f415_dma.o(i.dma_default_para_init) for dma_default_para_init
    base_spi.o(i.SPI1_DMA_Config) refers to at32f415_dma.o(i.dma_init) for dma_init
    base_spi.o(i.SPI1_GPIO_Init) refers to at32f415_gpio.o(i.gpio_default_para_init) for gpio_default_para_init
    base_spi.o(i.SPI1_GPIO_Init) refers to at32f415_crm.o(i.crm_periph_clock_enable) for crm_periph_clock_enable
    base_spi.o(i.SPI1_GPIO_Init) refers to at32f415_gpio.o(i.gpio_init) for gpio_init
    base_spi.o(i.SPI1_IRQHandler) refers to at32f415_spi.o(i.spi_i2s_flag_get) for spi_i2s_flag_get
    base_spi.o(i.SPI1_IRQHandler) refers to at32f415_spi.o(i.spi_i2s_interrupt_enable) for spi_i2s_interrupt_enable
    base_spi.o(i.SPI1_IRQHandler) refers to base_spi.o(i.SPI_CS_Set) for SPI_CS_Set
    base_spi.o(i.SPI1_IRQHandler) refers to base_spi.o(.data) for SPI_complete_flag
    base_spi.o(i.SPI2_DMA_Config) refers to at32f415_dma.o(i.dma_default_para_init) for dma_default_para_init
    base_spi.o(i.SPI2_DMA_Config) refers to at32f415_dma.o(i.dma_init) for dma_init
    base_spi.o(i.SPI2_GPIO_Init) refers to at32f415_gpio.o(i.gpio_default_para_init) for gpio_default_para_init
    base_spi.o(i.SPI2_GPIO_Init) refers to at32f415_crm.o(i.crm_periph_clock_enable) for crm_periph_clock_enable
    base_spi.o(i.SPI2_GPIO_Init) refers to at32f415_gpio.o(i.gpio_init) for gpio_init
    base_spi.o(i.SPI2_IRQHandler) refers to at32f415_spi.o(i.spi_i2s_flag_get) for spi_i2s_flag_get
    base_spi.o(i.SPI_Delay) refers to system_at32f415.o(.data) for system_core_clock
    base_spi.o(i.SPI_SET_Addr_ReadData) refers to base_spi.o(i.SPI_CS_Set) for SPI_CS_Set
    base_spi.o(i.SPI_SET_Addr_ReadData) refers to base_spi.o(i.SPI_Delay) for SPI_Delay
    base_spi.o(i.SPI_SET_Addr_ReadData) refers to base_spi.o(i.SPI_Send_DATA) for SPI_Send_DATA
    base_spi.o(i.SPI_SET_Addr_ReadData) refers to at32f415_spi.o(i.spi_i2s_data_receive) for spi_i2s_data_receive
    base_spi.o(i.SPI_SET_Addr_ReadData) refers to at32f415_spi.o(i.spi_i2s_flag_get) for spi_i2s_flag_get
    base_spi.o(i.SPI_SET_Addr_SendData) refers to base_spi.o(i.SPI_CS_Set) for SPI_CS_Set
    base_spi.o(i.SPI_SET_Addr_SendData) refers to base_spi.o(i.SPI_Delay) for SPI_Delay
    base_spi.o(i.SPI_SET_Addr_SendData) refers to base_spi.o(i.SPI_Send_DATA) for SPI_Send_DATA
    base_spi.o(i.SPI_Send_DATA) refers to at32f415_spi.o(i.spi_i2s_flag_get) for spi_i2s_flag_get
    base_spi.o(i.SPI_Send_DATA) refers to at32f415_spi.o(i.spi_i2s_data_transmit) for spi_i2s_data_transmit
    base_spi.o(i.SPI_Send_DATA) refers to base_spi.o(.data) for Temp_SPI
    base_spi.o(i.SPI_Send_String) refers to base_spi.o(i.SPI_CS_Set) for SPI_CS_Set
    base_spi.o(i.SPI_Send_String) refers to base_spi.o(i.SPI_Send_DATA) for SPI_Send_DATA
    base_spi.o(i.SPI_Send_String) refers to at32f415_spi.o(i.spi_i2s_interrupt_enable) for spi_i2s_interrupt_enable
    base_spi.o(i.SPI_Send_String) refers to base_spi.o(.data) for Temp_SPI
    base_spi.o(i.SPI_Start_Init) refers to base_spi.o(i.SPI2_GPIO_Init) for SPI2_GPIO_Init
    base_spi.o(i.SPI_Start_Init) refers to base_spi.o(i.SPI_CS_Set) for SPI_CS_Set
[...]
    get_device_product_string                0x080027a5   Thumb Code    22  cdc_keyboard_desc.o(i.get_device_product_string)
    i.get_device_qualifier                   0x080027d8   Section        0  cdc_keyboard_desc.o(i.get_device_qualifier)
    get_device_qualifier                     0x080027d9   Thumb Code     4  cdc_keyboard_desc.o(i.get_device_qualifier)
    i.get_device_serial_string               0x080027dc   Section        0  cdc_keyboard_desc.o(i.get_device_serial_string)
    get_device_serial_string                 0x080027dd   Thumb Code    10  cdc_keyboard_desc.o(i.get_device_serial_string)
    i.get_serial_num                         0x080027ec   Section        0  cdc_keyboard_desc.o(i.get_serial_num)
    get_serial_num                           0x080027ed   Thumb Code    42  cdc_keyboard_desc.o(i.get_serial_num)
    i.gpio_default_para_init                 0x08002820   Section        0  at32f415_gpio.o(i.gpio_default_para_init)
    i.gpio_init                              0x08002836   Section        0  at32f415_gpio.o(i.gpio_init)
    i.gpio_input_data_bit_read               0x080028de   Section        0  at32f415_gpio.o(i.gpio_input_data_bit_read)
    i.gpio_pin_remap_config                  0x080028f0   Section        0  at32f415_gpio.o(i.gpio_pin_remap_config)
    i.keyboard_class_setup_handler           0x0800293c   Section        0  cdc_keyboard_class.o(i.keyboard_class_setup_handler)
    keyboard_class_setup_handler             0x0800293d   Thumb Code   230  cdc_keyboard_class.o(i.keyboard_class_setup_handler)
    i.main                                   0x08002a2c   Section        0  main.o(i.main)
    i.nvic_irq_enable                        0x08002aa0   Section        0  at32f415_misc.o(i.nvic_irq_enable)
    i.nvic_priority_group_config             0x08002b68   Section        0  at32f415_misc.o(i.nvic_priority_group_config)
    i.spi_default_para_init                  0x08002b90   Section        0  at32f415_spi.o(i.spi_default_para_init)
    i.spi_enable                             0x08002ba6   Section        0  at32f415_spi.o(i.spi_enable)
    i.spi_i2s_data_transmit                  0x08002bb0   Section        0  at32f415_spi.o(i.spi_i2s_data_transmit)
    i.spi_i2s_flag_get                       0x08002bb4   Section        0  at32f415_spi.o(i.spi_i2s_flag_get)
    i.spi_i2s_interrupt_enable               0x08002bc4   Section        0  at32f415_spi.o(i.spi_i2s_interrupt_enable)
    i.spi_i2s_reset                          0x08002bd8   Section        0  at32f415_spi.o(i.spi_i2s_reset)
    i.spi_init                               0x08002c18   Section        0  at32f415_spi.o(i.spi_init)
    i.system_clock_config                    0x08002d3c   Section        0  at32f415_clock.o(i.system_clock_config)
    i.system_clock_hext_config               0x08002d44   Section        0  at32f415_clock.o(i.system_clock_hext_config)
    i.system_core_clock_update               0x08002dc8   Section        0  system_at32f415.o(i.system_core_clock_update)
    i.systick_clock_source_config            0x08002f1c   Section        0  at32f415_misc.o(i.systick_clock_source_config)
    i.usart_data_receive                     0x08002f44   Section        0  at32f415_usart.o(i.usart_data_receive)
    i.usart_data_transmit                    0x08002f4c   Section        0  at32f415_usart.o(i.usart_data_transmit)
    i.usart_enable                           0x08002f54   Section        0  at32f415_usart.o(i.usart_enable)
    i.usart_flag_clear                       0x08002f5e   Section        0  at32f415_usart.o(i.usart_flag_clear)
    i.usart_flag_get                         0x08002f70   Section        0  at32f415_usart.o(i.usart_flag_get)
    i.usart_init                             0x08002f80   Section        0  at32f415_usart.o(i.usart_init)
    i.usart_interrupt_enable                 0x08002fec   Section        0  at32f415_usart.o(i.usart_interrupt_enable)
    i.usart_parity_selection_config          0x08003022   Section        0  at32f415_usart.o(i.usart_parity_selection_config)
    i.usart_receiver_enable                  0x0800306e   Section        0  at32f415_usart.o(i.usart_receiver_enable)
    i.usart_reset                            0x08003078   Section        0  at32f415_usart.o(i.usart_reset)
    i.usart_transmitter_enable               0x0800310c   Section        0  at32f415_usart.o(i.usart_transmitter_enable)
    i.usb_clock48m_select                    0x08003118   Section        0  usb_user.o(i.usb_clock48m_select)
    usb_clock48m_select                      0x08003119   Thumb Code    96  usb_user.o(i.usb_clock48m_select)
    i.usb_connect                            0x08003188   Section        0  at32f415_usb.o(i.usb_connect)
    i.usb_core_config                        0x0800319a   Section        0  usb_core.o(i.usb_core_config)
    i.usb_delay_ms                           0x080031dc   Section        0  usbd_core.o(i.usb_delay_ms)
    i.usb_disconnect                         0x080031e8   Section        0  at32f415_usb.o(i.usb_disconnect)
    i.usb_ept0_setup                         0x080031fc   Section        0  at32f415_usb.o(i.usb_ept0_setup)
    i.usb_ept0_start                         0x0800321e   Section        0  at32f415_usb.o(i.usb_ept0_start)
    i.usb_ept_clear_stall                    0x0800324a   Section        0  at32f415_usb.o(i.usb_ept_clear_stall)
    i.usb_ept_close                          0x080032dc   Section        0  at32f415_usb.o(i.usb_ept_close)
    i.usb_ept_default_init                   0x08003340   Section        0  usbd_core.o(i.usb_ept_default_init)
    i.usb_ept_in_clear                       0x0800343a   Section        0  at32f415_usb.o(i.usb_ept_in_clear)
    i.usb_ept_in_interrupt                   0x08003446   Section        0  at32f415_usb.o(i.usb_ept_in_interrupt)
    i.usb_ept_open                           0x08003472   Section        0  at32f415_usb.o(i.usb_ept_open)
    i.usb_ept_out_clear                      0x08003612   Section        0  at32f415_usb.o(i.usb_ept_out_clear)
    i.usb_ept_out_interrupt                  0x0800361e   Section        0  at32f415_usb.o(i.usb_ept_out_interrupt)
    i.usb_ept_stall                          0x08003634   Section        0  at32f415_usb.o(i.usb_ept_stall)
    i.usb_flush_rx_fifo                      0x080036c8   Section        0  at32f415_usb.o(i.usb_flush_rx_fifo)
    i.usb_flush_tx_fifo                      0x080036f4   Section        0  at32f415_usb.o(i.usb_flush_tx_fifo)
    i.usb_get_all_in_interrupt               0x0800372c   Section        0  at32f415_usb.o(i.usb_get_all_in_interrupt)
    i.usb_get_all_out_interrupt              0x0800373e   Section        0  at32f415_usb.o(i.usb_get_all_out_interrupt)
    i.usb_global_clear_interrupt             0x08003750   Section        0  at32f415_usb.o(i.usb_global_clear_interrupt)
    i.usb_global_get_all_interrupt           0x08003754   Section        0  at32f415_usb.o(i.usb_global_get_all_interrupt)
    i.usb_global_init                        0x0800375e   Section        0  at32f415_usb.o(i.usb_global_init)
    i.usb_global_interrupt_enable            0x0800378e   Section        0  at32f415_usb.o(i.usb_global_interrupt_enable)
    i.usb_global_reset                       0x080037a4   Section        0  at32f415_usb.o(i.usb_global_reset)
    i.usb_global_select_core                 0x080037f0   Section        0  at32f415_usb.o(i.usb_global_select_core)
    i.usb_global_set_mode                    0x080037f8   Section        0  at32f415_usb.o(i.usb_global_set_mode)
    i.usb_gpio_config                        0x0800383c   Section        0  usb_user.o(i.usb_gpio_config)
    usb_gpio_config                          0x0800383d   Thumb Code    76  usb_user.o(i.usb_gpio_config)
    i.usb_interrupt_disable                  0x08003890   Section        0  at32f415_usb.o(i.usb_interrupt_disable)
    i.usb_interrupt_enable                   0x0800389a   Section        0  at32f415_usb.o(i.usb_interrupt_enable)
    i.usb_low_power_wakeup_config            0x080038a6   Section        0  usb_user.o(i.usb_low_power_wakeup_config)
    usb_low_power_wakeup_config              0x080038a7   Thumb Code    50  usb_user.o(i.usb_low_power_wakeup_config)
    i.usb_open_phy_clk                       0x080038d8   Section        0  at32f415_usb.o(i.usb_open_phy_clk)
    i.usb_read_packet                        0x080038e6   Section        0  at32f415_usb.o(i.usb_read_packet)
    i.usb_set_address                        0x08003910   Section        0  at32f415_usb.o(i.usb_set_address)
    i.usb_set_rx_fifo                        0x0800391e   Section        0  at32f415_usb.o(i.usb_set_rx_fifo)
    i.usb_set_tx_fifo                        0x08003922   Section        0  at32f415_usb.o(i.usb_set_tx_fifo)
    i.usb_stop_phy_clk                       0x08003964   Section        0  at32f415_usb.o(i.usb_stop_phy_clk)
    i.usb_suspend_status_get                 0x08003974   Section        0  at32f415_usb.o(i.usb_suspend_status_get)
    i.usb_write_empty_txfifo                 0x08003982   Section        0  usbd_int.o(i.usb_write_empty_txfifo)
    i.usb_write_packet                       0x08003a1a   Section        0  at32f415_usb.o(i.usb_write_packet)
    i.usbd_clear_feature                     0x08003a4a   Section        0  usbd_sdr.o(i.usbd_clear_feature)
    usbd_clear_feature                       0x08003a4b   Thumb Code    84  usbd_sdr.o(i.usbd_clear_feature)
    i.usbd_clear_stall                       0x08003a9e   Section        0  usbd_core.o(i.usbd_clear_stall)
    i.usbd_connect                           0x08003ae8   Section        0  usbd_core.o(i.usbd_connect)
    i.usbd_core_in_handler                   0x08003af4   Section        0  usbd_core.o(i.usbd_core_in_handler)
    i.usbd_core_init                         0x08003bb8   Section        0  usbd_core.o(i.usbd_core_init)
    i.usbd_core_out_handler                  0x08003d10   Section        0  usbd_core.o(i.usbd_core_out_handler)
    i.usbd_core_setup_handler                0x08003d90   Section        0  usbd_core.o(i.usbd_core_setup_handler)
    i.usbd_ctrl_recv                         0x08003de4   Section        0  usbd_core.o(i.usbd_ctrl_recv)
    i.usbd_ctrl_recv_status                  0x08003e08   Section        0  usbd_core.o(i.usbd_ctrl_recv_status)
    i.usbd_ctrl_send                         0x08003e20   Section        0  usbd_core.o(i.usbd_ctrl_send)
    i.usbd_ctrl_send_status                  0x08003e48   Section        0  usbd_core.o(i.usbd_ctrl_send_status)
    i.usbd_ctrl_unsupport                    0x08003e60   Section        0  usbd_core.o(i.usbd_ctrl_unsupport)
    i.usbd_device_request                    0x08003e76   Section        0  usbd_sdr.o(i.usbd_device_request)
    i.usbd_disconnect                        0x08003ef6   Section        0  usbd_core.o(i.usbd_disconnect)
    i.usbd_endpoint_request                  0x08003f02   Section        0  usbd_sdr.o(i.usbd_endpoint_request)
    i.usbd_enter_suspend                     0x0800405e   Section        0  usbd_core.o(i.usbd_enter_suspend)
    i.usbd_enumdone_handler                  0x08004074   Section        0  usbd_int.o(i.usbd_enumdone_handler)
    i.usbd_ept_close                         0x080040ba   Section        0  usbd_core.o(i.usbd_ept_close)
    i.usbd_ept_open                          0x080040fa   Section        0  usbd_core.o(i.usbd_ept_open)
    i.usbd_ept_recv                          0x08004154   Section        0  usbd_core.o(i.usbd_ept_recv)
    i.usbd_ept_send                          0x08004268   Section        0  usbd_core.o(i.usbd_ept_send)
    i.usbd_fifo_alloc                        0x08004392   Section        0  usbd_core.o(i.usbd_fifo_alloc)
    i.usbd_get_configuration                 0x080043d0   Section        0  usbd_sdr.o(i.usbd_get_configuration)
    usbd_get_configuration                   0x080043d1   Thumb Code    86  usbd_sdr.o(i.usbd_get_configuration)
    i.usbd_get_descriptor                    0x08004426   Section        0  usbd_sdr.o(i.usbd_get_descriptor)
    usbd_get_descriptor                      0x08004427   Thumb Code   242  usbd_sdr.o(i.usbd_get_descriptor)
    i.usbd_get_recv_len                      0x08004518   Section        0  usbd_core.o(i.usbd_get_recv_len)
    i.usbd_get_status                        0x08004534   Section        0  usbd_sdr.o(i.usbd_get_status)
    usbd_get_status                          0x08004535   Thumb Code    68  usbd_sdr.o(i.usbd_get_status)
    i.usbd_incomisioin_handler               0x08004578   Section        0  usbd_int.o(i.usbd_incomisioin_handler)
    i.usbd_incomisoout_handler               0x0800458e   Section        0  usbd_int.o(i.usbd_incomisoout_handler)
    i.usbd_inept_handler                     0x080045a4   Section        0  usbd_int.o(i.usbd_inept_handler)
    i.usbd_init                              0x08004650   Section        0  usb_core.o(i.usbd_init)
    i.usbd_int_to_unicode                    0x080046b8   Section        0  cdc_keyboard_desc.o(i.usbd_int_to_unicode)
    usbd_int_to_unicode                      0x080046b9   Thumb Code    62  cdc_keyboard_desc.o(i.usbd_int_to_unicode)
    i.usbd_interface_request                 0x080046f6   Section        0  usbd_sdr.o(i.usbd_interface_request)
    i.usbd_irq_handler                       0x0800472e   Section        0  usbd_int.o(i.usbd_irq_handler)
    i.usbd_outept_handler                    0x08004818   Section        0  usbd_int.o(i.usbd_outept_handler)
    i.usbd_reset_handler                     0x080048aa   Section        0  usbd_int.o(i.usbd_reset_handler)
    i.usbd_rxflvl_handler                    0x0800495e   Section        0  usbd_int.o(i.usbd_rxflvl_handler)
    i.usbd_set_address                       0x080049e0   Section        0  usbd_sdr.o(i.usbd_set_address)
    usbd_set_address                         0x080049e1   Thumb Code    82  usbd_sdr.o(i.usbd_set_address)
    i.usbd_set_configuration                 0x08004a34   Section        0  usbd_sdr.o(i.usbd_set_configuration)
    usbd_set_configuration                   0x08004a35   Thumb Code   194  usbd_sdr.o(i.usbd_set_configuration)
    i.usbd_set_feature                       0x08004afc   Section        0  usbd_sdr.o(i.usbd_set_feature)
    usbd_set_feature                         0x08004afd   Thumb Code    42  usbd_sdr.o(i.usbd_set_feature)
    i.usbd_set_stall                         0x08004b26   Section        0  usbd_core.o(i.usbd_set_stall)
    i.usbd_setup_request_parse               0x08004b70   Section        0  usbd_sdr.o(i.usbd_setup_request_parse)
    i.usbd_sof_handler                       0x08004b98   Section        0  usbd_int.o(i.usbd_sof_handler)
    i.usbd_suspend_handler                   0x08004bac   Section        0  usbd_int.o(i.usbd_suspend_handler)
    i.usbd_unicode_convert                   0x08004be4   Section        0  cdc_keyboard_desc.o(i.usbd_unicode_convert)
    usbd_unicode_convert                     0x08004be5   Thumb Code    60  cdc_keyboard_desc.o(i.usbd_unicode_convert)
    i.usbd_wakeup_handler                    0x08004c20   Section        0  usbd_int.o(i.usbd_wakeup_handler)
    .constdata                               0x08004c56   Section    12160  lcd.o(.constdata)
    .constdata                               0x08007bd6   Section      512  check_crc16.o(.constdata)
    CRC_CCITT_table                          0x08007bd6   Data         512  check_crc16.o(.constdata)
    .constdata                               0x08007dd6   Section       16  system_at32f415.o(.constdata)
    sys_ahb_div_table                        0x08007dd6   Data          16  system_at32f415.o(.constdata)
    .constdata                               0x08007de6   Section       40  at32f415_crm.o(.constdata)
    sclk_ahb_div_table                       0x08007de6   Data          16  at32f415_crm.o(.constdata)
    ahb_apb1_div_table                       0x08007df6   Data           8  at32f415_crm.o(.constdata)
    ahb_apb2_div_table                       0x08007dfe   Data           8  at32f415_crm.o(.constdata)
    adc_div_table                            0x08007e06   Data           8  at32f415_crm.o(.constdata)
    .data                                    0x20000000   Section        8  main.o(.data)
    .data                                    0x20000008   Section        6  base_spi.o(.data)
    .data                                    0x20000010   Section       20  base_sys_time.o(.data)
    .data                                    0x20000024   Section        4  base_uart.o(.data)
    Temp                                     0x20000024   Data           4  base_uart.o(.data)
    .data                                    0x20000028   Section        1  usbd_sdr.o(.data)
    config_value                             0x20000028   Data           1  usbd_sdr.o(.data)
    .data                                    0x2000002c   Section       49  cdc_keyboard_class.o(.data)
    temp                                     0x20000054   Data           1  cdc_keyboard_class.o(.data)
    keyboard_buf                             0x20000055   Data           8  cdc_keyboard_class.o(.data)
    .data                                    0x20000060   Section      324  cdc_keyboard_desc.o(.data)
    g_usbd_descriptor                        0x20000088   Data          18  cdc_keyboard_desc.o(.data)
    g_usbd_configuration                     0x2000009c   Data          82  cdc_keyboard_desc.o(.data)
    g_string_lang_id                         0x2000015c   Data           4  cdc_keyboard_desc.o(.data)
    g_string_serial                          0x20000160   Data          26  cdc_keyboard_desc.o(.data)
    device_descriptor                        0x2000017c   Data           8  cdc_keyboard_desc.o(.data)
    config_descriptor                        0x20000184   Data           8  cdc_keyboard_desc.o(.data)
    langid_descriptor                        0x2000018c   Data           8  cdc_keyboard_desc.o(.data)
    serial_descriptor                        0x20000194   Data           8  cdc_keyboard_desc.o(.data)
    vp_desc                                  0x2000019c   Data           8  cdc_keyboard_desc.o(.data)
    .data                                    0x200001a4   Section        3  lcd.o(.data)
    .data                                    0x200001a8   Section       32  mode_time.o(.data)
    .data                                    0x200001c8   Section        4  system_at32f415.o(.data)
    .data                                    0x200001cc   Section        4  stdout.o(.data)
    .bss                                     0x200001d0   Section      168  cdc_keyboard_class.o(.bss)
    .bss                                     0x20000278   Section      256  cdc_keyboard_desc.o(.bss)
    g_usbd_desc_buffer                       0x20000278   Data         256  cdc_keyboard_desc.o(.bss)
    .bss                                     0x20000378   Section      420  usb_user.o(.bss)
    .bss                                     0x2000051c   Section      100  mode.o(.bss)
    .bss                                     0x20000580   Section      920  mode_uart.o(.bss)
    .bss                                     0x20000918   Section       20  api.o(.bss)
    STACK                                    0x20000930   Section     1024  startup_at32f415.o(STACK)

    Global Symbols

    Symbol Name                              Value     Ov Type        Size  Object(Section)

    BuildAttributes$$THM_ISAv4$E$P$D$K$B$S$7EM$PE$A:L22UL41UL21$X:L11$S22US41US21$IEEE1$IW$USESV6$~STKCKD$USESV7$~SHL$OTIME$ROPI$IEEEJ$EBA8$MICROLIB$REQ8$PRES8$EABIv2 0x00000000   Number         0  anon$$obj.o ABSOLUTE
    __ARM_use_no_argv                        0x00000000   Number         0  main.o ABSOLUTE
    _printf_a                                0x00000000   Number         0  stubs.o ABSOLUTE
    _printf_c                                0x00000000   Number         0  stubs.o ABSOLUTE
    _printf_charcount                        0x00000000   Number         0  stubs.o ABSOLUTE
    _printf_d                                0x00000000   Number         0  stubs.o ABSOLUTE
    _printf_e                                0x00000000   Number         0  stubs.o ABSOLUTE
    _printf_f                                0x00000000   Number         0  stubs.o ABSOLUTE
    _printf_flags                            0x00000000   Number         0  stubs.o ABSOLUTE
    _printf_fp_dec                           0x00000000   Number         0  stubs.o ABSOLUTE
    _printf_fp_hex                           0x00000000   Number         0  stubs.o ABSOLUTE
    _printf_g                                0x00000000   Number         0  stubs.o ABSOLUTE
    _printf_i                                0x00000000   Number         0  stubs.o ABSOLUTE
    _printf_int_dec                          0x00000000   Number         0  stubs.o ABSOLUTE
    _printf_l                                0x00000000   Number         0  stubs.o ABSOLUTE
    _printf_lc                               0x00000000   Number         0  stubs.o ABSOLUTE
    _printf_ll                               0x00000000   Number         0  stubs.o ABSOLUTE
    _printf_lld                              0x00000000   Number         0  stubs.o ABSOLUTE
    _printf_lli                              0x00000000   Number         0  stubs.o ABSOLUTE
    _printf_llo                              0x00000000   Number         0  stubs.o ABSOLUTE
    _printf_llu                              0x00000000   Number         0  stubs.o ABSOLUTE
    _printf_llx                              0x00000000   Number         0  stubs.o ABSOLUTE
    _printf_longlong_dec                     0x00000000   Number         0  stubs.o ABSOLUTE
    _printf_longlong_hex                     0x00000000   Number         0  stubs.o ABSOLUTE
    _printf_longlong_oct                     0x00000000   Number         0  stubs.o ABSOLUTE
    _printf_ls                               0x00000000   Number         0  stubs.o ABSOLUTE
    _printf_mbtowc                           0x00000000   Number         0  stubs.o ABSOLUTE
    _printf_n                                0x00000000   Number         0  stubs.o ABSOLUTE
    _printf_o                                0x00000000   Number         0  stubs.o ABSOLUTE
    _printf_p                                0x00000000   Number         0  stubs.o ABSOLUTE
    _printf_percent                          0x00000000   Number         0  stubs.o ABSOLUTE
    _printf_pre_padding                      0x00000000   Number         0  stubs.o ABSOLUTE
    _printf_return_value                     0x00000000   Number         0  stubs.o ABSOLUTE
    _printf_s                                0x00000000   Number         0  stubs.o ABSOLUTE
    _printf_sizespec                         0x00000000   Number         0  stubs.o ABSOLUTE
    _printf_str                              0x00000000   Number         0  stubs.o ABSOLUTE
    _printf_truncate_signed                  0x00000000   Number         0  stubs.o ABSOLUTE
    _printf_truncate_unsigned                0x00000000   Number         0  stubs.o ABSOLUTE
    _printf_u                                0x00000000   Number         0  stubs.o ABSOLUTE
    _printf_wc                               0x00000000   Number         0  stubs.o ABSOLUTE
    _printf_wctomb                           0x00000000   Number         0  stubs.o ABSOLUTE
    _printf_widthprec                        0x00000000   Number         0  stubs.o ABSOLUTE
    _printf_x                                0x00000000   Number         0  stubs.o ABSOLUTE
    __arm_fini_                               - Undefined Weak Reference
    __cpp_initialize__aeabi_                  - Undefined Weak Reference
    __cxa_finalize                            - Undefined Weak Reference
    _clock_init                               - Undefined Weak Reference
    _microlib_exit                            - Undefined Weak Reference
    __Vectors_Size                           0x00000170   Number         0  startup_at32f415.o ABSOLUTE
    __Vectors                                0x08000000   Data           4  startup_at32f415.o(RESET)
    __Vectors_End                            0x08000170   Data           0  startup_at32f415.o(RESET)
    __main                                   0x08000171   Thumb Code     0  entry.o(.ARM.Collect$$$$00000000)
    _main_stk                                0x08000171   Thumb Code     0  entry2.o(.ARM.Collect$$$$00000001)
    _main_scatterload                        0x08000175   Thumb Code     0  entry5.o(.ARM.Collect$$$$00000004)
    __main_after_scatterload                 0x08000179   Thumb Code     0  entry5.o(.ARM.Collect$$$$00000004)
    _main_clock                              0x08000179   Thumb Code     0  entry7b.o(.ARM.Collect$$$$00000008)
    _main_cpp_init                           0x08000179   Thumb Code     0  entry8b.o(.ARM.Collect$$$$0000000A)
    _main_init                               0x08000179   Thumb Code     0  entry9a.o(.ARM.Collect$$$$0000000B)
    __rt_lib_shutdown_fini                   0x08000181   Thumb Code     0  entry12b.o(.ARM.Collect$$$$0000000E)
    __rt_final_cpp                           0x08000185   Thumb Code     0  entry10a.o(.ARM.Collect$$$$0000000F)
    __rt_final_exit                          0x08000185   Thumb Code     0  entry11a.o(.ARM.Collect$$$$00000011)
    Reset_Handler                            0x08000189   Thumb Code     8  startup_at32f415.o(.text)
    ADC1_IRQHandler                          0x080001a3   Thumb Code     0  startup_at32f415.o(.text)
    CAN1_RX0_IRQHandler                      0x080001a3   Thumb Code     0  startup_at32f415.o(.text)
    CAN1_RX1_IRQHandler                      0x080001a3   Thumb Code     0  startup_at32f415.o(.text)
    CAN1_SE_IRQHandler                       0x080001a3   Thumb Code     0  startup_at32f415.o(.text)
    CAN1_TX_IRQHandler                       0x080001a3   Thumb Code     0  startup_at32f415.o(.text)
    CMP1_IRQHandler                          0x080001a3   Thumb Code     0  startup_at32f415.o(.text)
    CMP2_IRQHandler                          0x080001a3   Thumb Code     0  startup_at32f415.o(.text)
    CRM_IRQHandler                           0x080001a3   Thumb Code     0  startup_at32f415.o(.text)
    DMA1_Channel1_IRQHandler                 0x080001a3   Thumb Code     0  startup_at32f415.o(.text)
    DMA1_Channel2_IRQHandler                 0x080001a3   Thumb Code     0  startup_at32f415.o(.text)
    DMA1_Channel3_IRQHandler                 0x080001a3   Thumb Code     0  startup_at32f415.o(.text)
    DMA1_Channel4_IRQHandler                 0x080001a3   Thumb Code     0  startup_at32f415.o(.text)
    DMA1_Channel5_IRQHandler                 0x080001a3   Thumb Code     0  startup_at32f415.o(.text)
    DMA1_Channel6_IRQHandler                 0x080001a3   Thumb Code     0  startup_at32f415.o(.text)
    DMA1_Channel7_IRQHandler                 0x080001a3   Thumb Code     0  startup_at32f415.o(.text)
    DMA2_Channel1_IRQHandler                 0x080001a3   Thumb Code     0  startup_at32f415.o(.text)
    DMA2_Channel2_IRQHandler                 0x080001a3   Thumb Code     0  startup_at32f415.o(.text)
    DMA2_Channel3_IRQHandler                 0x080001a3   Thumb Code     0  startup_at32f415.o(.text)
    DMA2_Channel4_5_IRQHandler               0x080001a3   Thumb Code     0  startup_at32f415.o(.text)
    DMA2_Channel6_7_IRQHandler               0x080001a3   Thumb Code     0  startup_at32f415.o(.text)
    ERTCAlarm_IRQHandler                     0x080001a3   Thumb Code     0  startup_at32f415.o(.text)
    ERTC_WKUP_IRQHandler                     0x080001a3   Thumb Code     0  startup_at32f415.o(.text)
    EXINT0_IRQHandler                        0x080001a3   Thumb Code     0  startup_at32f415.o(.text)
    EXINT15_10_IRQHandler                    0x080001a3   Thumb Code     0  startup_at32f415.o(.text)
    EXINT1_IRQHandler                        0x080001a3   Thumb Code     0  startup_at32f415.o(.text)
    EXINT2_IRQHandler                        0x080001a3   Thumb Code     0  startup_at32f415.o(.text)
    EXINT3_IRQHandler                        0x080001a3   Thumb Code     0  startup_at32f415.o(.text)
    EXINT4_IRQHandler                        0x080001a3   Thumb Code     0  startup_at32f415.o(.text)
    EXINT9_5_IRQHandler                      0x080001a3   Thumb Code     0  startup_at32f415.o(.text)
    FLASH_IRQHandler                         0x080001a3   Thumb Code     0  startup_at32f415.o(.text)
    I2C1_ERR_IRQHandler                      0x080001a3   Thumb Code     0  startup_at32f415.o(.text)
    I2C1_EVT_IRQHandler                      0x080001a3   Thumb Code     0  startup_at32f415.o(.text)
    I2C2_ERR_IRQHandler                      0x080001a3   Thumb Code     0  startup_at32f415.o(.text)
    I2C2_EVT_IRQHandler                      0x080001a3   Thumb Code     0  startup_at32f415.o(.text)
    PVM_IRQHandler                           0x080001a3   Thumb Code     0  startup_at32f415.o(.text)
    SDIO1_IRQHandler                         0x080001a3   Thumb Code     0  startup_at32f415.o(.text)
    TAMP_STAMP_IRQHandler                    0x080001a3   Thumb Code     0  startup_at32f415.o(.text)
    TMR1_BRK_TMR9_IRQHandler                 0x080001a3   Thumb Code     0  startup_at32f415.o(.text)
    TMR1_CH_IRQHandler                       0x080001a3   Thumb Code     0  startup_at32f415.o(.text)
    TMR1_OVF_TMR10_IRQHandler                0x080001a3   Thumb Code     0  startup_at32f415.o(.text)
    TMR1_TRG_HALL_TMR11_IRQHandler           0x080001a3   Thumb Code     0  startup_at32f415.o(.text)
    TMR2_GLOBAL_IRQHandler                   0x080001a3   Thumb Code     0  startup_at32f415.o(.text)
    TMR3_GLOBAL_IRQHandler                   0x080001a3   Thumb Code     0  startup_at32f415.o(.text)
    TMR4_GLOBAL_IRQHandler                   0x080001a3   Thumb Code     0  startup_at32f415.o(.text)
    TMR5_GLOBAL_IRQHandler                   0x080001a3   Thumb Code     0  startup_at32f415.o(.text)
    UART4_IRQHandler                         0x080001a3   Thumb Code     0  startup_at32f415.o(.text)
    UART5_IRQHandler                         0x080001a3   Thumb Code     0  startup_at32f415.o(.text)
    WWDT_IRQHandler                          0x080001a3   Thumb Code     0  startup_at32f415.o(.text)
    __aeabi_uldivmod                         0x080001ad   Thumb Code    98  uldiv.o(.text)
    strlen                                   0x0800020f   Thumb Code    14  strlen.o(.text)
    __aeabi_uidiv                            0x0800021d   Thumb Code     0  uidiv.o(.text)
    __aeabi_uidivmod                         0x0800021d   Thumb Code    44  uidiv.o(.text)
    __aeabi_llsl                             0x08000249   Thumb Code    30  llshl.o(.text)
    _ll_shift_l                              0x08000249   Thumb Code     0  llshl.o(.text)
    __aeabi_llsr                             0x08000267   Thumb Code    32  llushr.o(.text)
    _ll_ushift_r                             0x08000267   Thumb Code     0  llushr.o(.text)
    __scatterload                            0x08000289   Thumb Code    28  init.o(.text)
    __scatterload_rt2                        0x08000289   Thumb Code     0  init.o(.text)
    __decompress                             0x080002ad   Thumb Code     0  __dczerorl2.o(.text)
    __decompress1                            0x080002ad   Thumb Code    86  __dczerorl2.o(.text)
    API_Index                                0x08000305   Thumb Code    28  api.o(i.API_Index)
    BusFault_Handler                         0x08000339   Thumb Code     4  at32f415_int.o(i.BusFault_Handler)
    CRC16_CCITT_CalateByte                   0x0800033d   Thumb Code    20  check_crc16.o(i.CRC16_CCITT_CalateByte)
    CRC16_CCITT_CalculateBuf                 0x08000355   Thumb Code    36  check_crc16.o(i.CRC16_CCITT_CalculateBuf)
    DebugMon_Handler                         0x08000379   Thumb Code     2  at32f415_int.o(i.DebugMon_Handler)
    Debug_Out                                0x0800037b   Thumb Code    14  mode.o(i.Debug_Out)
    Find_Data                                0x08000389   Thumb Code    28  data_handle.o(i.Find_Data)
    GET_SysTick                              0x080003a5   Thumb Code    64  base_sys_time.o(i.GET_SysTick)
    Get_Lose_Tiem                            0x080003ed   Thumb Code    62  mode_time.o(i.Get_Lose_Tiem)
    Get_TIME                                 0x08000461   Thumb Code   130  mode_time.o(i.Get_TIME)
    HardFault_Handler                        0x080004f5   Thumb Code     4  at32f415_int.o(i.HardFault_Handler)
    Hourly_to_Seconds                        0x080004f9   Thumb Code    50  time_handle.o(i.Hourly_to_Seconds)
    KEY_GPIO_Init                            0x08000531   Thumb Code    86  base_exist_gpio.o(i.KEY_GPIO_Init)
    KEY_Init                                 0x08000591   Thumb Code    36  key.o(i.KEY_Init)
    KEY_State                                0x080005b5   Thumb Code    38  key.o(i.KEY_State)
    LCD_Address_Set                          0x080005e1   Thumb Code   228  lcd.o(i.LCD_Address_Set)
    LCD_Draw_Circle                          0x080006e1   Thumb Code   158  lcd.o(i.LCD_Draw_Circle)
    LCD_Draw_Line                            0x0800077f   Thumb Code   172  lcd.o(i.LCD_Draw_Line)
    LCD_Draw_Point                           0x0800082b   Thumb Code    28  lcd.o(i.LCD_Draw_Point)
    LCD_Draw_Rectangle                       0x08000847   Thumb Code    74  lcd.o(i.LCD_Draw_Rectangle)
    LCD_Fill                                 0x08000891   Thumb Code    62  lcd.o(i.LCD_Fill)
    LCD_GPIO_Init                            0x080008d1   Thumb Code    88  base_exist_gpio.o(i.LCD_GPIO_Init)
    LCD_Init                                 0x08000931   Thumb Code   470  lcd.o(i.LCD_Init)
    LCD_Show_Char                            0x08000b11   Thumb Code   298  lcd.o(i.LCD_Show_Char)
    LCD_Show_Chinese                         0x08000c49   Thumb Code    88  lcd.o(i.LCD_Show_Chinese)
    LCD_Show_Chinese24x24                    0x08000ca1   Thumb Code     8  lcd.o(i.LCD_Show_Chinese24x24)
    LCD_Show_Chinese32x32                    0x08000ca9   Thumb Code     8  lcd.o(i.LCD_Show_Chinese32x32)
    LCD_Show_Picture                         0x08000cb1   Thumb Code   102  lcd.o(i.LCD_Show_Picture)
    LCD_Show_String                          0x08000d17   Thumb Code   110  lcd.o(i.LCD_Show_String)
    LCD_WR_CMD                               0x08000d85   Thumb Code    46  lcd.o(i.LCD_WR_CMD)
    LCD_WR_DATA                              0x08000db9   Thumb Code    34  lcd.o(i.LCD_WR_DATA)
    LCD_WR_DATA8                             0x08000ddb   Thumb Code    28  lcd.o(i.LCD_WR_DATA8)
    LCD_Writ_Bus                             0x08000df7   Thumb Code    12  lcd.o(i.LCD_Writ_Bus)
    Main_Init                                0x08000e05   Thumb Code    72  main.o(i.Main_Init)
    MemManage_Handler                        0x08000e71   Thumb Code     4  at32f415_int.o(i.MemManage_Handler)
    Mode_Index                               0x08000e75   Thumb Code    30  mode.o(i.Mode_Index)
    NMI_Handler                              0x08000f5d   Thumb Code     2  at32f415_int.o(i.NMI_Handler)
    OTGFS1_IRQHandler                        0x08000f61   Thumb Code    10  usb_user.o(i.OTGFS1_IRQHandler)
    OTGFS1_WKUP_IRQHandler                   0x08000f71   Thumb Code    12  usb_user.o(i.OTGFS1_WKUP_IRQHandler)
    Over_Time                                0x08000f7d   Thumb Code   204  time_handle.o(i.Over_Time)
    PendSV_Handler                           0x08001051   Thumb Code     2  at32f415_int.o(i.PendSV_Handler)
    SET_SysTick                              0x08001055   Thumb Code    58  base_sys_time.o(i.SET_SysTick)
    SPI1_IRQHandler                          0x08001099   Thumb Code    50  base_spi.o(i.SPI1_IRQHandler)
    SPI2_GPIO_Init                           0x080010d5   Thumb Code   146  base_spi.o(i.SPI2_GPIO_Init)
    SPI2_IRQHandler                          0x08001171   Thumb Code    24  base_spi.o(i.SPI2_IRQHandler)
    SPI_CS_Set                               0x0800118d   Thumb Code    54  base_spi.o(i.SPI_CS_Set)
    SPI_Send_DATA                            0x080011c9   Thumb Code    48  base_spi.o(i.SPI_Send_DATA)
    SPI_Start_Init                           0x080011fd   Thumb Code   140  base_spi.o(i.SPI_Start_Init)
    SVC_Handler                              0x08001291   Thumb Code     2  at32f415_int.o(i.SVC_Handler)
    SYS_Delay_S                              0x08001293   Thumb Code    24  base_sys_time.o(i.SYS_Delay_S)
    SYS_Delay_ms                             0x080012ad   Thumb Code   106  base_sys_time.o(i.SYS_Delay_ms)
    SYS_Delay_us                             0x08001325   Thumb Code   106  base_sys_time.o(i.SYS_Delay_us)
    Seconds_to_Hourly                        0x0800139d   Thumb Code    78  time_handle.o(i.Seconds_to_Hourly)
    Set_TIME                                 0x080013ed   Thumb Code    30  mode_time.o(i.Set_TIME)
    SysTick_Handler                          0x08001411   Thumb Code    12  base_sys_time.o(i.SysTick_Handler)
    Sys_Clock_Init                           0x08001421   Thumb Code    52  mode_time.o(i.Sys_Clock_Init)
    Sys_Time_Init                            0x08001469   Thumb Code   178  base_sys_time.o(i.Sys_Time_Init)
    SystemInit                               0x0800153d   Thumb Code   138  system_at32f415.o(i.SystemInit)
    UART_RXD_Flag                            0x080015d9   Thumb Code    74  base_uart.o(i.UART_RXD_Flag)
    UART_RXD_Flag_Clear                      0x08001639   Thumb Code    70  base_uart.o(i.UART_RXD_Flag_Clear)
    UART_RXD_Receive                         0x08001695   Thumb Code    70  base_uart.o(i.UART_RXD_Receive)
    UART_Send_Data                           0x080016f1   Thumb Code    54  mode_uart.o(i.UART_Send_Data)
    UART_Send_String                         0x08001727   Thumb Code    26  mode_uart.o(i.UART_Send_String)
    UART_TXD_Send                            0x08001741   Thumb Code    88  base_uart.o(i.UART_TXD_Send)
    USART1_IRQHandler                        0x080017ad   Thumb Code    48  mode_uart.o(i.USART1_IRQHandler)
    USART2_IRQHandler                        0x080017e1   Thumb Code    48  mode_uart.o(i.USART2_IRQHandler)
    USART3_IRQHandler                        0x08001815   Thumb Code    48  mode_uart.o(i.USART3_IRQHandler)
    USB_User_init                            0x08001849   Thumb Code    66  usb_user.o(i.USB_User_init)
    Uart1_Init                               0x0800189d   Thumb Code   198  base_uart.o(i.Uart1_Init)
    Uart2_Init                               0x08001979   Thumb Code   192  base_uart.o(i.Uart2_Init)
    Uart3_Init                               0x08001a51   Thumb Code   214  base_uart.o(i.Uart3_Init)
    Uart4_Init                               0x08001b45   Thumb Code   196  base_uart.o(i.Uart4_Init)
    Uart_Init                                0x08001c21   Thumb Code   104  mode_uart.o(i.Uart_Init)
    UsageFault_Handler                       0x08001c9d   Thumb Code     4  at32f415_int.o(i.UsageFault_Handler)
    __0printf$1                              0x08001ca1   Thumb Code    22  printf1.o(i.__0printf$1)
    __1printf$1                              0x08001ca1   Thumb Code     0  printf1.o(i.__0printf$1)
    __2printf                                0x08001ca1   Thumb Code     0  printf1.o(i.__0printf$1)
    __scatterload_copy                       0x08001cc1   Thumb Code    14  handlers.o(i.__scatterload_copy)
    __scatterload_null                       0x08001ccf   Thumb Code     2  handlers.o(i.__scatterload_null)
    __scatterload_zeroinit                   0x08001cd1   Thumb Code    14  handlers.o(i.__scatterload_zeroinit)
    crm_ahb_div_set                          0x080020fd   Thumb Code    14  at32f415_crm.o(i.crm_ahb_div_set)
    crm_apb1_div_set                         0x08002111   Thumb Code    14  at32f415_crm.o(i.crm_apb1_div_set)
    crm_apb2_div_set                         0x08002125   Thumb Code    14  at32f415_crm.o(i.crm_apb2_div_set)
    crm_auto_step_mode_enable                0x08002139   Thumb Code    34  at32f415_crm.o(i.crm_auto_step_mode_enable)
    crm_clock_source_enable                  0x08002161   Thumb Code    90  at32f415_crm.o(i.crm_clock_source_enable)
    crm_clocks_freq_get                      0x080021c1   Thumb Code   396  at32f415_crm.o(i.crm_clocks_freq_get)
    crm_flag_get                             0x0800236d   Thumb Code    42  at32f415_crm.o(i.crm_flag_get)
    crm_hick_divider_select                  0x0800239d   Thumb Code    14  at32f415_crm.o(i.crm_hick_divider_select)
    crm_hick_sclk_frequency_select           0x080023b1   Thumb Code    24  at32f415_crm.o(i.crm_hick_sclk_frequency_select)
    crm_periph_clock_enable                  0x080023cd   Thumb Code    62  at32f415_crm.o(i.crm_periph_clock_enable)
    crm_periph_reset                         0x08002411   Thumb Code    62  at32f415_crm.o(i.crm_periph_reset)
    crm_pll_config                           0x08002455   Thumb Code   210  at32f415_crm.o(i.crm_pll_config)
    crm_reset                                0x0800255d   Thumb Code    90  at32f415_crm.o(i.crm_reset)
    crm_sysclk_switch                        0x080025c1   Thumb Code    14  at32f415_crm.o(i.crm_sysclk_switch)
    crm_sysclk_switch_status_get             0x080025d5   Thumb Code    10  at32f415_crm.o(i.crm_sysclk_switch_status_get)
    crm_usb_clock_div_set                    0x080025e5   Thumb Code    28  at32f415_crm.o(i.crm_usb_clock_div_set)
    crm_usb_clock_source_select              0x08002605   Thumb Code    26  at32f415_crm.o(i.crm_usb_clock_source_select)
    exint_default_para_init                  0x08002625   Thumb Code    14  at32f415_exint.o(i.exint_default_para_init)
    exint_flag_clear                         0x08002635   Thumb Code     6  at32f415_exint.o(i.exint_flag_clear)
    exint_init                               0x08002641   Thumb Code   148  at32f415_exint.o(i.exint_init)
    fputc                                    0x080026d9   Thumb Code    18  base_uart.o(i.fputc)
    gpio_default_para_init                   0x08002821   Thumb Code    22  at32f415_gpio.o(i.gpio_default_para_init)
    gpio_init                                0x08002837   Thumb Code   168  at32f415_gpio.o(i.gpio_init)
    gpio_input_data_bit_read                 0x080028df   Thumb Code    18  at32f415_gpio.o(i.gpio_input_data_bit_read)
    gpio_pin_remap_config                    0x080028f1   Thumb Code    70  at32f415_gpio.o(i.gpio_pin_remap_config)
    main                                     0x08002a2d   Thumb Code    92  main.o(i.main)
    nvic_irq_enable                          0x08002aa1   Thumb Code   190  at32f415_misc.o(i.nvic_irq_enable)
    nvic_priority_group_config               0x08002b69   Thumb Code    32  at32f415_misc.o(i.nvic_priority_group_config)
    spi_default_para_init                    0x08002b91   Thumb Code    22  at32f415_spi.o(i.spi_default_para_init)
    spi_enable                               0x08002ba7   Thumb Code    10  at32f415_spi.o(i.spi_enable)
    spi_i2s_data_transmit                    0x08002bb1   Thumb Code     4  at32f415_spi.o(i.spi_i2s_data_transmit)
    spi_i2s_flag_get                         0x08002bb5   Thumb Code    16  at32f415_spi.o(i.spi_i2s_flag_get)
    spi_i2s_interrupt_enable                 0x08002bc5   Thumb Code    18  at32f415_spi.o(i.spi_i2s_interrupt_enable)
    spi_i2s_reset                            0x08002bd9   Thumb Code    56  at32f415_spi.o(i.spi_i2s_reset)
    spi_init                                 0x08002c19   Thumb Code   292  at32f415_spi.o(i.spi_init)
    system_clock_config                      0x08002d3d   Thumb Code     8  at32f415_clock.o(i.system_clock_config)
    system_clock_hext_config                 0x08002d45   Thumb Code   126  at32f415_clock.o(i.system_clock_hext_config)
    system_core_clock_update                 0x08002dc9   Thumb Code   316  system_at32f415.o(i.system_core_clock_update)
    systick_clock_source_config              0x08002f1d   Thumb Code    40  at32f415_misc.o(i.systick_clock_source_config)
    usart_data_receive                       0x08002f45   Thumb Code     8  at32f415_usart.o(i.usart_data_receive)
    usart_data_transmit                      0x08002f4d   Thumb Code     8  at32f415_usart.o(i.usart_data_transmit)
    usart_enable                             0x08002f55   Thumb Code    10  at32f415_usart.o(i.usart_enable)
    usart_flag_clear                         0x08002f5f   Thumb Code    18  at32f415_usart.o(i.usart_flag_clear)
    usart_flag_get                           0x08002f71   Thumb Code    16  at32f415_usart.o(i.usart_flag_get)
    usart_init                               0x08002f81   Thumb Code   102  at32f415_usart.o(i.usart_init)
    usart_interrupt_enable                   0x08002fed   Thumb Code    54  at32f415_usart.o(i.usart_interrupt_enable)
    usart_parity_selection_config            0x08003023   Thumb Code    76  at32f415_usart.o(i.usart_parity_selection_config)
    usart_receiver_enable                    0x0800306f   Thumb Code    10  at32f415_usart.o(i.usart_receiver_enable)
    usart_reset                              0x08003079   Thumb Code   124  at32f415_usart.o(i.usart_reset)
    usart_transmitter_enable                 0x0800310d   Thumb Code    10  at32f415_usart.o(i.usart_transmitter_enable)
    usb_connect                              0x08003189   Thumb Code    18  at32f415_usb.o(i.usb_connect)
    usb_core_config                          0x0800319b   Thumb Code    66  usb_core.o(i.usb_core_config)
    usb_delay_ms                             0x080031dd   Thumb Code    12  usbd_core.o(i.usb_delay_ms)
    usb_disconnect                           0x080031e9   Thumb Code    20  at32f415_usb.o(i.usb_disconnect)
    usb_ept0_setup                           0x080031fd   Thumb Code    34  at32f415_usb.o(i.usb_ept0_setup)
    usb_ept0_start                           0x0800321f   Thumb Code    44  at32f415_usb.o(i.usb_ept0_start)
    usb_ept_clear_stall                      0x0800324b   Thumb Code   146  at32f415_usb.o(i.usb_ept_clear_stall)
    usb_ept_close                            0x080032dd   Thumb Code   100  at32f415_usb.o(i.usb_ept_close)
    usb_ept_default_init                     0x08003341   Thumb Code   250  usbd_core.o(i.usb_ept_default_init)
    usb_ept_in_clear                         0x0800343b   Thumb Code    12  at32f415_usb.o(i.usb_ept_in_clear)
    usb_ept_in_interrupt                     0x08003447   Thumb Code    44  at32f415_usb.o(i.usb_ept_in_interrupt)
    usb_ept_open                             0x08003473   Thumb Code   416  at32f415_usb.o(i.usb_ept_open)
    usb_ept_out_clear                        0x08003613   Thumb Code    12  at32f415_usb.o(i.usb_ept_out_clear)
    usb_ept_out_interrupt                    0x0800361f   Thumb Code    22  at32f415_usb.o(i.usb_ept_out_interrupt)
    usb_ept_stall                            0x08003635   Thumb Code   146  at32f415_usb.o(i.usb_ept_stall)
    usb_flush_rx_fifo                        0x080036c9   Thumb Code    40  at32f415_usb.o(i.usb_flush_rx_fifo)
    usb_flush_tx_fifo                        0x080036f5   Thumb Code    50  at32f415_usb.o(i.usb_flush_tx_fifo)
    usb_get_all_in_interrupt                 0x0800372d   Thumb Code    18  at32f415_usb.o(i.usb_get_all_in_interrupt)
    usb_get_all_out_interrupt                0x0800373f   Thumb Code    18  at32f415_usb.o(i.usb_get_all_out_interrupt)
    usb_global_clear_interrupt               0x08003751   Thumb Code     4  at32f415_usb.o(i.usb_global_clear_interrupt)
    usb_global_get_all_interrupt             0x08003755   Thumb Code    10  at32f415_usb.o(i.usb_global_get_all_interrupt)
    usb_global_init                          0x0800375f   Thumb Code    48  at32f415_usb.o(i.usb_global_init)
    usb_global_interrupt_enable              0x0800378f   Thumb Code    20  at32f415_usb.o(i.usb_global_interrupt_enable)
    usb_global_reset                         0x080037a5   Thumb Code    70  at32f415_usb.o(i.usb_global_reset)
    usb_global_select_core                   0x080037f1   Thumb Code     8  at32f415_usb.o(i.usb_global_select_core)
    usb_global_set_mode                      0x080037f9   Thumb Code    68  at32f415_usb.o(i.usb_global_set_mode)
    usb_interrupt_disable                    0x08003891   Thumb Code    10  at32f415_usb.o(i.usb_interrupt_disable)
    usb_interrupt_enable                     0x0800389b   Thumb Code    12  at32f415_usb.o(i.usb_interrupt_enable)
    usb_open_phy_clk                         0x080038d9   Thumb Code    14  at32f415_usb.o(i.usb_open_phy_clk)
    usb_read_packet                          0x080038e7   Thumb Code    42  at32f415_usb.o(i.usb_read_packet)
    usb_set_address                          0x08003911   Thumb Code    14  at32f415_usb.o(i.usb_set_address)
    usb_set_rx_fifo                          0x0800391f   Thumb Code     4  at32f415_usb.o(i.usb_set_rx_fifo)
    usb_set_tx_fifo                          0x08003923   Thumb Code    66  at32f415_usb.o(i.usb_set_tx_fifo)
    usb_stop_phy_clk                         0x08003965   Thumb Code    16  at32f415_usb.o(i.usb_stop_phy_clk)
    usb_suspend_status_get                   0x08003975   Thumb Code    14  at32f415_usb.o(i.usb_suspend_status_get)
    usb_write_empty_txfifo                   0x08003983   Thumb Code   152  usbd_int.o(i.usb_write_empty_txfifo)
    usb_write_packet                         0x08003a1b   Thumb Code    48  at32f415_usb.o(i.usb_write_packet)
    usbd_clear_stall                         0x08003a9f   Thumb Code    74  usbd_core.o(i.usbd_clear_stall)
    usbd_connect                             0x08003ae9   Thumb Code    12  usbd_core.o(i.usbd_connect)
    usbd_core_in_handler                     0x08003af5   Thumb Code   194  usbd_core.o(i.usbd_core_in_handler)
    usbd_core_init                           0x08003bb9   Thumb Code   338  usbd_core.o(i.usbd_core_init)
    usbd_core_out_handler                    0x08003d11   Thumb Code   128  usbd_core.o(i.usbd_core_out_handler)
    usbd_core_setup_handler                  0x08003d91   Thumb Code    84  usbd_core.o(i.usbd_core_setup_handler)
    usbd_ctrl_recv                           0x08003de5   Thumb Code    36  usbd_core.o(i.usbd_ctrl_recv)
    usbd_ctrl_recv_status                    0x08003e09   Thumb Code    24  usbd_core.o(i.usbd_ctrl_recv_status)
    usbd_ctrl_send                           0x08003e21   Thumb Code    40  usbd_core.o(i.usbd_ctrl_send)
    usbd_ctrl_send_status                    0x08003e49   Thumb Code    24  usbd_core.o(i.usbd_ctrl_send_status)
    usbd_ctrl_unsupport                      0x08003e61   Thumb Code    22  usbd_core.o(i.usbd_ctrl_unsupport)
    usbd_device_request                      0x08003e77   Thumb Code   128  usbd_sdr.o(i.usbd_device_request)
    usbd_disconnect                          0x08003ef7   Thumb Code    12  usbd_core.o(i.usbd_disconnect)
    usbd_endpoint_request                    0x08003f03   Thumb Code   348  usbd_sdr.o(i.usbd_endpoint_request)
    usbd_enter_suspend                       0x0800405f   Thumb Code    22  usbd_core.o(i.usbd_enter_suspend)
    usbd_enumdone_handler                    0x08004075   Thumb Code    70  usbd_int.o(i.usbd_enumdone_handler)
    usbd_ept_close                           0x080040bb   Thumb Code    64  usbd_core.o(i.usbd_ept_close)
    usbd_ept_open                            0x080040fb   Thumb Code    90  usbd_core.o(i.usbd_ept_open)
    usbd_ept_recv                            0x08004155   Thumb Code   276  usbd_core.o(i.usbd_ept_recv)
    usbd_ept_send                            0x08004269   Thumb Code   298  usbd_core.o(i.usbd_ept_send)
    usbd_fifo_alloc                          0x08004393   Thumb Code    62  usbd_core.o(i.usbd_fifo_alloc)
    usbd_get_recv_len                        0x08004519   Thumb Code    28  usbd_core.o(i.usbd_get_recv_len)
    usbd_incomisioin_handler                 0x08004579   Thumb Code    22  usbd_int.o(i.usbd_incomisioin_handler)
    usbd_incomisoout_handler                 0x0800458f   Thumb Code    22  usbd_int.o(i.usbd_incomisoout_handler)
    usbd_inept_handler                       0x080045a5   Thumb Code   172  usbd_int.o(i.usbd_inept_handler)
    usbd_init                                0x08004651   Thumb Code   104  usb_core.o(i.usbd_init)
    usbd_interface_request                   0x080046f7   Thumb Code    56  usbd_sdr.o(i.usbd_interface_request)
    usbd_irq_handler                         0x0800472f   Thumb Code   234  usbd_int.o(i.usbd_irq_handler)
    usbd_outept_handler                      0x08004819   Thumb Code   146  usbd_int.o(i.usbd_outept_handler)
    usbd_reset_handler                       0x080048ab   Thumb Code   180  usbd_int.o(i.usbd_reset_handler)
    usbd_rxflvl_handler                      0x0800495f   Thumb Code   130  usbd_int.o(i.usbd_rxflvl_handler)
    usbd_set_stall                           0x08004b27   Thumb Code    74  usbd_core.o(i.usbd_set_stall)
    usbd_setup_request_parse                 0x08004b71   Thumb Code    40  usbd_sdr.o(i.usbd_setup_request_parse)
    usbd_sof_handler                         0x08004b99   Thumb Code    20  usbd_int.o(i.usbd_sof_handler)
    usbd_suspend_handler                     0x08004bad   Thumb Code    56  usbd_int.o(i.usbd_suspend_handler)
    usbd_wakeup_handler                      0x08004c21   Thumb Code    54  usbd_int.o(i.usbd_wakeup_handler)
    ascii_1608                               0x08004c56   Data        1520  lcd.o(.constdata)
    ascii_2412                               0x08005246   Data        4560  lcd.o(.constdata)
    ascii_3216                               0x08006416   Data        6080  lcd.o(.constdata)
    Region$$Table$$Base                      0x08007e10   Number         0  anon$$obj.o(Region$$Table)
    Region$$Table$$Limit                     0x08007e30   Number         0  anon$$obj.o(Region$$Table)
    temp                                     0x20000000   Data           4  main.o(.data)
    i                                        0x20000004   Data           4  main.o(.data)
    Temp_SPI                                 0x20000008   Data           4  base_spi.o(.data)
    SPI_complete_flag                        0x2000000c   Data           2  base_spi.o(.data)
    Tick_Full                                0x20000010   Data           4  base_sys_time.o(.data)
    Freq_ms                                  0x20000014   Data           4  base_sys_time.o(.data)
    Freq_us                                  0x20000018   Data           4  base_sys_time.o(.data)
    SYS_Ticktime                             0x2000001c   Data           8  base_sys_time.o(.data)
    cdc_keyboard_class_handler               0x2000002c   Data          40  cdc_keyboard_class.o(.data)
    cdc_keyboard_desc_handler                0x20000060   Data          40  cdc_keyboard_desc.o(.data)
    g_vcpkybrd_hid_usb_desc                  0x200000f0   Data           9  cdc_keyboard_desc.o(.data)
    USBD_KeyRepDesc                          0x200000f9   Data          62  cdc_keyboard_desc.o(.data)
    USBD_HIDRepDesc                          0x20000137   Data          34  cdc_keyboard_desc.o(.data)
    BACK_COLOR                               0x200001a4   Data           2  lcd.o(.data)
    HORIZONTAL                               0x200001a6   Data           1  lcd.o(.data)
    SYS_Time                                 0x200001a8   Data          20  mode_time.o(.data)
    Tick_Freq                                0x200001bc   Data           4  mode_time.o(.data)
    Tick_ms                                  0x200001c0   Data           4  mode_time.o(.data)
    Tick_us                                  0x200001c4   Data           4  mode_time.o(.data)
    system_core_clock                        0x200001c8   Data           4  system_at32f415.o(.data)
    __stdout                                 0x200001cc   Data           4  stdout.o(.data)
    HID_compilation                          0x200001d0   Data         168  cdc_keyboard_class.o(.bss)
    otg_core_struct                          0x20000378   Data         420  usb_user.o(.bss)
    Mode_Init                                0x2000051c   Data          24  mode.o(.bss)
    Mode_User                                0x20000534   Data          76  mode.o(.bss)
    UART1_Data                               0x20000580   Data         224  mode_uart.o(.bss)
    UART2_Data                               0x20000660   Data         224  mode_uart.o(.bss)
    UART3_Data                               0x20000740   Data         224  mode_uart.o(.bss)
    UART4_Data                               0x20000820   Data         224  mode_uart.o(.bss)
    CV_UART                                  0x20000900   Data          24  mode_uart.o(.bss)
    API                                      0x20000918   Data          20  api.o(.bss)
    __initial_sp                             0x20000d30   Data           0  startup_at32f415.o(STACK)



==============================================================================

Memory Map of the image

  Image Entry point : 0x08000171

  Load Region LR_IROM1 (Base: 0x08000000, Size: 0x00008000, Max: 0x00040000, ABSOLUTE, COMPRESSED[0x00007f4c])

    Execution Region ER_IROM1 (Exec base: 0x08000000, Load base: 0x08000000, Size: 0x00007e30, Max: 0x00040000, ABSOLUTE)

    Exec Addr    Load Addr    Size         Type   Attr      Idx    E Section Name        Object

    0x08000000   0x08000000   0x00000170   Data   RO         2480    RESET               startup_at32f415.o
    0x08000170   0x08000170   0x00000000   Code   RO         5705  * .ARM.Collect$$$$00000000  mc_w.l(entry.o)
    0x08000170   0x08000170   0x00000004   Code   RO         5987    .ARM.Collect$$$$00000001  mc_w.l(entry2.o)
    0x08000174   0x08000174   0x00000004   Code   RO         5990    .ARM.Collect$$$$00000004  mc_w.l(entry5.o)
    0x08000178   0x08000178   0x00000000   Code   RO         5992    .ARM.Collect$$$$00000008  mc_w.l(entry7b.o)
    0x08000178   0x08000178   0x00000000   Code   RO         5994    .ARM.Collect$$$$0000000A  mc_w.l(entry8b.o)
    0x08000178   0x08000178   0x00000008   Code   RO         5995    .ARM.Collect$$$$0000000B  mc_w.l(entry9a.o)
    0x08000180   0x08000180   0x00000004   Code   RO         6002    .ARM.Collect$$$$0000000E  mc_w.l(entry12b.o)
    0x08000184   0x08000184   0x00000000   Code   RO         5997    .ARM.Collect$$$$0000000F  mc_w.l(entry10a.o)
    0x08000184   0x08000184   0x00000000   Code   RO         5999    .ARM.Collect$$$$00000011  mc_w.l(entry11a.o)
    0x08000184   0x08000184   0x00000004   Code   RO         5988    .ARM.Collect$$$$00002712  mc_w.l(entry2.o)
    0x08000188   0x08000188   0x00000024   Code   RO         2481    .text               startup_at32f415.o
    0x080001ac   0x080001ac   0x00000062   Code   RO         5708    .text               mc_w.l(uldiv.o)
    0x0800020e   0x0800020e   0x0000000e   Code   RO         5714    .text               mc_w.l(strlen.o)
    0x0800021c   0x0800021c   0x0000002c   Code   RO         6004    .text               mc_w.l(uidiv.o)
    0x08000248   0x08000248   0x0000001e   Code   RO         6006    .text               mc_w.l(llshl.o)
    0x08000266   0x08000266   0x00000020   Code   RO         6008    .text               mc_w.l(llushr.o)
    0x08000286   0x08000286   0x00000002   PAD
    0x08000288   0x08000288   0x00000024   Code   RO         6032    .text               mc_w.l(init.o)
    0x080002ac   0x080002ac   0x00000056   Code   RO         6059    .text               mc_w.l(__dczerorl2.o)
    0x08000302   0x08000302   0x00000002   PAD
    0x08000304   0x08000304   0x00000034   Code   RO         2229    i.API_Index         api.o
    0x08000338   0x08000338   0x00000004   Code   RO         2375    i.BusFault_Handler  at32f415_int.o
    0x0800033c   0x0800033c   0x00000018   Code   RO         2248    i.CRC16_CCITT_CalateByte  check_crc16.o
    0x08000354   0x08000354   0x00000024   Code   RO         2249    i.CRC16_CCITT_CalculateBuf  check_crc16.o
    0x08000378   0x08000378   0x00000002   Code   RO         2376    i.DebugMon_Handler  at32f415_int.o
    0x0800037a   0x0800037a   0x0000000e   Code   RO         1919    i.Debug_Out         mode.o
    0x08000388   0x08000388   0x0000001c   Code   RO         2274    i.Find_Data         data_handle.o
    0x080003a4   0x080003a4   0x00000048   Code   RO          649    i.GET_SysTick       base_sys_time.o
    0x080003ec   0x080003ec   0x0000003e   Code   RO         2017    i.Get_Lose_Tiem     mode_time.o
    0x0800042a   0x0800042a   0x00000034   Code   RO         2083    i.Get_RXD           mode_uart.o
    0x0800045e   0x0800045e   0x00000002   PAD
    0x08000460   0x08000460   0x00000094   Code   RO         2018    i.Get_TIME          mode_time.o
    0x080004f4   0x080004f4   0x00000004   Code   RO         2377    i.HardFault_Handler  at32f415_int.o
    0x080004f8   0x080004f8   0x00000038   Code   RO         2312    i.Hourly_to_Seconds  time_handle.o
    0x08000530   0x08000530   0x00000060   Code   RO          306    i.KEY_GPIO_Init     base_exist_gpio.o
    0x08000590   0x08000590   0x00000024   Code   RO         1679    i.KEY_Init          key.o
    0x080005b4   0x080005b4   0x0000002c   Code   RO         1680    i.KEY_State         key.o
    0x080005e0   0x080005e0   0x000000e8   Code   RO         1712    i.LCD_Address_Set   lcd.o
    0x080006c8   0x080006c8   0x00000018   Code   RO         1713    i.LCD_Delay         lcd.o
    0x080006e0   0x080006e0   0x0000009e   Code   RO         1714    i.LCD_Draw_Circle   lcd.o
    0x0800077e   0x0800077e   0x000000ac   Code   RO         1715    i.LCD_Draw_Line     lcd.o
    0x0800082a   0x0800082a   0x0000001c   Code   RO         1716    i.LCD_Draw_Point    lcd.o
    0x08000846   0x08000846   0x0000004a   Code   RO         1717    i.LCD_Draw_Rectangle  lcd.o
    0x08000890   0x08000890   0x0000003e   Code   RO         1718    i.LCD_Fill          lcd.o
    0x080008ce   0x080008ce   0x00000002   PAD
    0x080008d0   0x080008d0   0x00000060   Code   RO          307    i.LCD_GPIO_Init     base_exist_gpio.o
    0x08000930   0x08000930   0x000001e0   Code   RO         1719    i.LCD_Init          lcd.o
    0x08000b10   0x08000b10   0x00000138   Code   RO         1721    i.LCD_Show_Char     lcd.o
    0x08000c48   0x08000c48   0x00000058   Code   RO         1722    i.LCD_Show_Chinese  lcd.o
    0x08000ca0   0x08000ca0   0x00000008   Code   RO         1723    i.LCD_Show_Chinese24x24  lcd.o
    0x08000ca8   0x08000ca8   0x00000008   Code   RO         1724    i.LCD_Show_Chinese32x32  lcd.o
    0x08000cb0   0x08000cb0   0x00000066   Code   RO         1725    i.LCD_Show_Picture  lcd.o
    0x08000d16   0x08000d16   0x0000006e   Code   RO         1726    i.LCD_Show_String   lcd.o
    0x08000d84   0x08000d84   0x00000034   Code   RO         1727    i.LCD_WR_CMD        lcd.o
    0x08000db8   0x08000db8   0x00000022   Code   RO         1728    i.LCD_WR_DATA       lcd.o
    0x08000dda   0x08000dda   0x0000001c   Code   RO         1729    i.LCD_WR_DATA8      lcd.o
    0x08000df6   0x08000df6   0x0000000c   Code   RO         1730    i.LCD_Writ_Bus      lcd.o
    0x08000e02   0x08000e02   0x00000002   PAD
    0x08000e04   0x08000e04   0x0000006c   Code   RO            4    i.Main_Init         main.o
    0x08000e70   0x08000e70   0x00000004   Code   RO         2378    i.MemManage_Handler  at32f415_int.o
    0x08000e74   0x08000e74   0x00000038   Code   RO         1920    i.Mode_Index        mode.o
    0x08000eac   0x08000eac   0x000000b0   Code   RO         1921    i.Mode_User_index   mode.o
    0x08000f5c   0x08000f5c   0x00000002   Code   RO         2379    i.NMI_Handler       at32f415_int.o
    0x08000f5e   0x08000f5e   0x00000002   PAD
    0x08000f60   0x08000f60   0x00000010   Code   RO         1397    i.OTGFS1_IRQHandler  usb_user.o
    0x08000f70   0x08000f70   0x0000000c   Code   RO         1398    i.OTGFS1_WKUP_IRQHandler  usb_user.o
    0x08000f7c   0x08000f7c   0x000000d4   Code   RO         2313    i.Over_Time         time_handle.o
    0x08001050   0x08001050   0x00000002   Code   RO         2380    i.PendSV_Handler    at32f415_int.o
    0x08001052   0x08001052   0x00000002   PAD
    0x08001054   0x08001054   0x00000044   Code   RO          650    i.SET_SysTick       base_sys_time.o
    0x08001098   0x08001098   0x0000003c   Code   RO          553    i.SPI1_IRQHandler   base_spi.o
    0x080010d4   0x080010d4   0x0000009c   Code   RO          555    i.SPI2_GPIO_Init    base_spi.o
    0x08001170   0x08001170   0x0000001c   Code   RO          556    i.SPI2_IRQHandler   base_spi.o
    0x0800118c   0x0800118c   0x0000003c   Code   RO          557    i.SPI_CS_Set        base_spi.o
    0x080011c8   0x080011c8   0x00000034   Code   RO          561    i.SPI_Send_DATA     base_spi.o
    0x080011fc   0x080011fc   0x00000094   Code   RO          563    i.SPI_Start_Init    base_spi.o
    0x08001290   0x08001290   0x00000002   Code   RO         2381    i.SVC_Handler       at32f415_int.o
    0x08001292   0x08001292   0x00000018   Code   RO          651    i.SYS_Delay_S       base_sys_time.o
    0x080012aa   0x080012aa   0x00000002   PAD
    0x080012ac   0x080012ac   0x00000078   Code   RO          652    i.SYS_Delay_ms      base_sys_time.o
    0x08001324   0x08001324   0x00000078   Code   RO          653    i.SYS_Delay_us      base_sys_time.o
    0x0800139c   0x0800139c   0x0000004e   Code   RO         2314    i.Seconds_to_Hourly  time_handle.o
    0x080013ea   0x080013ea   0x00000002   PAD
    0x080013ec   0x080013ec   0x00000024   Code   RO         2019    i.Set_TIME          mode_time.o
    0x08001410   0x08001410   0x00000010   Code   RO          654    i.SysTick_Handler   base_sys_time.o
    0x08001420   0x08001420   0x00000048   Code   RO         2020    i.Sys_Clock_Init    mode_time.o
    0x08001468   0x08001468   0x000000d4   Code   RO          655    i.Sys_Time_Init     base_sys_time.o
    0x0800153c   0x0800153c   0x0000009c   Code   RO         2444    i.SystemInit        system_at32f415.o
    0x080015d8   0x080015d8   0x00000060   Code   RO          719    i.UART_RXD_Flag     base_uart.o
    0x08001638   0x08001638   0x0000005c   Code   RO          720    i.UART_RXD_Flag_Clear  base_uart.o
    0x08001694   0x08001694   0x0000005c   Code   RO          721    i.UART_RXD_Receive  base_uart.o
    0x080016f0   0x080016f0   0x00000036   Code   RO         2084    i.UART_Send_Data    mode_uart.o
    0x08001726   0x08001726   0x0000001a   Code   RO         2085    i.UART_Send_String  mode_uart.o
    0x08001740   0x08001740   0x0000006c   Code   RO          722    i.UART_TXD_Send     base_uart.o
    0x080017ac   0x080017ac   0x00000034   Code   RO         2086    i.USART1_IRQHandler  mode_uart.o
    0x080017e0   0x080017e0   0x00000034   Code   RO         2087    i.USART2_IRQHandler  mode_uart.o
    0x08001814   0x08001814   0x00000034   Code   RO         2088    i.USART3_IRQHandler  mode_uart.o
    0x08001848   0x08001848   0x00000054   Code   RO         1402    i.USB_User_init     usb_user.o
    0x0800189c   0x0800189c   0x000000dc   Code   RO          723    i.Uart1_Init        base_uart.o
    0x08001978   0x08001978   0x000000d8   Code   RO          724    i.Uart2_Init        base_uart.o
    0x08001a50   0x08001a50   0x000000f4   Code   RO          725    i.Uart3_Init        base_uart.o
    0x08001b44   0x08001b44   0x000000dc   Code   RO          726    i.Uart4_Init        base_uart.o
    0x08001c20   0x08001c20   0x0000007c   Code   RO         2090    i.Uart_Init         mode_uart.o
    0x08001c9c   0x08001c9c   0x00000004   Code   RO         2382    i.UsageFault_Handler  at32f415_int.o
    0x08001ca0   0x08001ca0   0x00000020   Code   RO         5765    i.__0printf$1       mc_w.l(printf1.o)
    0x08001cc0   0x08001cc0   0x0000000e   Code   RO         6053    i.__scatterload_copy  mc_w.l(handlers.o)
    0x08001cce   0x08001cce   0x00000002   Code   RO         6054    i.__scatterload_null  mc_w.l(handlers.o)
    0x08001cd0   0x08001cd0   0x0000000e   Code   RO         6055    i.__scatterload_zeroinit  mc_w.l(handlers.o)
    0x08001cde   0x08001cde   0x00000002   PAD
    0x08001ce0   0x08001ce0   0x00000154   Code   RO         5772    i._printf_core      mc_w.l(printf1.o)
    0x08001e34   0x08001e34   0x000000f0   Code   RO         1192    i.cdc_class_setup_handler  cdc_keyboard_class.o
    0x08001f24   0x08001f24   0x00000024   Code   RO         1193    i.class_clear_handler  cdc_keyboard_class.o
    0x08001f48   0x08001f48   0x0000002c   Code   RO         1194    i.class_ept0_rx_handler  cdc_keyboard_class.o
    0x08001f74   0x08001f74   0x00000006   Code   RO         1195    i.class_ept0_tx_handler  cdc_keyboard_class.o
    0x08001f7a   0x08001f7a   0x0000001e   Code   RO         1196    i.class_event_handler  cdc_keyboard_class.o
    0x08001f98   0x08001f98   0x00000028   Code   RO         1197    i.class_in_handler  cdc_keyboard_class.o
    0x08001fc0   0x08001fc0   0x00000050   Code   RO         1198    i.class_init_handler  cdc_keyboard_class.o
    0x08002010   0x08002010   0x0000002a   Code   RO         1199    i.class_out_handler  cdc_keyboard_class.o
    0x0800203a   0x0800203a   0x000000ba   Code   RO         1200    i.class_setup_handler  cdc_keyboard_class.o
    0x080020f4   0x080020f4   0x00000006   Code   RO         1201    i.class_sof_handler  cdc_keyboard_class.o
    0x080020fa   0x080020fa   0x00000002   PAD
    0x080020fc   0x080020fc   0x00000014   Code   RO         2999    i.crm_ahb_div_set   at32f415_crm.o
    0x08002110   0x08002110   0x00000014   Code   RO         3000    i.crm_apb1_div_set  at32f415_crm.o
    0x08002124   0x08002124   0x00000014   Code   RO         3001    i.crm_apb2_div_set  at32f415_crm.o
    0x08002138   0x08002138   0x00000028   Code   RO         3002    i.crm_auto_step_mode_enable  at32f415_crm.o
    0x08002160   0x08002160   0x00000060   Code   RO         3007    i.crm_clock_source_enable  at32f415_crm.o
    0x080021c0   0x080021c0   0x000001ac   Code   RO         3008    i.crm_clocks_freq_get  at32f415_crm.o
    0x0800236c   0x0800236c   0x00000030   Code   RO         3012    i.crm_flag_get      at32f415_crm.o
    0x0800239c   0x0800239c   0x00000014   Code   RO         3017    i.crm_hick_divider_select  at32f415_crm.o
    0x080023b0   0x080023b0   0x0000001c   Code   RO         3018    i.crm_hick_sclk_frequency_select  at32f415_crm.o
    0x080023cc   0x080023cc   0x00000044   Code   RO         3022    i.crm_periph_clock_enable  at32f415_crm.o
    0x08002410   0x08002410   0x00000044   Code   RO         3023    i.crm_periph_reset  at32f415_crm.o
    0x08002454   0x08002454   0x00000108   Code   RO         3025    i.crm_pll_config    at32f415_crm.o
    0x0800255c   0x0800255c   0x00000064   Code   RO         3027    i.crm_reset         at32f415_crm.o
    0x080025c0   0x080025c0   0x00000014   Code   RO         3028    i.crm_sysclk_switch  at32f415_crm.o
    0x080025d4   0x080025d4   0x00000010   Code   RO         3029    i.crm_sysclk_switch_status_get  at32f415_crm.o
    0x080025e4   0x080025e4   0x00000020   Code   RO         3030    i.crm_usb_clock_div_set  at32f415_crm.o
    0x08002604   0x08002604   0x00000020   Code   RO         3031    i.crm_usb_clock_source_select  at32f415_crm.o
    0x08002624   0x08002624   0x0000000e   Code   RO         3677    i.exint_default_para_init  at32f415_exint.o
    0x08002632   0x08002632   0x00000002   PAD
    0x08002634   0x08002634   0x0000000c   Code   RO         3679    i.exint_flag_clear  at32f415_exint.o
    0x08002640   0x08002640   0x00000098   Code   RO         3681    i.exint_init        at32f415_exint.o
    0x080026d8   0x080026d8   0x00000012   Code   RO          728    i.fputc             base_uart.o
    0x080026ea   0x080026ea   0x00000002   PAD
    0x080026ec   0x080026ec   0x00000044   Code   RO         1307    i.get_device_config_string  cdc_keyboard_desc.o
    0x08002730   0x08002730   0x00000008   Code   RO         1308    i.get_device_configuration  cdc_keyboard_desc.o
    0x08002738   0x08002738   0x00000008   Code   RO         1309    i.get_device_descriptor  cdc_keyboard_desc.o
    0x08002740   0x08002740   0x00000030   Code   RO         1310    i.get_device_interface_string  cdc_keyboard_desc.o
    0x08002770   0x08002770   0x00000008   Code   RO         1311    i.get_device_lang_id  cdc_keyboard_desc.o
    0x08002778   0x08002778   0x00000028   Code   RO         1312    i.get_device_manufacturer_string  cdc_keyboard_desc.o
    0x080027a0   0x080027a0   0x00000004   Code   RO         1313    i.get_device_other_speed  cdc_keyboard_desc.o
    0x080027a4   0x080027a4   0x00000034   Code   RO         1314    i.get_device_product_string  cdc_keyboard_desc.o
    0x080027d8   0x080027d8   0x00000004   Code   RO         1315    i.get_device_qualifier  cdc_keyboard_desc.o
    0x080027dc   0x080027dc   0x00000010   Code   RO         1316    i.get_device_serial_string  cdc_keyboard_desc.o
    0x080027ec   0x080027ec   0x00000034   Code   RO         1317    i.get_serial_num    cdc_keyboard_desc.o
    0x08002820   0x08002820   0x00000016   Code   RO         3963    i.gpio_default_para_init  at32f415_gpio.o
    0x08002836   0x08002836   0x000000a8   Code   RO         3967    i.gpio_init         at32f415_gpio.o
    0x080028de   0x080028de   0x00000012   Code   RO         3968    i.gpio_input_data_bit_read  at32f415_gpio.o
    0x080028f0   0x080028f0   0x0000004c   Code   RO         3973    i.gpio_pin_remap_config  at32f415_gpio.o
    0x0800293c   0x0800293c   0x000000f0   Code   RO         1203    i.keyboard_class_setup_handler  cdc_keyboard_class.o
    0x08002a2c   0x08002a2c   0x00000074   Code   RO            5    i.main              main.o
    0x08002aa0   0x08002aa0   0x000000c8   Code   RO         4279    i.nvic_irq_enable   at32f415_misc.o
    0x08002b68   0x08002b68   0x00000028   Code   RO         4281    i.nvic_priority_group_config  at32f415_misc.o
    0x08002b90   0x08002b90   0x00000016   Code   RO         4620    i.spi_default_para_init  at32f415_spi.o
    0x08002ba6   0x08002ba6   0x0000000a   Code   RO         4621    i.spi_enable        at32f415_spi.o
    0x08002bb0   0x08002bb0   0x00000004   Code   RO         4626    i.spi_i2s_data_transmit  at32f415_spi.o
    0x08002bb4   0x08002bb4   0x00000010   Code   RO         4630    i.spi_i2s_flag_get  at32f415_spi.o
    0x08002bc4   0x08002bc4   0x00000012   Code   RO         4631    i.spi_i2s_interrupt_enable  at32f415_spi.o
    0x08002bd6   0x08002bd6   0x00000002   PAD
    0x08002bd8   0x08002bd8   0x00000040   Code   RO         4632    i.spi_i2s_reset     at32f415_spi.o
    0x08002c18   0x08002c18   0x00000124   Code   RO         4633    i.spi_init          at32f415_spi.o
    0x08002d3c   0x08002d3c   0x00000008   Code   RO         2339    i.system_clock_config  at32f415_clock.o
    0x08002d44   0x08002d44   0x00000084   Code   RO         2340    i.system_clock_hext_config  at32f415_clock.o
    0x08002dc8   0x08002dc8   0x00000154   Code   RO         2445    i.system_core_clock_update  system_at32f415.o
    0x08002f1c   0x08002f1c   0x00000028   Code   RO         4284    i.systick_clock_source_config  at32f415_misc.o
    0x08002f44   0x08002f44   0x00000008   Code   RO         5120    i.usart_data_receive  at32f415_usart.o
    0x08002f4c   0x08002f4c   0x00000008   Code   RO         5121    i.usart_data_transmit  at32f415_usart.o
    0x08002f54   0x08002f54   0x0000000a   Code   RO         5124    i.usart_enable      at32f415_usart.o
    0x08002f5e   0x08002f5e   0x00000012   Code   RO         5125    i.usart_flag_clear  at32f415_usart.o
    0x08002f70   0x08002f70   0x00000010   Code   RO         5126    i.usart_flag_get    at32f415_usart.o
    0x08002f80   0x08002f80   0x0000006c   Code   RO         5128    i.usart_init        at32f415_usart.o
    0x08002fec   0x08002fec   0x00000036   Code   RO         5129    i.usart_interrupt_enable  at32f415_usart.o
    0x08003022   0x08003022   0x0000004c   Code   RO         5134    i.usart_parity_selection_config  at32f415_usart.o
    0x0800306e   0x0800306e   0x0000000a   Code   RO         5135    i.usart_receiver_enable  at32f415_usart.o
    0x08003078   0x08003078   0x00000094   Code   RO         5137    i.usart_reset       at32f415_usart.o
    0x0800310c   0x0800310c   0x0000000a   Code   RO         5142    i.usart_transmitter_enable  at32f415_usart.o
    0x08003116   0x08003116   0x00000002   PAD
    0x08003118   0x08003118   0x00000070   Code   RO         1404    i.usb_clock48m_select  usb_user.o
    0x08003188   0x08003188   0x00000012   Code   RO         5308    i.usb_connect       at32f415_usb.o
    0x0800319a   0x0800319a   0x00000042   Code   RO          799    i.usb_core_config   usb_core.o
    0x080031dc   0x080031dc   0x0000000c   Code   RO          829    i.usb_delay_ms      usbd_core.o
    0x080031e8   0x080031e8   0x00000014   Code   RO         5309    i.usb_disconnect    at32f415_usb.o
    0x080031fc   0x080031fc   0x00000022   Code   RO         5310    i.usb_ept0_setup    at32f415_usb.o
    0x0800321e   0x0800321e   0x0000002c   Code   RO         5311    i.usb_ept0_start    at32f415_usb.o
    0x0800324a   0x0800324a   0x00000092   Code   RO         5312    i.usb_ept_clear_stall  at32f415_usb.o
    0x080032dc   0x080032dc   0x00000064   Code   RO         5313    i.usb_ept_close     at32f415_usb.o
    0x08003340   0x08003340   0x000000fa   Code   RO          830    i.usb_ept_default_init  usbd_core.o
    0x0800343a   0x0800343a   0x0000000c   Code   RO         5314    i.usb_ept_in_clear  at32f415_usb.o
    0x08003446   0x08003446   0x0000002c   Code   RO         5315    i.usb_ept_in_interrupt  at32f415_usb.o
    0x08003472   0x08003472   0x000001a0   Code   RO         5316    i.usb_ept_open      at32f415_usb.o
    0x08003612   0x08003612   0x0000000c   Code   RO         5317    i.usb_ept_out_clear  at32f415_usb.o
    0x0800361e   0x0800361e   0x00000016   Code   RO         5318    i.usb_ept_out_interrupt  at32f415_usb.o
    0x08003634   0x08003634   0x00000092   Code   RO         5319    i.usb_ept_stall     at32f415_usb.o
    0x080036c6   0x080036c6   0x00000002   PAD
    0x080036c8   0x080036c8   0x0000002c   Code   RO         5320    i.usb_flush_rx_fifo  at32f415_usb.o
    0x080036f4   0x080036f4   0x00000038   Code   RO         5321    i.usb_flush_tx_fifo  at32f415_usb.o
    0x0800372c   0x0800372c   0x00000012   Code   RO         5322    i.usb_get_all_in_interrupt  at32f415_usb.o
    0x0800373e   0x0800373e   0x00000012   Code   RO         5323    i.usb_get_all_out_interrupt  at32f415_usb.o
    0x08003750   0x08003750   0x00000004   Code   RO         5324    i.usb_global_clear_interrupt  at32f415_usb.o
    0x08003754   0x08003754   0x0000000a   Code   RO         5325    i.usb_global_get_all_interrupt  at32f415_usb.o
    0x0800375e   0x0800375e   0x00000030   Code   RO         5326    i.usb_global_init   at32f415_usb.o
    0x0800378e   0x0800378e   0x00000014   Code   RO         5327    i.usb_global_interrupt_enable  at32f415_usb.o
    0x080037a2   0x080037a2   0x00000002   PAD
    0x080037a4   0x080037a4   0x0000004c   Code   RO         5329    i.usb_global_reset  at32f415_usb.o
    0x080037f0   0x080037f0   0x00000008   Code   RO         5330    i.usb_global_select_core  at32f415_usb.o
    0x080037f8   0x080037f8   0x00000044   Code   RO         5331    i.usb_global_set_mode  at32f415_usb.o
    0x0800383c   0x0800383c   0x00000054   Code   RO         1405    i.usb_gpio_config   usb_user.o
    0x08003890   0x08003890   0x0000000a   Code   RO         5336    i.usb_interrupt_disable  at32f415_usb.o
    0x0800389a   0x0800389a   0x0000000c   Code   RO         5337    i.usb_interrupt_enable  at32f415_usb.o
    0x080038a6   0x080038a6   0x00000032   Code   RO         1406    i.usb_low_power_wakeup_config  usb_user.o
    0x080038d8   0x080038d8   0x0000000e   Code   RO         5338    i.usb_open_phy_clk  at32f415_usb.o
    0x080038e6   0x080038e6   0x0000002a   Code   RO         5340    i.usb_read_packet   at32f415_usb.o
    0x08003910   0x08003910   0x0000000e   Code   RO         5343    i.usb_set_address   at32f415_usb.o
    0x0800391e   0x0800391e   0x00000004   Code   RO         5344    i.usb_set_rx_fifo   at32f415_usb.o
    0x08003922   0x08003922   0x00000042   Code   RO         5345    i.usb_set_tx_fifo   at32f415_usb.o
    0x08003964   0x08003964   0x00000010   Code   RO         5346    i.usb_stop_phy_clk  at32f415_usb.o
    0x08003974   0x08003974   0x0000000e   Code   RO         5347    i.usb_suspend_status_get  at32f415_usb.o
    0x08003982   0x08003982   0x00000098   Code   RO         1015    i.usb_write_empty_txfifo  usbd_int.o
    0x08003a1a   0x08003a1a   0x00000030   Code   RO         5348    i.usb_write_packet  at32f415_usb.o
    0x08003a4a   0x08003a4a   0x00000054   Code   RO         1114    i.usbd_clear_feature  usbd_sdr.o
    0x08003a9e   0x08003a9e   0x0000004a   Code   RO          831    i.usbd_clear_stall  usbd_core.o
    0x08003ae8   0x08003ae8   0x0000000c   Code   RO          832    i.usbd_connect      usbd_core.o
    0x08003af4   0x08003af4   0x000000c2   Code   RO          834    i.usbd_core_in_handler  usbd_core.o
    0x08003bb6   0x08003bb6   0x00000002   PAD
    0x08003bb8   0x08003bb8   0x00000158   Code   RO          835    i.usbd_core_init    usbd_core.o
    0x08003d10   0x08003d10   0x00000080   Code   RO          836    i.usbd_core_out_handler  usbd_core.o
    0x08003d90   0x08003d90   0x00000054   Code   RO          837    i.usbd_core_setup_handler  usbd_core.o
    0x08003de4   0x08003de4   0x00000024   Code   RO          838    i.usbd_ctrl_recv    usbd_core.o
    0x08003e08   0x08003e08   0x00000018   Code   RO          839    i.usbd_ctrl_recv_status  usbd_core.o
    0x08003e20   0x08003e20   0x00000028   Code   RO          840    i.usbd_ctrl_send    usbd_core.o
    0x08003e48   0x08003e48   0x00000018   Code   RO          841    i.usbd_ctrl_send_status  usbd_core.o
    0x08003e60   0x08003e60   0x00000016   Code   RO          842    i.usbd_ctrl_unsupport  usbd_core.o
    0x08003e76   0x08003e76   0x00000080   Code   RO         1115    i.usbd_device_request  usbd_sdr.o
    0x08003ef6   0x08003ef6   0x0000000c   Code   RO          843    i.usbd_disconnect   usbd_core.o
    0x08003f02   0x08003f02   0x0000015c   Code   RO         1116    i.usbd_endpoint_request  usbd_sdr.o
    0x0800405e   0x0800405e   0x00000016   Code   RO          844    i.usbd_enter_suspend  usbd_core.o
    0x08004074   0x08004074   0x00000046   Code   RO         1017    i.usbd_enumdone_handler  usbd_int.o
    0x080040ba   0x080040ba   0x00000040   Code   RO          845    i.usbd_ept_close    usbd_core.o
    0x080040fa   0x080040fa   0x0000005a   Code   RO          846    i.usbd_ept_open     usbd_core.o
    0x08004154   0x08004154   0x00000114   Code   RO          847    i.usbd_ept_recv     usbd_core.o
    0x08004268   0x08004268   0x0000012a   Code   RO          848    i.usbd_ept_send     usbd_core.o
    0x08004392   0x08004392   0x0000003e   Code   RO          849    i.usbd_fifo_alloc   usbd_core.o
    0x080043d0   0x080043d0   0x00000056   Code   RO         1117    i.usbd_get_configuration  usbd_sdr.o
    0x08004426   0x08004426   0x000000f2   Code   RO         1118    i.usbd_get_descriptor  usbd_sdr.o
    0x08004518   0x08004518   0x0000001c   Code   RO          851    i.usbd_get_recv_len  usbd_core.o
    0x08004534   0x08004534   0x00000044   Code   RO         1119    i.usbd_get_status   usbd_sdr.o
    0x08004578   0x08004578   0x00000016   Code   RO         1018    i.usbd_incomisioin_handler  usbd_int.o
    0x0800458e   0x0800458e   0x00000016   Code   RO         1019    i.usbd_incomisoout_handler  usbd_int.o
    0x080045a4   0x080045a4   0x000000ac   Code   RO         1020    i.usbd_inept_handler  usbd_int.o
    0x08004650   0x08004650   0x00000068   Code   RO          800    i.usbd_init         usb_core.o
    0x080046b8   0x080046b8   0x0000003e   Code   RO         1318    i.usbd_int_to_unicode  cdc_keyboard_desc.o
    0x080046f6   0x080046f6   0x00000038   Code   RO         1120    i.usbd_interface_request  usbd_sdr.o
    0x0800472e   0x0800472e   0x000000ea   Code   RO         1021    i.usbd_irq_handler  usbd_int.o
    0x08004818   0x08004818   0x00000092   Code   RO         1022    i.usbd_outept_handler  usbd_int.o
    0x080048aa   0x080048aa   0x000000b4   Code   RO         1023    i.usbd_reset_handler  usbd_int.o
    0x0800495e   0x0800495e   0x00000082   Code   RO         1024    i.usbd_rxflvl_handler  usbd_int.o
    0x080049e0   0x080049e0   0x00000052   Code   RO         1121    i.usbd_set_address  usbd_sdr.o
    0x08004a32   0x08004a32   0x00000002   PAD
    0x08004a34   0x08004a34   0x000000c8   Code   RO         1122    i.usbd_set_configuration  usbd_sdr.o
    0x08004afc   0x08004afc   0x0000002a   Code   RO         1123    i.usbd_set_feature  usbd_sdr.o
    0x08004b26   0x08004b26   0x0000004a   Code   RO          854    i.usbd_set_stall    usbd_core.o
    0x08004b70   0x08004b70   0x00000028   Code   RO         1124    i.usbd_setup_request_parse  usbd_sdr.o
    0x08004b98   0x08004b98   0x00000014   Code   RO         1025    i.usbd_sof_handler  usbd_int.o
    0x08004bac   0x08004bac   0x00000038   Code   RO         1026    i.usbd_suspend_handler  usbd_int.o
    0x08004be4   0x08004be4   0x0000003c   Code   RO         1319    i.usbd_unicode_convert  cdc_keyboard_desc.o
    0x08004c20   0x08004c20   0x00000036   Code   RO         1027    i.usbd_wakeup_handler  usbd_int.o
    0x08004c56   0x08004c56   0x00002f80   Data   RO         1732    .constdata          lcd.o
    0x08007bd6   0x08007bd6   0x00000200   Data   RO         2250    .constdata          check_crc16.o
    0x08007dd6   0x08007dd6   0x00000010   Data   RO         2446    .constdata          system_at32f415.o
    0x08007de6   0x08007de6   0x00000028   Data   RO         3033    .constdata          at32f415_crm.o
    0x08007e0e   0x08007e0e   0x00000002   PAD
    0x08007e10   0x08007e10   0x00000020   Data   RO         6051    Region$$Table       anon$$obj.o


    Execution Region RW_IRAM1 (Exec base: 0x20000000, Load base: 0x08007e30, Size: 0x00000d30, Max: 0x00008000, ABSOLUTE, COMPRESSED[0x0000011c])

    Exec Addr    Load Addr    Size         Type   Attr      Idx    E Section Name        Object

    0x20000000   COMPRESSED   0x00000008   Data   RW            6    .data               main.o
    0x20000008   COMPRESSED   0x00000006   Data   RW          564    .data               base_spi.o
    0x2000000e   COMPRESSED   0x00000002   PAD
    0x20000010   COMPRESSED   0x00000014   Data   RW          656    .data               base_sys_time.o
    0x20000024   COMPRESSED   0x00000004   Data   RW          729    .data               base_uart.o
    0x20000028   COMPRESSED   0x00000001   Data   RW         1125    .data               usbd_sdr.o
    0x20000029   COMPRESSED   0x00000003   PAD
    0x2000002c   COMPRESSED   0x00000031   Data   RW         1210    .data               cdc_keyboard_class.o
    0x2000005d   COMPRESSED   0x00000003   PAD
    0x20000060   COMPRESSED   0x00000144   Data   RW         1321    .data               cdc_keyboard_desc.o
    0x200001a4   COMPRESSED   0x00000003   Data   RW         1733    .data               lcd.o
    0x200001a7   COMPRESSED   0x00000001   PAD
    0x200001a8   COMPRESSED   0x00000020   Data   RW         2021    .data               mode_time.o
    0x200001c8   COMPRESSED   0x00000004   Data   RW         2447    .data               system_at32f415.o
    0x200001cc   COMPRESSED   0x00000004   Data   RW         6003    .data               mc_w.l(stdout.o)
    0x200001d0        -       0x000000a8   Zero   RW         1208    .bss                cdc_keyboard_class.o
    0x20000278        -       0x00000100   Zero   RW         1320    .bss                cdc_keyboard_desc.o
    0x20000378        -       0x000001a4   Zero   RW         1407    .bss                usb_user.o
    0x2000051c        -       0x00000064   Zero   RW         1922    .bss                mode.o
    0x20000580        -       0x00000398   Zero   RW         2091    .bss                mode_uart.o
    0x20000918        -       0x00000014   Zero   RW         2230    .bss                api.o
    0x2000092c   COMPRESSED   0x00000004   PAD
    0x20000930        -       0x00000400   Zero   RW         2478    STACK               startup_at32f415.o


==============================================================================

Image component sizes


      Code (inc. data)   RO Data    RW Data    ZI Data      Debug   Object Name

        52         24          0          0         20       1182   api.o
       140          6          0          0          0       1037   at32f415_clock.o
      1320        182         40          0          0       9953   at32f415_crm.o
       178         10          0          0          0       1910   at32f415_exint.o
       284          6          0          0          0       3044   at32f415_gpio.o
        24          0          0          0          0       3480   at32f415_int.o
       280         18          0          0          0      32340   at32f415_misc.o
       426          8          0          0          0       4226   at32f415_spi.o
       466         30          0          0          0       6669   at32f415_usart.o
      1624         16          0          0          0      18706   at32f415_usb.o
       192         18          0          0          0       1296   base_exist_gpio.o
       504         42          0          6          0       4316   base_spi.o
       632         84          0         20          0      35550   base_sys_time.o
      1306        210          0          4          0       6797   base_uart.o
       950         52          0         49        168      11219   cdc_keyboard_class.o
       430        148          0        324        256       8900   cdc_keyboard_desc.o
        60          4        512          0          0       1952   check_crc16.o
        28          0          0          0          0        728   data_handle.o
        80          6          0          0          0       1191   key.o
      1984         34      12160          3          0      14294   lcd.o
       224         60          0          8          0      74757   main.o
       246        106          0          0        100       2643   mode.o
       318         44          0         32          0       3828   mode_time.o
       412         32          0          0        920       5938   mode_uart.o
        36          8        368          0       1024        804   startup_at32f415.o
       496         42         16          4          0       2028   system_at32f415.o
       346         14          0          0          0       2392   time_handle.o
       170          0          0          0          0       1958   usb_core.o
       358         48          0          0        420       4583   usb_user.o
      2170          6          0          0          0      23665   usbd_core.o
      1258          0          0          0          0       9152   usbd_int.o
      1376         30          0          1          0       8530   usbd_sdr.o

    ----------------------------------------------------------------------
     18402       1288      13130        460       2912     309068   Object Totals
         0          0         32          0          0          0   (incl. Generated)
        32          0          2          9          4          0   (incl. Padding)

    ----------------------------------------------------------------------

      Code (inc. data)   RO Data    RW Data    ZI Data      Debug   Library Member Name

        86          0          0          0          0          0   __dczerorl2.o
         0          0          0          0          0          0   entry.o
         0          0          0          0          0          0   entry10a.o
         0          0          0          0          0          0   entry11a.o
         4          0          0          0          0          0   entry12b.o
         8          4          0          0          0          0   entry2.o
         4          0          0          0          0          0   entry5.o
         0          0          0          0          0          0   entry7b.o
         0          0          0          0          0          0   entry8b.o
         8          4          0          0          0          0   entry9a.o
        30          0          0          0          0          0   handlers.o
        36          8          0          0          0         68   init.o
        30          0          0          0          0         68   llshl.o
        32          0          0          0          0         68   llushr.o
       372         14          0          0          0        184   printf1.o
         0          0          0          4          0          0   stdout.o
        14          0          0          0          0         68   strlen.o
        44          0          0          0          0         80   uidiv.o
        98          0          0          0          0         92   uldiv.o

    ----------------------------------------------------------------------
       772         30          0          4          0        628   Library Totals
         6          0          0          0          0          0   (incl. Padding)

    ----------------------------------------------------------------------

      Code (inc. data)   RO Data    RW Data    ZI Data      Debug   Library Name

       766         30          0          4          0        628   mc_w.l

    ----------------------------------------------------------------------
       772         30          0          4          0        628   Library Totals

    ----------------------------------------------------------------------

==============================================================================


      Code (inc. data)   RO Data    RW Data    ZI Data      Debug   

     19174       1318      13130        464       2912     297760   Grand Totals
     19174       1318      13130        284       2912     297760   ELF Image Totals (compressed)
     19174       1318      13130        284          0          0   ROM Totals

==============================================================================

    Total RO  Size (Code + RO Data)                32304 (  31.55kB)
    Total RW  Size (RW Data + ZI Data)              3376 (   3.30kB)
    Total ROM Size (Code + RO Data + RW Data)      32588 (  31.82kB)

==============================================================================

