Component: ARM Compiler 5.06 update 7 (build 960) Tool: armlink [4d3601]

==============================================================================

Section Cross References

    main.o(i.Main_Init) refers to at32f415_clock.o(i.system_clock_config) for system_clock_config
    main.o(i.Main_Init) refers to at32f415_misc.o(i.nvic_priority_group_config) for nvic_priority_group_config
    main.o(i.Main_Init) refers to mode.o(i.Mode_Index) for Mode_Index
    main.o(i.Main_Init) refers to api.o(i.API_Index) for API_Index
    main.o(i.Main_Init) refers to usb_user.o(i.USB_User_init) for USB_User_init
    main.o(i.Main_Init) refers to base_pwm.o(i.TIM4_PWM_Start_Init) for TIM4_PWM_Start_Init
    main.o(i.Main_Init) refers to memcpya.o(.text) for __aeabi_memcpy4
    main.o(i.Main_Init) refers to printf3.o(i.__0printf$3) for __2printf
    main.o(i.Main_Init) refers to base_flash.o(i.Flash_Save_Area) for Flash_Save_Area
    main.o(i.Main_Init) refers to base_spi.o(i.SPI_Start_Init) for SPI_Start_Init
    main.o(i.Main_Init) refers to mode.o(.bss) for Mode_Init
    main.o(i.Main_Init) refers to main.o(.constdata) for .constdata
    main.o(i.Main_Init) refers to mode_time.o(.data) for SYS_Time
    main.o(i.Main_Init) refers to system_at32f415.o(.data) for system_core_clock
    main.o(i.Main_Init) refers to main.o(.data) for temp_list
    main.o(i.main) refers to main.o(i.Main_Init) for Main_Init
    main.o(i.main) refers to memseta.o(.text) for __aeabi_memclr4
    main.o(i.main) refers to base_spi.o(i.SPI_CS_Set) for SPI_CS_Set
    main.o(i.main) refers to base_spi.o(i.SPI_Send_DATA) for SPI_Send_DATA
    main.o(i.main) refers to base_pwm.o(i.TIM4_PWMx_SetValue) for TIM4_PWMx_SetValue
    main.o(i.main) refers to main.o(.bss) for temp_String
    main.o(i.main) refers to mode.o(.bss) for Mode_User
    main.o(i.main) refers to mode_time.o(.data) for SYS_Time
    main.o(i.main) refers to main.o(.data) for temp
    base_adc.o(i.ADC1_DMA_Config) refers to at32f415_dma.o(i.dma_default_para_init) for dma_default_para_init
    base_adc.o(i.ADC1_DMA_Config) refers to at32f415_crm.o(i.crm_periph_clock_enable) for crm_periph_clock_enable
    base_adc.o(i.ADC1_DMA_Config) refers to at32f415_misc.o(i.nvic_irq_enable) for nvic_irq_enable
    base_adc.o(i.ADC1_DMA_Config) refers to at32f415_dma.o(i.dma_reset) for dma_reset
    base_adc.o(i.ADC1_DMA_Config) refers to at32f415_dma.o(i.dma_init) for dma_init
    base_adc.o(i.ADC1_DMA_Config) refers to at32f415_dma.o(i.dma_interrupt_enable) for dma_interrupt_enable
    base_adc.o(i.ADC1_DMA_Config) refers to at32f415_dma.o(i.dma_channel_enable) for dma_channel_enable
    base_adc.o(i.ADC_Conversion_Vol) refers to fflti.o(.text) for __aeabi_i2f
    base_adc.o(i.ADC_Conversion_Vol) refers to fdiv.o(.text) for __aeabi_fdiv
    base_adc.o(i.ADC_Conversion_Vol) refers to fmul.o(.text) for __aeabi_fmul
    base_adc.o(i.ADC_Conversion_Vol) refers to base_adc.o(.data) for VDDA
    base_adc.o(i.ADC_GPIO_Init) refers to at32f415_gpio.o(i.gpio_default_para_init) for gpio_default_para_init
    base_adc.o(i.ADC_GPIO_Init) refers to at32f415_crm.o(i.crm_periph_clock_enable) for crm_periph_clock_enable
    base_adc.o(i.ADC_GPIO_Init) refers to at32f415_gpio.o(i.gpio_init) for gpio_init
    base_adc.o(i.ADC_Get_List) refers to at32f415_adc.o(i.adc_ordinary_software_trigger_enable) for adc_ordinary_software_trigger_enable
    base_adc.o(i.ADC_Get_List) refers to base_adc.o(.data) for Channel_NUM
    base_adc.o(i.ADC_Get_List) refers to base_adc.o(.bss) for ADC1_valuetab_list
    base_adc.o(i.ADC_Get_Temperature) refers to at32f415_adc.o(i.adc_ordinary_software_trigger_enable) for adc_ordinary_software_trigger_enable
    base_adc.o(i.ADC_Get_Temperature) refers to ffltui.o(.text) for __aeabi_ui2f
    base_adc.o(i.ADC_Get_Temperature) refers to fmul.o(.text) for __aeabi_fmul
    base_adc.o(i.ADC_Get_Temperature) refers to fdiv.o(.text) for __aeabi_fdiv
    base_adc.o(i.ADC_Get_Temperature) refers to f2d.o(.text) for __aeabi_f2d
    base_adc.o(i.ADC_Get_Temperature) refers to dadd.o(.text) for __aeabi_drsub
    base_adc.o(i.ADC_Get_Temperature) refers to ddiv.o(.text) for __aeabi_ddiv
    base_adc.o(i.ADC_Get_Temperature) refers to d2f.o(.text) for __aeabi_d2f
    base_adc.o(i.ADC_Get_Temperature) refers to base_adc.o(.data) for dma_trans_complete_flag
    base_adc.o(i.ADC_Get_Temperature) refers to base_adc.o(.bss) for ADC1_valuetab_list
    base_adc.o(i.ADC_Start_Init) refers to at32f415_crm.o(i.crm_periph_clock_enable) for crm_periph_clock_enable
    base_adc.o(i.ADC_Start_Init) refers to at32f415_crm.o(i.crm_adc_clock_div_set) for crm_adc_clock_div_set
    base_adc.o(i.ADC_Start_Init) refers to base_adc.o(i.ADC_GPIO_Init) for ADC_GPIO_Init
    base_adc.o(i.ADC_Start_Init) refers to at32f415_adc.o(i.adc_ordinary_channel_set) for adc_ordinary_channel_set
    base_adc.o(i.ADC_Start_Init) refers to at32f415_adc.o(i.adc_tempersensor_vintrv_enable) for adc_tempersensor_vintrv_enable
[...]
    .data                                    0x20000000   Section       32  main.o(.data)
    .data                                    0x20000020   Section       14  base_adc.o(.data)
    .data                                    0x20000030   Section        6  base_spi.o(.data)
    .data                                    0x20000038   Section       20  base_sys_time.o(.data)
    .data                                    0x2000004c   Section        4  base_uart.o(.data)
    Temp                                     0x2000004c   Data           4  base_uart.o(.data)
    .data                                    0x20000050   Section       49  cdc_keyboard_class.o(.data)
    temp                                     0x20000078   Data           1  cdc_keyboard_class.o(.data)
    keyboard_buf                             0x20000079   Data           8  cdc_keyboard_class.o(.data)
    .data                                    0x20000084   Section      324  cdc_keyboard_desc.o(.data)
    g_usbd_descriptor                        0x200000ac   Data          18  cdc_keyboard_desc.o(.data)
    g_usbd_configuration                     0x200000c0   Data          82  cdc_keyboard_desc.o(.data)
    g_string_lang_id                         0x20000180   Data           4  cdc_keyboard_desc.o(.data)
    g_string_serial                          0x20000184   Data          26  cdc_keyboard_desc.o(.data)
    device_descriptor                        0x200001a0   Data           8  cdc_keyboard_desc.o(.data)
    config_descriptor                        0x200001a8   Data           8  cdc_keyboard_desc.o(.data)
    langid_descriptor                        0x200001b0   Data           8  cdc_keyboard_desc.o(.data)
    serial_descriptor                        0x200001b8   Data           8  cdc_keyboard_desc.o(.data)
    vp_desc                                  0x200001c0   Data           8  cdc_keyboard_desc.o(.data)
    .data                                    0x200001c8   Section       32  mode_time.o(.data)
    .data                                    0x200001e8   Section       24  ds18b20.o(.data)
    .data                                    0x20000200   Section        4  system_at32f415.o(.data)
    .data                                    0x20000204   Section        1  usbd_sdr.o(.data)
    config_value                             0x20000204   Data           1  usbd_sdr.o(.data)
    .data                                    0x20000208   Section        4  stdout.o(.data)
    .bss                                     0x2000020c   Section    10792  main.o(.bss)
    .bss                                     0x20002c34   Section       40  base_adc.o(.bss)
    .bss                                     0x20002c5c   Section      420  usb_user.o(.bss)
    .bss                                     0x20002e00   Section      168  cdc_keyboard_class.o(.bss)
    .bss                                     0x20002ea8   Section      256  cdc_keyboard_desc.o(.bss)
    g_usbd_desc_buffer                       0x20002ea8   Data         256  cdc_keyboard_desc.o(.bss)
    .bss                                     0x20002fa8   Section       92  mode.o(.bss)
    .bss                                     0x20003004   Section      920  mode_uart.o(.bss)
    .bss                                     0x2000339c   Section       20  api.o(.bss)
    STACK                                    0x200033b0   Section     1024  startup_at32f415.o(STACK)

    Global Symbols

    Symbol Name                              Value     Ov Type        Size  Object(Section)

    BuildAttributes$$THM_ISAv4$E$P$D$K$B$S$7EM$PE$A:L22UL41UL21$X:L11$S22US41US21$IEEE1$IW$USESV6$~STKCKD$USESV7$~SHL$OTIME$ROPI$IEEEJ$EBA8$MICROLIB$REQ8$PRES8$EABIv2 0x00000000   Number         0  anon$$obj.o ABSOLUTE
    __ARM_use_no_argv                        0x00000000   Number         0  main.o ABSOLUTE
    _printf_a                                0x00000000   Number         0  stubs.o ABSOLUTE
    _printf_c                                0x00000000   Number         0  stubs.o ABSOLUTE
    _printf_charcount                        0x00000000   Number         0  stubs.o ABSOLUTE
    _printf_d                                0x00000000   Number         0  stubs.o ABSOLUTE
    _printf_e                                0x00000000   Number         0  stubs.o ABSOLUTE
    _printf_f                                0x00000000   Number         0  stubs.o ABSOLUTE
    _printf_flags                            0x00000000   Number         0  stubs.o ABSOLUTE
    _printf_fp_dec                           0x00000000   Number         0  stubs.o ABSOLUTE
    _printf_fp_hex                           0x00000000   Number         0  stubs.o ABSOLUTE
    _printf_g                                0x00000000   Number         0  stubs.o ABSOLUTE
    _printf_i                                0x00000000   Number         0  stubs.o ABSOLUTE
    _printf_int_dec                          0x00000000   Number         0  stubs.o ABSOLUTE
    _printf_l                                0x00000000   Number         0  stubs.o ABSOLUTE
    _printf_lc                               0x00000000   Number         0  stubs.o ABSOLUTE
    _printf_ll                               0x00000000   Number         0  stubs.o ABSOLUTE
    _printf_lld                              0x00000000   Number         0  stubs.o ABSOLUTE
    _printf_lli                              0x00000000   Number         0  stubs.o ABSOLUTE
    _printf_llo                              0x00000000   Number         0  stubs.o ABSOLUTE
    _printf_llu                              0x00000000   Number         0  stubs.o ABSOLUTE
    _printf_llx                              0x00000000   Number         0  stubs.o ABSOLUTE
    _printf_longlong_dec                     0x00000000   Number         0  stubs.o ABSOLUTE
    _printf_longlong_hex                     0x00000000   Number         0  stubs.o ABSOLUTE
    _printf_longlong_oct                     0x00000000   Number         0  stubs.o ABSOLUTE
    _printf_ls                               0x00000000   Number         0  stubs.o ABSOLUTE
    _printf_mbtowc                           0x00000000   Number         0  stubs.o ABSOLUTE
    _printf_n                                0x00000000   Number         0  stubs.o ABSOLUTE
    _printf_o                                0x00000000   Number         0  stubs.o ABSOLUTE
    _printf_p                                0x00000000   Number         0  stubs.o ABSOLUTE
    _printf_percent                          0x00000000   Number         0  stubs.o ABSOLUTE
    _printf_pre_padding                      0x00000000   Number         0  stubs.o ABSOLUTE
    _printf_return_value                     0x00000000   Number         0  stubs.o ABSOLUTE
    _printf_s                                0x00000000   Number         0  stubs.o ABSOLUTE
    _printf_sizespec                         0x00000000   Number         0  stubs.o ABSOLUTE
    _printf_str                              0x00000000   Number         0  stubs.o ABSOLUTE
    _printf_truncate_signed                  0x00000000   Number         0  stubs.o ABSOLUTE
    _printf_truncate_unsigned                0x00000000   Number         0  stubs.o ABSOLUTE
    _printf_u                                0x00000000   Number         0  stubs.o ABSOLUTE
    _printf_wc                               0x00000000   Number         0  stubs.o ABSOLUTE
    _printf_wctomb                           0x00000000   Number         0  stubs.o ABSOLUTE
    _printf_widthprec                        0x00000000   Number         0  stubs.o ABSOLUTE
    _printf_x                                0x00000000   Number         0  stubs.o ABSOLUTE
    __arm_fini_                               - Undefined Weak Reference
    __cpp_initialize__aeabi_                  - Undefined Weak Reference
    __cxa_finalize                            - Undefined Weak Reference
    _clock_init                               - Undefined Weak Reference
    _microlib_exit                            - Undefined Weak Reference
    __Vectors_Size                           0x00000170   Number         0  startup_at32f415.o ABSOLUTE
    __Vectors                                0x08000000   Data           4  startup_at32f415.o(RESET)
    __Vectors_End                            0x08000170   Data           0  startup_at32f415.o(RESET)
    __main                                   0x08000171   Thumb Code     0  entry.o(.ARM.Collect$$$$00000000)
    _main_stk                                0x08000171   Thumb Code     0  entry2.o(.ARM.Collect$$$$00000001)
    _main_scatterload                        0x08000175   Thumb Code     0  entry5.o(.ARM.Collect$$$$00000004)
    __main_after_scatterload                 0x08000179   Thumb Code     0  entry5.o(.ARM.Collect$$$$00000004)
    _main_clock                              0x08000179   Thumb Code     0  entry7b.o(.ARM.Collect$$$$00000008)
    _main_cpp_init                           0x08000179   Thumb Code     0  entry8b.o(.ARM.Collect$$$$0000000A)
    _main_init                               0x08000179   Thumb Code     0  entry9a.o(.ARM.Collect$$$$0000000B)
    __rt_lib_shutdown_fini                   0x08000181   Thumb Code     0  entry12b.o(.ARM.Collect$$$$0000000E)
    __rt_final_cpp                           0x08000185   Thumb Code     0  entry10a.o(.ARM.Collect$$$$0000000F)
    __rt_final_exit                          0x08000185   Thumb Code     0  entry11a.o(.ARM.Collect$$$$00000011)
    Reset_Handler                            0x08000189   Thumb Code     8  startup_at32f415.o(.text)
    ADC1_IRQHandler                          0x080001a3   Thumb Code     0  startup_at32f415.o(.text)
    CAN1_RX0_IRQHandler                      0x080001a3   Thumb Code     0  startup_at32f415.o(.text)
    CAN1_RX1_IRQHandler                      0x080001a3   Thumb Code     0  startup_at32f415.o(.text)
    CAN1_SE_IRQHandler                       0x080001a3   Thumb Code     0  startup_at32f415.o(.text)
    CAN1_TX_IRQHandler                       0x080001a3   Thumb Code     0  startup_at32f415.o(.text)
    CMP1_IRQHandler                          0x080001a3   Thumb Code     0  startup_at32f415.o(.text)
    CMP2_IRQHandler                          0x080001a3   Thumb Code     0  startup_at32f415.o(.text)
    CRM_IRQHandler                           0x080001a3   Thumb Code     0  startup_at32f415.o(.text)
    DMA1_Channel2_IRQHandler                 0x080001a3   Thumb Code     0  startup_at32f415.o(.text)
    DMA1_Channel3_IRQHandler                 0x080001a3   Thumb Code     0  startup_at32f415.o(.text)
    DMA1_Channel4_IRQHandler                 0x080001a3   Thumb Code     0  startup_at32f415.o(.text)
    DMA1_Channel5_IRQHandler                 0x080001a3   Thumb Code     0  startup_at32f415.o(.text)
    DMA1_Channel6_IRQHandler                 0x080001a3   Thumb Code     0  startup_at32f415.o(.text)
    DMA1_Channel7_IRQHandler                 0x080001a3   Thumb Code     0  startup_at32f415.o(.text)
    DMA2_Channel1_IRQHandler                 0x080001a3   Thumb Code     0  startup_at32f415.o(.text)
    DMA2_Channel2_IRQHandler                 0x080001a3   Thumb Code     0  startup_at32f415.o(.text)
    DMA2_Channel3_IRQHandler                 0x080001a3   Thumb Code     0  startup_at32f415.o(.text)
    DMA2_Channel4_5_IRQHandler               0x080001a3   Thumb Code     0  startup_at32f415.o(.text)
    DMA2_Channel6_7_IRQHandler               0x080001a3   Thumb Code     0  startup_at32f415.o(.text)
    ERTCAlarm_IRQHandler                     0x080001a3   Thumb Code     0  startup_at32f415.o(.text)
    ERTC_WKUP_IRQHandler                     0x080001a3   Thumb Code     0  startup_at32f415.o(.text)
    EXINT0_IRQHandler                        0x080001a3   Thumb Code     0  startup_at32f415.o(.text)
    EXINT15_10_IRQHandler                    0x080001a3   Thumb Code     0  startup_at32f415.o(.text)
    EXINT1_IRQHandler                        0x080001a3   Thumb Code     0  startup_at32f415.o(.text)
    EXINT2_IRQHandler                        0x080001a3   Thumb Code     0  startup_at32f415.o(.text)
    EXINT3_IRQHandler                        0x080001a3   Thumb Code     0  startup_at32f415.o(.text)
    EXINT4_IRQHandler                        0x080001a3   Thumb Code     0  startup_at32f415.o(.text)
    EXINT9_5_IRQHandler                      0x080001a3   Thumb Code     0  startup_at32f415.o(.text)
    FLASH_IRQHandler                         0x080001a3   Thumb Code     0  startup_at32f415.o(.text)
    I2C1_ERR_IRQHandler                      0x080001a3   Thumb Code     0  startup_at32f415.o(.text)
    I2C1_EVT_IRQHandler                      0x080001a3   Thumb Code     0  startup_at32f415.o(.text)
    I2C2_ERR_IRQHandler                      0x080001a3   Thumb Code     0  startup_at32f415.o(.text)
    I2C2_EVT_IRQHandler                      0x080001a3   Thumb Code     0  startup_at32f415.o(.text)
    PVM_IRQHandler                           0x080001a3   Thumb Code     0  startup_at32f415.o(.text)
    SDIO1_IRQHandler                         0x080001a3   Thumb Code     0  startup_at32f415.o(.text)
    TAMP_STAMP_IRQHandler                    0x080001a3   Thumb Code     0  startup_at32f415.o(.text)
    TMR1_BRK_TMR9_IRQHandler                 0x080001a3   Thumb Code     0  startup_at32f415.o(.text)
    TMR1_CH_IRQHandler                       0x080001a3   Thumb Code     0  startup_at32f415.o(.text)
    TMR1_OVF_TMR10_IRQHandler                0x080001a3   Thumb Code     0  startup_at32f415.o(.text)
    TMR1_TRG_HALL_TMR11_IRQHandler           0x080001a3   Thumb Code     0  startup_at32f415.o(.text)
    TMR2_GLOBAL_IRQHandler                   0x080001a3   Thumb Code     0  startup_at32f415.o(.text)
    TMR3_GLOBAL_IRQHandler                   0x080001a3   Thumb Code     0  startup_at32f415.o(.text)
    TMR4_GLOBAL_IRQHandler                   0x080001a3   Thumb Code     0  startup_at32f415.o(.text)
    TMR5_GLOBAL_IRQHandler                   0x080001a3   Thumb Code     0  startup_at32f415.o(.text)
    UART4_IRQHandler                         0x080001a3   Thumb Code     0  startup_at32f415.o(.text)
    UART5_IRQHandler                         0x080001a3   Thumb Code     0  startup_at32f415.o(.text)
    WWDT_IRQHandler                          0x080001a3   Thumb Code     0  startup_at32f415.o(.text)
    __aeabi_uldivmod                         0x080001ad   Thumb Code    98  uldiv.o(.text)
    __aeabi_memcpy                           0x0800020f   Thumb Code    36  memcpya.o(.text)
    __aeabi_memcpy4                          0x0800020f   Thumb Code     0  memcpya.o(.text)
    __aeabi_memcpy8                          0x0800020f   Thumb Code     0  memcpya.o(.text)
    __aeabi_memset                           0x08000233   Thumb Code    14  memseta.o(.text)
    __aeabi_memset4                          0x08000233   Thumb Code     0  memseta.o(.text)
    __aeabi_memset8                          0x08000233   Thumb Code     0  memseta.o(.text)
    __aeabi_memclr                           0x08000241   Thumb Code     4  memseta.o(.text)
    __aeabi_memclr4                          0x08000241   Thumb Code     0  memseta.o(.text)
    __aeabi_memclr8                          0x08000241   Thumb Code     0  memseta.o(.text)
    _memset$wrapper                          0x08000245   Thumb Code    18  memseta.o(.text)
    strlen                                   0x08000257   Thumb Code    14  strlen.o(.text)
    __aeabi_fmul                             0x08000265   Thumb Code   100  fmul.o(.text)
    __aeabi_fdiv                             0x080002c9   Thumb Code   124  fdiv.o(.text)
    __aeabi_dadd                             0x08000345   Thumb Code   322  dadd.o(.text)
    __aeabi_dsub                             0x08000487   Thumb Code     6  dadd.o(.text)
    __aeabi_drsub                            0x0800048d   Thumb Code     6  dadd.o(.text)
    __aeabi_dmul                             0x08000493   Thumb Code   228  dmul.o(.text)
    __aeabi_ddiv                             0x08000577   Thumb Code   222  ddiv.o(.text)
    __aeabi_i2f                              0x08000655   Thumb Code    18  fflti.o(.text)
    __aeabi_ui2f                             0x08000667   Thumb Code    10  ffltui.o(.text)
    __aeabi_f2d                              0x08000671   Thumb Code    38  f2d.o(.text)
    __aeabi_d2f                              0x08000697   Thumb Code    56  d2f.o(.text)
    __aeabi_uidiv                            0x080006cf   Thumb Code     0  uidiv.o(.text)
    __aeabi_uidivmod                         0x080006cf   Thumb Code    44  uidiv.o(.text)
    __aeabi_llsl                             0x080006fb   Thumb Code    30  llshl.o(.text)
    _ll_shift_l                              0x080006fb   Thumb Code     0  llshl.o(.text)
    __aeabi_llsr                             0x08000719   Thumb Code    32  llushr.o(.text)
    _ll_ushift_r                             0x08000719   Thumb Code     0  llushr.o(.text)
    __aeabi_lasr                             0x08000739   Thumb Code    36  llsshr.o(.text)
    _ll_sshift_r                             0x08000739   Thumb Code     0  llsshr.o(.text)
    __I$use$fp                               0x0800075d   Thumb Code     0  iusefp.o(.text)
    _float_round                             0x0800075d   Thumb Code    18  fepilogue.o(.text)
    _float_epilogue                          0x0800076f   Thumb Code    92  fepilogue.o(.text)
    _double_round                            0x080007cb   Thumb Code    30  depilogue.o(.text)
    _double_epilogue                         0x080007e9   Thumb Code   156  depilogue.o(.text)
    __scatterload                            0x08000885   Thumb Code    28  init.o(.text)
    __scatterload_rt2                        0x08000885   Thumb Code     0  init.o(.text)
    __decompress                             0x080008a9   Thumb Code     0  __dczerorl2.o(.text)
    __decompress1                            0x080008a9   Thumb Code    86  __dczerorl2.o(.text)
    ADC1_DMA_Config                          0x08000901   Thumb Code   120  base_adc.o(i.ADC1_DMA_Config)
    ADC_Conversion_Vol                       0x08000981   Thumb Code    40  base_adc.o(i.ADC_Conversion_Vol)
    ADC_GPIO_Init                            0x080009ad   Thumb Code   112  base_adc.o(i.ADC_GPIO_Init)
    ADC_Get_List                             0x08000a29   Thumb Code    62  base_adc.o(i.ADC_Get_List)
    ADC_Get_Temperature                      0x08000a79   Thumb Code   120  base_adc.o(i.ADC_Get_Temperature)
    ADC_Start_Init                           0x08000b19   Thumb Code   234  base_adc.o(i.ADC_Start_Init)
    API_Index                                0x08000c15   Thumb Code    28  api.o(i.API_Index)
    BusFault_Handler                         0x08000c49   Thumb Code     4  at32f415_int.o(i.BusFault_Handler)
    CRC16_CCITT_CalateByte                   0x08000c4d   Thumb Code    20  check_crc16.o(i.CRC16_CCITT_CalateByte)
    CRC16_CCITT_CalculateBuf                 0x08000c65   Thumb Code    36  check_crc16.o(i.CRC16_CCITT_CalculateBuf)
    DMA1_Channel1_IRQHandler                 0x08000c89   Thumb Code    24  base_adc.o(i.DMA1_Channel1_IRQHandler)
    DS18B20_Get_Temp                         0x08000ce1   Thumb Code   148  ds18b20.o(i.DS18B20_Get_Temp)
    DS18B20_IO_Config                        0x08000d7d   Thumb Code    80  base_exist_gpio.o(i.DS18B20_IO_Config)
    DS18B20_Init                             0x08000dd5   Thumb Code    68  ds18b20.o(i.DS18B20_Init)
    DS18B20_Start                            0x08000e29   Thumb Code   132  ds18b20.o(i.DS18B20_Start)
    DebugMon_Handler                         0x08000eb5   Thumb Code     2  at32f415_int.o(i.DebugMon_Handler)
    Debug_Out                                0x08000eb7   Thumb Code    14  mode.o(i.Debug_Out)
    Find_Data                                0x08000ec5   Thumb Code    28  data_handle.o(i.Find_Data)
    Flash_Addr_Check                         0x08000ee1   Thumb Code    90  base_flash.o(i.Flash_Addr_Check)
    Flash_Save_Area                          0x08000f75   Thumb Code   170  base_flash.o(i.Flash_Save_Area)
    GET_SysTick                              0x08001021   Thumb Code    64  base_sys_time.o(i.GET_SysTick)
    Get_Lose_Tiem                            0x08001069   Thumb Code    62  mode_time.o(i.Get_Lose_Tiem)
    Get_TIME                                 0x080010dd   Thumb Code   130  mode_time.o(i.Get_TIME)
    HardFault_Handler                        0x08001171   Thumb Code     4  at32f415_int.o(i.HardFault_Handler)
    Hourly_to_Seconds                        0x08001175   Thumb Code    50  time_handle.o(i.Hourly_to_Seconds)
    LED_GPIO_Init                            0x080011ad   Thumb Code   130  base_exist_gpio.o(i.LED_GPIO_Init)
    LED_Init                                 0x0800123d   Thumb Code    20  led.o(i.LED_Init)
    LED_REG                                  0x08001251   Thumb Code    46  led.o(i.LED_REG)
    LED_SET                                  0x08001281   Thumb Code    54  led.o(i.LED_SET)
    Main_Init                                0x080012c1   Thumb Code   248  main.o(i.Main_Init)
    MemManage_Handler                        0x08001441   Thumb Code     4  at32f415_int.o(i.MemManage_Handler)
    Mode_Index                               0x08001445   Thumb Code    30  mode.o(i.Mode_Index)
    NMI_Handler                              0x08001525   Thumb Code     2  at32f415_int.o(i.NMI_Handler)
    OTGFS1_IRQHandler                        0x08001529   Thumb Code    10  usb_user.o(i.OTGFS1_IRQHandler)
    OTGFS1_WKUP_IRQHandler                   0x08001539   Thumb Code    12  usb_user.o(i.OTGFS1_WKUP_IRQHandler)
    Over_Time                                0x08001545   Thumb Code   204  time_handle.o(i.Over_Time)
    PendSV_Handler                           0x08001619   Thumb Code     2  at32f415_int.o(i.PendSV_Handler)
    SET_SysTick                              0x08001689   Thumb Code    58  base_sys_time.o(i.SET_SysTick)
    SPI1_IRQHandler                          0x080016cd   Thumb Code    50  base_spi.o(i.SPI1_IRQHandler)
    SPI2_GPIO_Init                           0x08001709   Thumb Code   146  base_spi.o(i.SPI2_GPIO_Init)
    SPI2_IRQHandler                          0x080017a5   Thumb Code    24  base_spi.o(i.SPI2_IRQHandler)
    SPI_CS_Set                               0x080017c1   Thumb Code    54  base_spi.o(i.SPI_CS_Set)
    SPI_Send_DATA                            0x080017fd   Thumb Code    48  base_spi.o(i.SPI_Send_DATA)
    SPI_Start_Init                           0x08001831   Thumb Code   140  base_spi.o(i.SPI_Start_Init)
    SVC_Handler                              0x080018c5   Thumb Code     2  at32f415_int.o(i.SVC_Handler)
    SYS_Delay_S                              0x080018c7   Thumb Code    24  base_sys_time.o(i.SYS_Delay_S)
    SYS_Delay_ms                             0x080018e1   Thumb Code   106  base_sys_time.o(i.SYS_Delay_ms)
    SYS_Delay_us                             0x08001959   Thumb Code   106  base_sys_time.o(i.SYS_Delay_us)
    Seconds_to_Hourly                        0x080019d1   Thumb Code    78  time_handle.o(i.Seconds_to_Hourly)
    Set_TIME                                 0x08001a21   Thumb Code    30  mode_time.o(i.Set_TIME)
    SysTick_Handler                          0x08001a45   Thumb Code    12  base_sys_time.o(i.SysTick_Handler)
    Sys_Clock_Init                           0x08001a55   Thumb Code    52  mode_time.o(i.Sys_Clock_Init)
    Sys_Time_Init                            0x08001a9d   Thumb Code   178  base_sys_time.o(i.Sys_Time_Init)
    SystemInit                               0x08001b71   Thumb Code   138  system_at32f415.o(i.SystemInit)
    TIM4_PWM_GPIO_Init                       0x08001c0d   Thumb Code   106  base_pwm.o(i.TIM4_PWM_GPIO_Init)
    TIM4_PWM_Start_Init                      0x08001c85   Thumb Code   230  base_pwm.o(i.TIM4_PWM_Start_Init)
    TIM4_PWMx_SetValue                       0x08001d75   Thumb Code    80  base_pwm.o(i.TIM4_PWMx_SetValue)
    UART_RXD_Flag                            0x08001dc9   Thumb Code    74  base_uart.o(i.UART_RXD_Flag)
    UART_RXD_Flag_Clear                      0x08001e29   Thumb Code    70  base_uart.o(i.UART_RXD_Flag_Clear)
    UART_RXD_Receive                         0x08001e85   Thumb Code    70  base_uart.o(i.UART_RXD_Receive)
    UART_Send_Data                           0x08001ee1   Thumb Code    54  mode_uart.o(i.UART_Send_Data)
    UART_Send_String                         0x08001f17   Thumb Code    26  mode_uart.o(i.UART_Send_String)
    UART_TXD_Send                            0x08001f31   Thumb Code    88  base_uart.o(i.UART_TXD_Send)
    USART1_IRQHandler                        0x08001f9d   Thumb Code    40  mode_uart.o(i.USART1_IRQHandler)
    USART2_IRQHandler                        0x08001fc9   Thumb Code    40  mode_uart.o(i.USART2_IRQHandler)
    USART3_IRQHandler                        0x08001ff5   Thumb Code    40  mode_uart.o(i.USART3_IRQHandler)
    USB_User_init                            0x08002021   Thumb Code    66  usb_user.o(i.USB_User_init)
    Uart1_Init                               0x08002075   Thumb Code   198  base_uart.o(i.Uart1_Init)
    Uart2_Init                               0x08002151   Thumb Code   192  base_uart.o(i.Uart2_Init)
    Uart3_Init                               0x08002229   Thumb Code   214  base_uart.o(i.Uart3_Init)
    Uart4_Init                               0x0800231d   Thumb Code   196  base_uart.o(i.Uart4_Init)
    Uart_Init                                0x080023f9   Thumb Code   104  mode_uart.o(i.Uart_Init)
    UsageFault_Handler                       0x08002475   Thumb Code     4  at32f415_int.o(i.UsageFault_Handler)
    WS2812_Delay                             0x08002479   Thumb Code    20  led.o(i.WS2812_Delay)
    WS2812_write_byte                        0x0800248d   Thumb Code    92  led.o(i.WS2812_write_byte)
    __0printf$3                              0x08002559   Thumb Code    22  printf3.o(i.__0printf$3)
    __1printf$3                              0x08002559   Thumb Code     0  printf3.o(i.__0printf$3)
    __2printf                                0x08002559   Thumb Code     0  printf3.o(i.__0printf$3)
    __scatterload_copy                       0x08002579   Thumb Code    14  handlers.o(i.__scatterload_copy)
    __scatterload_null                       0x08002587   Thumb Code     2  handlers.o(i.__scatterload_null)
    __scatterload_zeroinit                   0x08002589   Thumb Code    14  handlers.o(i.__scatterload_zeroinit)
    adc_base_config                          0x08002751   Thumb Code    44  at32f415_adc.o(i.adc_base_config)
    adc_base_default_para_init               0x0800277d   Thumb Code    14  at32f415_adc.o(i.adc_base_default_para_init)
    adc_calibration_init                     0x0800278b   Thumb Code    12  at32f415_adc.o(i.adc_calibration_init)
    adc_calibration_init_status_get          0x08002797   Thumb Code    18  at32f415_adc.o(i.adc_calibration_init_status_get)
    adc_calibration_start                    0x080027a9   Thumb Code    12  at32f415_adc.o(i.adc_calibration_start)
    adc_calibration_status_get               0x080027b5   Thumb Code    18  at32f415_adc.o(i.adc_calibration_status_get)
    adc_dma_mode_enable                      0x080027c7   Thumb Code    10  at32f415_adc.o(i.adc_dma_mode_enable)
    adc_enable                               0x080027d1   Thumb Code    10  at32f415_adc.o(i.adc_enable)
    adc_ordinary_channel_set                 0x080027db   Thumb Code   404  at32f415_adc.o(i.adc_ordinary_channel_set)
    adc_ordinary_conversion_trigger_set      0x0800296f   Thumb Code    52  at32f415_adc.o(i.adc_ordinary_conversion_trigger_set)
    adc_ordinary_software_trigger_enable     0x080029a3   Thumb Code    10  at32f415_adc.o(i.adc_ordinary_software_trigger_enable)
    adc_tempersensor_vintrv_enable           0x080029ad   Thumb Code    14  at32f415_adc.o(i.adc_tempersensor_vintrv_enable)
    crm_adc_clock_div_set                    0x08002c89   Thumb Code    28  at32f415_crm.o(i.crm_adc_clock_div_set)
    crm_ahb_div_set                          0x08002ca9   Thumb Code    14  at32f415_crm.o(i.crm_ahb_div_set)
    crm_apb1_div_set                         0x08002cbd   Thumb Code    14  at32f415_crm.o(i.crm_apb1_div_set)
    crm_apb2_div_set                         0x08002cd1   Thumb Code    14  at32f415_crm.o(i.crm_apb2_div_set)
    crm_auto_step_mode_enable                0x08002ce5   Thumb Code    34  at32f415_crm.o(i.crm_auto_step_mode_enable)
    crm_clock_source_enable                  0x08002d0d   Thumb Code    90  at32f415_crm.o(i.crm_clock_source_enable)
    crm_clocks_freq_get                      0x08002d6d   Thumb Code   396  at32f415_crm.o(i.crm_clocks_freq_get)
    crm_flag_get                             0x08002f19   Thumb Code    42  at32f415_crm.o(i.crm_flag_get)
    crm_hick_divider_select                  0x08002f49   Thumb Code    14  at32f415_crm.o(i.crm_hick_divider_select)
    crm_hick_sclk_frequency_select           0x08002f5d   Thumb Code    24  at32f415_crm.o(i.crm_hick_sclk_frequency_select)
    crm_periph_clock_enable                  0x08002f79   Thumb Code    62  at32f415_crm.o(i.crm_periph_clock_enable)
    crm_periph_reset                         0x08002fbd   Thumb Code    62  at32f415_crm.o(i.crm_periph_reset)
    crm_pll_config                           0x08003001   Thumb Code   210  at32f415_crm.o(i.crm_pll_config)
    crm_reset                                0x08003109   Thumb Code    90  at32f415_crm.o(i.crm_reset)
    crm_sysclk_switch                        0x0800316d   Thumb Code    14  at32f415_crm.o(i.crm_sysclk_switch)
    crm_sysclk_switch_status_get             0x08003181   Thumb Code    10  at32f415_crm.o(i.crm_sysclk_switch_status_get)
    crm_usb_clock_div_set                    0x08003191   Thumb Code    28  at32f415_crm.o(i.crm_usb_clock_div_set)
    crm_usb_clock_source_select              0x080031b1   Thumb Code    26  at32f415_crm.o(i.crm_usb_clock_source_select)
    dma_channel_enable                       0x080031d1   Thumb Code    10  at32f415_dma.o(i.dma_channel_enable)
    dma_default_para_init                    0x080031db   Thumb Code    24  at32f415_dma.o(i.dma_default_para_init)
    dma_flag_clear                           0x080031f5   Thumb Code    22  at32f415_dma.o(i.dma_flag_clear)
    dma_flag_get                             0x08003215   Thumb Code    36  at32f415_dma.o(i.dma_flag_get)
    dma_init                                 0x08003241   Thumb Code    92  at32f415_dma.o(i.dma_init)
    dma_interrupt_enable                     0x0800329d   Thumb Code    18  at32f415_dma.o(i.dma_interrupt_enable)
    dma_reset                                0x080032b1   Thumb Code   102  at32f415_dma.o(i.dma_reset)
    exint_default_para_init                  0x08003321   Thumb Code    14  at32f415_exint.o(i.exint_default_para_init)
    exint_flag_clear                         0x08003331   Thumb Code     6  at32f415_exint.o(i.exint_flag_clear)
    exint_init                               0x0800333d   Thumb Code   148  at32f415_exint.o(i.exint_init)
    flash_byte_program                       0x080033d5   Thumb Code    50  at32f415_flash.o(i.flash_byte_program)
    flash_flag_clear                         0x0800340d   Thumb Code     6  at32f415_flash.o(i.flash_flag_clear)
    flash_lock                               0x08003419   Thumb Code    16  at32f415_flash.o(i.flash_lock)
    flash_operation_status_get               0x0800342d   Thumb Code    48  at32f415_flash.o(i.flash_operation_status_get)
    flash_operation_wait_for                 0x08003461   Thumb Code    36  at32f415_flash.o(i.flash_operation_wait_for)
    flash_sector_erase                       0x08003485   Thumb Code    58  at32f415_flash.o(i.flash_sector_erase)
    flash_unlock                             0x080034c5   Thumb Code    12  at32f415_flash.o(i.flash_unlock)
    fputc                                    0x080034dd   Thumb Code    18  base_uart.o(i.fputc)
    gpio_default_para_init                   0x08003625   Thumb Code    22  at32f415_gpio.o(i.gpio_default_para_init)
    gpio_init                                0x0800363b   Thumb Code   168  at32f415_gpio.o(i.gpio_init)
    gpio_input_data_bit_read                 0x080036e3   Thumb Code    18  at32f415_gpio.o(i.gpio_input_data_bit_read)
    gpio_pin_remap_config                    0x080036f5   Thumb Code    70  at32f415_gpio.o(i.gpio_pin_remap_config)
    main                                     0x08003831   Thumb Code   266  main.o(i.main)
    nvic_irq_enable                          0x08003955   Thumb Code   190  at32f415_misc.o(i.nvic_irq_enable)
    nvic_priority_group_config               0x08003a1d   Thumb Code    32  at32f415_misc.o(i.nvic_priority_group_config)
    spi_default_para_init                    0x08003a45   Thumb Code    22  at32f415_spi.o(i.spi_default_para_init)
    spi_enable                               0x08003a5b   Thumb Code    10  at32f415_spi.o(i.spi_enable)
    spi_i2s_data_transmit                    0x08003a65   Thumb Code     4  at32f415_spi.o(i.spi_i2s_data_transmit)
    spi_i2s_flag_get                         0x08003a69   Thumb Code    16  at32f415_spi.o(i.spi_i2s_flag_get)
    spi_i2s_interrupt_enable                 0x08003a79   Thumb Code    18  at32f415_spi.o(i.spi_i2s_interrupt_enable)
    spi_i2s_reset                            0x08003a8d   Thumb Code    56  at32f415_spi.o(i.spi_i2s_reset)
    spi_init                                 0x08003acd   Thumb Code   292  at32f415_spi.o(i.spi_init)
    system_clock_config                      0x08003bf1   Thumb Code   126  at32f415_clock.o(i.system_clock_config)
    system_core_clock_update                 0x08003c75   Thumb Code   316  system_at32f415.o(i.system_core_clock_update)
    systick_clock_source_config              0x08003dc9   Thumb Code    40  at32f415_misc.o(i.systick_clock_source_config)
    tmr_base_init                            0x08003df1   Thumb Code    16  at32f415_tmr.o(i.tmr_base_init)
    tmr_channel_value_set                    0x08003e01   Thumb Code    40  at32f415_tmr.o(i.tmr_channel_value_set)
    tmr_cnt_dir_set                          0x08003e29   Thumb Code    10  at32f415_tmr.o(i.tmr_cnt_dir_set)
    tmr_counter_enable                       0x08003e33   Thumb Code    10  at32f415_tmr.o(i.tmr_counter_enable)
    tmr_output_channel_config                0x08003e3d   Thumb Code   416  at32f415_tmr.o(i.tmr_output_channel_config)
    tmr_output_default_para_init             0x08003fdd   Thumb Code    18  at32f415_tmr.o(i.tmr_output_default_para_init)
    tmr_output_enable                        0x08003fef   Thumb Code    10  at32f415_tmr.o(i.tmr_output_enable)
    tmr_reset                                0x08003ff9   Thumb Code   210  at32f415_tmr.o(i.tmr_reset)
    usart_data_receive                       0x080040ed   Thumb Code     8  at32f415_usart.o(i.usart_data_receive)
    usart_data_transmit                      0x080040f5   Thumb Code     8  at32f415_usart.o(i.usart_data_transmit)
    usart_enable                             0x080040fd   Thumb Code    10  at32f415_usart.o(i.usart_enable)
    usart_flag_clear                         0x08004107   Thumb Code    18  at32f415_usart.o(i.usart_flag_clear)
    usart_flag_get                           0x08004119   Thumb Code    16  at32f415_usart.o(i.usart_flag_get)
    usart_init                               0x08004129   Thumb Code   102  at32f415_usart.o(i.usart_init)
    usart_interrupt_enable                   0x08004195   Thumb Code    54  at32f415_usart.o(i.usart_interrupt_enable)
    usart_parity_selection_config            0x080041cb   Thumb Code    76  at32f415_usart.o(i.usart_parity_selection_config)
    usart_receiver_enable                    0x08004217   Thumb Code    10  at32f415_usart.o(i.usart_receiver_enable)
    usart_reset                              0x08004221   Thumb Code   124  at32f415_usart.o(i.usart_reset)
    usart_transmitter_enable                 0x080042b5   Thumb Code    10  at32f415_usart.o(i.usart_transmitter_enable)
    usb_connect                              0x08004331   Thumb Code    18  at32f415_usb.o(i.usb_connect)
    usb_core_config                          0x08004343   Thumb Code    66  usb_core.o(i.usb_core_config)
    usb_delay_ms                             0x08004385   Thumb Code    12  usbd_core.o(i.usb_delay_ms)
    usb_disconnect                           0x08004391   Thumb Code    20  at32f415_usb.o(i.usb_disconnect)
    usb_ept0_setup                           0x080043a5   Thumb Code    34  at32f415_usb.o(i.usb_ept0_setup)
    usb_ept0_start                           0x080043c7   Thumb Code    44  at32f415_usb.o(i.usb_ept0_start)
    usb_ept_clear_stall                      0x080043f3   Thumb Code   146  at32f415_usb.o(i.usb_ept_clear_stall)
    usb_ept_close                            0x08004485   Thumb Code   100  at32f415_usb.o(i.usb_ept_close)
    usb_ept_default_init                     0x080044e9   Thumb Code   250  usbd_core.o(i.usb_ept_default_init)
    usb_ept_in_clear                         0x080045e3   Thumb Code    12  at32f415_usb.o(i.usb_ept_in_clear)
    usb_ept_in_interrupt                     0x080045ef   Thumb Code    44  at32f415_usb.o(i.usb_ept_in_interrupt)
    usb_ept_open                             0x0800461b   Thumb Code   416  at32f415_usb.o(i.usb_ept_open)
    usb_ept_out_clear                        0x080047bb   Thumb Code    12  at32f415_usb.o(i.usb_ept_out_clear)
    usb_ept_out_interrupt                    0x080047c7   Thumb Code    22  at32f415_usb.o(i.usb_ept_out_interrupt)
    usb_ept_stall                            0x080047dd   Thumb Code   146  at32f415_usb.o(i.usb_ept_stall)
    usb_flush_rx_fifo                        0x08004871   Thumb Code    40  at32f415_usb.o(i.usb_flush_rx_fifo)
    usb_flush_tx_fifo                        0x0800489d   Thumb Code    50  at32f415_usb.o(i.usb_flush_tx_fifo)
    usb_get_all_in_interrupt                 0x080048d5   Thumb Code    18  at32f415_usb.o(i.usb_get_all_in_interrupt)
    usb_get_all_out_interrupt                0x080048e7   Thumb Code    18  at32f415_usb.o(i.usb_get_all_out_interrupt)
    usb_global_clear_interrupt               0x080048f9   Thumb Code     4  at32f415_usb.o(i.usb_global_clear_interrupt)
    usb_global_get_all_interrupt             0x080048fd   Thumb Code    10  at32f415_usb.o(i.usb_global_get_all_interrupt)
    usb_global_init                          0x08004907   Thumb Code    48  at32f415_usb.o(i.usb_global_init)
    usb_global_interrupt_enable              0x08004937   Thumb Code    20  at32f415_usb.o(i.usb_global_interrupt_enable)
    usb_global_reset                         0x0800494d   Thumb Code    70  at32f415_usb.o(i.usb_global_reset)
    usb_global_select_core                   0x08004999   Thumb Code     8  at32f415_usb.o(i.usb_global_select_core)
    usb_global_set_mode                      0x080049a1   Thumb Code    68  at32f415_usb.o(i.usb_global_set_mode)
    usb_interrupt_disable                    0x08004a39   Thumb Code    10  at32f415_usb.o(i.usb_interrupt_disable)
    usb_interrupt_enable                     0x08004a43   Thumb Code    12  at32f415_usb.o(i.usb_interrupt_enable)
    usb_open_phy_clk                         0x08004a81   Thumb Code    14  at32f415_usb.o(i.usb_open_phy_clk)
    usb_read_packet                          0x08004a8f   Thumb Code    42  at32f415_usb.o(i.usb_read_packet)
    usb_set_address                          0x08004ab9   Thumb Code    14  at32f415_usb.o(i.usb_set_address)
    usb_set_rx_fifo                          0x08004ac7   Thumb Code     4  at32f415_usb.o(i.usb_set_rx_fifo)
    usb_set_tx_fifo                          0x08004acb   Thumb Code    66  at32f415_usb.o(i.usb_set_tx_fifo)
    usb_stop_phy_clk                         0x08004b0d   Thumb Code    16  at32f415_usb.o(i.usb_stop_phy_clk)
    usb_suspend_status_get                   0x08004b1d   Thumb Code    14  at32f415_usb.o(i.usb_suspend_status_get)
    usb_write_empty_txfifo                   0x08004b2b   Thumb Code   152  usbd_int.o(i.usb_write_empty_txfifo)
    usb_write_packet                         0x08004bc3   Thumb Code    48  at32f415_usb.o(i.usb_write_packet)
    usbd_clear_stall                         0x08004c47   Thumb Code    74  usbd_core.o(i.usbd_clear_stall)
    usbd_connect                             0x08004c91   Thumb Code    12  usbd_core.o(i.usbd_connect)
    usbd_core_in_handler                     0x08004c9d   Thumb Code   194  usbd_core.o(i.usbd_core_in_handler)
    usbd_core_init                           0x08004d61   Thumb Code   338  usbd_core.o(i.usbd_core_init)
    usbd_core_out_handler                    0x08004eb9   Thumb Code   128  usbd_core.o(i.usbd_core_out_handler)
    usbd_core_setup_handler                  0x08004f39   Thumb Code    84  usbd_core.o(i.usbd_core_setup_handler)
    usbd_ctrl_recv                           0x08004f8d   Thumb Code    36  usbd_core.o(i.usbd_ctrl_recv)
    usbd_ctrl_recv_status                    0x08004fb1   Thumb Code    24  usbd_core.o(i.usbd_ctrl_recv_status)
    usbd_ctrl_send                           0x08004fc9   Thumb Code    40  usbd_core.o(i.usbd_ctrl_send)
    usbd_ctrl_send_status                    0x08004ff1   Thumb Code    24  usbd_core.o(i.usbd_ctrl_send_status)
    usbd_ctrl_unsupport                      0x08005009   Thumb Code    22  usbd_core.o(i.usbd_ctrl_unsupport)
    usbd_device_request                      0x0800501f   Thumb Code   128  usbd_sdr.o(i.usbd_device_request)
    usbd_disconnect                          0x0800509f   Thumb Code    12  usbd_core.o(i.usbd_disconnect)
    usbd_endpoint_request                    0x080050ab   Thumb Code   348  usbd_sdr.o(i.usbd_endpoint_request)
    usbd_enter_suspend                       0x08005207   Thumb Code    22  usbd_core.o(i.usbd_enter_suspend)
    usbd_enumdone_handler                    0x0800521d   Thumb Code    70  usbd_int.o(i.usbd_enumdone_handler)
    usbd_ept_close                           0x08005263   Thumb Code    64  usbd_core.o(i.usbd_ept_close)
    usbd_ept_open                            0x080052a3   Thumb Code    90  usbd_core.o(i.usbd_ept_open)
    usbd_ept_recv                            0x080052fd   Thumb Code   276  usbd_core.o(i.usbd_ept_recv)
    usbd_ept_send                            0x08005411   Thumb Code   298  usbd_core.o(i.usbd_ept_send)
    usbd_fifo_alloc                          0x0800553b   Thumb Code    62  usbd_core.o(i.usbd_fifo_alloc)
    usbd_get_recv_len                        0x080056c1   Thumb Code    28  usbd_core.o(i.usbd_get_recv_len)
    usbd_incomisioin_handler                 0x08005721   Thumb Code    22  usbd_int.o(i.usbd_incomisioin_handler)
    usbd_incomisoout_handler                 0x08005737   Thumb Code    22  usbd_int.o(i.usbd_incomisoout_handler)
    usbd_inept_handler                       0x0800574d   Thumb Code   172  usbd_int.o(i.usbd_inept_handler)
    usbd_init                                0x080057f9   Thumb Code   104  usb_core.o(i.usbd_init)
    usbd_interface_request                   0x0800589f   Thumb Code    56  usbd_sdr.o(i.usbd_interface_request)
    usbd_irq_handler                         0x080058d7   Thumb Code   234  usbd_int.o(i.usbd_irq_handler)
    usbd_outept_handler                      0x080059c1   Thumb Code   146  usbd_int.o(i.usbd_outept_handler)
    usbd_reset_handler                       0x08005a53   Thumb Code   180  usbd_int.o(i.usbd_reset_handler)
    usbd_rxflvl_handler                      0x08005b07   Thumb Code   130  usbd_int.o(i.usbd_rxflvl_handler)
    usbd_set_stall                           0x08005ccf   Thumb Code    74  usbd_core.o(i.usbd_set_stall)
    usbd_setup_request_parse                 0x08005d19   Thumb Code    40  usbd_sdr.o(i.usbd_setup_request_parse)
    usbd_sof_handler                         0x08005d41   Thumb Code    20  usbd_int.o(i.usbd_sof_handler)
    usbd_suspend_handler                     0x08005d55   Thumb Code    56  usbd_int.o(i.usbd_suspend_handler)
    usbd_wakeup_handler                      0x08005dc9   Thumb Code    54  usbd_int.o(i.usbd_wakeup_handler)
    gImage_am_60                             0x08005e00   Data        7200  main.o(.constdata)
    Region$$Table$$Base                      0x08007d20   Number         0  anon$$obj.o(Region$$Table)
    Region$$Table$$Limit                     0x08007d40   Number         0  anon$$obj.o(Region$$Table)
    temp                                     0x20000000   Data           4  main.o(.data)
    temp_1                                   0x20000004   Data           1  main.o(.data)
    temp_2                                   0x20000008   Data           4  main.o(.data)
    temp_3                                   0x2000000c   Data           4  main.o(.data)
    temp_po                                  0x20000010   Data           4  main.o(.data)
    temp_list                                0x20000014   Data           4  main.o(.data)
    temp_f                                   0x20000018   Data           4  main.o(.data)
    i                                        0x2000001c   Data           4  main.o(.data)
    VDDA                                     0x20000020   Data           4  base_adc.o(.data)
    VCC_Cfc                                  0x20000024   Data           4  base_adc.o(.data)
    Channel_NUM                              0x20000028   Data           4  base_adc.o(.data)
    dma_trans_complete_flag                  0x2000002c   Data           2  base_adc.o(.data)
    Temp_SPI                                 0x20000030   Data           4  base_spi.o(.data)
    SPI_complete_flag                        0x20000034   Data           2  base_spi.o(.data)
    Tick_Full                                0x20000038   Data           4  base_sys_time.o(.data)
    Freq_ms                                  0x2000003c   Data           4  base_sys_time.o(.data)
    Freq_us                                  0x20000040   Data           4  base_sys_time.o(.data)
    SYS_Ticktime                             0x20000044   Data           8  base_sys_time.o(.data)
    cdc_keyboard_class_handler               0x20000050   Data          40  cdc_keyboard_class.o(.data)
    cdc_keyboard_desc_handler                0x20000084   Data          40  cdc_keyboard_desc.o(.data)
    g_vcpkybrd_hid_usb_desc                  0x20000114   Data           9  cdc_keyboard_desc.o(.data)
    USBD_KeyRepDesc                          0x2000011d   Data          62  cdc_keyboard_desc.o(.data)
    USBD_HIDRepDesc                          0x2000015b   Data          34  cdc_keyboard_desc.o(.data)
    SYS_Time                                 0x200001c8   Data          20  mode_time.o(.data)
    Tick_Freq                                0x200001dc   Data           4  mode_time.o(.data)
    Tick_ms                                  0x200001e0   Data           4  mode_time.o(.data)
    Tick_us                                  0x200001e4   Data           4  mode_time.o(.data)
    Templ                                    0x200001e8   Data           4  ds18b20.o(.data)
    Temp2                                    0x200001ec   Data           4  ds18b20.o(.data)
    Temperature                              0x200001f0   Data           4  ds18b20.o(.data)
    Minus_Flag                               0x200001f4   Data           1  ds18b20.o(.data)
    DS18B20_Time                             0x200001f8   Data           4  ds18b20.o(.data)
    DS18B20_Exist_Flag                       0x200001fc   Data           4  ds18b20.o(.data)
    system_core_clock                        0x20000200   Data           4  system_at32f415.o(.data)
    __stdout                                 0x20000208   Data           4  stdout.o(.data)
    temp_String                              0x2000020c   Data         300  main.o(.bss)
    temp1_String                             0x20000338   Data         300  main.o(.bss)
    temp_data                                0x20000464   Data        8192  main.o(.bss)
    temp1_data                               0x20002464   Data        2000  main.o(.bss)
    ADC1_valuetab_list                       0x20002c34   Data          40  base_adc.o(.bss)
    otg_core_struct                          0x20002c5c   Data         420  usb_user.o(.bss)
    HID_compilation                          0x20002e00   Data         168  cdc_keyboard_class.o(.bss)
    Mode_Init                                0x20002fa8   Data          24  mode.o(.bss)
    Mode_User                                0x20002fc0   Data          68  mode.o(.bss)
    UART1_Data                               0x20003004   Data         224  mode_uart.o(.bss)
    UART2_Data                               0x200030e4   Data         224  mode_uart.o(.bss)
    UART3_Data                               0x200031c4   Data         224  mode_uart.o(.bss)
    UART4_Data                               0x200032a4   Data         224  mode_uart.o(.bss)
    CV_UART                                  0x20003384   Data          24  mode_uart.o(.bss)
    API                                      0x2000339c   Data          20  api.o(.bss)
    __initial_sp                             0x200037b0   Data           0  startup_at32f415.o(STACK)



==============================================================================

Memory Map of the image

  Image Entry point : 0x08000171

  Load Region LR_IROM1 (Base: 0x08000000, Size: 0x00007f4c, Max: 0x00040000, ABSOLUTE, COMPRESSED[0x00007e68])

    Execution Region ER_IROM1 (Exec base: 0x08000000, Load base: 0x08000000, Size: 0x00007d40, Max: 0x00040000, ABSOLUTE)

    Exec Addr    Load Addr    Size         Type   Attr      Idx    E Section Name        Object

    0x08000000   0x08000000   0x00000170   Data   RO         2083    RESET               startup_at32f415.o
    0x08000170   0x08000170   0x00000000   Code   RO         5692  * .ARM.Collect$$$$00000000  mc_w.l(entry.o)
    0x08000170   0x08000170   0x00000004   Code   RO         5986    .ARM.Collect$$$$00000001  mc_w.l(entry2.o)
    0x08000174   0x08000174   0x00000004   Code   RO         5989    .ARM.Collect$$$$00000004  mc_w.l(entry5.o)
    0x08000178   0x08000178   0x00000000   Code   RO         5991    .ARM.Collect$$$$00000008  mc_w.l(entry7b.o)
    0x08000178   0x08000178   0x00000000   Code   RO         5993    .ARM.Collect$$$$0000000A  mc_w.l(entry8b.o)
    0x08000178   0x08000178   0x00000008   Code   RO         5994    .ARM.Collect$$$$0000000B  mc_w.l(entry9a.o)
    0x08000180   0x08000180   0x00000004   Code   RO         6001    .ARM.Collect$$$$0000000E  mc_w.l(entry12b.o)
    0x08000184   0x08000184   0x00000000   Code   RO         5996    .ARM.Collect$$$$0000000F  mc_w.l(entry10a.o)
    0x08000184   0x08000184   0x00000000   Code   RO         5998    .ARM.Collect$$$$00000011  mc_w.l(entry11a.o)
    0x08000184   0x08000184   0x00000004   Code   RO         5987    .ARM.Collect$$$$00002712  mc_w.l(entry2.o)
    0x08000188   0x08000188   0x00000024   Code   RO         2084    .text               startup_at32f415.o
    0x080001ac   0x080001ac   0x00000062   Code   RO         5695    .text               mc_w.l(uldiv.o)
    0x0800020e   0x0800020e   0x00000024   Code   RO         5697    .text               mc_w.l(memcpya.o)
    0x08000232   0x08000232   0x00000024   Code   RO         5699    .text               mc_w.l(memseta.o)
    0x08000256   0x08000256   0x0000000e   Code   RO         5701    .text               mc_w.l(strlen.o)
    0x08000264   0x08000264   0x00000064   Code   RO         5968    .text               mf_w.l(fmul.o)
    0x080002c8   0x080002c8   0x0000007c   Code   RO         5970    .text               mf_w.l(fdiv.o)
    0x08000344   0x08000344   0x0000014e   Code   RO         5972    .text               mf_w.l(dadd.o)
    0x08000492   0x08000492   0x000000e4   Code   RO         5974    .text               mf_w.l(dmul.o)
    0x08000576   0x08000576   0x000000de   Code   RO         5976    .text               mf_w.l(ddiv.o)
    0x08000654   0x08000654   0x00000012   Code   RO         5978    .text               mf_w.l(fflti.o)
    0x08000666   0x08000666   0x0000000a   Code   RO         5980    .text               mf_w.l(ffltui.o)
    0x08000670   0x08000670   0x00000026   Code   RO         5982    .text               mf_w.l(f2d.o)
    0x08000696   0x08000696   0x00000038   Code   RO         5984    .text               mf_w.l(d2f.o)
    0x080006ce   0x080006ce   0x0000002c   Code   RO         6003    .text               mc_w.l(uidiv.o)
    0x080006fa   0x080006fa   0x0000001e   Code   RO         6005    .text               mc_w.l(llshl.o)
    0x08000718   0x08000718   0x00000020   Code   RO         6007    .text               mc_w.l(llushr.o)
    0x08000738   0x08000738   0x00000024   Code   RO         6009    .text               mc_w.l(llsshr.o)
    0x0800075c   0x0800075c   0x00000000   Code   RO         6020    .text               mc_w.l(iusefp.o)
    0x0800075c   0x0800075c   0x0000006e   Code   RO         6021    .text               mf_w.l(fepilogue.o)
    0x080007ca   0x080007ca   0x000000ba   Code   RO         6023    .text               mf_w.l(depilogue.o)
    0x08000884   0x08000884   0x00000024   Code   RO         6029    .text               mc_w.l(init.o)
    0x080008a8   0x080008a8   0x00000056   Code   RO         6052    .text               mc_w.l(__dczerorl2.o)
    0x080008fe   0x080008fe   0x00000002   PAD
    0x08000900   0x08000900   0x00000080   Code   RO          262    i.ADC1_DMA_Config   base_adc.o
    0x08000980   0x08000980   0x0000002c   Code   RO          263    i.ADC_Conversion_Vol  base_adc.o
    0x080009ac   0x080009ac   0x0000007c   Code   RO          264    i.ADC_GPIO_Init     base_adc.o
    0x08000a28   0x08000a28   0x00000050   Code   RO          265    i.ADC_Get_List      base_adc.o
    0x08000a78   0x08000a78   0x000000a0   Code   RO          266    i.ADC_Get_Temperature  base_adc.o
    0x08000b18   0x08000b18   0x000000fc   Code   RO          267    i.ADC_Start_Init    base_adc.o
    0x08000c14   0x08000c14   0x00000034   Code   RO         1844    i.API_Index         api.o
    0x08000c48   0x08000c48   0x00000004   Code   RO         1978    i.BusFault_Handler  at32f415_int.o
    0x08000c4c   0x08000c4c   0x00000018   Code   RO         1863    i.CRC16_CCITT_CalateByte  check_crc16.o
    0x08000c64   0x08000c64   0x00000024   Code   RO         1864    i.CRC16_CCITT_CalculateBuf  check_crc16.o
    0x08000c88   0x08000c88   0x0000001c   Code   RO          268    i.DMA1_Channel1_IRQHandler  base_adc.o
    0x08000ca4   0x08000ca4   0x0000003c   Code   RO         1694    i.DS18B20_Delay     ds18b20.o
    0x08000ce0   0x08000ce0   0x0000009c   Code   RO         1695    i.DS18B20_Get_Temp  ds18b20.o
    0x08000d7c   0x08000d7c   0x00000058   Code   RO          330    i.DS18B20_IO_Config  base_exist_gpio.o
    0x08000dd4   0x08000dd4   0x00000054   Code   RO         1696    i.DS18B20_Init      ds18b20.o
    0x08000e28   0x08000e28   0x0000008c   Code   RO         1697    i.DS18B20_Start     ds18b20.o
    0x08000eb4   0x08000eb4   0x00000002   Code   RO         1979    i.DebugMon_Handler  at32f415_int.o
    0x08000eb6   0x08000eb6   0x0000000e   Code   RO         1381    i.Debug_Out         mode.o
    0x08000ec4   0x08000ec4   0x0000001c   Code   RO         1889    i.Find_Data         data_handle.o
    0x08000ee0   0x08000ee0   0x00000094   Code   RO          395    i.Flash_Addr_Check  base_flash.o
    0x08000f74   0x08000f74   0x000000aa   Code   RO          398    i.Flash_Save_Area   base_flash.o
    0x0800101e   0x0800101e   0x00000002   PAD
    0x08001020   0x08001020   0x00000048   Code   RO          702    i.GET_SysTick       base_sys_time.o
    0x08001068   0x08001068   0x0000003e   Code   RO         1479    i.Get_Lose_Tiem     mode_time.o
    0x080010a6   0x080010a6   0x00000034   Code   RO         1545    i.Get_RXD           mode_uart.o
    0x080010da   0x080010da   0x00000002   PAD
    0x080010dc   0x080010dc   0x00000094   Code   RO         1480    i.Get_TIME          mode_time.o
    0x08001170   0x08001170   0x00000004   Code   RO         1980    i.HardFault_Handler  at32f415_int.o
    0x08001174   0x08001174   0x00000038   Code   RO         1927    i.Hourly_to_Seconds  time_handle.o
    0x080011ac   0x080011ac   0x00000090   Code   RO          335    i.LED_GPIO_Init     base_exist_gpio.o
    0x0800123c   0x0800123c   0x00000014   Code   RO         1324    i.LED_Init          led.o
    0x08001250   0x08001250   0x0000002e   Code   RO         1325    i.LED_REG           led.o
    0x0800127e   0x0800127e   0x00000002   PAD
    0x08001280   0x08001280   0x00000040   Code   RO         1326    i.LED_SET           led.o
    0x080012c0   0x080012c0   0x00000180   Code   RO            4    i.Main_Init         main.o
    0x08001440   0x08001440   0x00000004   Code   RO         1981    i.MemManage_Handler  at32f415_int.o
    0x08001444   0x08001444   0x00000038   Code   RO         1382    i.Mode_Index        mode.o
    0x0800147c   0x0800147c   0x000000a8   Code   RO         1383    i.Mode_User_index   mode.o
    0x08001524   0x08001524   0x00000002   Code   RO         1982    i.NMI_Handler       at32f415_int.o
    0x08001526   0x08001526   0x00000002   PAD
    0x08001528   0x08001528   0x00000010   Code   RO          852    i.OTGFS1_IRQHandler  usb_user.o
    0x08001538   0x08001538   0x0000000c   Code   RO          853    i.OTGFS1_WKUP_IRQHandler  usb_user.o
    0x08001544   0x08001544   0x000000d4   Code   RO         1928    i.Over_Time         time_handle.o
    0x08001618   0x08001618   0x00000002   Code   RO         1983    i.PendSV_Handler    at32f415_int.o
    0x0800161a   0x0800161a   0x00000002   PAD
    0x0800161c   0x0800161c   0x0000006c   Code   RO         1698    i.Read_Byte         ds18b20.o
    0x08001688   0x08001688   0x00000044   Code   RO          703    i.SET_SysTick       base_sys_time.o
    0x080016cc   0x080016cc   0x0000003c   Code   RO          606    i.SPI1_IRQHandler   base_spi.o
    0x08001708   0x08001708   0x0000009c   Code   RO          608    i.SPI2_GPIO_Init    base_spi.o
    0x080017a4   0x080017a4   0x0000001c   Code   RO          609    i.SPI2_IRQHandler   base_spi.o
    0x080017c0   0x080017c0   0x0000003c   Code   RO          610    i.SPI_CS_Set        base_spi.o
    0x080017fc   0x080017fc   0x00000034   Code   RO          614    i.SPI_Send_DATA     base_spi.o
    0x08001830   0x08001830   0x00000094   Code   RO          616    i.SPI_Start_Init    base_spi.o
    0x080018c4   0x080018c4   0x00000002   Code   RO         1984    i.SVC_Handler       at32f415_int.o
    0x080018c6   0x080018c6   0x00000018   Code   RO          704    i.SYS_Delay_S       base_sys_time.o
    0x080018de   0x080018de   0x00000002   PAD
    0x080018e0   0x080018e0   0x00000078   Code   RO          705    i.SYS_Delay_ms      base_sys_time.o
    0x08001958   0x08001958   0x00000078   Code   RO          706    i.SYS_Delay_us      base_sys_time.o
    0x080019d0   0x080019d0   0x0000004e   Code   RO         1929    i.Seconds_to_Hourly  time_handle.o
    0x08001a1e   0x08001a1e   0x00000002   PAD
    0x08001a20   0x08001a20   0x00000024   Code   RO         1481    i.Set_TIME          mode_time.o
    0x08001a44   0x08001a44   0x00000010   Code   RO          707    i.SysTick_Handler   base_sys_time.o
    0x08001a54   0x08001a54   0x00000048   Code   RO         1482    i.Sys_Clock_Init    mode_time.o
    0x08001a9c   0x08001a9c   0x000000d4   Code   RO          708    i.Sys_Time_Init     base_sys_time.o
    0x08001b70   0x08001b70   0x0000009c   Code   RO         2047    i.SystemInit        system_at32f415.o
    0x08001c0c   0x08001c0c   0x00000078   Code   RO          535    i.TIM4_PWM_GPIO_Init  base_pwm.o
    0x08001c84   0x08001c84   0x000000f0   Code   RO          536    i.TIM4_PWM_Start_Init  base_pwm.o
    0x08001d74   0x08001d74   0x00000054   Code   RO          537    i.TIM4_PWMx_SetValue  base_pwm.o
    0x08001dc8   0x08001dc8   0x00000060   Code   RO          772    i.UART_RXD_Flag     base_uart.o
    0x08001e28   0x08001e28   0x0000005c   Code   RO          773    i.UART_RXD_Flag_Clear  base_uart.o
    0x08001e84   0x08001e84   0x0000005c   Code   RO          774    i.UART_RXD_Receive  base_uart.o
    0x08001ee0   0x08001ee0   0x00000036   Code   RO         1546    i.UART_Send_Data    mode_uart.o
    0x08001f16   0x08001f16   0x0000001a   Code   RO         1547    i.UART_Send_String  mode_uart.o
    0x08001f30   0x08001f30   0x0000006c   Code   RO          775    i.UART_TXD_Send     base_uart.o
    0x08001f9c   0x08001f9c   0x0000002c   Code   RO         1548    i.USART1_IRQHandler  mode_uart.o
    0x08001fc8   0x08001fc8   0x0000002c   Code   RO         1549    i.USART2_IRQHandler  mode_uart.o
    0x08001ff4   0x08001ff4   0x0000002c   Code   RO         1550    i.USART3_IRQHandler  mode_uart.o
    0x08002020   0x08002020   0x00000054   Code   RO          857    i.USB_User_init     usb_user.o
    0x08002074   0x08002074   0x000000dc   Code   RO          776    i.Uart1_Init        base_uart.o
    0x08002150   0x08002150   0x000000d8   Code   RO          777    i.Uart2_Init        base_uart.o
    0x08002228   0x08002228   0x000000f4   Code   RO          778    i.Uart3_Init        base_uart.o
    0x0800231c   0x0800231c   0x000000dc   Code   RO          779    i.Uart4_Init        base_uart.o
    0x080023f8   0x080023f8   0x0000007c   Code   RO         1552    i.Uart_Init         mode_uart.o
    0x08002474   0x08002474   0x00000004   Code   RO         1985    i.UsageFault_Handler  at32f415_int.o
    0x08002478   0x08002478   0x00000014   Code   RO         1327    i.WS2812_Delay      led.o
    0x0800248c   0x0800248c   0x00000060   Code   RO         1329    i.WS2812_write_byte  led.o
    0x080024ec   0x080024ec   0x0000006c   Code   RO         1699    i.Write_Byte        ds18b20.o
    0x08002558   0x08002558   0x00000020   Code   RO         5796    i.__0printf$3       mc_w.l(printf3.o)
    0x08002578   0x08002578   0x0000000e   Code   RO         6046    i.__scatterload_copy  mc_w.l(handlers.o)
    0x08002586   0x08002586   0x00000002   Code   RO         6047    i.__scatterload_null  mc_w.l(handlers.o)
    0x08002588   0x08002588   0x0000000e   Code   RO         6048    i.__scatterload_zeroinit  mc_w.l(handlers.o)
    0x08002596   0x08002596   0x00000002   PAD
    0x08002598   0x08002598   0x000001b8   Code   RO         5803    i._printf_core      mc_w.l(printf3.o)
    0x08002750   0x08002750   0x0000002c   Code   RO         2091    i.adc_base_config   at32f415_adc.o
    0x0800277c   0x0800277c   0x0000000e   Code   RO         2092    i.adc_base_default_para_init  at32f415_adc.o
    0x0800278a   0x0800278a   0x0000000c   Code   RO         2093    i.adc_calibration_init  at32f415_adc.o
    0x08002796   0x08002796   0x00000012   Code   RO         2094    i.adc_calibration_init_status_get  at32f415_adc.o
    0x080027a8   0x080027a8   0x0000000c   Code   RO         2095    i.adc_calibration_start  at32f415_adc.o
    0x080027b4   0x080027b4   0x00000012   Code   RO         2096    i.adc_calibration_status_get  at32f415_adc.o
    0x080027c6   0x080027c6   0x0000000a   Code   RO         2097    i.adc_dma_mode_enable  at32f415_adc.o
    0x080027d0   0x080027d0   0x0000000a   Code   RO         2098    i.adc_enable        at32f415_adc.o
    0x080027da   0x080027da   0x00000194   Code   RO         2102    i.adc_ordinary_channel_set  at32f415_adc.o
    0x0800296e   0x0800296e   0x00000034   Code   RO         2104    i.adc_ordinary_conversion_trigger_set  at32f415_adc.o
    0x080029a2   0x080029a2   0x0000000a   Code   RO         2107    i.adc_ordinary_software_trigger_enable  at32f415_adc.o
    0x080029ac   0x080029ac   0x00000014   Code   RO         2119    i.adc_tempersensor_vintrv_enable  at32f415_adc.o
    0x080029c0   0x080029c0   0x000000f0   Code   RO          953    i.cdc_class_setup_handler  cdc_keyboard_class.o
    0x08002ab0   0x08002ab0   0x00000024   Code   RO          954    i.class_clear_handler  cdc_keyboard_class.o
    0x08002ad4   0x08002ad4   0x0000002c   Code   RO          955    i.class_ept0_rx_handler  cdc_keyboard_class.o
    0x08002b00   0x08002b00   0x00000006   Code   RO          956    i.class_ept0_tx_handler  cdc_keyboard_class.o
    0x08002b06   0x08002b06   0x0000001e   Code   RO          957    i.class_event_handler  cdc_keyboard_class.o
    0x08002b24   0x08002b24   0x00000028   Code   RO          958    i.class_in_handler  cdc_keyboard_class.o
    0x08002b4c   0x08002b4c   0x00000050   Code   RO          959    i.class_init_handler  cdc_keyboard_class.o
    0x08002b9c   0x08002b9c   0x0000002a   Code   RO          960    i.class_out_handler  cdc_keyboard_class.o
    0x08002bc6   0x08002bc6   0x000000ba   Code   RO          961    i.class_setup_handler  cdc_keyboard_class.o
    0x08002c80   0x08002c80   0x00000006   Code   RO          962    i.class_sof_handler  cdc_keyboard_class.o
    0x08002c86   0x08002c86   0x00000002   PAD
    0x08002c88   0x08002c88   0x00000020   Code   RO         2601    i.crm_adc_clock_div_set  at32f415_crm.o
    0x08002ca8   0x08002ca8   0x00000014   Code   RO         2602    i.crm_ahb_div_set   at32f415_crm.o
    0x08002cbc   0x08002cbc   0x00000014   Code   RO         2603    i.crm_apb1_div_set  at32f415_crm.o
    0x08002cd0   0x08002cd0   0x00000014   Code   RO         2604    i.crm_apb2_div_set  at32f415_crm.o
    0x08002ce4   0x08002ce4   0x00000028   Code   RO         2605    i.crm_auto_step_mode_enable  at32f415_crm.o
    0x08002d0c   0x08002d0c   0x00000060   Code   RO         2610    i.crm_clock_source_enable  at32f415_crm.o
    0x08002d6c   0x08002d6c   0x000001ac   Code   RO         2611    i.crm_clocks_freq_get  at32f415_crm.o
    0x08002f18   0x08002f18   0x00000030   Code   RO         2615    i.crm_flag_get      at32f415_crm.o
    0x08002f48   0x08002f48   0x00000014   Code   RO         2620    i.crm_hick_divider_select  at32f415_crm.o
    0x08002f5c   0x08002f5c   0x0000001c   Code   RO         2621    i.crm_hick_sclk_frequency_select  at32f415_crm.o
    0x08002f78   0x08002f78   0x00000044   Code   RO         2625    i.crm_periph_clock_enable  at32f415_crm.o
    0x08002fbc   0x08002fbc   0x00000044   Code   RO         2626    i.crm_periph_reset  at32f415_crm.o
    0x08003000   0x08003000   0x00000108   Code   RO         2628    i.crm_pll_config    at32f415_crm.o
    0x08003108   0x08003108   0x00000064   Code   RO         2630    i.crm_reset         at32f415_crm.o
    0x0800316c   0x0800316c   0x00000014   Code   RO         2631    i.crm_sysclk_switch  at32f415_crm.o
    0x08003180   0x08003180   0x00000010   Code   RO         2632    i.crm_sysclk_switch_status_get  at32f415_crm.o
    0x08003190   0x08003190   0x00000020   Code   RO         2633    i.crm_usb_clock_div_set  at32f415_crm.o
    0x080031b0   0x080031b0   0x00000020   Code   RO         2634    i.crm_usb_clock_source_select  at32f415_crm.o
    0x080031d0   0x080031d0   0x0000000a   Code   RO         2860    i.dma_channel_enable  at32f415_dma.o
    0x080031da   0x080031da   0x00000018   Code   RO         2863    i.dma_default_para_init  at32f415_dma.o
    0x080031f2   0x080031f2   0x00000002   PAD
    0x080031f4   0x080031f4   0x00000020   Code   RO         2864    i.dma_flag_clear    at32f415_dma.o
    0x08003214   0x08003214   0x0000002c   Code   RO         2865    i.dma_flag_get      at32f415_dma.o
    0x08003240   0x08003240   0x0000005c   Code   RO         2867    i.dma_init          at32f415_dma.o
    0x0800329c   0x0800329c   0x00000012   Code   RO         2868    i.dma_interrupt_enable  at32f415_dma.o
    0x080032ae   0x080032ae   0x00000002   PAD
    0x080032b0   0x080032b0   0x00000070   Code   RO         2869    i.dma_reset         at32f415_dma.o
    0x08003320   0x08003320   0x0000000e   Code   RO         3280    i.exint_default_para_init  at32f415_exint.o
    0x0800332e   0x0800332e   0x00000002   PAD
    0x08003330   0x08003330   0x0000000c   Code   RO         3282    i.exint_flag_clear  at32f415_exint.o
    0x0800333c   0x0800333c   0x00000098   Code   RO         3284    i.exint_init        at32f415_exint.o
    0x080033d4   0x080033d4   0x00000038   Code   RO         3347    i.flash_byte_program  at32f415_flash.o
    0x0800340c   0x0800340c   0x0000000c   Code   RO         3358    i.flash_flag_clear  at32f415_flash.o
    0x08003418   0x08003418   0x00000014   Code   RO         3363    i.flash_lock        at32f415_flash.o
    0x0800342c   0x0800342c   0x00000034   Code   RO         3364    i.flash_operation_status_get  at32f415_flash.o
    0x08003460   0x08003460   0x00000024   Code   RO         3365    i.flash_operation_wait_for  at32f415_flash.o
    0x08003484   0x08003484   0x00000040   Code   RO         3366    i.flash_sector_erase  at32f415_flash.o
    0x080034c4   0x080034c4   0x00000018   Code   RO         3375    i.flash_unlock      at32f415_flash.o
    0x080034dc   0x080034dc   0x00000012   Code   RO          781    i.fputc             base_uart.o
    0x080034ee   0x080034ee   0x00000002   PAD
    0x080034f0   0x080034f0   0x00000044   Code   RO         1068    i.get_device_config_string  cdc_keyboard_desc.o
    0x08003534   0x08003534   0x00000008   Code   RO         1069    i.get_device_configuration  cdc_keyboard_desc.o
    0x0800353c   0x0800353c   0x00000008   Code   RO         1070    i.get_device_descriptor  cdc_keyboard_desc.o
    0x08003544   0x08003544   0x00000030   Code   RO         1071    i.get_device_interface_string  cdc_keyboard_desc.o
    0x08003574   0x08003574   0x00000008   Code   RO         1072    i.get_device_lang_id  cdc_keyboard_desc.o
    0x0800357c   0x0800357c   0x00000028   Code   RO         1073    i.get_device_manufacturer_string  cdc_keyboard_desc.o
    0x080035a4   0x080035a4   0x00000004   Code   RO         1074    i.get_device_other_speed  cdc_keyboard_desc.o
    0x080035a8   0x080035a8   0x00000034   Code   RO         1075    i.get_device_product_string  cdc_keyboard_desc.o
    0x080035dc   0x080035dc   0x00000004   Code   RO         1076    i.get_device_qualifier  cdc_keyboard_desc.o
    0x080035e0   0x080035e0   0x00000010   Code   RO         1077    i.get_device_serial_string  cdc_keyboard_desc.o
    0x080035f0   0x080035f0   0x00000034   Code   RO         1078    i.get_serial_num    cdc_keyboard_desc.o
    0x08003624   0x08003624   0x00000016   Code   RO         3566    i.gpio_default_para_init  at32f415_gpio.o
    0x0800363a   0x0800363a   0x000000a8   Code   RO         3570    i.gpio_init         at32f415_gpio.o
    0x080036e2   0x080036e2   0x00000012   Code   RO         3571    i.gpio_input_data_bit_read  at32f415_gpio.o
    0x080036f4   0x080036f4   0x0000004c   Code   RO         3576    i.gpio_pin_remap_config  at32f415_gpio.o
    0x08003740   0x08003740   0x000000f0   Code   RO          964    i.keyboard_class_setup_handler  cdc_keyboard_class.o
    0x08003830   0x08003830   0x00000124   Code   RO            5    i.main              main.o
    0x08003954   0x08003954   0x000000c8   Code   RO         3882    i.nvic_irq_enable   at32f415_misc.o
    0x08003a1c   0x08003a1c   0x00000028   Code   RO         3884    i.nvic_priority_group_config  at32f415_misc.o
    0x08003a44   0x08003a44   0x00000016   Code   RO         4223    i.spi_default_para_init  at32f415_spi.o
    0x08003a5a   0x08003a5a   0x0000000a   Code   RO         4224    i.spi_enable        at32f415_spi.o
    0x08003a64   0x08003a64   0x00000004   Code   RO         4229    i.spi_i2s_data_transmit  at32f415_spi.o
    0x08003a68   0x08003a68   0x00000010   Code   RO         4233    i.spi_i2s_flag_get  at32f415_spi.o
    0x08003a78   0x08003a78   0x00000012   Code   RO         4234    i.spi_i2s_interrupt_enable  at32f415_spi.o
    0x08003a8a   0x08003a8a   0x00000002   PAD
    0x08003a8c   0x08003a8c   0x00000040   Code   RO         4235    i.spi_i2s_reset     at32f415_spi.o
    0x08003acc   0x08003acc   0x00000124   Code   RO         4236    i.spi_init          at32f415_spi.o
    0x08003bf0   0x08003bf0   0x00000084   Code   RO         1954    i.system_clock_config  at32f415_clock.o
    0x08003c74   0x08003c74   0x00000154   Code   RO         2048    i.system_core_clock_update  system_at32f415.o
    0x08003dc8   0x08003dc8   0x00000028   Code   RO         3887    i.systick_clock_source_config  at32f415_misc.o
    0x08003df0   0x08003df0   0x00000010   Code   RO         4372    i.tmr_base_init     at32f415_tmr.o
    0x08003e00   0x08003e00   0x00000028   Code   RO         4380    i.tmr_channel_value_set  at32f415_tmr.o
    0x08003e28   0x08003e28   0x0000000a   Code   RO         4382    i.tmr_cnt_dir_set   at32f415_tmr.o
    0x08003e32   0x08003e32   0x0000000a   Code   RO         4383    i.tmr_counter_enable  at32f415_tmr.o
    0x08003e3c   0x08003e3c   0x000001a0   Code   RO         4407    i.tmr_output_channel_config  at32f415_tmr.o
    0x08003fdc   0x08003fdc   0x00000012   Code   RO         4412    i.tmr_output_default_para_init  at32f415_tmr.o
    0x08003fee   0x08003fee   0x0000000a   Code   RO         4413    i.tmr_output_enable  at32f415_tmr.o
    0x08003ff8   0x08003ff8   0x000000f4   Code   RO         4422    i.tmr_reset         at32f415_tmr.o
    0x080040ec   0x080040ec   0x00000008   Code   RO         4723    i.usart_data_receive  at32f415_usart.o
    0x080040f4   0x080040f4   0x00000008   Code   RO         4724    i.usart_data_transmit  at32f415_usart.o
    0x080040fc   0x080040fc   0x0000000a   Code   RO         4727    i.usart_enable      at32f415_usart.o
    0x08004106   0x08004106   0x00000012   Code   RO         4728    i.usart_flag_clear  at32f415_usart.o
    0x08004118   0x08004118   0x00000010   Code   RO         4729    i.usart_flag_get    at32f415_usart.o
    0x08004128   0x08004128   0x0000006c   Code   RO         4731    i.usart_init        at32f415_usart.o
    0x08004194   0x08004194   0x00000036   Code   RO         4732    i.usart_interrupt_enable  at32f415_usart.o
    0x080041ca   0x080041ca   0x0000004c   Code   RO         4737    i.usart_parity_selection_config  at32f415_usart.o
    0x08004216   0x08004216   0x0000000a   Code   RO         4738    i.usart_receiver_enable  at32f415_usart.o
    0x08004220   0x08004220   0x00000094   Code   RO         4740    i.usart_reset       at32f415_usart.o
    0x080042b4   0x080042b4   0x0000000a   Code   RO         4745    i.usart_transmitter_enable  at32f415_usart.o
    0x080042be   0x080042be   0x00000002   PAD
    0x080042c0   0x080042c0   0x00000070   Code   RO          859    i.usb_clock48m_select  usb_user.o
    0x08004330   0x08004330   0x00000012   Code   RO         4911    i.usb_connect       at32f415_usb.o
    0x08004342   0x08004342   0x00000042   Code   RO         5307    i.usb_core_config   usb_core.o
    0x08004384   0x08004384   0x0000000c   Code   RO         5337    i.usb_delay_ms      usbd_core.o
    0x08004390   0x08004390   0x00000014   Code   RO         4912    i.usb_disconnect    at32f415_usb.o
    0x080043a4   0x080043a4   0x00000022   Code   RO         4913    i.usb_ept0_setup    at32f415_usb.o
    0x080043c6   0x080043c6   0x0000002c   Code   RO         4914    i.usb_ept0_start    at32f415_usb.o
    0x080043f2   0x080043f2   0x00000092   Code   RO         4915    i.usb_ept_clear_stall  at32f415_usb.o
    0x08004484   0x08004484   0x00000064   Code   RO         4916    i.usb_ept_close     at32f415_usb.o
    0x080044e8   0x080044e8   0x000000fa   Code   RO         5338    i.usb_ept_default_init  usbd_core.o
    0x080045e2   0x080045e2   0x0000000c   Code   RO         4917    i.usb_ept_in_clear  at32f415_usb.o
    0x080045ee   0x080045ee   0x0000002c   Code   RO         4918    i.usb_ept_in_interrupt  at32f415_usb.o
    0x0800461a   0x0800461a   0x000001a0   Code   RO         4919    i.usb_ept_open      at32f415_usb.o
    0x080047ba   0x080047ba   0x0000000c   Code   RO         4920    i.usb_ept_out_clear  at32f415_usb.o
    0x080047c6   0x080047c6   0x00000016   Code   RO         4921    i.usb_ept_out_interrupt  at32f415_usb.o
    0x080047dc   0x080047dc   0x00000092   Code   RO         4922    i.usb_ept_stall     at32f415_usb.o
    0x0800486e   0x0800486e   0x00000002   PAD
    0x08004870   0x08004870   0x0000002c   Code   RO         4923    i.usb_flush_rx_fifo  at32f415_usb.o
    0x0800489c   0x0800489c   0x00000038   Code   RO         4924    i.usb_flush_tx_fifo  at32f415_usb.o
    0x080048d4   0x080048d4   0x00000012   Code   RO         4925    i.usb_get_all_in_interrupt  at32f415_usb.o
    0x080048e6   0x080048e6   0x00000012   Code   RO         4926    i.usb_get_all_out_interrupt  at32f415_usb.o
    0x080048f8   0x080048f8   0x00000004   Code   RO         4927    i.usb_global_clear_interrupt  at32f415_usb.o
    0x080048fc   0x080048fc   0x0000000a   Code   RO         4928    i.usb_global_get_all_interrupt  at32f415_usb.o
    0x08004906   0x08004906   0x00000030   Code   RO         4929    i.usb_global_init   at32f415_usb.o
    0x08004936   0x08004936   0x00000014   Code   RO         4930    i.usb_global_interrupt_enable  at32f415_usb.o
    0x0800494a   0x0800494a   0x00000002   PAD
    0x0800494c   0x0800494c   0x0000004c   Code   RO         4932    i.usb_global_reset  at32f415_usb.o
    0x08004998   0x08004998   0x00000008   Code   RO         4933    i.usb_global_select_core  at32f415_usb.o
    0x080049a0   0x080049a0   0x00000044   Code   RO         4934    i.usb_global_set_mode  at32f415_usb.o
    0x080049e4   0x080049e4   0x00000054   Code   RO          860    i.usb_gpio_config   usb_user.o
    0x08004a38   0x08004a38   0x0000000a   Code   RO         4939    i.usb_interrupt_disable  at32f415_usb.o
    0x08004a42   0x08004a42   0x0000000c   Code   RO         4940    i.usb_interrupt_enable  at32f415_usb.o
    0x08004a4e   0x08004a4e   0x00000032   Code   RO          861    i.usb_low_power_wakeup_config  usb_user.o
    0x08004a80   0x08004a80   0x0000000e   Code   RO         4941    i.usb_open_phy_clk  at32f415_usb.o
    0x08004a8e   0x08004a8e   0x0000002a   Code   RO         4943    i.usb_read_packet   at32f415_usb.o
    0x08004ab8   0x08004ab8   0x0000000e   Code   RO         4946    i.usb_set_address   at32f415_usb.o
    0x08004ac6   0x08004ac6   0x00000004   Code   RO         4947    i.usb_set_rx_fifo   at32f415_usb.o
    0x08004aca   0x08004aca   0x00000042   Code   RO         4948    i.usb_set_tx_fifo   at32f415_usb.o
    0x08004b0c   0x08004b0c   0x00000010   Code   RO         4949    i.usb_stop_phy_clk  at32f415_usb.o
    0x08004b1c   0x08004b1c   0x0000000e   Code   RO         4950    i.usb_suspend_status_get  at32f415_usb.o
    0x08004b2a   0x08004b2a   0x00000098   Code   RO         5514    i.usb_write_empty_txfifo  usbd_int.o
    0x08004bc2   0x08004bc2   0x00000030   Code   RO         4951    i.usb_write_packet  at32f415_usb.o
    0x08004bf2   0x08004bf2   0x00000054   Code   RO         5613    i.usbd_clear_feature  usbd_sdr.o
    0x08004c46   0x08004c46   0x0000004a   Code   RO         5339    i.usbd_clear_stall  usbd_core.o
    0x08004c90   0x08004c90   0x0000000c   Code   RO         5340    i.usbd_connect      usbd_core.o
    0x08004c9c   0x08004c9c   0x000000c2   Code   RO         5342    i.usbd_core_in_handler  usbd_core.o
    0x08004d5e   0x08004d5e   0x00000002   PAD
    0x08004d60   0x08004d60   0x00000158   Code   RO         5343    i.usbd_core_init    usbd_core.o
    0x08004eb8   0x08004eb8   0x00000080   Code   RO         5344    i.usbd_core_out_handler  usbd_core.o
    0x08004f38   0x08004f38   0x00000054   Code   RO         5345    i.usbd_core_setup_handler  usbd_core.o
    0x08004f8c   0x08004f8c   0x00000024   Code   RO         5346    i.usbd_ctrl_recv    usbd_core.o
    0x08004fb0   0x08004fb0   0x00000018   Code   RO         5347    i.usbd_ctrl_recv_status  usbd_core.o
    0x08004fc8   0x08004fc8   0x00000028   Code   RO         5348    i.usbd_ctrl_send    usbd_core.o
    0x08004ff0   0x08004ff0   0x00000018   Code   RO         5349    i.usbd_ctrl_send_status  usbd_core.o
    0x08005008   0x08005008   0x00000016   Code   RO         5350    i.usbd_ctrl_unsupport  usbd_core.o
    0x0800501e   0x0800501e   0x00000080   Code   RO         5614    i.usbd_device_request  usbd_sdr.o
    0x0800509e   0x0800509e   0x0000000c   Code   RO         5351    i.usbd_disconnect   usbd_core.o
    0x080050aa   0x080050aa   0x0000015c   Code   RO         5615    i.usbd_endpoint_request  usbd_sdr.o
    0x08005206   0x08005206   0x00000016   Code   RO         5352    i.usbd_enter_suspend  usbd_core.o
    0x0800521c   0x0800521c   0x00000046   Code   RO         5516    i.usbd_enumdone_handler  usbd_int.o
    0x08005262   0x08005262   0x00000040   Code   RO         5353    i.usbd_ept_close    usbd_core.o
    0x080052a2   0x080052a2   0x0000005a   Code   RO         5354    i.usbd_ept_open     usbd_core.o
    0x080052fc   0x080052fc   0x00000114   Code   RO         5355    i.usbd_ept_recv     usbd_core.o
    0x08005410   0x08005410   0x0000012a   Code   RO         5356    i.usbd_ept_send     usbd_core.o
    0x0800553a   0x0800553a   0x0000003e   Code   RO         5357    i.usbd_fifo_alloc   usbd_core.o
    0x08005578   0x08005578   0x00000056   Code   RO         5616    i.usbd_get_configuration  usbd_sdr.o
    0x080055ce   0x080055ce   0x000000f2   Code   RO         5617    i.usbd_get_descriptor  usbd_sdr.o
    0x080056c0   0x080056c0   0x0000001c   Code   RO         5359    i.usbd_get_recv_len  usbd_core.o
    0x080056dc   0x080056dc   0x00000044   Code   RO         5618    i.usbd_get_status   usbd_sdr.o
    0x08005720   0x08005720   0x00000016   Code   RO         5517    i.usbd_incomisioin_handler  usbd_int.o
    0x08005736   0x08005736   0x00000016   Code   RO         5518    i.usbd_incomisoout_handler  usbd_int.o
    0x0800574c   0x0800574c   0x000000ac   Code   RO         5519    i.usbd_inept_handler  usbd_int.o
    0x080057f8   0x080057f8   0x00000068   Code   RO         5308    i.usbd_init         usb_core.o
    0x08005860   0x08005860   0x0000003e   Code   RO         1079    i.usbd_int_to_unicode  cdc_keyboard_desc.o
    0x0800589e   0x0800589e   0x00000038   Code   RO         5619    i.usbd_interface_request  usbd_sdr.o
    0x080058d6   0x080058d6   0x000000ea   Code   RO         5520    i.usbd_irq_handler  usbd_int.o
    0x080059c0   0x080059c0   0x00000092   Code   RO         5521    i.usbd_outept_handler  usbd_int.o
    0x08005a52   0x08005a52   0x000000b4   Code   RO         5522    i.usbd_reset_handler  usbd_int.o
    0x08005b06   0x08005b06   0x00000082   Code   RO         5523    i.usbd_rxflvl_handler  usbd_int.o
    0x08005b88   0x08005b88   0x00000052   Code   RO         5620    i.usbd_set_address  usbd_sdr.o
    0x08005bda   0x08005bda   0x00000002   PAD
    0x08005bdc   0x08005bdc   0x000000c8   Code   RO         5621    i.usbd_set_configuration  usbd_sdr.o
    0x08005ca4   0x08005ca4   0x0000002a   Code   RO         5622    i.usbd_set_feature  usbd_sdr.o
    0x08005cce   0x08005cce   0x0000004a   Code   RO         5362    i.usbd_set_stall    usbd_core.o
    0x08005d18   0x08005d18   0x00000028   Code   RO         5623    i.usbd_setup_request_parse  usbd_sdr.o
    0x08005d40   0x08005d40   0x00000014   Code   RO         5524    i.usbd_sof_handler  usbd_int.o
    0x08005d54   0x08005d54   0x00000038   Code   RO         5525    i.usbd_suspend_handler  usbd_int.o
    0x08005d8c   0x08005d8c   0x0000003c   Code   RO         1080    i.usbd_unicode_convert  cdc_keyboard_desc.o
    0x08005dc8   0x08005dc8   0x00000036   Code   RO         5526    i.usbd_wakeup_handler  usbd_int.o
    0x08005dfe   0x08005dfe   0x00000002   PAD
    0x08005e00   0x08005e00   0x00001ce8   Data   RO            7    .constdata          main.o
    0x08007ae8   0x08007ae8   0x00000200   Data   RO         1865    .constdata          check_crc16.o
    0x08007ce8   0x08007ce8   0x00000010   Data   RO         2049    .constdata          system_at32f415.o
    0x08007cf8   0x08007cf8   0x00000028   Data   RO         2636    .constdata          at32f415_crm.o
    0x08007d20   0x08007d20   0x00000020   Data   RO         6044    Region$$Table       anon$$obj.o


    Execution Region RW_IRAM1 (Exec base: 0x20000000, Load base: 0x08007d40, Size: 0x000037b0, Max: 0x00008000, ABSOLUTE, COMPRESSED[0x00000128])

    Exec Addr    Load Addr    Size         Type   Attr      Idx    E Section Name        Object

    0x20000000   COMPRESSED   0x00000020   Data   RW            8    .data               main.o
    0x20000020   COMPRESSED   0x0000000e   Data   RW          270    .data               base_adc.o
    0x2000002e   COMPRESSED   0x00000002   PAD
    0x20000030   COMPRESSED   0x00000006   Data   RW          617    .data               base_spi.o
    0x20000036   COMPRESSED   0x00000002   PAD
    0x20000038   COMPRESSED   0x00000014   Data   RW          709    .data               base_sys_time.o
    0x2000004c   COMPRESSED   0x00000004   Data   RW          782    .data               base_uart.o
    0x20000050   COMPRESSED   0x00000031   Data   RW          971    .data               cdc_keyboard_class.o
    0x20000081   COMPRESSED   0x00000003   PAD
    0x20000084   COMPRESSED   0x00000144   Data   RW         1082    .data               cdc_keyboard_desc.o
    0x200001c8   COMPRESSED   0x00000020   Data   RW         1483    .data               mode_time.o
    0x200001e8   COMPRESSED   0x00000018   Data   RW         1700    .data               ds18b20.o
    0x20000200   COMPRESSED   0x00000004   Data   RW         2050    .data               system_at32f415.o
    0x20000204   COMPRESSED   0x00000001   Data   RW         5624    .data               usbd_sdr.o
    0x20000205   COMPRESSED   0x00000003   PAD
    0x20000208   COMPRESSED   0x00000004   Data   RW         6002    .data               mc_w.l(stdout.o)
    0x2000020c        -       0x00002a28   Zero   RW            6    .bss                main.o
    0x20002c34        -       0x00000028   Zero   RW          269    .bss                base_adc.o
    0x20002c5c        -       0x000001a4   Zero   RW          862    .bss                usb_user.o
    0x20002e00        -       0x000000a8   Zero   RW          969    .bss                cdc_keyboard_class.o
    0x20002ea8        -       0x00000100   Zero   RW         1081    .bss                cdc_keyboard_desc.o
    0x20002fa8        -       0x0000005c   Zero   RW         1384    .bss                mode.o
    0x20003004        -       0x00000398   Zero   RW         1553    .bss                mode_uart.o
    0x2000339c        -       0x00000014   Zero   RW         1845    .bss                api.o
    0x200033b0        -       0x00000400   Zero   RW         2081    STACK               startup_at32f415.o


==============================================================================

Image component sizes


      Code (inc. data)   RO Data    RW Data    ZI Data      Debug   Object Name

        52         24          0          0         20       1214   api.o
       624         42          0          0          0       7189   at32f415_adc.o
       132          6          0          0          0        562   at32f415_clock.o
      1352        186         40          0          0      10645   at32f415_crm.o
       332         28          0          0          0       4171   at32f415_dma.o
       178         10          0          0          0       1942   at32f415_exint.o
       264         38          0          0          0       3829   at32f415_flash.o
       284          6          0          0          0       3096   at32f415_gpio.o
        24          0          0          0          0       3560   at32f415_int.o
       280         18          0          0          0      32380   at32f415_misc.o
       426          8          0          0          0       4302   at32f415_spi.o
       764         34          0          0          0       5146   at32f415_tmr.o
       466         30          0          0          0       6781   at32f415_usart.o
      1624         16          0          0          0      19058   at32f415_usb.o
       816        104          0         14         40       5450   base_adc.o
       232         22          0          0          0       1352   base_exist_gpio.o
       318         58          0          0          0       1809   base_flash.o
       444         28          0          0          0       2748   base_pwm.o
       504         42          0          6          0       4416   base_spi.o
       632         84          0         20          0      35662   base_sys_time.o
      1306        210          0          4          0       6917   base_uart.o
       950         52          0         49        168      11391   cdc_keyboard_class.o
       430        148          0        324        256       9068   cdc_keyboard_desc.o
        60          4        512          0          0       1996   check_crc16.o
        28          0          0          0          0        740   data_handle.o
       656         40          0         24          0       4543   ds18b20.o
       246         14          0          0          0       2902   led.o
       676        162       7400         32      10792     103504   main.o
       238        100          0          0         92       2663   mode.o
       318         44          0         32          0       3920   mode_time.o
       388         32          0          0        920       6038   mode_uart.o
        36          8        368          0       1024        812   startup_at32f415.o
       496         42         16          4          0       2064   system_at32f415.o
       346         14          0          0          0       2440   time_handle.o
       170          0          0          0          0       1994   usb_core.o
       358         48          0          0        420      11771   usb_user.o
      2170          6          0          0          0      16897   usbd_core.o
      1258          0          0          0          0       9320   usbd_int.o
      1376         30          0          1          0       8686   usbd_sdr.o

    ----------------------------------------------------------------------
     21292       1738       8368        520      13732     362978   Object Totals
         0          0         32          0          0          0   (incl. Generated)
        38          0          0         10          0          0   (incl. Padding)

    ----------------------------------------------------------------------

      Code (inc. data)   RO Data    RW Data    ZI Data      Debug   Library Member Name

        86          0          0          0          0          0   __dczerorl2.o
         0          0          0          0          0          0   entry.o
         0          0          0          0          0          0   entry10a.o
         0          0          0          0          0          0   entry11a.o
         4          0          0          0          0          0   entry12b.o
         8          4          0          0          0          0   entry2.o
         4          0          0          0          0          0   entry5.o
         0          0          0          0          0          0   entry7b.o
         0          0          0          0          0          0   entry8b.o
         8          4          0          0          0          0   entry9a.o
        30          0          0          0          0          0   handlers.o
        36          8          0          0          0         68   init.o
         0          0          0          0          0          0   iusefp.o
        30          0          0          0          0         68   llshl.o
        36          0          0          0          0         68   llsshr.o
        32          0          0          0          0         68   llushr.o
        36          0          0          0          0         68   memcpya.o
        36          0          0          0          0        108   memseta.o
       472         14          0          0          0        184   printf3.o
         0          0          0          4          0          0   stdout.o
        14          0          0          0          0         68   strlen.o
        44          0          0          0          0         80   uidiv.o
        98          0          0          0          0         92   uldiv.o
        56          0          0          0          0         88   d2f.o
       334          0          0          0          0        148   dadd.o
       222          0          0          0          0        100   ddiv.o
       186          0          0          0          0        176   depilogue.o
       228          0          0          0          0         96   dmul.o
        38          0          0          0          0         68   f2d.o
       124          0          0          0          0         88   fdiv.o
       110          0          0          0          0        168   fepilogue.o
        18          0          0          0          0         68   fflti.o
        10          0          0          0          0         68   ffltui.o
       100          0          0          0          0         76   fmul.o

    ----------------------------------------------------------------------
      2404         30          0          4          0       2016   Library Totals
         4          0          0          0          0          0   (incl. Padding)

    ----------------------------------------------------------------------

      Code (inc. data)   RO Data    RW Data    ZI Data      Debug   Library Name

       974         30          0          4          0        872   mc_w.l
      1426          0          0          0          0       1144   mf_w.l

    ----------------------------------------------------------------------
      2404         30          0          4          0       2016   Library Totals

    ----------------------------------------------------------------------

==============================================================================


      Code (inc. data)   RO Data    RW Data    ZI Data      Debug   

     23696       1768       8368        524      13732     350406   Grand Totals
     23696       1768       8368        296      13732     350406   ELF Image Totals (compressed)
     23696       1768       8368        296          0          0   ROM Totals

==============================================================================

    Total RO  Size (Code + RO Data)                32064 (  31.31kB)
    Total RW  Size (RW Data + ZI Data)             14256 (  13.92kB)
    Total ROM Size (Code + RO Data + RW Data)      32360 (  31.60kB)

==============================================================================

