Component: ARM Compiler 5.06 update 7 (build 960) Tool: armlink [4d3601]

==============================================================================

Section Cross References

    main.o(i.Main_Init) refers to at32f415_clock.o(i.system_clock_config) for system_clock_config
    main.o(i.Main_Init) refers to at32f415_misc.o(i.nvic_priority_group_config) for nvic_priority_group_config
    main.o(i.Main_Init) refers to mode.o(i.Mode_Index) for Mode_Index
    main.o(i.Main_Init) refers to api.o(i.API_Index) for API_Index
    main.o(i.Main_Init) refers to mode_motor_byj.o(i.Motor_BYJ_Init) for Motor_BYJ_Init
    main.o(i.Main_Init) refers to mode_motor_byj.o(i.Motor_BYJ_Drive) for Motor_BYJ_Drive
    main.o(i.Main_Init) refers to printf1.o(i.__0printf$1) for __2printf
    main.o(i.Main_Init) refers to mode.o(.bss) for Mode_Init
    main.o(i.Main_Init) refers to system_at32f415.o(.data) for system_core_clock
    main.o(i.main) refers to main.o(i.Main_Init) for Main_Init
    main.o(i.main) refers to printf1.o(i.__0printf$1) for __2printf
    main.o(i.main) refers to mode.o(.bss) for Mode_User
    main.o(i.main) refers to main.o(.data) for i
    base_adc.o(i.ADC_Conversion_Vol) refers to fflti.o(.text) for __aeabi_i2f
    base_exist_gpio.o(i.KEY_GPIO_Init) refers to at32f415_gpio.o(i.gpio_default_para_init) for gpio_default_para_init
    base_exist_gpio.o(i.KEY_GPIO_Init) refers to at32f415_crm.o(i.crm_periph_clock_enable) for crm_periph_clock_enable
    base_exist_gpio.o(i.KEY_GPIO_Init) refers to at32f415_gpio.o(i.gpio_init) for gpio_init
    base_exist_gpio.o(i.LCD_GPIO_Init) refers to at32f415_gpio.o(i.gpio_default_para_init) for gpio_default_para_init
    base_exist_gpio.o(i.LCD_GPIO_Init) refers to at32f415_crm.o(i.crm_periph_clock_enable) for crm_periph_clock_enable
    base_exist_gpio.o(i.LCD_GPIO_Init) refers to at32f415_gpio.o(i.gpio_init) for gpio_init
    base_exist_gpio.o(i.STEP_Motor) refers to at32f415_gpio.o(i.gpio_default_para_init) for gpio_default_para_init
    base_exist_gpio.o(i.STEP_Motor) refers to at32f415_crm.o(i.crm_periph_clock_enable) for crm_periph_clock_enable
    base_exist_gpio.o(i.STEP_Motor) refers to at32f415_gpio.o(i.gpio_init) for gpio_init
    base_exist_gpio.o(i.User_GPIO_Init) refers to at32f415_gpio.o(i.gpio_default_para_init) for gpio_default_para_init
    base_flash.o(i.Addr_Get_Area) refers to printf1.o(i.__0printf$1) for __2printf
    base_flash.o(i.Flash_Clear_Area) refers to base_flash.o(i.Addr_Get_Area) for Addr_Get_Area
    base_flash.o(i.Flash_Clear_Area) refers to at32f415_flash.o(i.flash_unlock) for flash_unlock
    base_flash.o(i.Flash_Clear_Area) refers to at32f415_flash.o(i.flash_operation_wait_for) for flash_operation_wait_for
    base_flash.o(i.Flash_Clear_Area) refers to at32f415_flash.o(i.flash_flag_clear) for flash_flag_clear
    base_flash.o(i.Flash_Clear_Area) refers to at32f415_flash.o(i.flash_sector_erase) for flash_sector_erase
    base_flash.o(i.Flash_Clear_Area) refers to at32f415_flash.o(i.flash_lock) for flash_lock
    base_flash.o(i.Flash_Read_Data) refers to base_flash.o(i.Addr_Get_Area) for Addr_Get_Area
    base_flash.o(i.Flash_Save_Data) refers to base_flash.o(i.Addr_Get_Area) for Addr_Get_Area
    base_flash.o(i.Flash_Save_Data) refers to at32f415_flash.o(i.flash_unlock) for flash_unlock
    base_flash.o(i.Flash_Save_Data) refers to at32f415_flash.o(i.flash_operation_wait_for) for flash_operation_wait_for
    base_flash.o(i.Flash_Save_Data) refers to at32f415_flash.o(i.flash_flag_clear) for flash_flag_clear
    base_flash.o(i.Flash_Save_Data) refers to at32f415_flash.o(i.flash_sector_erase) for flash_sector_erase
    base_flash.o(i.Flash_Save_Data) refers to memseta.o(.text) for __aeabi_memclr4
    base_flash.o(i.Flash_Save_Data) refers to memcpya.o(.text) for __aeabi_memcpy
    base_flash.o(i.Flash_Save_Data) refers to at32f415_flash.o(i.flash_byte_program) for flash_byte_program
    base_flash.o(i.Flash_Save_Data) refers to at32f415_flash.o(i.flash_lock) for flash_lock
    base_iic.o(i.IIC_ASK) refers to base_iic.o(i.IIC_Delay) for IIC_Delay
    base_iic.o(i.IIC_NASK) refers to base_iic.o(i.IIC_Delay) for IIC_Delay
    base_iic.o(i.IIC_Read_DATA) refers to base_iic.o(i.IIC_SDA_Satar) for IIC_SDA_Satar
    base_iic.o(i.IIC_Read_DATA) refers to base_iic.o(i.IIC_Delay) for IIC_Delay
    base_iic.o(i.IIC_Read_DATA) refers to at32f415_gpio.o(i.gpio_input_data_bit_read) for gpio_input_data_bit_read
    base_iic.o(i.IIC_Receive_DATA) refers to base_iic.o(i.IIC_StartBit) for IIC_StartBit
    base_iic.o(i.IIC_Receive_DATA) refers to base_iic.o(i.IIC_Write_DATA) for IIC_Write_DATA
    base_iic.o(i.IIC_Receive_DATA) refers to base_iic.o(i.IIC_WaitASK) for IIC_WaitASK
    base_iic.o(i.IIC_Receive_DATA) refers to base_iic.o(i.IIC_StopBit) for IIC_StopBit
    base_iic.o(i.IIC_Receive_DATA) refers to base_iic.o(i.IIC_ASK) for IIC_ASK
    base_iic.o(i.IIC_Receive_DATA) refers to base_iic.o(i.IIC_Read_DATA) for IIC_Read_DATA
[...]
    .ARM.Collect$$$$0000000B                 0x08000178   Section        8  entry9a.o(.ARM.Collect$$$$0000000B)
    .ARM.Collect$$$$0000000E                 0x08000180   Section        4  entry12b.o(.ARM.Collect$$$$0000000E)
    .ARM.Collect$$$$0000000F                 0x08000184   Section        0  entry10a.o(.ARM.Collect$$$$0000000F)
    .ARM.Collect$$$$00000011                 0x08000184   Section        0  entry11a.o(.ARM.Collect$$$$00000011)
    .ARM.Collect$$$$00002712                 0x08000184   Section        4  entry2.o(.ARM.Collect$$$$00002712)
    __lit__00000000                          0x08000184   Data           4  entry2.o(.ARM.Collect$$$$00002712)
    .text                                    0x08000188   Section       36  startup_at32f415.o(.text)
    .text                                    0x080001ac   Section        0  uldiv.o(.text)
    .text                                    0x0800020e   Section        0  strlen.o(.text)
    .text                                    0x0800021c   Section        0  fmul.o(.text)
    .text                                    0x08000280   Section        0  fdiv.o(.text)
    .text                                    0x080002fc   Section        0  fflti.o(.text)
    .text                                    0x0800030e   Section        0  ffixi.o(.text)
    .text                                    0x08000340   Section        0  uidiv.o(.text)
    .text                                    0x0800036c   Section        0  llshl.o(.text)
    .text                                    0x0800038a   Section        0  llushr.o(.text)
    .text                                    0x080003aa   Section        0  fepilogue.o(.text)
    .text                                    0x080003aa   Section        0  iusefp.o(.text)
    .text                                    0x08000418   Section       36  init.o(.text)
    i.API_Index                              0x0800043c   Section        0  api.o(i.API_Index)
    i.BusFault_Handler                       0x08000470   Section        0  at32f415_int.o(i.BusFault_Handler)
    i.CRC16_CCITT_CalateByte                 0x08000474   Section        0  check_crc16.o(i.CRC16_CCITT_CalateByte)
    i.CRC16_CCITT_CalculateBuf               0x0800048c   Section        0  check_crc16.o(i.CRC16_CCITT_CalculateBuf)
    i.DebugMon_Handler                       0x080004b0   Section        0  at32f415_int.o(i.DebugMon_Handler)
    i.Find_Data                              0x080004b2   Section        0  data_handle.o(i.Find_Data)
    i.GET_SysTick                            0x080004d0   Section        0  base_sys_time.o(i.GET_SysTick)
    i.Get_Lose_Time                          0x0800052c   Section        0  mode_time.o(i.Get_Lose_Time)
    i.Get_RXD                                0x0800056a   Section        0  mode_uart.o(i.Get_RXD)
    Get_RXD                                  0x0800056b   Thumb Code    58  mode_uart.o(i.Get_RXD)
    i.Get_TIME                               0x080005a4   Section        0  mode_time.o(i.Get_TIME)
    i.HardFault_Handler                      0x0800063c   Section        0  at32f415_int.o(i.HardFault_Handler)
    i.Hourly_to_Seconds                      0x08000640   Section        0  time_handle.o(i.Hourly_to_Seconds)
    i.KEY_GPIO_Init                          0x08000678   Section        0  base_exist_gpio.o(i.KEY_GPIO_Init)
    i.KEY_Init                               0x080006d8   Section        0  key.o(i.KEY_Init)
    i.KEY_State                              0x080006fc   Section        0  key.o(i.KEY_State)
    i.LCD_Address_Set                        0x08000728   Section        0  lcd.o(i.LCD_Address_Set)
    i.LCD_Delay                              0x08000810   Section        0  lcd.o(i.LCD_Delay)
    LCD_Delay                                0x08000811   Thumb Code    24  lcd.o(i.LCD_Delay)
    i.LCD_Draw_Circle                        0x08000828   Section        0  lcd.o(i.LCD_Draw_Circle)
    i.LCD_Draw_Line                          0x080008c6   Section        0  lcd.o(i.LCD_Draw_Line)
    i.LCD_Draw_Point                         0x08000972   Section        0  lcd.o(i.LCD_Draw_Point)
    i.LCD_Draw_Rectangle                     0x0800098e   Section        0  lcd.o(i.LCD_Draw_Rectangle)
    i.LCD_Fill                               0x080009d8   Section        0  lcd.o(i.LCD_Fill)
    i.LCD_GPIO_Init                          0x08000a18   Section        0  base_exist_gpio.o(i.LCD_GPIO_Init)
    i.LCD_Init                               0x08000a78   Section        0  lcd.o(i.LCD_Init)
    i.LCD_Show_Char                          0x08000c58   Section        0  lcd.o(i.LCD_Show_Char)
    i.LCD_Show_Chinese                       0x08000d94   Section        0  lcd.o(i.LCD_Show_Chinese)
    i.LCD_Show_Chinese24x24                  0x08000dec   Section        0  lcd.o(i.LCD_Show_Chinese24x24)
    i.LCD_Show_Chinese32x32                  0x08000df4   Section        0  lcd.o(i.LCD_Show_Chinese32x32)
    i.LCD_Show_Picture                       0x08000dfc   Section        0  lcd.o(i.LCD_Show_Picture)
    i.LCD_Show_String                        0x08000e62   Section        0  lcd.o(i.LCD_Show_String)
    i.LCD_WR_CMD                             0x08000ed4   Section        0  lcd.o(i.LCD_WR_CMD)
    i.LCD_WR_DATA                            0x08000f08   Section        0  lcd.o(i.LCD_WR_DATA)
    i.LCD_WR_DATA8                           0x08000f2a   Section        0  lcd.o(i.LCD_WR_DATA8)
    i.LCD_Writ_Bus                           0x08000f46   Section        0  lcd.o(i.LCD_Writ_Bus)
    i.Main_Init                              0x08000f54   Section        0  main.o(i.Main_Init)
    i.MemManage_Handler                      0x08000fe0   Section        0  at32f415_int.o(i.MemManage_Handler)
    i.Mode_Index                             0x08000fe4   Section        0  mode.o(i.Mode_Index)
    i.Mode_User_index                        0x08001014   Section        0  mode.o(i.Mode_User_index)
    Mode_User_index                          0x08001015   Thumb Code    96  mode.o(i.Mode_User_index)
    i.Motor_BYJ_Angle                        0x080010c0   Section        0  mode_motor_byj.o(i.Motor_BYJ_Angle)
    i.Motor_BYJ_Drive                        0x08001140   Section        0  mode_motor_byj.o(i.Motor_BYJ_Drive)
    i.Motor_BYJ_Init                         0x08001210   Section        0  mode_motor_byj.o(i.Motor_BYJ_Init)
    i.Motor_BYJ_delay                        0x08001234   Section        0  mode_motor_byj.o(i.Motor_BYJ_delay)
    Motor_BYJ_delay                          0x08001235   Thumb Code    34  mode_motor_byj.o(i.Motor_BYJ_delay)
    i.NMI_Handler                            0x08001256   Section        0  at32f415_int.o(i.NMI_Handler)
    i.OTGFS1_IRQHandler                      0x08001258   Section        0  usb_user.o(i.OTGFS1_IRQHandler)
    i.OTGFS1_WKUP_IRQHandler                 0x08001268   Section        0  usb_user.o(i.OTGFS1_WKUP_IRQHandler)
    i.Over_Time                              0x08001274   Section        0  time_handle.o(i.Over_Time)
    i.PendSV_Handler                         0x0800134c   Section        0  at32f415_int.o(i.PendSV_Handler)
    i.SET_SysTick                            0x08001350   Section        0  base_sys_time.o(i.SET_SysTick)
    i.SPI1_IRQHandler                        0x08001394   Section        0  base_spi.o(i.SPI1_IRQHandler)
    i.SPI2_GPIO_Init                         0x080013d0   Section        0  base_spi.o(i.SPI2_GPIO_Init)
    i.SPI2_IRQHandler                        0x0800146c   Section        0  base_spi.o(i.SPI2_IRQHandler)
    i.SPI_CS_Set                             0x08001488   Section        0  base_spi.o(i.SPI_CS_Set)
    i.SPI_Send_DATA                          0x080014c4   Section        0  base_spi.o(i.SPI_Send_DATA)
    i.SPI_Start_Init                         0x080014f8   Section        0  base_spi.o(i.SPI_Start_Init)
    i.STEP_Motor                             0x0800158c   Section        0  base_exist_gpio.o(i.STEP_Motor)
    i.SVC_Handler                            0x080015e8   Section        0  at32f415_int.o(i.SVC_Handler)
    i.SYS_Delay_S                            0x080015ea   Section        0  base_sys_time.o(i.SYS_Delay_S)
    i.SYS_Delay_ms                           0x08001604   Section        0  base_sys_time.o(i.SYS_Delay_ms)
    i.SYS_Delay_us                           0x08001680   Section        0  base_sys_time.o(i.SYS_Delay_us)
    i.Seconds_to_Hourly                      0x080016fc   Section        0  time_handle.o(i.Seconds_to_Hourly)
    i.Set_TIME                               0x0800174c   Section        0  mode_time.o(i.Set_TIME)
    i.SysTick_Handler                        0x08001770   Section        0  base_sys_time.o(i.SysTick_Handler)
    i.Sys_Clock_Init                         0x08001780   Section        0  mode_time.o(i.Sys_Clock_Init)
    i.Sys_Time_Init                          0x080017c8   Section        0  base_sys_time.o(i.Sys_Time_Init)
    i.SystemInit                             0x0800189c   Section        0  system_at32f415.o(i.SystemInit)
    i.UART_RXD_Flag                          0x08001938   Section        0  base_uart.o(i.UART_RXD_Flag)
    i.UART_RXD_Flag_Clear                    0x08001998   Section        0  base_uart.o(i.UART_RXD_Flag_Clear)
    i.UART_RXD_Receive                       0x080019f4   Section        0  base_uart.o(i.UART_RXD_Receive)
    i.UART_Send_Data                         0x08001a50   Section        0  mode_uart.o(i.UART_Send_Data)
    i.UART_Send_String                       0x08001a86   Section        0  mode_uart.o(i.UART_Send_String)
    i.UART_TXD_Send                          0x08001aa0   Section        0  base_uart.o(i.UART_TXD_Send)
    i.USART1_IRQHandler                      0x08001b0c   Section        0  mode_uart.o(i.USART1_IRQHandler)
    i.USART2_IRQHandler                      0x08001b40   Section        0  mode_uart.o(i.USART2_IRQHandler)
    i.USART3_IRQHandler                      0x08001b74   Section        0  mode_uart.o(i.USART3_IRQHandler)
    i.Uart1_Init                             0x08001ba8   Section        0  base_uart.o(i.Uart1_Init)
    i.Uart2_Init                             0x08001c84   Section        0  base_uart.o(i.Uart2_Init)
    i.Uart3_Init                             0x08001d5c   Section        0  base_uart.o(i.Uart3_Init)
    i.Uart4_Init                             0x08001e50   Section        0  base_uart.o(i.Uart4_Init)
    i.Uart_Init                              0x08001f2c   Section        0  mode_uart.o(i.Uart_Init)
    i.UsageFault_Handler                     0x08001fa8   Section        0  at32f415_int.o(i.UsageFault_Handler)
    i.__0printf$1                            0x08001fac   Section        0  printf1.o(i.__0printf$1)
    i.__scatterload_copy                     0x08001fcc   Section       14  handlers.o(i.__scatterload_copy)
    i.__scatterload_null                     0x08001fda   Section        2  handlers.o(i.__scatterload_null)
    i.__scatterload_zeroinit                 0x08001fdc   Section       14  handlers.o(i.__scatterload_zeroinit)
    i._printf_core                           0x08001fec   Section        0  printf1.o(i._printf_core)
    _printf_core                             0x08001fed   Thumb Code   336  printf1.o(i._printf_core)
    i.crm_ahb_div_set                        0x08002140   Section        0  at32f415_crm.o(i.crm_ahb_div_set)
    i.crm_apb1_div_set                       0x08002154   Section        0  at32f415_crm.o(i.crm_apb1_div_set)
    i.crm_apb2_div_set                       0x08002168   Section        0  at32f415_crm.o(i.crm_apb2_div_set)
    i.crm_auto_step_mode_enable              0x0800217c   Section        0  at32f415_crm.o(i.crm_auto_step_mode_enable)
    i.crm_clock_source_enable                0x080021a4   Section        0  at32f415_crm.o(i.crm_clock_source_enable)
    i.crm_clocks_freq_get                    0x08002204   Section        0  at32f415_crm.o(i.crm_clocks_freq_get)
    i.crm_flag_get                           0x080023b0   Section        0  at32f415_crm.o(i.crm_flag_get)
    i.crm_hick_divider_select                0x080023e0   Section        0  at32f415_crm.o(i.crm_hick_divider_select)
    i.crm_hick_sclk_frequency_select         0x080023f4   Section        0  at32f415_crm.o(i.crm_hick_sclk_frequency_select)
    i.crm_periph_clock_enable                0x08002410   Section        0  at32f415_crm.o(i.crm_periph_clock_enable)
    i.crm_periph_reset                       0x08002454   Section        0  at32f415_crm.o(i.crm_periph_reset)
    i.crm_pll_config                         0x08002498   Section        0  at32f415_crm.o(i.crm_pll_config)
    i.crm_reset                              0x080025a0   Section        0  at32f415_crm.o(i.crm_reset)
    i.crm_sysclk_switch                      0x08002604   Section        0  at32f415_crm.o(i.crm_sysclk_switch)
    i.crm_sysclk_switch_status_get           0x08002618   Section        0  at32f415_crm.o(i.crm_sysclk_switch_status_get)
    i.crm_usb_clock_div_set                  0x08002628   Section        0  at32f415_crm.o(i.crm_usb_clock_div_set)
    i.crm_usb_clock_source_select            0x08002648   Section        0  at32f415_crm.o(i.crm_usb_clock_source_select)
    i.exint_flag_clear                       0x08002668   Section        0  at32f415_exint.o(i.exint_flag_clear)
    i.fputc                                  0x08002674   Section        0  base_uart.o(i.fputc)
    i.gpio_default_para_init                 0x08002686   Section        0  at32f415_gpio.o(i.gpio_default_para_init)
    i.gpio_init                              0x0800269c   Section        0  at32f415_gpio.o(i.gpio_init)
    i.gpio_input_data_bit_read               0x08002744   Section        0  at32f415_gpio.o(i.gpio_input_data_bit_read)
    i.gpio_pin_remap_config                  0x08002758   Section        0  at32f415_gpio.o(i.gpio_pin_remap_config)
    i.main                                   0x080027a4   Section        0  main.o(i.main)
    i.nvic_irq_enable                        0x08002818   Section        0  at32f415_misc.o(i.nvic_irq_enable)
    i.nvic_priority_group_config             0x080028e0   Section        0  at32f415_misc.o(i.nvic_priority_group_config)
    i.spi_default_para_init                  0x08002908   Section        0  at32f415_spi.o(i.spi_default_para_init)
    i.spi_enable                             0x0800291e   Section        0  at32f415_spi.o(i.spi_enable)
    i.spi_i2s_data_transmit                  0x08002928   Section        0  at32f415_spi.o(i.spi_i2s_data_transmit)
    i.spi_i2s_flag_get                       0x0800292c   Section        0  at32f415_spi.o(i.spi_i2s_flag_get)
    i.spi_i2s_interrupt_enable               0x0800293c   Section        0  at32f415_spi.o(i.spi_i2s_interrupt_enable)
    i.spi_i2s_reset                          0x08002950   Section        0  at32f415_spi.o(i.spi_i2s_reset)
    i.spi_init                               0x08002990   Section        0  at32f415_spi.o(i.spi_init)
    i.system_clock_config                    0x08002ab4   Section        0  at32f415_clock.o(i.system_clock_config)
    i.system_clock_hext_config               0x08002abc   Section        0  at32f415_clock.o(i.system_clock_hext_config)
    i.system_core_clock_update               0x08002b40   Section        0  system_at32f415.o(i.system_core_clock_update)
    i.systick_clock_source_config            0x08002c94   Section        0  at32f415_misc.o(i.systick_clock_source_config)
    i.usart_data_receive                     0x08002cbc   Section        0  at32f415_usart.o(i.usart_data_receive)
    i.usart_data_transmit                    0x08002cc4   Section        0  at32f415_usart.o(i.usart_data_transmit)
    i.usart_enable                           0x08002ccc   Section        0  at32f415_usart.o(i.usart_enable)
    i.usart_flag_clear                       0x08002cd6   Section        0  at32f415_usart.o(i.usart_flag_clear)
    i.usart_flag_get                         0x08002ce8   Section        0  at32f415_usart.o(i.usart_flag_get)
    i.usart_init                             0x08002cf8   Section        0  at32f415_usart.o(i.usart_init)
    i.usart_interrupt_enable                 0x08002d64   Section        0  at32f415_usart.o(i.usart_interrupt_enable)
    i.usart_parity_selection_config          0x08002d9a   Section        0  at32f415_usart.o(i.usart_parity_selection_config)
    i.usart_receiver_enable                  0x08002de6   Section        0  at32f415_usart.o(i.usart_receiver_enable)
    i.usart_reset                            0x08002df0   Section        0  at32f415_usart.o(i.usart_reset)
    i.usart_transmitter_enable               0x08002e84   Section        0  at32f415_usart.o(i.usart_transmitter_enable)
    i.usb_ept0_setup                         0x08002e8e   Section        0  at32f415_usb.o(i.usb_ept0_setup)
    i.usb_ept0_start                         0x08002eb0   Section        0  at32f415_usb.o(i.usb_ept0_start)
    i.usb_ept_clear_stall                    0x08002edc   Section        0  at32f415_usb.o(i.usb_ept_clear_stall)
    i.usb_ept_in_clear                       0x08002f6e   Section        0  at32f415_usb.o(i.usb_ept_in_clear)
    i.usb_ept_in_interrupt                   0x08002f7a   Section        0  at32f415_usb.o(i.usb_ept_in_interrupt)
    i.usb_ept_open                           0x08002fa6   Section        0  at32f415_usb.o(i.usb_ept_open)
    i.usb_ept_out_clear                      0x08003146   Section        0  at32f415_usb.o(i.usb_ept_out_clear)
    i.usb_ept_out_interrupt                  0x08003152   Section        0  at32f415_usb.o(i.usb_ept_out_interrupt)
    i.usb_ept_stall                          0x08003168   Section        0  at32f415_usb.o(i.usb_ept_stall)
    i.usb_flush_tx_fifo                      0x080031fc   Section        0  at32f415_usb.o(i.usb_flush_tx_fifo)
    i.usb_get_all_in_interrupt               0x08003234   Section        0  at32f415_usb.o(i.usb_get_all_in_interrupt)
    i.usb_get_all_out_interrupt              0x08003246   Section        0  at32f415_usb.o(i.usb_get_all_out_interrupt)
    i.usb_global_clear_interrupt             0x08003258   Section        0  at32f415_usb.o(i.usb_global_clear_interrupt)
    i.usb_global_get_all_interrupt           0x0800325c   Section        0  at32f415_usb.o(i.usb_global_get_all_interrupt)
    i.usb_global_interrupt_enable            0x08003266   Section        0  at32f415_usb.o(i.usb_global_interrupt_enable)
    i.usb_open_phy_clk                       0x0800327a   Section        0  at32f415_usb.o(i.usb_open_phy_clk)
    i.usb_read_packet                        0x08003288   Section        0  at32f415_usb.o(i.usb_read_packet)
    i.usb_set_address                        0x080032b2   Section        0  at32f415_usb.o(i.usb_set_address)
    i.usb_set_rx_fifo                        0x080032c0   Section        0  at32f415_usb.o(i.usb_set_rx_fifo)
    i.usb_set_tx_fifo                        0x080032c4   Section        0  at32f415_usb.o(i.usb_set_tx_fifo)
    i.usb_stop_phy_clk                       0x08003306   Section        0  at32f415_usb.o(i.usb_stop_phy_clk)
    i.usb_suspend_status_get                 0x08003316   Section        0  at32f415_usb.o(i.usb_suspend_status_get)
    i.usb_write_empty_txfifo                 0x08003324   Section        0  usbd_int.o(i.usb_write_empty_txfifo)
    i.usb_write_packet                       0x080033bc   Section        0  at32f415_usb.o(i.usb_write_packet)
    i.usbd_clear_feature                     0x080033ec   Section        0  usbd_sdr.o(i.usbd_clear_feature)
    usbd_clear_feature                       0x080033ed   Thumb Code    84  usbd_sdr.o(i.usbd_clear_feature)
    i.usbd_clear_stall                       0x08003440   Section        0  usbd_core.o(i.usbd_clear_stall)
    i.usbd_core_in_handler                   0x0800348a   Section        0  usbd_core.o(i.usbd_core_in_handler)
    i.usbd_core_out_handler                  0x0800354c   Section        0  usbd_core.o(i.usbd_core_out_handler)
    i.usbd_core_setup_handler                0x080035cc   Section        0  usbd_core.o(i.usbd_core_setup_handler)
    i.usbd_ctrl_recv_status                  0x08003620   Section        0  usbd_core.o(i.usbd_ctrl_recv_status)
    i.usbd_ctrl_send                         0x08003638   Section        0  usbd_core.o(i.usbd_ctrl_send)
    i.usbd_ctrl_send_status                  0x08003660   Section        0  usbd_core.o(i.usbd_ctrl_send_status)
    i.usbd_ctrl_unsupport                    0x08003678   Section        0  usbd_core.o(i.usbd_ctrl_unsupport)
    i.usbd_device_request                    0x0800368e   Section        0  usbd_sdr.o(i.usbd_device_request)
    i.usbd_endpoint_request                  0x0800370e   Section        0  usbd_sdr.o(i.usbd_endpoint_request)
    i.usbd_enter_suspend                     0x0800386a   Section        0  usbd_core.o(i.usbd_enter_suspend)
    i.usbd_enumdone_handler                  0x08003880   Section        0  usbd_int.o(i.usbd_enumdone_handler)
    i.usbd_ept_open                          0x080038c6   Section        0  usbd_core.o(i.usbd_ept_open)
    i.usbd_ept_recv                          0x08003920   Section        0  usbd_core.o(i.usbd_ept_recv)
    i.usbd_ept_send                          0x08003a34   Section        0  usbd_core.o(i.usbd_ept_send)
    i.usbd_fifo_alloc                        0x08003b5e   Section        0  usbd_core.o(i.usbd_fifo_alloc)
    i.usbd_get_configuration                 0x08003b9c   Section        0  usbd_sdr.o(i.usbd_get_configuration)
    usbd_get_configuration                   0x08003b9d   Thumb Code    86  usbd_sdr.o(i.usbd_get_configuration)
    i.usbd_get_descriptor                    0x08003bf2   Section        0  usbd_sdr.o(i.usbd_get_descriptor)
    usbd_get_descriptor                      0x08003bf3   Thumb Code   242  usbd_sdr.o(i.usbd_get_descriptor)
    i.usbd_get_status                        0x08003ce4   Section        0  usbd_sdr.o(i.usbd_get_status)
    usbd_get_status                          0x08003ce5   Thumb Code    68  usbd_sdr.o(i.usbd_get_status)
    i.usbd_incomisioin_handler               0x08003d28   Section        0  usbd_int.o(i.usbd_incomisioin_handler)
    i.usbd_incomisoout_handler               0x08003d3e   Section        0  usbd_int.o(i.usbd_incomisoout_handler)
    i.usbd_inept_handler                     0x08003d54   Section        0  usbd_int.o(i.usbd_inept_handler)
    i.usbd_interface_request                 0x08003e00   Section        0  usbd_sdr.o(i.usbd_interface_request)
    i.usbd_irq_handler                       0x08003e38   Section        0  usbd_int.o(i.usbd_irq_handler)
    i.usbd_outept_handler                    0x08003f22   Section        0  usbd_int.o(i.usbd_outept_handler)
    i.usbd_reset_handler                     0x08003fb4   Section        0  usbd_int.o(i.usbd_reset_handler)
    i.usbd_rxflvl_handler                    0x08004068   Section        0  usbd_int.o(i.usbd_rxflvl_handler)
    i.usbd_set_address                       0x080040ea   Section        0  usbd_sdr.o(i.usbd_set_address)
    usbd_set_address                         0x080040eb   Thumb Code    82  usbd_sdr.o(i.usbd_set_address)
    i.usbd_set_configuration                 0x0800413c   Section        0  usbd_sdr.o(i.usbd_set_configuration)
    usbd_set_configuration                   0x0800413d   Thumb Code   194  usbd_sdr.o(i.usbd_set_configuration)
    i.usbd_set_feature                       0x08004204   Section        0  usbd_sdr.o(i.usbd_set_feature)
    usbd_set_feature                         0x08004205   Thumb Code    42  usbd_sdr.o(i.usbd_set_feature)
    i.usbd_set_stall                         0x0800422e   Section        0  usbd_core.o(i.usbd_set_stall)
    i.usbd_setup_request_parse               0x08004278   Section        0  usbd_sdr.o(i.usbd_setup_request_parse)
    i.usbd_sof_handler                       0x080042a0   Section        0  usbd_int.o(i.usbd_sof_handler)
    i.usbd_suspend_handler                   0x080042b4   Section        0  usbd_int.o(i.usbd_suspend_handler)
    i.usbd_wakeup_handler                    0x080042ec   Section        0  usbd_int.o(i.usbd_wakeup_handler)
    .constdata                               0x08004322   Section    12160  lcd.o(.constdata)
    .constdata                               0x080072a2   Section      512  check_crc16.o(.constdata)
    CRC_CCITT_table                          0x080072a2   Data         512  check_crc16.o(.constdata)
    .constdata                               0x080074a2   Section       16  system_at32f415.o(.constdata)
    sys_ahb_div_table                        0x080074a2   Data          16  system_at32f415.o(.constdata)
    .constdata                               0x080074b2   Section       40  at32f415_crm.o(.constdata)
    sclk_ahb_div_table                       0x080074b2   Data          16  at32f415_crm.o(.constdata)
    ahb_apb1_div_table                       0x080074c2   Data           8  at32f415_crm.o(.constdata)
    ahb_apb2_div_table                       0x080074ca   Data           8  at32f415_crm.o(.constdata)
    adc_div_table                            0x080074d2   Data           8  at32f415_crm.o(.constdata)
    .data                                    0x20000000   Section        8  main.o(.data)
    .data                                    0x20000008   Section        6  base_spi.o(.data)
    .data                                    0x20000010   Section       20  base_sys_time.o(.data)
    .data                                    0x20000024   Section        4  base_uart.o(.data)
    Temp                                     0x20000024   Data           4  base_uart.o(.data)
    .data                                    0x20000028   Section        1  usbd_sdr.o(.data)
    config_value                             0x20000028   Data           1  usbd_sdr.o(.data)
    .data                                    0x2000002a   Section        3  lcd.o(.data)
    .data                                    0x20000030   Section       32  mode_time.o(.data)
    .data                                    0x20000050   Section        4  system_at32f415.o(.data)
    .data                                    0x20000054   Section        4  stdout.o(.data)
    .bss                                     0x20000058   Section      420  usb_user.o(.bss)
    .bss                                     0x200001fc   Section       96  mode.o(.bss)
    .bss                                     0x2000025c   Section      920  mode_uart.o(.bss)
    .bss                                     0x200005f4   Section       20  api.o(.bss)
    STACK                                    0x20000608   Section     1024  startup_at32f415.o(STACK)

    Global Symbols

    Symbol Name                              Value     Ov Type        Size  Object(Section)

    BuildAttributes$$THM_ISAv4$E$P$D$K$B$S$7EM$PE$A:L22UL41UL21$X:L11$S22US41US21$IEEE1$IW$USESV6$~STKCKD$USESV7$~SHL$OTIME$ROPI$IEEEJ$EBA8$MICROLIB$REQ8$PRES8$EABIv2 0x00000000   Number         0  anon$$obj.o ABSOLUTE
    __ARM_use_no_argv                        0x00000000   Number         0  main.o ABSOLUTE
    _printf_a                                0x00000000   Number         0  stubs.o ABSOLUTE
    _printf_c                                0x00000000   Number         0  stubs.o ABSOLUTE
    _printf_charcount                        0x00000000   Number         0  stubs.o ABSOLUTE
    _printf_d                                0x00000000   Number         0  stubs.o ABSOLUTE
    _printf_e                                0x00000000   Number         0  stubs.o ABSOLUTE
    _printf_f                                0x00000000   Number         0  stubs.o ABSOLUTE
    _printf_flags                            0x00000000   Number         0  stubs.o ABSOLUTE
    _printf_fp_dec                           0x00000000   Number         0  stubs.o ABSOLUTE
    _printf_fp_hex                           0x00000000   Number         0  stubs.o ABSOLUTE
    _printf_g                                0x00000000   Number         0  stubs.o ABSOLUTE
    _printf_i                                0x00000000   Number         0  stubs.o ABSOLUTE
    _printf_int_dec                          0x00000000   Number         0  stubs.o ABSOLUTE
    _printf_l                                0x00000000   Number         0  stubs.o ABSOLUTE
    _printf_lc                               0x00000000   Number         0  stubs.o ABSOLUTE
    _printf_ll                               0x00000000   Number         0  stubs.o ABSOLUTE
    _printf_lld                              0x00000000   Number         0  stubs.o ABSOLUTE
    _printf_lli                              0x00000000   Number         0  stubs.o ABSOLUTE
    _printf_llo                              0x00000000   Number         0  stubs.o ABSOLUTE
    _printf_llu                              0x00000000   Number         0  stubs.o ABSOLUTE
    _printf_llx                              0x00000000   Number         0  stubs.o ABSOLUTE
    _printf_longlong_dec                     0x00000000   Number         0  stubs.o ABSOLUTE
    _printf_longlong_hex                     0x00000000   Number         0  stubs.o ABSOLUTE
    _printf_longlong_oct                     0x00000000   Number         0  stubs.o ABSOLUTE
    _printf_ls                               0x00000000   Number         0  stubs.o ABSOLUTE
    _printf_mbtowc                           0x00000000   Number         0  stubs.o ABSOLUTE
    _printf_n                                0x00000000   Number         0  stubs.o ABSOLUTE
    _printf_o                                0x00000000   Number         0  stubs.o ABSOLUTE
    _printf_p                                0x00000000   Number         0  stubs.o ABSOLUTE
    _printf_percent                          0x00000000   Number         0  stubs.o ABSOLUTE
    _printf_pre_padding                      0x00000000   Number         0  stubs.o ABSOLUTE
    _printf_return_value                     0x00000000   Number         0  stubs.o ABSOLUTE
    _printf_s                                0x00000000   Number         0  stubs.o ABSOLUTE
    _printf_sizespec                         0x00000000   Number         0  stubs.o ABSOLUTE
    _printf_str                              0x00000000   Number         0  stubs.o ABSOLUTE
    _printf_truncate_signed                  0x00000000   Number         0  stubs.o ABSOLUTE
    _printf_truncate_unsigned                0x00000000   Number         0  stubs.o ABSOLUTE
    _printf_u                                0x00000000   Number         0  stubs.o ABSOLUTE
    _printf_wc                               0x00000000   Number         0  stubs.o ABSOLUTE
    _printf_wctomb                           0x00000000   Number         0  stubs.o ABSOLUTE
    _printf_widthprec                        0x00000000   Number         0  stubs.o ABSOLUTE
    _printf_x                                0x00000000   Number         0  stubs.o ABSOLUTE
    __arm_fini_                               - Undefined Weak Reference
    __cpp_initialize__aeabi_                  - Undefined Weak Reference
    __cxa_finalize                            - Undefined Weak Reference
    __decompress                              - Undefined Weak Reference
    _clock_init                               - Undefined Weak Reference
    _microlib_exit                            - Undefined Weak Reference
    __Vectors_Size                           0x00000170   Number         0  startup_at32f415.o ABSOLUTE
    __Vectors                                0x08000000   Data           4  startup_at32f415.o(RESET)
    __Vectors_End                            0x08000170   Data           0  startup_at32f415.o(RESET)
    __main                                   0x08000171   Thumb Code     0  entry.o(.ARM.Collect$$$$00000000)
    _main_stk                                0x08000171   Thumb Code     0  entry2.o(.ARM.Collect$$$$00000001)
    _main_scatterload                        0x08000175   Thumb Code     0  entry5.o(.ARM.Collect$$$$00000004)
    __main_after_scatterload                 0x08000179   Thumb Code     0  entry5.o(.ARM.Collect$$$$00000004)
    _main_clock                              0x08000179   Thumb Code     0  entry7b.o(.ARM.Collect$$$$00000008)
    _main_cpp_init                           0x08000179   Thumb Code     0  entry8b.o(.ARM.Collect$$$$0000000A)
    _main_init                               0x08000179   Thumb Code     0  entry9a.o(.ARM.Collect$$$$0000000B)
    __rt_lib_shutdown_fini                   0x08000181   Thumb Code     0  entry12b.o(.ARM.Collect$$$$0000000E)
    __rt_final_cpp                           0x08000185   Thumb Code     0  entry10a.o(.ARM.Collect$$$$0000000F)
    __rt_final_exit                          0x08000185   Thumb Code     0  entry11a.o(.ARM.Collect$$$$00000011)
    Reset_Handler                            0x08000189   Thumb Code     8  startup_at32f415.o(.text)
    ADC1_IRQHandler                          0x080001a3   Thumb Code     0  startup_at32f415.o(.text)
    CAN1_RX0_IRQHandler                      0x080001a3   Thumb Code     0  startup_at32f415.o(.text)
    CAN1_RX1_IRQHandler                      0x080001a3   Thumb Code     0  startup_at32f415.o(.text)
    CAN1_SE_IRQHandler                       0x080001a3   Thumb Code     0  startup_at32f415.o(.text)
    CAN1_TX_IRQHandler                       0x080001a3   Thumb Code     0  startup_at32f415.o(.text)
    CMP1_IRQHandler                          0x080001a3   Thumb Code     0  startup_at32f415.o(.text)
    CMP2_IRQHandler                          0x080001a3   Thumb Code     0  startup_at32f415.o(.text)
    CRM_IRQHandler                           0x080001a3   Thumb Code     0  startup_at32f415.o(.text)
    DMA1_Channel1_IRQHandler                 0x080001a3   Thumb Code     0  startup_at32f415.o(.text)
    DMA1_Channel2_IRQHandler                 0x080001a3   Thumb Code     0  startup_at32f415.o(.text)
    DMA1_Channel3_IRQHandler                 0x080001a3   Thumb Code     0  startup_at32f415.o(.text)
    DMA1_Channel4_IRQHandler                 0x080001a3   Thumb Code     0  startup_at32f415.o(.text)
    DMA1_Channel5_IRQHandler                 0x080001a3   Thumb Code     0  startup_at32f415.o(.text)
    DMA1_Channel6_IRQHandler                 0x080001a3   Thumb Code     0  startup_at32f415.o(.text)
    DMA1_Channel7_IRQHandler                 0x080001a3   Thumb Code     0  startup_at32f415.o(.text)
    DMA2_Channel1_IRQHandler                 0x080001a3   Thumb Code     0  startup_at32f415.o(.text)
    DMA2_Channel2_IRQHandler                 0x080001a3   Thumb Code     0  startup_at32f415.o(.text)
    DMA2_Channel3_IRQHandler                 0x080001a3   Thumb Code     0  startup_at32f415.o(.text)
    DMA2_Channel4_5_IRQHandler               0x080001a3   Thumb Code     0  startup_at32f415.o(.text)
    DMA2_Channel6_7_IRQHandler               0x080001a3   Thumb Code     0  startup_at32f415.o(.text)
    ERTCAlarm_IRQHandler                     0x080001a3   Thumb Code     0  startup_at32f415.o(.text)
    ERTC_WKUP_IRQHandler                     0x080001a3   Thumb Code     0  startup_at32f415.o(.text)
    EXINT0_IRQHandler                        0x080001a3   Thumb Code     0  startup_at32f415.o(.text)
    EXINT15_10_IRQHandler                    0x080001a3   Thumb Code     0  startup_at32f415.o(.text)
    EXINT1_IRQHandler                        0x080001a3   Thumb Code     0  startup_at32f415.o(.text)
    EXINT2_IRQHandler                        0x080001a3   Thumb Code     0  startup_at32f415.o(.text)
    EXINT3_IRQHandler                        0x080001a3   Thumb Code     0  startup_at32f415.o(.text)
    EXINT4_IRQHandler                        0x080001a3   Thumb Code     0  startup_at32f415.o(.text)
    EXINT9_5_IRQHandler                      0x080001a3   Thumb Code     0  startup_at32f415.o(.text)
    FLASH_IRQHandler                         0x080001a3   Thumb Code     0  startup_at32f415.o(.text)
    I2C1_ERR_IRQHandler                      0x080001a3   Thumb Code     0  startup_at32f415.o(.text)
    I2C1_EVT_IRQHandler                      0x080001a3   Thumb Code     0  startup_at32f415.o(.text)
    I2C2_ERR_IRQHandler                      0x080001a3   Thumb Code     0  startup_at32f415.o(.text)
    I2C2_EVT_IRQHandler                      0x080001a3   Thumb Code     0  startup_at32f415.o(.text)
    PVM_IRQHandler                           0x080001a3   Thumb Code     0  startup_at32f415.o(.text)
    SDIO1_IRQHandler                         0x080001a3   Thumb Code     0  startup_at32f415.o(.text)
    TAMP_STAMP_IRQHandler                    0x080001a3   Thumb Code     0  startup_at32f415.o(.text)
    TMR1_BRK_TMR9_IRQHandler                 0x080001a3   Thumb Code     0  startup_at32f415.o(.text)
    TMR1_CH_IRQHandler                       0x080001a3   Thumb Code     0  startup_at32f415.o(.text)
    TMR1_OVF_TMR10_IRQHandler                0x080001a3   Thumb Code     0  startup_at32f415.o(.text)
    TMR1_TRG_HALL_TMR11_IRQHandler           0x080001a3   Thumb Code     0  startup_at32f415.o(.text)
    TMR2_GLOBAL_IRQHandler                   0x080001a3   Thumb Code     0  startup_at32f415.o(.text)
    TMR3_GLOBAL_IRQHandler                   0x080001a3   Thumb Code     0  startup_at32f415.o(.text)
    TMR4_GLOBAL_IRQHandler                   0x080001a3   Thumb Code     0  startup_at32f415.o(.text)
    TMR5_GLOBAL_IRQHandler                   0x080001a3   Thumb Code     0  startup_at32f415.o(.text)
    UART4_IRQHandler                         0x080001a3   Thumb Code     0  startup_at32f415.o(.text)
    UART5_IRQHandler                         0x080001a3   Thumb Code     0  startup_at32f415.o(.text)
    WWDT_IRQHandler                          0x080001a3   Thumb Code     0  startup_at32f415.o(.text)
    __aeabi_uldivmod                         0x080001ad   Thumb Code    98  uldiv.o(.text)
    strlen                                   0x0800020f   Thumb Code    14  strlen.o(.text)
    __aeabi_fmul                             0x0800021d   Thumb Code   100  fmul.o(.text)
    __aeabi_fdiv                             0x08000281   Thumb Code   124  fdiv.o(.text)
    __aeabi_i2f                              0x080002fd   Thumb Code    18  fflti.o(.text)
    __aeabi_f2iz                             0x0800030f   Thumb Code    50  ffixi.o(.text)
    __aeabi_uidiv                            0x08000341   Thumb Code     0  uidiv.o(.text)
    __aeabi_uidivmod                         0x08000341   Thumb Code    44  uidiv.o(.text)
    __aeabi_llsl                             0x0800036d   Thumb Code    30  llshl.o(.text)
    _ll_shift_l                              0x0800036d   Thumb Code     0  llshl.o(.text)
    __aeabi_llsr                             0x0800038b   Thumb Code    32  llushr.o(.text)
    _ll_ushift_r                             0x0800038b   Thumb Code     0  llushr.o(.text)
    __I$use$fp                               0x080003ab   Thumb Code     0  iusefp.o(.text)
    _float_round                             0x080003ab   Thumb Code    18  fepilogue.o(.text)
    _float_epilogue                          0x080003bd   Thumb Code    92  fepilogue.o(.text)
    __scatterload                            0x08000419   Thumb Code    28  init.o(.text)
    __scatterload_rt2                        0x08000419   Thumb Code     0  init.o(.text)
    API_Index                                0x0800043d   Thumb Code    28  api.o(i.API_Index)
    BusFault_Handler                         0x08000471   Thumb Code     4  at32f415_int.o(i.BusFault_Handler)
    CRC16_CCITT_CalateByte                   0x08000475   Thumb Code    20  check_crc16.o(i.CRC16_CCITT_CalateByte)
    CRC16_CCITT_CalculateBuf                 0x0800048d   Thumb Code    36  check_crc16.o(i.CRC16_CCITT_CalculateBuf)
    DebugMon_Handler                         0x080004b1   Thumb Code     2  at32f415_int.o(i.DebugMon_Handler)
    Find_Data                                0x080004b3   Thumb Code    28  data_handle.o(i.Find_Data)
    GET_SysTick                              0x080004d1   Thumb Code    78  base_sys_time.o(i.GET_SysTick)
    Get_Lose_Time                            0x0800052d   Thumb Code    62  mode_time.o(i.Get_Lose_Time)
    Get_TIME                                 0x080005a5   Thumb Code   136  mode_time.o(i.Get_TIME)
    HardFault_Handler                        0x0800063d   Thumb Code     4  at32f415_int.o(i.HardFault_Handler)
    Hourly_to_Seconds                        0x08000641   Thumb Code    50  time_handle.o(i.Hourly_to_Seconds)
    KEY_GPIO_Init                            0x08000679   Thumb Code    86  base_exist_gpio.o(i.KEY_GPIO_Init)
    KEY_Init                                 0x080006d9   Thumb Code    36  key.o(i.KEY_Init)
    KEY_State                                0x080006fd   Thumb Code    38  key.o(i.KEY_State)
    LCD_Address_Set                          0x08000729   Thumb Code   228  lcd.o(i.LCD_Address_Set)
    LCD_Draw_Circle                          0x08000829   Thumb Code   158  lcd.o(i.LCD_Draw_Circle)
    LCD_Draw_Line                            0x080008c7   Thumb Code   172  lcd.o(i.LCD_Draw_Line)
    LCD_Draw_Point                           0x08000973   Thumb Code    28  lcd.o(i.LCD_Draw_Point)
    LCD_Draw_Rectangle                       0x0800098f   Thumb Code    74  lcd.o(i.LCD_Draw_Rectangle)
    LCD_Fill                                 0x080009d9   Thumb Code    62  lcd.o(i.LCD_Fill)
    LCD_GPIO_Init                            0x08000a19   Thumb Code    88  base_exist_gpio.o(i.LCD_GPIO_Init)
    LCD_Init                                 0x08000a79   Thumb Code   470  lcd.o(i.LCD_Init)
    LCD_Show_Char                            0x08000c59   Thumb Code   304  lcd.o(i.LCD_Show_Char)
    LCD_Show_Chinese                         0x08000d95   Thumb Code    88  lcd.o(i.LCD_Show_Chinese)
    LCD_Show_Chinese24x24                    0x08000ded   Thumb Code     8  lcd.o(i.LCD_Show_Chinese24x24)
    LCD_Show_Chinese32x32                    0x08000df5   Thumb Code     8  lcd.o(i.LCD_Show_Chinese32x32)
    LCD_Show_Picture                         0x08000dfd   Thumb Code   102  lcd.o(i.LCD_Show_Picture)
    LCD_Show_String                          0x08000e63   Thumb Code   112  lcd.o(i.LCD_Show_String)
    LCD_WR_CMD                               0x08000ed5   Thumb Code    46  lcd.o(i.LCD_WR_CMD)
    LCD_WR_DATA                              0x08000f09   Thumb Code    34  lcd.o(i.LCD_WR_DATA)
    LCD_WR_DATA8                             0x08000f2b   Thumb Code    28  lcd.o(i.LCD_WR_DATA8)
    LCD_Writ_Bus                             0x08000f47   Thumb Code    12  lcd.o(i.LCD_Writ_Bus)
    Main_Init                                0x08000f55   Thumb Code   102  main.o(i.Main_Init)
    MemManage_Handler                        0x08000fe1   Thumb Code     4  at32f415_int.o(i.MemManage_Handler)
    Mode_Index                               0x08000fe5   Thumb Code    26  mode.o(i.Mode_Index)
    Motor_BYJ_Angle                          0x080010c1   Thumb Code   122  mode_motor_byj.o(i.Motor_BYJ_Angle)
    Motor_BYJ_Drive                          0x08001141   Thumb Code   204  mode_motor_byj.o(i.Motor_BYJ_Drive)
    Motor_BYJ_Init                           0x08001211   Thumb Code    32  mode_motor_byj.o(i.Motor_BYJ_Init)
    NMI_Handler                              0x08001257   Thumb Code     2  at32f415_int.o(i.NMI_Handler)
    OTGFS1_IRQHandler                        0x08001259   Thumb Code    10  usb_user.o(i.OTGFS1_IRQHandler)
    OTGFS1_WKUP_IRQHandler                   0x08001269   Thumb Code    12  usb_user.o(i.OTGFS1_WKUP_IRQHandler)
    Over_Time                                0x08001275   Thumb Code   206  time_handle.o(i.Over_Time)
    PendSV_Handler                           0x0800134d   Thumb Code     2  at32f415_int.o(i.PendSV_Handler)
    SET_SysTick                              0x08001351   Thumb Code    58  base_sys_time.o(i.SET_SysTick)
    SPI1_IRQHandler                          0x08001395   Thumb Code    50  base_spi.o(i.SPI1_IRQHandler)
    SPI2_GPIO_Init                           0x080013d1   Thumb Code   146  base_spi.o(i.SPI2_GPIO_Init)
    SPI2_IRQHandler                          0x0800146d   Thumb Code    24  base_spi.o(i.SPI2_IRQHandler)
    SPI_CS_Set                               0x08001489   Thumb Code    54  base_spi.o(i.SPI_CS_Set)
    SPI_Send_DATA                            0x080014c5   Thumb Code    48  base_spi.o(i.SPI_Send_DATA)
    SPI_Start_Init                           0x080014f9   Thumb Code   140  base_spi.o(i.SPI_Start_Init)
    STEP_Motor                               0x0800158d   Thumb Code    84  base_exist_gpio.o(i.STEP_Motor)
    SVC_Handler                              0x080015e9   Thumb Code     2  at32f415_int.o(i.SVC_Handler)
    SYS_Delay_S                              0x080015eb   Thumb Code    24  base_sys_time.o(i.SYS_Delay_S)
    SYS_Delay_ms                             0x08001605   Thumb Code   110  base_sys_time.o(i.SYS_Delay_ms)
    SYS_Delay_us                             0x08001681   Thumb Code   110  base_sys_time.o(i.SYS_Delay_us)
    Seconds_to_Hourly                        0x080016fd   Thumb Code    78  time_handle.o(i.Seconds_to_Hourly)
    Set_TIME                                 0x0800174d   Thumb Code    30  mode_time.o(i.Set_TIME)
    SysTick_Handler                          0x08001771   Thumb Code    12  base_sys_time.o(i.SysTick_Handler)
    Sys_Clock_Init                           0x08001781   Thumb Code    52  mode_time.o(i.Sys_Clock_Init)
    Sys_Time_Init                            0x080017c9   Thumb Code   178  base_sys_time.o(i.Sys_Time_Init)
    SystemInit                               0x0800189d   Thumb Code   138  system_at32f415.o(i.SystemInit)
    UART_RXD_Flag                            0x08001939   Thumb Code    74  base_uart.o(i.UART_RXD_Flag)
    UART_RXD_Flag_Clear                      0x08001999   Thumb Code    70  base_uart.o(i.UART_RXD_Flag_Clear)
    UART_RXD_Receive                         0x080019f5   Thumb Code    70  base_uart.o(i.UART_RXD_Receive)
    UART_Send_Data                           0x08001a51   Thumb Code    54  mode_uart.o(i.UART_Send_Data)
    UART_Send_String                         0x08001a87   Thumb Code    26  mode_uart.o(i.UART_Send_String)
    UART_TXD_Send                            0x08001aa1   Thumb Code    88  base_uart.o(i.UART_TXD_Send)
    USART1_IRQHandler                        0x08001b0d   Thumb Code    48  mode_uart.o(i.USART1_IRQHandler)
    USART2_IRQHandler                        0x08001b41   Thumb Code    48  mode_uart.o(i.USART2_IRQHandler)
    USART3_IRQHandler                        0x08001b75   Thumb Code    48  mode_uart.o(i.USART3_IRQHandler)
    Uart1_Init                               0x08001ba9   Thumb Code   198  base_uart.o(i.Uart1_Init)
    Uart2_Init                               0x08001c85   Thumb Code   192  base_uart.o(i.Uart2_Init)
    Uart3_Init                               0x08001d5d   Thumb Code   214  base_uart.o(i.Uart3_Init)
    Uart4_Init                               0x08001e51   Thumb Code   196  base_uart.o(i.Uart4_Init)
    Uart_Init                                0x08001f2d   Thumb Code   104  mode_uart.o(i.Uart_Init)
    UsageFault_Handler                       0x08001fa9   Thumb Code     4  at32f415_int.o(i.UsageFault_Handler)
    __0printf$1                              0x08001fad   Thumb Code    22  printf1.o(i.__0printf$1)
    __1printf$1                              0x08001fad   Thumb Code     0  printf1.o(i.__0printf$1)
    __2printf                                0x08001fad   Thumb Code     0  printf1.o(i.__0printf$1)
    __scatterload_copy                       0x08001fcd   Thumb Code    14  handlers.o(i.__scatterload_copy)
    __scatterload_null                       0x08001fdb   Thumb Code     2  handlers.o(i.__scatterload_null)
    __scatterload_zeroinit                   0x08001fdd   Thumb Code    14  handlers.o(i.__scatterload_zeroinit)
    crm_ahb_div_set                          0x08002141   Thumb Code    14  at32f415_crm.o(i.crm_ahb_div_set)
    crm_apb1_div_set                         0x08002155   Thumb Code    14  at32f415_crm.o(i.crm_apb1_div_set)
    crm_apb2_div_set                         0x08002169   Thumb Code    14  at32f415_crm.o(i.crm_apb2_div_set)
    crm_auto_step_mode_enable                0x0800217d   Thumb Code    34  at32f415_crm.o(i.crm_auto_step_mode_enable)
    crm_clock_source_enable                  0x080021a5   Thumb Code    90  at32f415_crm.o(i.crm_clock_source_enable)
    crm_clocks_freq_get                      0x08002205   Thumb Code   396  at32f415_crm.o(i.crm_clocks_freq_get)
    crm_flag_get                             0x080023b1   Thumb Code    42  at32f415_crm.o(i.crm_flag_get)
    crm_hick_divider_select                  0x080023e1   Thumb Code    14  at32f415_crm.o(i.crm_hick_divider_select)
    crm_hick_sclk_frequency_select           0x080023f5   Thumb Code    24  at32f415_crm.o(i.crm_hick_sclk_frequency_select)
    crm_periph_clock_enable                  0x08002411   Thumb Code    62  at32f415_crm.o(i.crm_periph_clock_enable)
    crm_periph_reset                         0x08002455   Thumb Code    62  at32f415_crm.o(i.crm_periph_reset)
    crm_pll_config                           0x08002499   Thumb Code   210  at32f415_crm.o(i.crm_pll_config)
    crm_reset                                0x080025a1   Thumb Code    90  at32f415_crm.o(i.crm_reset)
    crm_sysclk_switch                        0x08002605   Thumb Code    14  at32f415_crm.o(i.crm_sysclk_switch)
    crm_sysclk_switch_status_get             0x08002619   Thumb Code    10  at32f415_crm.o(i.crm_sysclk_switch_status_get)
    crm_usb_clock_div_set                    0x08002629   Thumb Code    28  at32f415_crm.o(i.crm_usb_clock_div_set)
    crm_usb_clock_source_select              0x08002649   Thumb Code    26  at32f415_crm.o(i.crm_usb_clock_source_select)
    exint_flag_clear                         0x08002669   Thumb Code     6  at32f415_exint.o(i.exint_flag_clear)
    fputc                                    0x08002675   Thumb Code    18  base_uart.o(i.fputc)
    gpio_default_para_init                   0x08002687   Thumb Code    22  at32f415_gpio.o(i.gpio_default_para_init)
    gpio_init                                0x0800269d   Thumb Code   168  at32f415_gpio.o(i.gpio_init)
    gpio_input_data_bit_read                 0x08002745   Thumb Code    18  at32f415_gpio.o(i.gpio_input_data_bit_read)
    gpio_pin_remap_config                    0x08002759   Thumb Code    70  at32f415_gpio.o(i.gpio_pin_remap_config)
    main                                     0x080027a5   Thumb Code    92  main.o(i.main)
    nvic_irq_enable                          0x08002819   Thumb Code   190  at32f415_misc.o(i.nvic_irq_enable)
    nvic_priority_group_config               0x080028e1   Thumb Code    32  at32f415_misc.o(i.nvic_priority_group_config)
    spi_default_para_init                    0x08002909   Thumb Code    22  at32f415_spi.o(i.spi_default_para_init)
    spi_enable                               0x0800291f   Thumb Code    10  at32f415_spi.o(i.spi_enable)
    spi_i2s_data_transmit                    0x08002929   Thumb Code     4  at32f415_spi.o(i.spi_i2s_data_transmit)
    spi_i2s_flag_get                         0x0800292d   Thumb Code    16  at32f415_spi.o(i.spi_i2s_flag_get)
    spi_i2s_interrupt_enable                 0x0800293d   Thumb Code    18  at32f415_spi.o(i.spi_i2s_interrupt_enable)
    spi_i2s_reset                            0x08002951   Thumb Code    56  at32f415_spi.o(i.spi_i2s_reset)
    spi_init                                 0x08002991   Thumb Code   292  at32f415_spi.o(i.spi_init)
    system_clock_config                      0x08002ab5   Thumb Code     8  at32f415_clock.o(i.system_clock_config)
    system_clock_hext_config                 0x08002abd   Thumb Code   126  at32f415_clock.o(i.system_clock_hext_config)
    system_core_clock_update                 0x08002b41   Thumb Code   316  system_at32f415.o(i.system_core_clock_update)
    systick_clock_source_config              0x08002c95   Thumb Code    40  at32f415_misc.o(i.systick_clock_source_config)
    usart_data_receive                       0x08002cbd   Thumb Code     8  at32f415_usart.o(i.usart_data_receive)
    usart_data_transmit                      0x08002cc5   Thumb Code     8  at32f415_usart.o(i.usart_data_transmit)
    usart_enable                             0x08002ccd   Thumb Code    10  at32f415_usart.o(i.usart_enable)
    usart_flag_clear                         0x08002cd7   Thumb Code    18  at32f415_usart.o(i.usart_flag_clear)
    usart_flag_get                           0x08002ce9   Thumb Code    16  at32f415_usart.o(i.usart_flag_get)
    usart_init                               0x08002cf9   Thumb Code   102  at32f415_usart.o(i.usart_init)
    usart_interrupt_enable                   0x08002d65   Thumb Code    54  at32f415_usart.o(i.usart_interrupt_enable)
    usart_parity_selection_config            0x08002d9b   Thumb Code    76  at32f415_usart.o(i.usart_parity_selection_config)
    usart_receiver_enable                    0x08002de7   Thumb Code    10  at32f415_usart.o(i.usart_receiver_enable)
    usart_reset                              0x08002df1   Thumb Code   124  at32f415_usart.o(i.usart_reset)
    usart_transmitter_enable                 0x08002e85   Thumb Code    10  at32f415_usart.o(i.usart_transmitter_enable)
    usb_ept0_setup                           0x08002e8f   Thumb Code    34  at32f415_usb.o(i.usb_ept0_setup)
    usb_ept0_start                           0x08002eb1   Thumb Code    44  at32f415_usb.o(i.usb_ept0_start)
    usb_ept_clear_stall                      0x08002edd   Thumb Code   146  at32f415_usb.o(i.usb_ept_clear_stall)
    usb_ept_in_clear                         0x08002f6f   Thumb Code    12  at32f415_usb.o(i.usb_ept_in_clear)
    usb_ept_in_interrupt                     0x08002f7b   Thumb Code    44  at32f415_usb.o(i.usb_ept_in_interrupt)
    usb_ept_open                             0x08002fa7   Thumb Code   416  at32f415_usb.o(i.usb_ept_open)
    usb_ept_out_clear                        0x08003147   Thumb Code    12  at32f415_usb.o(i.usb_ept_out_clear)
    usb_ept_out_interrupt                    0x08003153   Thumb Code    22  at32f415_usb.o(i.usb_ept_out_interrupt)
    usb_ept_stall                            0x08003169   Thumb Code   146  at32f415_usb.o(i.usb_ept_stall)
    usb_flush_tx_fifo                        0x080031fd   Thumb Code    50  at32f415_usb.o(i.usb_flush_tx_fifo)
    usb_get_all_in_interrupt                 0x08003235   Thumb Code    18  at32f415_usb.o(i.usb_get_all_in_interrupt)
    usb_get_all_out_interrupt                0x08003247   Thumb Code    18  at32f415_usb.o(i.usb_get_all_out_interrupt)
    usb_global_clear_interrupt               0x08003259   Thumb Code     4  at32f415_usb.o(i.usb_global_clear_interrupt)
    usb_global_get_all_interrupt             0x0800325d   Thumb Code    10  at32f415_usb.o(i.usb_global_get_all_interrupt)
    usb_global_interrupt_enable              0x08003267   Thumb Code    20  at32f415_usb.o(i.usb_global_interrupt_enable)
    usb_open_phy_clk                         0x0800327b   Thumb Code    14  at32f415_usb.o(i.usb_open_phy_clk)
    usb_read_packet                          0x08003289   Thumb Code    42  at32f415_usb.o(i.usb_read_packet)
    usb_set_address                          0x080032b3   Thumb Code    14  at32f415_usb.o(i.usb_set_address)
    usb_set_rx_fifo                          0x080032c1   Thumb Code     4  at32f415_usb.o(i.usb_set_rx_fifo)
    usb_set_tx_fifo                          0x080032c5   Thumb Code    66  at32f415_usb.o(i.usb_set_tx_fifo)
    usb_stop_phy_clk                         0x08003307   Thumb Code    16  at32f415_usb.o(i.usb_stop_phy_clk)
    usb_suspend_status_get                   0x08003317   Thumb Code    14  at32f415_usb.o(i.usb_suspend_status_get)
    usb_write_empty_txfifo                   0x08003325   Thumb Code   152  usbd_int.o(i.usb_write_empty_txfifo)
    usb_write_packet                         0x080033bd   Thumb Code    48  at32f415_usb.o(i.usb_write_packet)
    usbd_clear_stall                         0x08003441   Thumb Code    74  usbd_core.o(i.usbd_clear_stall)
    usbd_core_in_handler                     0x0800348b   Thumb Code   194  usbd_core.o(i.usbd_core_in_handler)
    usbd_core_out_handler                    0x0800354d   Thumb Code   128  usbd_core.o(i.usbd_core_out_handler)
    usbd_core_setup_handler                  0x080035cd   Thumb Code    84  usbd_core.o(i.usbd_core_setup_handler)
    usbd_ctrl_recv_status                    0x08003621   Thumb Code    24  usbd_core.o(i.usbd_ctrl_recv_status)
    usbd_ctrl_send                           0x08003639   Thumb Code    40  usbd_core.o(i.usbd_ctrl_send)
    usbd_ctrl_send_status                    0x08003661   Thumb Code    24  usbd_core.o(i.usbd_ctrl_send_status)
    usbd_ctrl_unsupport                      0x08003679   Thumb Code    22  usbd_core.o(i.usbd_ctrl_unsupport)
    usbd_device_request                      0x0800368f   Thumb Code   128  usbd_sdr.o(i.usbd_device_request)
    usbd_endpoint_request                    0x0800370f   Thumb Code   348  usbd_sdr.o(i.usbd_endpoint_request)
    usbd_enter_suspend                       0x0800386b   Thumb Code    22  usbd_core.o(i.usbd_enter_suspend)
    usbd_enumdone_handler                    0x08003881   Thumb Code    70  usbd_int.o(i.usbd_enumdone_handler)
    usbd_ept_open                            0x080038c7   Thumb Code    90  usbd_core.o(i.usbd_ept_open)
    usbd_ept_recv                            0x08003921   Thumb Code   276  usbd_core.o(i.usbd_ept_recv)
    usbd_ept_send                            0x08003a35   Thumb Code   298  usbd_core.o(i.usbd_ept_send)
    usbd_fifo_alloc                          0x08003b5f   Thumb Code    62  usbd_core.o(i.usbd_fifo_alloc)
    usbd_incomisioin_handler                 0x08003d29   Thumb Code    22  usbd_int.o(i.usbd_incomisioin_handler)
    usbd_incomisoout_handler                 0x08003d3f   Thumb Code    22  usbd_int.o(i.usbd_incomisoout_handler)
    usbd_inept_handler                       0x08003d55   Thumb Code   172  usbd_int.o(i.usbd_inept_handler)
    usbd_interface_request                   0x08003e01   Thumb Code    56  usbd_sdr.o(i.usbd_interface_request)
    usbd_irq_handler                         0x08003e39   Thumb Code   234  usbd_int.o(i.usbd_irq_handler)
    usbd_outept_handler                      0x08003f23   Thumb Code   146  usbd_int.o(i.usbd_outept_handler)
    usbd_reset_handler                       0x08003fb5   Thumb Code   180  usbd_int.o(i.usbd_reset_handler)
    usbd_rxflvl_handler                      0x08004069   Thumb Code   130  usbd_int.o(i.usbd_rxflvl_handler)
    usbd_set_stall                           0x0800422f   Thumb Code    74  usbd_core.o(i.usbd_set_stall)
    usbd_setup_request_parse                 0x08004279   Thumb Code    40  usbd_sdr.o(i.usbd_setup_request_parse)
    usbd_sof_handler                         0x080042a1   Thumb Code    20  usbd_int.o(i.usbd_sof_handler)
    usbd_suspend_handler                     0x080042b5   Thumb Code    56  usbd_int.o(i.usbd_suspend_handler)
    usbd_wakeup_handler                      0x080042ed   Thumb Code    54  usbd_int.o(i.usbd_wakeup_handler)
    ascii_1608                               0x08004322   Data        1520  lcd.o(.constdata)
    ascii_2412                               0x08004912   Data        4560  lcd.o(.constdata)
    ascii_3216                               0x08005ae2   Data        6080  lcd.o(.constdata)
    Region$$Table$$Base                      0x080074dc   Number         0  anon$$obj.o(Region$$Table)
    Region$$Table$$Limit                     0x080074fc   Number         0  anon$$obj.o(Region$$Table)
    temp                                     0x20000000   Data           4  main.o(.data)
    i                                        0x20000004   Data           4  main.o(.data)
    Temp_SPI                                 0x20000008   Data           4  base_spi.o(.data)
    SPI_complete_flag                        0x2000000c   Data           2  base_spi.o(.data)
    Tick_Full                                0x20000010   Data           4  base_sys_time.o(.data)
    Freq_ms                                  0x20000014   Data           4  base_sys_time.o(.data)
    Freq_us                                  0x20000018   Data           4  base_sys_time.o(.data)
    SYS_Ticktime                             0x2000001c   Data           8  base_sys_time.o(.data)
    BACK_COLOR                               0x2000002a   Data           2  lcd.o(.data)
    HORIZONTAL                               0x2000002c   Data           1  lcd.o(.data)
    SYS_Time                                 0x20000030   Data          20  mode_time.o(.data)
    Tick_Freq                                0x20000044   Data           4  mode_time.o(.data)
    Tick_ms                                  0x20000048   Data           4  mode_time.o(.data)
    Tick_us                                  0x2000004c   Data           4  mode_time.o(.data)
    system_core_clock                        0x20000050   Data           4  system_at32f415.o(.data)
    __stdout                                 0x20000054   Data           4  stdout.o(.data)
    otg_core_struct                          0x20000058   Data         420  usb_user.o(.bss)
    Mode_Init                                0x200001fc   Data          20  mode.o(.bss)
    Mode_User                                0x20000210   Data          76  mode.o(.bss)
    UART1_Data                               0x2000025c   Data         224  mode_uart.o(.bss)
    UART2_Data                               0x2000033c   Data         224  mode_uart.o(.bss)
    UART3_Data                               0x2000041c   Data         224  mode_uart.o(.bss)
    UART4_Data                               0x200004fc   Data         224  mode_uart.o(.bss)
    CV_UART                                  0x200005dc   Data          24  mode_uart.o(.bss)
    API                                      0x200005f4   Data          20  api.o(.bss)
    __initial_sp                             0x20000a08   Data           0  startup_at32f415.o(STACK)



==============================================================================

Memory Map of the image

  Image Entry point : 0x08000171

  Load Region LR_IROM1 (Base: 0x08000000, Size: 0x00007554, Max: 0x00040000, ABSOLUTE)

    Execution Region ER_IROM1 (Exec base: 0x08000000, Load base: 0x08000000, Size: 0x000074fc, Max: 0x00040000, ABSOLUTE)

    Exec Addr    Load Addr    Size         Type   Attr      Idx    E Section Name        Object

    0x08000000   0x08000000   0x00000170   Data   RO         2590    RESET               startup_at32f415.o
    0x08000170   0x08000170   0x00000000   Code   RO         5815  * .ARM.Collect$$$$00000000  mc_w.l(entry.o)
    0x08000170   0x08000170   0x00000004   Code   RO         6101    .ARM.Collect$$$$00000001  mc_w.l(entry2.o)
    0x08000174   0x08000174   0x00000004   Code   RO         6104    .ARM.Collect$$$$00000004  mc_w.l(entry5.o)
    0x08000178   0x08000178   0x00000000   Code   RO         6106    .ARM.Collect$$$$00000008  mc_w.l(entry7b.o)
    0x08000178   0x08000178   0x00000000   Code   RO         6108    .ARM.Collect$$$$0000000A  mc_w.l(entry8b.o)
    0x08000178   0x08000178   0x00000008   Code   RO         6109    .ARM.Collect$$$$0000000B  mc_w.l(entry9a.o)
    0x08000180   0x08000180   0x00000004   Code   RO         6116    .ARM.Collect$$$$0000000E  mc_w.l(entry12b.o)
    0x08000184   0x08000184   0x00000000   Code   RO         6111    .ARM.Collect$$$$0000000F  mc_w.l(entry10a.o)
    0x08000184   0x08000184   0x00000000   Code   RO         6113    .ARM.Collect$$$$00000011  mc_w.l(entry11a.o)
    0x08000184   0x08000184   0x00000004   Code   RO         6102    .ARM.Collect$$$$00002712  mc_w.l(entry2.o)
    0x08000188   0x08000188   0x00000024   Code   RO         2591    .text               startup_at32f415.o
    0x080001ac   0x080001ac   0x00000062   Code   RO         5818    .text               mc_w.l(uldiv.o)
    0x0800020e   0x0800020e   0x0000000e   Code   RO         5824    .text               mc_w.l(strlen.o)
    0x0800021c   0x0800021c   0x00000064   Code   RO         6091    .text               mf_w.l(fmul.o)
    0x08000280   0x08000280   0x0000007c   Code   RO         6093    .text               mf_w.l(fdiv.o)
    0x080002fc   0x080002fc   0x00000012   Code   RO         6095    .text               mf_w.l(fflti.o)
    0x0800030e   0x0800030e   0x00000032   Code   RO         6097    .text               mf_w.l(ffixi.o)
    0x08000340   0x08000340   0x0000002c   Code   RO         6118    .text               mc_w.l(uidiv.o)
    0x0800036c   0x0800036c   0x0000001e   Code   RO         6120    .text               mc_w.l(llshl.o)
    0x0800038a   0x0800038a   0x00000020   Code   RO         6122    .text               mc_w.l(llushr.o)
    0x080003aa   0x080003aa   0x00000000   Code   RO         6133    .text               mc_w.l(iusefp.o)
    0x080003aa   0x080003aa   0x0000006e   Code   RO         6134    .text               mf_w.l(fepilogue.o)
    0x08000418   0x08000418   0x00000024   Code   RO         6146    .text               mc_w.l(init.o)
    0x0800043c   0x0800043c   0x00000034   Code   RO         2339    i.API_Index         api.o
    0x08000470   0x08000470   0x00000004   Code   RO         2485    i.BusFault_Handler  at32f415_int.o
    0x08000474   0x08000474   0x00000018   Code   RO         2358    i.CRC16_CCITT_CalateByte  check_crc16.o
    0x0800048c   0x0800048c   0x00000024   Code   RO         2359    i.CRC16_CCITT_CalculateBuf  check_crc16.o
    0x080004b0   0x080004b0   0x00000002   Code   RO         2486    i.DebugMon_Handler  at32f415_int.o
    0x080004b2   0x080004b2   0x0000001c   Code   RO         2384    i.Find_Data         data_handle.o
    0x080004ce   0x080004ce   0x00000002   PAD
    0x080004d0   0x080004d0   0x0000005c   Code   RO          685    i.GET_SysTick       base_sys_time.o
    0x0800052c   0x0800052c   0x0000003e   Code   RO         2086    i.Get_Lose_Time     mode_time.o
    0x0800056a   0x0800056a   0x0000003a   Code   RO         2152    i.Get_RXD           mode_uart.o
    0x080005a4   0x080005a4   0x00000098   Code   RO         2087    i.Get_TIME          mode_time.o
    0x0800063c   0x0800063c   0x00000004   Code   RO         2487    i.HardFault_Handler  at32f415_int.o
    0x08000640   0x08000640   0x00000038   Code   RO         2422    i.Hourly_to_Seconds  time_handle.o
    0x08000678   0x08000678   0x00000060   Code   RO          311    i.KEY_GPIO_Init     base_exist_gpio.o
    0x080006d8   0x080006d8   0x00000024   Code   RO         1748    i.KEY_Init          key.o
    0x080006fc   0x080006fc   0x0000002c   Code   RO         1749    i.KEY_State         key.o
    0x08000728   0x08000728   0x000000e8   Code   RO         1781    i.LCD_Address_Set   lcd.o
    0x08000810   0x08000810   0x00000018   Code   RO         1782    i.LCD_Delay         lcd.o
    0x08000828   0x08000828   0x0000009e   Code   RO         1783    i.LCD_Draw_Circle   lcd.o
    0x080008c6   0x080008c6   0x000000ac   Code   RO         1784    i.LCD_Draw_Line     lcd.o
    0x08000972   0x08000972   0x0000001c   Code   RO         1785    i.LCD_Draw_Point    lcd.o
    0x0800098e   0x0800098e   0x0000004a   Code   RO         1786    i.LCD_Draw_Rectangle  lcd.o
    0x080009d8   0x080009d8   0x0000003e   Code   RO         1787    i.LCD_Fill          lcd.o
    0x08000a16   0x08000a16   0x00000002   PAD
    0x08000a18   0x08000a18   0x00000060   Code   RO          312    i.LCD_GPIO_Init     base_exist_gpio.o
    0x08000a78   0x08000a78   0x000001e0   Code   RO         1788    i.LCD_Init          lcd.o
    0x08000c58   0x08000c58   0x0000013c   Code   RO         1790    i.LCD_Show_Char     lcd.o
    0x08000d94   0x08000d94   0x00000058   Code   RO         1791    i.LCD_Show_Chinese  lcd.o
    0x08000dec   0x08000dec   0x00000008   Code   RO         1792    i.LCD_Show_Chinese24x24  lcd.o
    0x08000df4   0x08000df4   0x00000008   Code   RO         1793    i.LCD_Show_Chinese32x32  lcd.o
    0x08000dfc   0x08000dfc   0x00000066   Code   RO         1794    i.LCD_Show_Picture  lcd.o
    0x08000e62   0x08000e62   0x00000070   Code   RO         1795    i.LCD_Show_String   lcd.o
    0x08000ed2   0x08000ed2   0x00000002   PAD
    0x08000ed4   0x08000ed4   0x00000034   Code   RO         1796    i.LCD_WR_CMD        lcd.o
    0x08000f08   0x08000f08   0x00000022   Code   RO         1797    i.LCD_WR_DATA       lcd.o
    0x08000f2a   0x08000f2a   0x0000001c   Code   RO         1798    i.LCD_WR_DATA8      lcd.o
    0x08000f46   0x08000f46   0x0000000c   Code   RO         1799    i.LCD_Writ_Bus      lcd.o
    0x08000f52   0x08000f52   0x00000002   PAD
    0x08000f54   0x08000f54   0x0000008c   Code   RO            4    i.Main_Init         main.o
    0x08000fe0   0x08000fe0   0x00000004   Code   RO         2488    i.MemManage_Handler  at32f415_int.o
    0x08000fe4   0x08000fe4   0x00000030   Code   RO         1989    i.Mode_Index        mode.o
    0x08001014   0x08001014   0x000000ac   Code   RO         1990    i.Mode_User_index   mode.o
    0x080010c0   0x080010c0   0x00000080   Code   RO         2301    i.Motor_BYJ_Angle   mode_motor_byj.o
    0x08001140   0x08001140   0x000000d0   Code   RO         2302    i.Motor_BYJ_Drive   mode_motor_byj.o
    0x08001210   0x08001210   0x00000024   Code   RO         2303    i.Motor_BYJ_Init    mode_motor_byj.o
    0x08001234   0x08001234   0x00000022   Code   RO         2304    i.Motor_BYJ_delay   mode_motor_byj.o
    0x08001256   0x08001256   0x00000002   Code   RO         2489    i.NMI_Handler       at32f415_int.o
    0x08001258   0x08001258   0x00000010   Code   RO         1463    i.OTGFS1_IRQHandler  usb_user.o
    0x08001268   0x08001268   0x0000000c   Code   RO         1464    i.OTGFS1_WKUP_IRQHandler  usb_user.o
    0x08001274   0x08001274   0x000000d8   Code   RO         2423    i.Over_Time         time_handle.o
    0x0800134c   0x0800134c   0x00000002   Code   RO         2490    i.PendSV_Handler    at32f415_int.o
    0x0800134e   0x0800134e   0x00000002   PAD
    0x08001350   0x08001350   0x00000044   Code   RO          687    i.SET_SysTick       base_sys_time.o
    0x08001394   0x08001394   0x0000003c   Code   RO          587    i.SPI1_IRQHandler   base_spi.o
    0x080013d0   0x080013d0   0x0000009c   Code   RO          589    i.SPI2_GPIO_Init    base_spi.o
    0x0800146c   0x0800146c   0x0000001c   Code   RO          590    i.SPI2_IRQHandler   base_spi.o
    0x08001488   0x08001488   0x0000003c   Code   RO          591    i.SPI_CS_Set        base_spi.o
    0x080014c4   0x080014c4   0x00000034   Code   RO          595    i.SPI_Send_DATA     base_spi.o
    0x080014f8   0x080014f8   0x00000094   Code   RO          597    i.SPI_Start_Init    base_spi.o
    0x0800158c   0x0800158c   0x0000005c   Code   RO          314    i.STEP_Motor        base_exist_gpio.o
    0x080015e8   0x080015e8   0x00000002   Code   RO         2491    i.SVC_Handler       at32f415_int.o
    0x080015ea   0x080015ea   0x00000018   Code   RO          688    i.SYS_Delay_S       base_sys_time.o
    0x08001602   0x08001602   0x00000002   PAD
    0x08001604   0x08001604   0x0000007c   Code   RO          689    i.SYS_Delay_ms      base_sys_time.o
    0x08001680   0x08001680   0x0000007c   Code   RO          690    i.SYS_Delay_us      base_sys_time.o
    0x080016fc   0x080016fc   0x0000004e   Code   RO         2424    i.Seconds_to_Hourly  time_handle.o
    0x0800174a   0x0800174a   0x00000002   PAD
    0x0800174c   0x0800174c   0x00000024   Code   RO         2088    i.Set_TIME          mode_time.o
    0x08001770   0x08001770   0x00000010   Code   RO          691    i.SysTick_Handler   base_sys_time.o
    0x08001780   0x08001780   0x00000048   Code   RO         2089    i.Sys_Clock_Init    mode_time.o
    0x080017c8   0x080017c8   0x000000d4   Code   RO          693    i.Sys_Time_Init     base_sys_time.o
    0x0800189c   0x0800189c   0x0000009c   Code   RO         2554    i.SystemInit        system_at32f415.o
    0x08001938   0x08001938   0x00000060   Code   RO          777    i.UART_RXD_Flag     base_uart.o
    0x08001998   0x08001998   0x0000005c   Code   RO          778    i.UART_RXD_Flag_Clear  base_uart.o
    0x080019f4   0x080019f4   0x0000005c   Code   RO          779    i.UART_RXD_Receive  base_uart.o
    0x08001a50   0x08001a50   0x00000036   Code   RO         2153    i.UART_Send_Data    mode_uart.o
    0x08001a86   0x08001a86   0x0000001a   Code   RO         2154    i.UART_Send_String  mode_uart.o
    0x08001aa0   0x08001aa0   0x0000006c   Code   RO          780    i.UART_TXD_Send     base_uart.o
    0x08001b0c   0x08001b0c   0x00000034   Code   RO         2155    i.USART1_IRQHandler  mode_uart.o
    0x08001b40   0x08001b40   0x00000034   Code   RO         2156    i.USART2_IRQHandler  mode_uart.o
    0x08001b74   0x08001b74   0x00000034   Code   RO         2157    i.USART3_IRQHandler  mode_uart.o
    0x08001ba8   0x08001ba8   0x000000dc   Code   RO          781    i.Uart1_Init        base_uart.o
    0x08001c84   0x08001c84   0x000000d8   Code   RO          782    i.Uart2_Init        base_uart.o
    0x08001d5c   0x08001d5c   0x000000f4   Code   RO          783    i.Uart3_Init        base_uart.o
    0x08001e50   0x08001e50   0x000000dc   Code   RO          784    i.Uart4_Init        base_uart.o
    0x08001f2c   0x08001f2c   0x0000007c   Code   RO         2159    i.Uart_Init         mode_uart.o
    0x08001fa8   0x08001fa8   0x00000004   Code   RO         2492    i.UsageFault_Handler  at32f415_int.o
    0x08001fac   0x08001fac   0x00000020   Code   RO         5875    i.__0printf$1       mc_w.l(printf1.o)
    0x08001fcc   0x08001fcc   0x0000000e   Code   RO         6167    i.__scatterload_copy  mc_w.l(handlers.o)
    0x08001fda   0x08001fda   0x00000002   Code   RO         6168    i.__scatterload_null  mc_w.l(handlers.o)
    0x08001fdc   0x08001fdc   0x0000000e   Code   RO         6169    i.__scatterload_zeroinit  mc_w.l(handlers.o)
    0x08001fea   0x08001fea   0x00000002   PAD
    0x08001fec   0x08001fec   0x00000154   Code   RO         5882    i._printf_core      mc_w.l(printf1.o)
    0x08002140   0x08002140   0x00000014   Code   RO         3109    i.crm_ahb_div_set   at32f415_crm.o
    0x08002154   0x08002154   0x00000014   Code   RO         3110    i.crm_apb1_div_set  at32f415_crm.o
    0x08002168   0x08002168   0x00000014   Code   RO         3111    i.crm_apb2_div_set  at32f415_crm.o
    0x0800217c   0x0800217c   0x00000028   Code   RO         3112    i.crm_auto_step_mode_enable  at32f415_crm.o
    0x080021a4   0x080021a4   0x00000060   Code   RO         3117    i.crm_clock_source_enable  at32f415_crm.o
    0x08002204   0x08002204   0x000001ac   Code   RO         3118    i.crm_clocks_freq_get  at32f415_crm.o
    0x080023b0   0x080023b0   0x00000030   Code   RO         3122    i.crm_flag_get      at32f415_crm.o
    0x080023e0   0x080023e0   0x00000014   Code   RO         3127    i.crm_hick_divider_select  at32f415_crm.o
    0x080023f4   0x080023f4   0x0000001c   Code   RO         3128    i.crm_hick_sclk_frequency_select  at32f415_crm.o
    0x08002410   0x08002410   0x00000044   Code   RO         3132    i.crm_periph_clock_enable  at32f415_crm.o
    0x08002454   0x08002454   0x00000044   Code   RO         3133    i.crm_periph_reset  at32f415_crm.o
    0x08002498   0x08002498   0x00000108   Code   RO         3135    i.crm_pll_config    at32f415_crm.o
    0x080025a0   0x080025a0   0x00000064   Code   RO         3137    i.crm_reset         at32f415_crm.o
    0x08002604   0x08002604   0x00000014   Code   RO         3138    i.crm_sysclk_switch  at32f415_crm.o
    0x08002618   0x08002618   0x00000010   Code   RO         3139    i.crm_sysclk_switch_status_get  at32f415_crm.o
    0x08002628   0x08002628   0x00000020   Code   RO         3140    i.crm_usb_clock_div_set  at32f415_crm.o
    0x08002648   0x08002648   0x00000020   Code   RO         3141    i.crm_usb_clock_source_select  at32f415_crm.o
    0x08002668   0x08002668   0x0000000c   Code   RO         3789    i.exint_flag_clear  at32f415_exint.o
    0x08002674   0x08002674   0x00000012   Code   RO          786    i.fputc             base_uart.o
    0x08002686   0x08002686   0x00000016   Code   RO         4073    i.gpio_default_para_init  at32f415_gpio.o
    0x0800269c   0x0800269c   0x000000a8   Code   RO         4077    i.gpio_init         at32f415_gpio.o
    0x08002744   0x08002744   0x00000012   Code   RO         4078    i.gpio_input_data_bit_read  at32f415_gpio.o
    0x08002756   0x08002756   0x00000002   PAD
    0x08002758   0x08002758   0x0000004c   Code   RO         4083    i.gpio_pin_remap_config  at32f415_gpio.o
    0x080027a4   0x080027a4   0x00000074   Code   RO            5    i.main              main.o
    0x08002818   0x08002818   0x000000c8   Code   RO         4389    i.nvic_irq_enable   at32f415_misc.o
    0x080028e0   0x080028e0   0x00000028   Code   RO         4391    i.nvic_priority_group_config  at32f415_misc.o
    0x08002908   0x08002908   0x00000016   Code   RO         4730    i.spi_default_para_init  at32f415_spi.o
    0x0800291e   0x0800291e   0x0000000a   Code   RO         4731    i.spi_enable        at32f415_spi.o
    0x08002928   0x08002928   0x00000004   Code   RO         4736    i.spi_i2s_data_transmit  at32f415_spi.o
    0x0800292c   0x0800292c   0x00000010   Code   RO         4740    i.spi_i2s_flag_get  at32f415_spi.o
    0x0800293c   0x0800293c   0x00000012   Code   RO         4741    i.spi_i2s_interrupt_enable  at32f415_spi.o
    0x0800294e   0x0800294e   0x00000002   PAD
    0x08002950   0x08002950   0x00000040   Code   RO         4742    i.spi_i2s_reset     at32f415_spi.o
    0x08002990   0x08002990   0x00000124   Code   RO         4743    i.spi_init          at32f415_spi.o
    0x08002ab4   0x08002ab4   0x00000008   Code   RO         2449    i.system_clock_config  at32f415_clock.o
    0x08002abc   0x08002abc   0x00000084   Code   RO         2450    i.system_clock_hext_config  at32f415_clock.o
    0x08002b40   0x08002b40   0x00000154   Code   RO         2555    i.system_core_clock_update  system_at32f415.o
    0x08002c94   0x08002c94   0x00000028   Code   RO         4394    i.systick_clock_source_config  at32f415_misc.o
    0x08002cbc   0x08002cbc   0x00000008   Code   RO         5230    i.usart_data_receive  at32f415_usart.o
    0x08002cc4   0x08002cc4   0x00000008   Code   RO         5231    i.usart_data_transmit  at32f415_usart.o
    0x08002ccc   0x08002ccc   0x0000000a   Code   RO         5234    i.usart_enable      at32f415_usart.o
    0x08002cd6   0x08002cd6   0x00000012   Code   RO         5235    i.usart_flag_clear  at32f415_usart.o
    0x08002ce8   0x08002ce8   0x00000010   Code   RO         5236    i.usart_flag_get    at32f415_usart.o
    0x08002cf8   0x08002cf8   0x0000006c   Code   RO         5238    i.usart_init        at32f415_usart.o
    0x08002d64   0x08002d64   0x00000036   Code   RO         5239    i.usart_interrupt_enable  at32f415_usart.o
    0x08002d9a   0x08002d9a   0x0000004c   Code   RO         5244    i.usart_parity_selection_config  at32f415_usart.o
    0x08002de6   0x08002de6   0x0000000a   Code   RO         5245    i.usart_receiver_enable  at32f415_usart.o
    0x08002df0   0x08002df0   0x00000094   Code   RO         5247    i.usart_reset       at32f415_usart.o
    0x08002e84   0x08002e84   0x0000000a   Code   RO         5252    i.usart_transmitter_enable  at32f415_usart.o
    0x08002e8e   0x08002e8e   0x00000022   Code   RO         5420    i.usb_ept0_setup    at32f415_usb.o
    0x08002eb0   0x08002eb0   0x0000002c   Code   RO         5421    i.usb_ept0_start    at32f415_usb.o
    0x08002edc   0x08002edc   0x00000092   Code   RO         5422    i.usb_ept_clear_stall  at32f415_usb.o
    0x08002f6e   0x08002f6e   0x0000000c   Code   RO         5424    i.usb_ept_in_clear  at32f415_usb.o
    0x08002f7a   0x08002f7a   0x0000002c   Code   RO         5425    i.usb_ept_in_interrupt  at32f415_usb.o
    0x08002fa6   0x08002fa6   0x000001a0   Code   RO         5426    i.usb_ept_open      at32f415_usb.o
    0x08003146   0x08003146   0x0000000c   Code   RO         5427    i.usb_ept_out_clear  at32f415_usb.o
    0x08003152   0x08003152   0x00000016   Code   RO         5428    i.usb_ept_out_interrupt  at32f415_usb.o
    0x08003168   0x08003168   0x00000092   Code   RO         5429    i.usb_ept_stall     at32f415_usb.o
    0x080031fa   0x080031fa   0x00000002   PAD
    0x080031fc   0x080031fc   0x00000038   Code   RO         5431    i.usb_flush_tx_fifo  at32f415_usb.o
    0x08003234   0x08003234   0x00000012   Code   RO         5432    i.usb_get_all_in_interrupt  at32f415_usb.o
    0x08003246   0x08003246   0x00000012   Code   RO         5433    i.usb_get_all_out_interrupt  at32f415_usb.o
    0x08003258   0x08003258   0x00000004   Code   RO         5434    i.usb_global_clear_interrupt  at32f415_usb.o
    0x0800325c   0x0800325c   0x0000000a   Code   RO         5435    i.usb_global_get_all_interrupt  at32f415_usb.o
    0x08003266   0x08003266   0x00000014   Code   RO         5437    i.usb_global_interrupt_enable  at32f415_usb.o
    0x0800327a   0x0800327a   0x0000000e   Code   RO         5448    i.usb_open_phy_clk  at32f415_usb.o
    0x08003288   0x08003288   0x0000002a   Code   RO         5450    i.usb_read_packet   at32f415_usb.o
    0x080032b2   0x080032b2   0x0000000e   Code   RO         5453    i.usb_set_address   at32f415_usb.o
    0x080032c0   0x080032c0   0x00000004   Code   RO         5454    i.usb_set_rx_fifo   at32f415_usb.o
    0x080032c4   0x080032c4   0x00000042   Code   RO         5455    i.usb_set_tx_fifo   at32f415_usb.o
    0x08003306   0x08003306   0x00000010   Code   RO         5456    i.usb_stop_phy_clk  at32f415_usb.o
    0x08003316   0x08003316   0x0000000e   Code   RO         5457    i.usb_suspend_status_get  at32f415_usb.o
    0x08003324   0x08003324   0x00000098   Code   RO         1077    i.usb_write_empty_txfifo  usbd_int.o
    0x080033bc   0x080033bc   0x00000030   Code   RO         5458    i.usb_write_packet  at32f415_usb.o
    0x080033ec   0x080033ec   0x00000054   Code   RO         1176    i.usbd_clear_feature  usbd_sdr.o
    0x08003440   0x08003440   0x0000004a   Code   RO          889    i.usbd_clear_stall  usbd_core.o
    0x0800348a   0x0800348a   0x000000c2   Code   RO          892    i.usbd_core_in_handler  usbd_core.o
    0x0800354c   0x0800354c   0x00000080   Code   RO          894    i.usbd_core_out_handler  usbd_core.o
    0x080035cc   0x080035cc   0x00000054   Code   RO          895    i.usbd_core_setup_handler  usbd_core.o
    0x08003620   0x08003620   0x00000018   Code   RO          897    i.usbd_ctrl_recv_status  usbd_core.o
    0x08003638   0x08003638   0x00000028   Code   RO          898    i.usbd_ctrl_send    usbd_core.o
    0x08003660   0x08003660   0x00000018   Code   RO          899    i.usbd_ctrl_send_status  usbd_core.o
    0x08003678   0x08003678   0x00000016   Code   RO          900    i.usbd_ctrl_unsupport  usbd_core.o
    0x0800368e   0x0800368e   0x00000080   Code   RO         1177    i.usbd_device_request  usbd_sdr.o
    0x0800370e   0x0800370e   0x0000015c   Code   RO         1178    i.usbd_endpoint_request  usbd_sdr.o
    0x0800386a   0x0800386a   0x00000016   Code   RO          902    i.usbd_enter_suspend  usbd_core.o
    0x08003880   0x08003880   0x00000046   Code   RO         1079    i.usbd_enumdone_handler  usbd_int.o
    0x080038c6   0x080038c6   0x0000005a   Code   RO          904    i.usbd_ept_open     usbd_core.o
    0x08003920   0x08003920   0x00000114   Code   RO          905    i.usbd_ept_recv     usbd_core.o
    0x08003a34   0x08003a34   0x0000012a   Code   RO          906    i.usbd_ept_send     usbd_core.o
    0x08003b5e   0x08003b5e   0x0000003e   Code   RO          907    i.usbd_fifo_alloc   usbd_core.o
    0x08003b9c   0x08003b9c   0x00000056   Code   RO         1179    i.usbd_get_configuration  usbd_sdr.o
    0x08003bf2   0x08003bf2   0x000000f2   Code   RO         1180    i.usbd_get_descriptor  usbd_sdr.o
    0x08003ce4   0x08003ce4   0x00000044   Code   RO         1181    i.usbd_get_status   usbd_sdr.o
    0x08003d28   0x08003d28   0x00000016   Code   RO         1080    i.usbd_incomisioin_handler  usbd_int.o
    0x08003d3e   0x08003d3e   0x00000016   Code   RO         1081    i.usbd_incomisoout_handler  usbd_int.o
    0x08003d54   0x08003d54   0x000000ac   Code   RO         1082    i.usbd_inept_handler  usbd_int.o
    0x08003e00   0x08003e00   0x00000038   Code   RO         1182    i.usbd_interface_request  usbd_sdr.o
    0x08003e38   0x08003e38   0x000000ea   Code   RO         1083    i.usbd_irq_handler  usbd_int.o
    0x08003f22   0x08003f22   0x00000092   Code   RO         1084    i.usbd_outept_handler  usbd_int.o
    0x08003fb4   0x08003fb4   0x000000b4   Code   RO         1085    i.usbd_reset_handler  usbd_int.o
    0x08004068   0x08004068   0x00000082   Code   RO         1086    i.usbd_rxflvl_handler  usbd_int.o
    0x080040ea   0x080040ea   0x00000052   Code   RO         1183    i.usbd_set_address  usbd_sdr.o
    0x0800413c   0x0800413c   0x000000c8   Code   RO         1184    i.usbd_set_configuration  usbd_sdr.o
    0x08004204   0x08004204   0x0000002a   Code   RO         1185    i.usbd_set_feature  usbd_sdr.o
    0x0800422e   0x0800422e   0x0000004a   Code   RO          912    i.usbd_set_stall    usbd_core.o
    0x08004278   0x08004278   0x00000028   Code   RO         1186    i.usbd_setup_request_parse  usbd_sdr.o
    0x080042a0   0x080042a0   0x00000014   Code   RO         1087    i.usbd_sof_handler  usbd_int.o
    0x080042b4   0x080042b4   0x00000038   Code   RO         1088    i.usbd_suspend_handler  usbd_int.o
    0x080042ec   0x080042ec   0x00000036   Code   RO         1089    i.usbd_wakeup_handler  usbd_int.o
    0x08004322   0x08004322   0x00002f80   Data   RO         1801    .constdata          lcd.o
    0x080072a2   0x080072a2   0x00000200   Data   RO         2360    .constdata          check_crc16.o
    0x080074a2   0x080074a2   0x00000010   Data   RO         2556    .constdata          system_at32f415.o
    0x080074b2   0x080074b2   0x00000028   Data   RO         3143    .constdata          at32f415_crm.o
    0x080074da   0x080074da   0x00000002   PAD
    0x080074dc   0x080074dc   0x00000020   Data   RO         6165    Region$$Table       anon$$obj.o


    Execution Region RW_IRAM1 (Exec base: 0x20000000, Load base: 0x080074fc, Size: 0x00000a08, Max: 0x00008000, ABSOLUTE)

    Exec Addr    Load Addr    Size         Type   Attr      Idx    E Section Name        Object

    0x20000000   0x080074fc   0x00000008   Data   RW            6    .data               main.o
    0x20000008   0x08007504   0x00000006   Data   RW          598    .data               base_spi.o
    0x2000000e   0x0800750a   0x00000002   PAD
    0x20000010   0x0800750c   0x00000014   Data   RW          694    .data               base_sys_time.o
    0x20000024   0x08007520   0x00000004   Data   RW          787    .data               base_uart.o
    0x20000028   0x08007524   0x00000001   Data   RW         1187    .data               usbd_sdr.o
    0x20000029   0x08007525   0x00000001   PAD
    0x2000002a   0x08007526   0x00000003   Data   RW         1802    .data               lcd.o
    0x2000002d   0x08007529   0x00000003   PAD
    0x20000030   0x0800752c   0x00000020   Data   RW         2090    .data               mode_time.o
    0x20000050   0x0800754c   0x00000004   Data   RW         2557    .data               system_at32f415.o
    0x20000054   0x08007550   0x00000004   Data   RW         6117    .data               mc_w.l(stdout.o)
    0x20000058        -       0x000001a4   Zero   RW         1473    .bss                usb_user.o
    0x200001fc        -       0x00000060   Zero   RW         1991    .bss                mode.o
    0x2000025c        -       0x00000398   Zero   RW         2160    .bss                mode_uart.o
    0x200005f4        -       0x00000014   Zero   RW         2340    .bss                api.o
    0x20000608        -       0x00000400   Zero   RW         2588    STACK               startup_at32f415.o


==============================================================================

Image component sizes


      Code (inc. data)   RO Data    RW Data    ZI Data      Debug   Object Name

        52         24          0          0         20       1206   api.o
       140          6          0          0          0       1061   at32f415_clock.o
      1320        182         40          0          0      10137   at32f415_crm.o
        12          6          0          0          0        499   at32f415_exint.o
       284          6          0          0          0       3096   at32f415_gpio.o
        24          0          0          0          0       3560   at32f415_int.o
       280         18          0          0          0      32380   at32f415_misc.o
       426          8          0          0          0       4302   at32f415_spi.o
       466         30          0          0          0       6781   at32f415_usart.o
      1220          6          0          0          0      13768   at32f415_usb.o
       284         26          0          0          0       1961   base_exist_gpio.o
       504         42          0          6          0       4404   base_spi.o
       660         90          0         20          0      36266   base_sys_time.o
      1306        210          0          4          0       6893   base_uart.o
        60          4        512          0          0       1992   check_crc16.o
        28          0          0          0          0        740   data_handle.o
        80          6          0          0          0       1211   key.o
      1990         32      12160          3          0      14498   lcd.o
       256         62          0          8          0      73465   main.o
       220         98          0          0         96       2055   mode.o
       406         22          0          0          0       3017   mode_motor_byj.o
       322         42          0         32          0       3948   mode_time.o
       418         32          0          0        920       6066   mode_uart.o
        36          8        368          0       1024        812   startup_at32f415.o
       496         42         16          4          0       2064   system_at32f415.o
       350         16          0          0          0       2432   time_handle.o
        28          6          0          0        420       2339   usb_user.o
      1412          0          0          0          0      18099   usbd_core.o
      1258          0          0          0          0       9288   usbd_int.o
      1376         30          0          1          0       8646   usbd_sdr.o

    ----------------------------------------------------------------------
     15734       1054      13130         84       2480     276986   Object Totals
         0          0         32          0          0          0   (incl. Generated)
        20          0          2          6          0          0   (incl. Padding)

    ----------------------------------------------------------------------

      Code (inc. data)   RO Data    RW Data    ZI Data      Debug   Library Member Name

         0          0          0          0          0          0   entry.o
         0          0          0          0          0          0   entry10a.o
         0          0          0          0          0          0   entry11a.o
         4          0          0          0          0          0   entry12b.o
         8          4          0          0          0          0   entry2.o
         4          0          0          0          0          0   entry5.o
         0          0          0          0          0          0   entry7b.o
         0          0          0          0          0          0   entry8b.o
         8          4          0          0          0          0   entry9a.o
        30          0          0          0          0          0   handlers.o
        36          8          0          0          0         68   init.o
         0          0          0          0          0          0   iusefp.o
        30          0          0          0          0         68   llshl.o
        32          0          0          0          0         68   llushr.o
       372         14          0          0          0        184   printf1.o
         0          0          0          4          0          0   stdout.o
        14          0          0          0          0         68   strlen.o
        44          0          0          0          0         80   uidiv.o
        98          0          0          0          0         92   uldiv.o
       124          0          0          0          0         88   fdiv.o
       110          0          0          0          0        168   fepilogue.o
        50          0          0          0          0         68   ffixi.o
        18          0          0          0          0         68   fflti.o
       100          0          0          0          0         76   fmul.o

    ----------------------------------------------------------------------
      1084         30          0          4          0       1096   Library Totals
         2          0          0          0          0          0   (incl. Padding)

    ----------------------------------------------------------------------

      Code (inc. data)   RO Data    RW Data    ZI Data      Debug   Library Name

       680         30          0          4          0        628   mc_w.l
       402          0          0          0          0        468   mf_w.l

    ----------------------------------------------------------------------
      1084         30          0          4          0       1096   Library Totals

    ----------------------------------------------------------------------

==============================================================================


      Code (inc. data)   RO Data    RW Data    ZI Data      Debug   

     16818       1084      13130         88       2480     268198   Grand Totals
     16818       1084      13130         88       2480     268198   ELF Image Totals
     16818       1084      13130         88          0          0   ROM Totals

==============================================================================

    Total RO  Size (Code + RO Data)                29948 (  29.25kB)
    Total RW  Size (RW Data + ZI Data)              2568 (   2.51kB)
    Total ROM Size (Code + RO Data + RW Data)      30036 (  29.33kB)

==============================================================================

