Component: ARM Compiler 5.06 update 7 (build 960) Tool: armlink [4d3601]

==============================================================================

Section Cross References

    main.o(i.Main_Init) refers to at32f415_clock.o(i.system_clock_config) for system_clock_config
    main.o(i.Main_Init) refers to at32f415_misc.o(i.nvic_priority_group_config) for nvic_priority_group_config
    main.o(i.Main_Init) refers to mode.o(i.Mode_Index) for Mode_Index
    main.o(i.Main_Init) refers to api.o(i.API_Index) for API_Index
    main.o(i.Main_Init) refers to mode_motor_byj.o(i.Motor_BYJ_Init) for Motor_BYJ_Init
    main.o(i.Main_Init) refers to mode_motor_byj.o(i.Motor_BYJ_Drive) for Motor_BYJ_Drive
    main.o(i.Main_Init) refers to mode.o(.bss) for Mode_Init
    main.o(i.main) refers to main.o(i.Main_Init) for Main_Init
    base_adc.o(i.ADC_Conversion_Vol) refers to fflti.o(.text) for __aeabi_i2f
    base_exist_gpio.o(i.KEY_GPIO_Init) refers to at32f415_gpio.o(i.gpio_default_para_init) for gpio_default_para_init
    base_exist_gpio.o(i.KEY_GPIO_Init) refers to at32f415_crm.o(i.crm_periph_clock_enable) for crm_periph_clock_enable
    base_exist_gpio.o(i.KEY_GPIO_Init) refers to at32f415_gpio.o(i.gpio_init) for gpio_init
    base_exist_gpio.o(i.LCD_GPIO_Init) refers to at32f415_gpio.o(i.gpio_default_para_init) for gpio_default_para_init
    base_exist_gpio.o(i.LCD_GPIO_Init) refers to at32f415_crm.o(i.crm_periph_clock_enable) for crm_periph_clock_enable
    base_exist_gpio.o(i.LCD_GPIO_Init) refers to at32f415_gpio.o(i.gpio_init) for gpio_init
    base_exist_gpio.o(i.STEP_Motor) refers to at32f415_gpio.o(i.gpio_default_para_init) for gpio_default_para_init
    base_exist_gpio.o(i.STEP_Motor) refers to at32f415_crm.o(i.crm_periph_clock_enable) for crm_periph_clock_enable
    base_exist_gpio.o(i.STEP_Motor) refers to at32f415_gpio.o(i.gpio_init) for gpio_init
    base_exist_gpio.o(i.User_GPIO_Init) refers to at32f415_gpio.o(i.gpio_default_para_init) for gpio_default_para_init
    base_spi.o(i.SPI1_DMA_Config) refers to at32f415_dma.o(i.dma_default_para_init) for dma_default_para_init
    base_spi.o(i.SPI1_DMA_Config) refers to at32f415_dma.o(i.dma_init) for dma_init
    base_spi.o(i.SPI1_GPIO_Init) refers to at32f415_gpio.o(i.gpio_default_para_init) for gpio_default_para_init
    base_spi.o(i.SPI1_GPIO_Init) refers to at32f415_crm.o(i.crm_periph_clock_enable) for crm_periph_clock_enable
    base_spi.o(i.SPI1_GPIO_Init) refers to at32f415_gpio.o(i.gpio_init) for gpio_init
    base_spi.o(i.SPI1_IRQHandler) refers to at32f415_spi.o(i.spi_i2s_flag_get) for spi_i2s_flag_get
    base_spi.o(i.SPI1_IRQHandler) refers to at32f415_spi.o(i.spi_i2s_interrupt_enable) for spi_i2s_interrupt_enable
    base_spi.o(i.SPI1_IRQHandler) refers to base_spi.o(i.SPI_CS_Set) for SPI_CS_Set
    base_spi.o(i.SPI1_IRQHandler) refers to base_spi.o(.data) for SPI_complete_flag
    base_spi.o(i.SPI2_DMA_Config) refers to at32f415_dma.o(i.dma_default_para_init) for dma_default_para_init
    base_spi.o(i.SPI2_DMA_Config) refers to at32f415_dma.o(i.dma_init) for dma_init
    base_spi.o(i.SPI2_GPIO_Init) refers to at32f415_gpio.o(i.gpio_default_para_init) for gpio_default_para_init
    base_spi.o(i.SPI2_GPIO_Init) refers to at32f415_crm.o(i.crm_periph_clock_enable) for crm_periph_clock_enable
    base_spi.o(i.SPI2_GPIO_Init) refers to at32f415_gpio.o(i.gpio_init) for gpio_init
    base_spi.o(i.SPI2_IRQHandler) refers to at32f415_spi.o(i.spi_i2s_flag_get) for spi_i2s_flag_get
    base_spi.o(i.SPI_Delay) refers to system_at32f415.o(.data) for system_core_clock
    base_spi.o(i.SPI_SET_Addr_ReadData) refers to base_spi.o(i.SPI_CS_Set) for SPI_CS_Set
    base_spi.o(i.SPI_SET_Addr_ReadData) refers to base_spi.o(i.SPI_Delay) for SPI_Delay
    base_spi.o(i.SPI_SET_Addr_ReadData) refers to base_spi.o(i.SPI_Send_DATA) for SPI_Send_DATA
    base_spi.o(i.SPI_SET_Addr_ReadData) refers to at32f415_spi.o(i.spi_i2s_data_receive) for spi_i2s_data_receive
    base_spi.o(i.SPI_SET_Addr_ReadData) refers to at32f415_spi.o(i.spi_i2s_flag_get) for spi_i2s_flag_get
    base_spi.o(i.SPI_SET_Addr_SendData) refers to base_spi.o(i.SPI_CS_Set) for SPI_CS_Set
    base_spi.o(i.SPI_SET_Addr_SendData) refers to base_spi.o(i.SPI_Delay) for SPI_Delay
    base_spi.o(i.SPI_SET_Addr_SendData) refers to base_spi.o(i.SPI_Send_DATA) for SPI_Send_DATA
    base_spi.o(i.SPI_Send_DATA) refers to at32f415_spi.o(i.spi_i2s_flag_get) for spi_i2s_flag_get
    base_spi.o(i.SPI_Send_DATA) refers to at32f415_spi.o(i.spi_i2s_data_transmit) for spi_i2s_data_transmit
    base_spi.o(i.SPI_Send_DATA) refers to base_spi.o(.data) for Temp_SPI
    base_spi.o(i.SPI_Send_String) refers to base_spi.o(i.SPI_CS_Set) for SPI_CS_Set
    base_spi.o(i.SPI_Send_String) refers to base_spi.o(i.SPI_Send_DATA) for SPI_Send_DATA
    base_spi.o(i.SPI_Send_String) refers to at32f415_spi.o(i.spi_i2s_interrupt_enable) for spi_i2s_interrupt_enable
    base_spi.o(i.SPI_Send_String) refers to base_spi.o(.data) for Temp_SPI
[...]
    i.crm_periph_reset                       0x080025f4   Section        0  at32f415_crm.o(i.crm_periph_reset)
    i.crm_pll_config                         0x08002638   Section        0  at32f415_crm.o(i.crm_pll_config)
    i.crm_reset                              0x08002740   Section        0  at32f415_crm.o(i.crm_reset)
    i.crm_sysclk_switch                      0x080027a4   Section        0  at32f415_crm.o(i.crm_sysclk_switch)
    i.crm_sysclk_switch_status_get           0x080027b8   Section        0  at32f415_crm.o(i.crm_sysclk_switch_status_get)
    i.crm_usb_clock_div_set                  0x080027c8   Section        0  at32f415_crm.o(i.crm_usb_clock_div_set)
    i.crm_usb_clock_source_select            0x080027e8   Section        0  at32f415_crm.o(i.crm_usb_clock_source_select)
    i.exint_default_para_init                0x08002808   Section        0  at32f415_exint.o(i.exint_default_para_init)
    i.exint_flag_clear                       0x08002818   Section        0  at32f415_exint.o(i.exint_flag_clear)
    i.exint_init                             0x08002824   Section        0  at32f415_exint.o(i.exint_init)
    i.get_device_config_string               0x080028bc   Section        0  cdc_keyboard_desc.o(i.get_device_config_string)
    get_device_config_string                 0x080028bd   Thumb Code    22  cdc_keyboard_desc.o(i.get_device_config_string)
    i.get_device_configuration               0x08002900   Section        0  cdc_keyboard_desc.o(i.get_device_configuration)
    get_device_configuration                 0x08002901   Thumb Code     4  cdc_keyboard_desc.o(i.get_device_configuration)
    i.get_device_descriptor                  0x08002908   Section        0  cdc_keyboard_desc.o(i.get_device_descriptor)
    get_device_descriptor                    0x08002909   Thumb Code     4  cdc_keyboard_desc.o(i.get_device_descriptor)
    i.get_device_interface_string            0x08002910   Section        0  cdc_keyboard_desc.o(i.get_device_interface_string)
    get_device_interface_string              0x08002911   Thumb Code    22  cdc_keyboard_desc.o(i.get_device_interface_string)
    i.get_device_lang_id                     0x08002940   Section        0  cdc_keyboard_desc.o(i.get_device_lang_id)
    get_device_lang_id                       0x08002941   Thumb Code     4  cdc_keyboard_desc.o(i.get_device_lang_id)
    i.get_device_manufacturer_string         0x08002948   Section        0  cdc_keyboard_desc.o(i.get_device_manufacturer_string)
    get_device_manufacturer_string           0x08002949   Thumb Code    22  cdc_keyboard_desc.o(i.get_device_manufacturer_string)
    i.get_device_other_speed                 0x08002970   Section        0  cdc_keyboard_desc.o(i.get_device_other_speed)
    get_device_other_speed                   0x08002971   Thumb Code     4  cdc_keyboard_desc.o(i.get_device_other_speed)
    i.get_device_product_string              0x08002974   Section        0  cdc_keyboard_desc.o(i.get_device_product_string)
    get_device_product_string                0x08002975   Thumb Code    22  cdc_keyboard_desc.o(i.get_device_product_string)
    i.get_device_qualifier                   0x080029a8   Section        0  cdc_keyboard_desc.o(i.get_device_qualifier)
    get_device_qualifier                     0x080029a9   Thumb Code     4  cdc_keyboard_desc.o(i.get_device_qualifier)
    i.get_device_serial_string               0x080029ac   Section        0  cdc_keyboard_desc.o(i.get_device_serial_string)
    get_device_serial_string                 0x080029ad   Thumb Code    10  cdc_keyboard_desc.o(i.get_device_serial_string)
    i.get_serial_num                         0x080029bc   Section        0  cdc_keyboard_desc.o(i.get_serial_num)
    get_serial_num                           0x080029bd   Thumb Code    42  cdc_keyboard_desc.o(i.get_serial_num)
    i.gpio_default_para_init                 0x080029f0   Section        0  at32f415_gpio.o(i.gpio_default_para_init)
    i.gpio_init                              0x08002a06   Section        0  at32f415_gpio.o(i.gpio_init)
    i.gpio_input_data_bit_read               0x08002aae   Section        0  at32f415_gpio.o(i.gpio_input_data_bit_read)
    i.gpio_pin_remap_config                  0x08002ac0   Section        0  at32f415_gpio.o(i.gpio_pin_remap_config)
    i.keyboard_class_setup_handler           0x08002b0c   Section        0  cdc_keyboard_class.o(i.keyboard_class_setup_handler)
    keyboard_class_setup_handler             0x08002b0d   Thumb Code   230  cdc_keyboard_class.o(i.keyboard_class_setup_handler)
    i.main                                   0x08002bfc   Section        0  main.o(i.main)
    i.nvic_irq_enable                        0x08002c00   Section        0  at32f415_misc.o(i.nvic_irq_enable)
    i.nvic_priority_group_config             0x08002cc8   Section        0  at32f415_misc.o(i.nvic_priority_group_config)
    i.spi_default_para_init                  0x08002cf0   Section        0  at32f415_spi.o(i.spi_default_para_init)
    i.spi_enable                             0x08002d06   Section        0  at32f415_spi.o(i.spi_enable)
    i.spi_i2s_data_transmit                  0x08002d10   Section        0  at32f415_spi.o(i.spi_i2s_data_transmit)
    i.spi_i2s_flag_get                       0x08002d14   Section        0  at32f415_spi.o(i.spi_i2s_flag_get)
    i.spi_i2s_interrupt_enable               0x08002d24   Section        0  at32f415_spi.o(i.spi_i2s_interrupt_enable)
    i.spi_i2s_reset                          0x08002d38   Section        0  at32f415_spi.o(i.spi_i2s_reset)
    i.spi_init                               0x08002d78   Section        0  at32f415_spi.o(i.spi_init)
    i.system_clock_config                    0x08002e9c   Section        0  at32f415_clock.o(i.system_clock_config)
    i.system_clock_hext_config               0x08002ea4   Section        0  at32f415_clock.o(i.system_clock_hext_config)
    i.system_core_clock_update               0x08002f28   Section        0  system_at32f415.o(i.system_core_clock_update)
    i.systick_clock_source_config            0x0800307c   Section        0  at32f415_misc.o(i.systick_clock_source_config)
    i.usart_data_receive                     0x080030a4   Section        0  at32f415_usart.o(i.usart_data_receive)
    i.usart_data_transmit                    0x080030ac   Section        0  at32f415_usart.o(i.usart_data_transmit)
    i.usart_enable                           0x080030b4   Section        0  at32f415_usart.o(i.usart_enable)
    i.usart_flag_clear                       0x080030be   Section        0  at32f415_usart.o(i.usart_flag_clear)
    i.usart_flag_get                         0x080030d0   Section        0  at32f415_usart.o(i.usart_flag_get)
    i.usart_init                             0x080030e0   Section        0  at32f415_usart.o(i.usart_init)
    i.usart_interrupt_enable                 0x0800314c   Section        0  at32f415_usart.o(i.usart_interrupt_enable)
    i.usart_parity_selection_config          0x08003182   Section        0  at32f415_usart.o(i.usart_parity_selection_config)
    i.usart_receiver_enable                  0x080031ce   Section        0  at32f415_usart.o(i.usart_receiver_enable)
    i.usart_reset                            0x080031d8   Section        0  at32f415_usart.o(i.usart_reset)
    i.usart_transmitter_enable               0x0800326c   Section        0  at32f415_usart.o(i.usart_transmitter_enable)
    i.usb_clock48m_select                    0x08003278   Section        0  usb_user.o(i.usb_clock48m_select)
    usb_clock48m_select                      0x08003279   Thumb Code    96  usb_user.o(i.usb_clock48m_select)
    i.usb_connect                            0x080032e8   Section        0  at32f415_usb.o(i.usb_connect)
    i.usb_core_config                        0x080032fa   Section        0  usb_core.o(i.usb_core_config)
    i.usb_delay_ms                           0x0800333c   Section        0  usbd_core.o(i.usb_delay_ms)
    i.usb_disconnect                         0x08003348   Section        0  at32f415_usb.o(i.usb_disconnect)
    i.usb_ept0_setup                         0x0800335c   Section        0  at32f415_usb.o(i.usb_ept0_setup)
    i.usb_ept0_start                         0x0800337e   Section        0  at32f415_usb.o(i.usb_ept0_start)
    i.usb_ept_clear_stall                    0x080033aa   Section        0  at32f415_usb.o(i.usb_ept_clear_stall)
    i.usb_ept_close                          0x0800343c   Section        0  at32f415_usb.o(i.usb_ept_close)
    i.usb_ept_default_init                   0x080034a0   Section        0  usbd_core.o(i.usb_ept_default_init)
    i.usb_ept_in_clear                       0x0800359a   Section        0  at32f415_usb.o(i.usb_ept_in_clear)
    i.usb_ept_in_interrupt                   0x080035a6   Section        0  at32f415_usb.o(i.usb_ept_in_interrupt)
    i.usb_ept_open                           0x080035d2   Section        0  at32f415_usb.o(i.usb_ept_open)
    i.usb_ept_out_clear                      0x08003772   Section        0  at32f415_usb.o(i.usb_ept_out_clear)
    i.usb_ept_out_interrupt                  0x0800377e   Section        0  at32f415_usb.o(i.usb_ept_out_interrupt)
    i.usb_ept_stall                          0x08003794   Section        0  at32f415_usb.o(i.usb_ept_stall)
    i.usb_flush_rx_fifo                      0x08003828   Section        0  at32f415_usb.o(i.usb_flush_rx_fifo)
    i.usb_flush_tx_fifo                      0x08003854   Section        0  at32f415_usb.o(i.usb_flush_tx_fifo)
    i.usb_get_all_in_interrupt               0x0800388c   Section        0  at32f415_usb.o(i.usb_get_all_in_interrupt)
    i.usb_get_all_out_interrupt              0x0800389e   Section        0  at32f415_usb.o(i.usb_get_all_out_interrupt)
    i.usb_global_clear_interrupt             0x080038b0   Section        0  at32f415_usb.o(i.usb_global_clear_interrupt)
    i.usb_global_get_all_interrupt           0x080038b4   Section        0  at32f415_usb.o(i.usb_global_get_all_interrupt)
    i.usb_global_init                        0x080038be   Section        0  at32f415_usb.o(i.usb_global_init)
    i.usb_global_interrupt_enable            0x080038ee   Section        0  at32f415_usb.o(i.usb_global_interrupt_enable)
    i.usb_global_reset                       0x08003904   Section        0  at32f415_usb.o(i.usb_global_reset)
    i.usb_global_select_core                 0x08003950   Section        0  at32f415_usb.o(i.usb_global_select_core)
    i.usb_global_set_mode                    0x08003958   Section        0  at32f415_usb.o(i.usb_global_set_mode)
    i.usb_gpio_config                        0x0800399c   Section        0  usb_user.o(i.usb_gpio_config)
    usb_gpio_config                          0x0800399d   Thumb Code    76  usb_user.o(i.usb_gpio_config)
    i.usb_interrupt_disable                  0x080039f0   Section        0  at32f415_usb.o(i.usb_interrupt_disable)
    i.usb_interrupt_enable                   0x080039fa   Section        0  at32f415_usb.o(i.usb_interrupt_enable)
    i.usb_low_power_wakeup_config            0x08003a06   Section        0  usb_user.o(i.usb_low_power_wakeup_config)
    usb_low_power_wakeup_config              0x08003a07   Thumb Code    50  usb_user.o(i.usb_low_power_wakeup_config)
    i.usb_open_phy_clk                       0x08003a38   Section        0  at32f415_usb.o(i.usb_open_phy_clk)
    i.usb_read_packet                        0x08003a46   Section        0  at32f415_usb.o(i.usb_read_packet)
    i.usb_set_address                        0x08003a70   Section        0  at32f415_usb.o(i.usb_set_address)
    i.usb_set_rx_fifo                        0x08003a7e   Section        0  at32f415_usb.o(i.usb_set_rx_fifo)
    i.usb_set_tx_fifo                        0x08003a82   Section        0  at32f415_usb.o(i.usb_set_tx_fifo)
    i.usb_stop_phy_clk                       0x08003ac4   Section        0  at32f415_usb.o(i.usb_stop_phy_clk)
    i.usb_suspend_status_get                 0x08003ad4   Section        0  at32f415_usb.o(i.usb_suspend_status_get)
    i.usb_write_empty_txfifo                 0x08003ae2   Section        0  usbd_int.o(i.usb_write_empty_txfifo)
    i.usb_write_packet                       0x08003b7a   Section        0  at32f415_usb.o(i.usb_write_packet)
    i.usbd_clear_feature                     0x08003baa   Section        0  usbd_sdr.o(i.usbd_clear_feature)
    usbd_clear_feature                       0x08003bab   Thumb Code    84  usbd_sdr.o(i.usbd_clear_feature)
    i.usbd_clear_stall                       0x08003bfe   Section        0  usbd_core.o(i.usbd_clear_stall)
    i.usbd_connect                           0x08003c48   Section        0  usbd_core.o(i.usbd_connect)
    i.usbd_core_in_handler                   0x08003c54   Section        0  usbd_core.o(i.usbd_core_in_handler)
    i.usbd_core_init                         0x08003d18   Section        0  usbd_core.o(i.usbd_core_init)
    i.usbd_core_out_handler                  0x08003e70   Section        0  usbd_core.o(i.usbd_core_out_handler)
    i.usbd_core_setup_handler                0x08003ef0   Section        0  usbd_core.o(i.usbd_core_setup_handler)
    i.usbd_ctrl_recv                         0x08003f44   Section        0  usbd_core.o(i.usbd_ctrl_recv)
    i.usbd_ctrl_recv_status                  0x08003f68   Section        0  usbd_core.o(i.usbd_ctrl_recv_status)
    i.usbd_ctrl_send                         0x08003f80   Section        0  usbd_core.o(i.usbd_ctrl_send)
    i.usbd_ctrl_send_status                  0x08003fa8   Section        0  usbd_core.o(i.usbd_ctrl_send_status)
    i.usbd_ctrl_unsupport                    0x08003fc0   Section        0  usbd_core.o(i.usbd_ctrl_unsupport)
    i.usbd_device_request                    0x08003fd6   Section        0  usbd_sdr.o(i.usbd_device_request)
    i.usbd_disconnect                        0x08004056   Section        0  usbd_core.o(i.usbd_disconnect)
    i.usbd_endpoint_request                  0x08004062   Section        0  usbd_sdr.o(i.usbd_endpoint_request)
    i.usbd_enter_suspend                     0x080041be   Section        0  usbd_core.o(i.usbd_enter_suspend)
    i.usbd_enumdone_handler                  0x080041d4   Section        0  usbd_int.o(i.usbd_enumdone_handler)
    i.usbd_ept_close                         0x0800421a   Section        0  usbd_core.o(i.usbd_ept_close)
    i.usbd_ept_open                          0x0800425a   Section        0  usbd_core.o(i.usbd_ept_open)
    i.usbd_ept_recv                          0x080042b4   Section        0  usbd_core.o(i.usbd_ept_recv)
    i.usbd_ept_send                          0x080043c8   Section        0  usbd_core.o(i.usbd_ept_send)
    i.usbd_fifo_alloc                        0x080044f2   Section        0  usbd_core.o(i.usbd_fifo_alloc)
    i.usbd_get_configuration                 0x08004530   Section        0  usbd_sdr.o(i.usbd_get_configuration)
    usbd_get_configuration                   0x08004531   Thumb Code    86  usbd_sdr.o(i.usbd_get_configuration)
    i.usbd_get_descriptor                    0x08004586   Section        0  usbd_sdr.o(i.usbd_get_descriptor)
    usbd_get_descriptor                      0x08004587   Thumb Code   242  usbd_sdr.o(i.usbd_get_descriptor)
    i.usbd_get_recv_len                      0x08004678   Section        0  usbd_core.o(i.usbd_get_recv_len)
    i.usbd_get_status                        0x08004694   Section        0  usbd_sdr.o(i.usbd_get_status)
    usbd_get_status                          0x08004695   Thumb Code    68  usbd_sdr.o(i.usbd_get_status)
    i.usbd_incomisioin_handler               0x080046d8   Section        0  usbd_int.o(i.usbd_incomisioin_handler)
    i.usbd_incomisoout_handler               0x080046ee   Section        0  usbd_int.o(i.usbd_incomisoout_handler)
    i.usbd_inept_handler                     0x08004704   Section        0  usbd_int.o(i.usbd_inept_handler)
    i.usbd_init                              0x080047b0   Section        0  usb_core.o(i.usbd_init)
    i.usbd_int_to_unicode                    0x08004818   Section        0  cdc_keyboard_desc.o(i.usbd_int_to_unicode)
    usbd_int_to_unicode                      0x08004819   Thumb Code    62  cdc_keyboard_desc.o(i.usbd_int_to_unicode)
    i.usbd_interface_request                 0x08004856   Section        0  usbd_sdr.o(i.usbd_interface_request)
    i.usbd_irq_handler                       0x0800488e   Section        0  usbd_int.o(i.usbd_irq_handler)
    i.usbd_outept_handler                    0x08004978   Section        0  usbd_int.o(i.usbd_outept_handler)
    i.usbd_reset_handler                     0x08004a0a   Section        0  usbd_int.o(i.usbd_reset_handler)
    i.usbd_rxflvl_handler                    0x08004abe   Section        0  usbd_int.o(i.usbd_rxflvl_handler)
    i.usbd_set_address                       0x08004b40   Section        0  usbd_sdr.o(i.usbd_set_address)
    usbd_set_address                         0x08004b41   Thumb Code    82  usbd_sdr.o(i.usbd_set_address)
    i.usbd_set_configuration                 0x08004b94   Section        0  usbd_sdr.o(i.usbd_set_configuration)
    usbd_set_configuration                   0x08004b95   Thumb Code   194  usbd_sdr.o(i.usbd_set_configuration)
    i.usbd_set_feature                       0x08004c5c   Section        0  usbd_sdr.o(i.usbd_set_feature)
    usbd_set_feature                         0x08004c5d   Thumb Code    42  usbd_sdr.o(i.usbd_set_feature)
    i.usbd_set_stall                         0x08004c86   Section        0  usbd_core.o(i.usbd_set_stall)
    i.usbd_setup_request_parse               0x08004cd0   Section        0  usbd_sdr.o(i.usbd_setup_request_parse)
    i.usbd_sof_handler                       0x08004cf8   Section        0  usbd_int.o(i.usbd_sof_handler)
    i.usbd_suspend_handler                   0x08004d0c   Section        0  usbd_int.o(i.usbd_suspend_handler)
    i.usbd_unicode_convert                   0x08004d44   Section        0  cdc_keyboard_desc.o(i.usbd_unicode_convert)
    usbd_unicode_convert                     0x08004d45   Thumb Code    60  cdc_keyboard_desc.o(i.usbd_unicode_convert)
    i.usbd_wakeup_handler                    0x08004d80   Section        0  usbd_int.o(i.usbd_wakeup_handler)
    .constdata                               0x08004db6   Section    12160  lcd.o(.constdata)
    .constdata                               0x08007d36   Section      512  check_crc16.o(.constdata)
    CRC_CCITT_table                          0x08007d36   Data         512  check_crc16.o(.constdata)
    .constdata                               0x08007f36   Section       16  system_at32f415.o(.constdata)
    sys_ahb_div_table                        0x08007f36   Data          16  system_at32f415.o(.constdata)
    .constdata                               0x08007f46   Section       40  at32f415_crm.o(.constdata)
    sclk_ahb_div_table                       0x08007f46   Data          16  at32f415_crm.o(.constdata)
    ahb_apb1_div_table                       0x08007f56   Data           8  at32f415_crm.o(.constdata)
    ahb_apb2_div_table                       0x08007f5e   Data           8  at32f415_crm.o(.constdata)
    adc_div_table                            0x08007f66   Data           8  at32f415_crm.o(.constdata)
    .data                                    0x20000000   Section        6  base_spi.o(.data)
    .data                                    0x20000008   Section       20  base_sys_time.o(.data)
    .data                                    0x2000001c   Section        4  base_uart.o(.data)
    Temp                                     0x2000001c   Data           4  base_uart.o(.data)
    .data                                    0x20000020   Section        1  usbd_sdr.o(.data)
    config_value                             0x20000020   Data           1  usbd_sdr.o(.data)
    .data                                    0x20000024   Section       49  cdc_keyboard_class.o(.data)
    temp                                     0x2000004c   Data           1  cdc_keyboard_class.o(.data)
    keyboard_buf                             0x2000004d   Data           8  cdc_keyboard_class.o(.data)
    .data                                    0x20000058   Section      324  cdc_keyboard_desc.o(.data)
    g_usbd_descriptor                        0x20000080   Data          18  cdc_keyboard_desc.o(.data)
    g_usbd_configuration                     0x20000094   Data          82  cdc_keyboard_desc.o(.data)
    g_string_lang_id                         0x20000154   Data           4  cdc_keyboard_desc.o(.data)
    g_string_serial                          0x20000158   Data          26  cdc_keyboard_desc.o(.data)
    device_descriptor                        0x20000174   Data           8  cdc_keyboard_desc.o(.data)
    config_descriptor                        0x2000017c   Data           8  cdc_keyboard_desc.o(.data)
    langid_descriptor                        0x20000184   Data           8  cdc_keyboard_desc.o(.data)
    serial_descriptor                        0x2000018c   Data           8  cdc_keyboard_desc.o(.data)
    vp_desc                                  0x20000194   Data           8  cdc_keyboard_desc.o(.data)
    .data                                    0x2000019c   Section        3  lcd.o(.data)
    .data                                    0x200001a0   Section       32  mode_time.o(.data)
    .data                                    0x200001c0   Section        4  system_at32f415.o(.data)
    .bss                                     0x200001c4   Section      168  cdc_keyboard_class.o(.bss)
    .bss                                     0x2000026c   Section      256  cdc_keyboard_desc.o(.bss)
    g_usbd_desc_buffer                       0x2000026c   Data         256  cdc_keyboard_desc.o(.bss)
    .bss                                     0x2000036c   Section      420  usb_user.o(.bss)
    .bss                                     0x20000510   Section      100  mode.o(.bss)
    .bss                                     0x20000574   Section      920  mode_uart.o(.bss)
    .bss                                     0x2000090c   Section       20  api.o(.bss)
    STACK                                    0x20000920   Section     1024  startup_at32f415.o(STACK)

    Global Symbols

    Symbol Name                              Value     Ov Type        Size  Object(Section)

    BuildAttributes$$THM_ISAv4$E$P$D$K$B$S$7EM$PE$A:L22UL41UL21$X:L11$S22US41US21$IEEE1$IW$USESV6$~STKCKD$USESV7$~SHL$OTIME$ROPI$IEEEJ$EBA8$MICROLIB$REQ8$PRES8$EABIv2 0x00000000   Number         0  anon$$obj.o ABSOLUTE
    __ARM_use_no_argv                        0x00000000   Number         0  main.o ABSOLUTE
    __arm_fini_                               - Undefined Weak Reference
    __cpp_initialize__aeabi_                  - Undefined Weak Reference
    __cxa_finalize                            - Undefined Weak Reference
    _clock_init                               - Undefined Weak Reference
    _microlib_exit                            - Undefined Weak Reference
    __Vectors_Size                           0x00000170   Number         0  startup_at32f415.o ABSOLUTE
    __Vectors                                0x08000000   Data           4  startup_at32f415.o(RESET)
    __Vectors_End                            0x08000170   Data           0  startup_at32f415.o(RESET)
    __main                                   0x08000171   Thumb Code     0  entry.o(.ARM.Collect$$$$00000000)
    _main_stk                                0x08000171   Thumb Code     0  entry2.o(.ARM.Collect$$$$00000001)
    _main_scatterload                        0x08000175   Thumb Code     0  entry5.o(.ARM.Collect$$$$00000004)
    __main_after_scatterload                 0x08000179   Thumb Code     0  entry5.o(.ARM.Collect$$$$00000004)
    _main_clock                              0x08000179   Thumb Code     0  entry7b.o(.ARM.Collect$$$$00000008)
    _main_cpp_init                           0x08000179   Thumb Code     0  entry8b.o(.ARM.Collect$$$$0000000A)
    _main_init                               0x08000179   Thumb Code     0  entry9a.o(.ARM.Collect$$$$0000000B)
    __rt_lib_shutdown_fini                   0x08000181   Thumb Code     0  entry12b.o(.ARM.Collect$$$$0000000E)
    __rt_final_cpp                           0x08000185   Thumb Code     0  entry10a.o(.ARM.Collect$$$$0000000F)
    __rt_final_exit                          0x08000185   Thumb Code     0  entry11a.o(.ARM.Collect$$$$00000011)
    Reset_Handler                            0x08000189   Thumb Code     8  startup_at32f415.o(.text)
    ADC1_IRQHandler                          0x080001a3   Thumb Code     0  startup_at32f415.o(.text)
    CAN1_RX0_IRQHandler                      0x080001a3   Thumb Code     0  startup_at32f415.o(.text)
    CAN1_RX1_IRQHandler                      0x080001a3   Thumb Code     0  startup_at32f415.o(.text)
    CAN1_SE_IRQHandler                       0x080001a3   Thumb Code     0  startup_at32f415.o(.text)
    CAN1_TX_IRQHandler                       0x080001a3   Thumb Code     0  startup_at32f415.o(.text)
    CMP1_IRQHandler                          0x080001a3   Thumb Code     0  startup_at32f415.o(.text)
    CMP2_IRQHandler                          0x080001a3   Thumb Code     0  startup_at32f415.o(.text)
    CRM_IRQHandler                           0x080001a3   Thumb Code     0  startup_at32f415.o(.text)
    DMA1_Channel1_IRQHandler                 0x080001a3   Thumb Code     0  startup_at32f415.o(.text)
    DMA1_Channel2_IRQHandler                 0x080001a3   Thumb Code     0  startup_at32f415.o(.text)
    DMA1_Channel3_IRQHandler                 0x080001a3   Thumb Code     0  startup_at32f415.o(.text)
    DMA1_Channel4_IRQHandler                 0x080001a3   Thumb Code     0  startup_at32f415.o(.text)
    DMA1_Channel5_IRQHandler                 0x080001a3   Thumb Code     0  startup_at32f415.o(.text)
    DMA1_Channel6_IRQHandler                 0x080001a3   Thumb Code     0  startup_at32f415.o(.text)
    DMA1_Channel7_IRQHandler                 0x080001a3   Thumb Code     0  startup_at32f415.o(.text)
    DMA2_Channel1_IRQHandler                 0x080001a3   Thumb Code     0  startup_at32f415.o(.text)
    DMA2_Channel2_IRQHandler                 0x080001a3   Thumb Code     0  startup_at32f415.o(.text)
    DMA2_Channel3_IRQHandler                 0x080001a3   Thumb Code     0  startup_at32f415.o(.text)
    DMA2_Channel4_5_IRQHandler               0x080001a3   Thumb Code     0  startup_at32f415.o(.text)
    DMA2_Channel6_7_IRQHandler               0x080001a3   Thumb Code     0  startup_at32f415.o(.text)
    ERTCAlarm_IRQHandler                     0x080001a3   Thumb Code     0  startup_at32f415.o(.text)
    ERTC_WKUP_IRQHandler                     0x080001a3   Thumb Code     0  startup_at32f415.o(.text)
    EXINT0_IRQHandler                        0x080001a3   Thumb Code     0  startup_at32f415.o(.text)
    EXINT15_10_IRQHandler                    0x080001a3   Thumb Code     0  startup_at32f415.o(.text)
    EXINT1_IRQHandler                        0x080001a3   Thumb Code     0  startup_at32f415.o(.text)
    EXINT2_IRQHandler                        0x080001a3   Thumb Code     0  startup_at32f415.o(.text)
    EXINT3_IRQHandler                        0x080001a3   Thumb Code     0  startup_at32f415.o(.text)
    EXINT4_IRQHandler                        0x080001a3   Thumb Code     0  startup_at32f415.o(.text)
    EXINT9_5_IRQHandler                      0x080001a3   Thumb Code     0  startup_at32f415.o(.text)
    FLASH_IRQHandler                         0x080001a3   Thumb Code     0  startup_at32f415.o(.text)
    I2C1_ERR_IRQHandler                      0x080001a3   Thumb Code     0  startup_at32f415.o(.text)
    I2C1_EVT_IRQHandler                      0x080001a3   Thumb Code     0  startup_at32f415.o(.text)
    I2C2_ERR_IRQHandler                      0x080001a3   Thumb Code     0  startup_at32f415.o(.text)
    I2C2_EVT_IRQHandler                      0x080001a3   Thumb Code     0  startup_at32f415.o(.text)
    PVM_IRQHandler                           0x080001a3   Thumb Code     0  startup_at32f415.o(.text)
    SDIO1_IRQHandler                         0x080001a3   Thumb Code     0  startup_at32f415.o(.text)
    TAMP_STAMP_IRQHandler                    0x080001a3   Thumb Code     0  startup_at32f415.o(.text)
    TMR1_BRK_TMR9_IRQHandler                 0x080001a3   Thumb Code     0  startup_at32f415.o(.text)
    TMR1_CH_IRQHandler                       0x080001a3   Thumb Code     0  startup_at32f415.o(.text)
    TMR1_OVF_TMR10_IRQHandler                0x080001a3   Thumb Code     0  startup_at32f415.o(.text)
    TMR1_TRG_HALL_TMR11_IRQHandler           0x080001a3   Thumb Code     0  startup_at32f415.o(.text)
    TMR2_GLOBAL_IRQHandler                   0x080001a3   Thumb Code     0  startup_at32f415.o(.text)
    TMR3_GLOBAL_IRQHandler                   0x080001a3   Thumb Code     0  startup_at32f415.o(.text)
    TMR4_GLOBAL_IRQHandler                   0x080001a3   Thumb Code     0  startup_at32f415.o(.text)
    TMR5_GLOBAL_IRQHandler                   0x080001a3   Thumb Code     0  startup_at32f415.o(.text)
    UART4_IRQHandler                         0x080001a3   Thumb Code     0  startup_at32f415.o(.text)
    UART5_IRQHandler                         0x080001a3   Thumb Code     0  startup_at32f415.o(.text)
    WWDT_IRQHandler                          0x080001a3   Thumb Code     0  startup_at32f415.o(.text)
    __aeabi_uldivmod                         0x080001ad   Thumb Code    98  uldiv.o(.text)
    strlen                                   0x0800020f   Thumb Code    14  strlen.o(.text)
    __aeabi_fmul                             0x0800021d   Thumb Code   100  fmul.o(.text)
    __aeabi_fdiv                             0x08000281   Thumb Code   124  fdiv.o(.text)
    __aeabi_i2f                              0x080002fd   Thumb Code    18  fflti.o(.text)
    __aeabi_f2iz                             0x0800030f   Thumb Code    50  ffixi.o(.text)
    __aeabi_llsl                             0x08000341   Thumb Code    30  llshl.o(.text)
    _ll_shift_l                              0x08000341   Thumb Code     0  llshl.o(.text)
    __aeabi_llsr                             0x0800035f   Thumb Code    32  llushr.o(.text)
    _ll_ushift_r                             0x0800035f   Thumb Code     0  llushr.o(.text)
    __I$use$fp                               0x0800037f   Thumb Code     0  iusefp.o(.text)
    _float_round                             0x0800037f   Thumb Code    18  fepilogue.o(.text)
    _float_epilogue                          0x08000391   Thumb Code    92  fepilogue.o(.text)
    __scatterload                            0x080003ed   Thumb Code    28  init.o(.text)
    __scatterload_rt2                        0x080003ed   Thumb Code     0  init.o(.text)
    __decompress                             0x08000411   Thumb Code     0  __dczerorl2.o(.text)
    __decompress1                            0x08000411   Thumb Code    86  __dczerorl2.o(.text)
    API_Index                                0x08000469   Thumb Code    28  api.o(i.API_Index)
    BusFault_Handler                         0x0800049d   Thumb Code     4  at32f415_int.o(i.BusFault_Handler)
    CRC16_CCITT_CalateByte                   0x080004a1   Thumb Code    20  check_crc16.o(i.CRC16_CCITT_CalateByte)
    CRC16_CCITT_CalculateBuf                 0x080004b9   Thumb Code    36  check_crc16.o(i.CRC16_CCITT_CalculateBuf)
    DebugMon_Handler                         0x080004dd   Thumb Code     2  at32f415_int.o(i.DebugMon_Handler)
    Debug_Out                                0x080004df   Thumb Code    14  mode.o(i.Debug_Out)
    Find_Data                                0x080004ed   Thumb Code    28  data_handle.o(i.Find_Data)
    GET_SysTick                              0x08000509   Thumb Code    64  base_sys_time.o(i.GET_SysTick)
    Get_Lose_Tiem                            0x08000551   Thumb Code    62  mode_time.o(i.Get_Lose_Tiem)
    Get_TIME                                 0x080005c9   Thumb Code   130  mode_time.o(i.Get_TIME)
    HardFault_Handler                        0x0800065d   Thumb Code     4  at32f415_int.o(i.HardFault_Handler)
    Hourly_to_Seconds                        0x08000661   Thumb Code    50  time_handle.o(i.Hourly_to_Seconds)
    KEY_GPIO_Init                            0x08000699   Thumb Code    86  base_exist_gpio.o(i.KEY_GPIO_Init)
    KEY_Init                                 0x080006f9   Thumb Code    36  key.o(i.KEY_Init)
    KEY_State                                0x0800071d   Thumb Code    38  key.o(i.KEY_State)
    LCD_Address_Set                          0x08000749   Thumb Code   228  lcd.o(i.LCD_Address_Set)
    LCD_Draw_Circle                          0x08000849   Thumb Code   158  lcd.o(i.LCD_Draw_Circle)
    LCD_Draw_Line                            0x080008e7   Thumb Code   172  lcd.o(i.LCD_Draw_Line)
    LCD_Draw_Point                           0x08000993   Thumb Code    28  lcd.o(i.LCD_Draw_Point)
    LCD_Draw_Rectangle                       0x080009af   Thumb Code    74  lcd.o(i.LCD_Draw_Rectangle)
    LCD_Fill                                 0x080009f9   Thumb Code    62  lcd.o(i.LCD_Fill)
    LCD_GPIO_Init                            0x08000a39   Thumb Code    88  base_exist_gpio.o(i.LCD_GPIO_Init)
    LCD_Init                                 0x08000a99   Thumb Code   470  lcd.o(i.LCD_Init)
    LCD_Show_Char                            0x08000c79   Thumb Code   304  lcd.o(i.LCD_Show_Char)
    LCD_Show_Chinese                         0x08000db5   Thumb Code    88  lcd.o(i.LCD_Show_Chinese)
    LCD_Show_Chinese24x24                    0x08000e0d   Thumb Code     8  lcd.o(i.LCD_Show_Chinese24x24)
    LCD_Show_Chinese32x32                    0x08000e15   Thumb Code     8  lcd.o(i.LCD_Show_Chinese32x32)
    LCD_Show_Picture                         0x08000e1d   Thumb Code   102  lcd.o(i.LCD_Show_Picture)
    LCD_Show_String                          0x08000e83   Thumb Code   112  lcd.o(i.LCD_Show_String)
    LCD_WR_CMD                               0x08000ef5   Thumb Code    46  lcd.o(i.LCD_WR_CMD)
    LCD_WR_DATA                              0x08000f29   Thumb Code    34  lcd.o(i.LCD_WR_DATA)
    LCD_WR_DATA8                             0x08000f4b   Thumb Code    28  lcd.o(i.LCD_WR_DATA8)
    LCD_Writ_Bus                             0x08000f67   Thumb Code    12  lcd.o(i.LCD_Writ_Bus)
    Main_Init                                0x08000f75   Thumb Code    92  main.o(i.Main_Init)
    MemManage_Handler                        0x08000fd5   Thumb Code     4  at32f415_int.o(i.MemManage_Handler)
    Mode_Index                               0x08000fd9   Thumb Code    30  mode.o(i.Mode_Index)
    Motor_BYJ_Angle                          0x080010c1   Thumb Code   122  mode_motor_byj.o(i.Motor_BYJ_Angle)
    Motor_BYJ_Drive                          0x08001141   Thumb Code   204  mode_motor_byj.o(i.Motor_BYJ_Drive)
    Motor_BYJ_Init                           0x08001211   Thumb Code    32  mode_motor_byj.o(i.Motor_BYJ_Init)
    NMI_Handler                              0x08001257   Thumb Code     2  at32f415_int.o(i.NMI_Handler)
    OTGFS1_IRQHandler                        0x08001259   Thumb Code    10  usb_user.o(i.OTGFS1_IRQHandler)
    OTGFS1_WKUP_IRQHandler                   0x08001269   Thumb Code    12  usb_user.o(i.OTGFS1_WKUP_IRQHandler)
    Over_Time                                0x08001275   Thumb Code   206  time_handle.o(i.Over_Time)
    PendSV_Handler                           0x0800134d   Thumb Code     2  at32f415_int.o(i.PendSV_Handler)
    SET_SysTick                              0x08001351   Thumb Code    58  base_sys_time.o(i.SET_SysTick)
    SPI1_IRQHandler                          0x08001395   Thumb Code    50  base_spi.o(i.SPI1_IRQHandler)
    SPI2_GPIO_Init                           0x080013d1   Thumb Code   146  base_spi.o(i.SPI2_GPIO_Init)
    SPI2_IRQHandler                          0x0800146d   Thumb Code    24  base_spi.o(i.SPI2_IRQHandler)
    SPI_CS_Set                               0x08001489   Thumb Code    54  base_spi.o(i.SPI_CS_Set)
    SPI_Send_DATA                            0x080014c5   Thumb Code    48  base_spi.o(i.SPI_Send_DATA)
    SPI_Start_Init                           0x080014f9   Thumb Code   140  base_spi.o(i.SPI_Start_Init)
    STEP_Motor                               0x0800158d   Thumb Code    84  base_exist_gpio.o(i.STEP_Motor)
    SVC_Handler                              0x080015e9   Thumb Code     2  at32f415_int.o(i.SVC_Handler)
    SYS_Delay_S                              0x080015eb   Thumb Code    24  base_sys_time.o(i.SYS_Delay_S)
    SYS_Delay_ms                             0x08001605   Thumb Code   106  base_sys_time.o(i.SYS_Delay_ms)
    SYS_Delay_us                             0x0800167d   Thumb Code   106  base_sys_time.o(i.SYS_Delay_us)
    Seconds_to_Hourly                        0x080016f5   Thumb Code    78  time_handle.o(i.Seconds_to_Hourly)
    Set_TIME                                 0x08001745   Thumb Code    30  mode_time.o(i.Set_TIME)
    SysTick_Handler                          0x08001769   Thumb Code    12  base_sys_time.o(i.SysTick_Handler)
    Sys_Clock_Init                           0x08001779   Thumb Code    52  mode_time.o(i.Sys_Clock_Init)
    Sys_Time_Init                            0x080017c1   Thumb Code   178  base_sys_time.o(i.Sys_Time_Init)
    SystemInit                               0x08001895   Thumb Code   138  system_at32f415.o(i.SystemInit)
    UART_RXD_Flag                            0x08001931   Thumb Code    74  base_uart.o(i.UART_RXD_Flag)
    UART_RXD_Flag_Clear                      0x08001991   Thumb Code    70  base_uart.o(i.UART_RXD_Flag_Clear)
    UART_RXD_Receive                         0x080019ed   Thumb Code    70  base_uart.o(i.UART_RXD_Receive)
    UART_Send_Data                           0x08001a49   Thumb Code    54  mode_uart.o(i.UART_Send_Data)
    UART_Send_String                         0x08001a7f   Thumb Code    26  mode_uart.o(i.UART_Send_String)
    UART_TXD_Send                            0x08001a99   Thumb Code    88  base_uart.o(i.UART_TXD_Send)
    USART1_IRQHandler                        0x08001b05   Thumb Code    48  mode_uart.o(i.USART1_IRQHandler)
    USART2_IRQHandler                        0x08001b39   Thumb Code    48  mode_uart.o(i.USART2_IRQHandler)
    USART3_IRQHandler                        0x08001b6d   Thumb Code    48  mode_uart.o(i.USART3_IRQHandler)
    USB_User_init                            0x08001ba1   Thumb Code    66  usb_user.o(i.USB_User_init)
    Uart1_Init                               0x08001bf5   Thumb Code   198  base_uart.o(i.Uart1_Init)
    Uart2_Init                               0x08001cd1   Thumb Code   192  base_uart.o(i.Uart2_Init)
    Uart3_Init                               0x08001da9   Thumb Code   214  base_uart.o(i.Uart3_Init)
    Uart4_Init                               0x08001e9d   Thumb Code   196  base_uart.o(i.Uart4_Init)
    Uart_Init                                0x08001f79   Thumb Code   104  mode_uart.o(i.Uart_Init)
    UsageFault_Handler                       0x08001ff5   Thumb Code     4  at32f415_int.o(i.UsageFault_Handler)
    __scatterload_copy                       0x08001ff9   Thumb Code    14  handlers.o(i.__scatterload_copy)
    __scatterload_null                       0x08002007   Thumb Code     2  handlers.o(i.__scatterload_null)
    __scatterload_zeroinit                   0x08002009   Thumb Code    14  handlers.o(i.__scatterload_zeroinit)
    crm_ahb_div_set                          0x080022e1   Thumb Code    14  at32f415_crm.o(i.crm_ahb_div_set)
    crm_apb1_div_set                         0x080022f5   Thumb Code    14  at32f415_crm.o(i.crm_apb1_div_set)
    crm_apb2_div_set                         0x08002309   Thumb Code    14  at32f415_crm.o(i.crm_apb2_div_set)
    crm_auto_step_mode_enable                0x0800231d   Thumb Code    34  at32f415_crm.o(i.crm_auto_step_mode_enable)
    crm_clock_source_enable                  0x08002345   Thumb Code    90  at32f415_crm.o(i.crm_clock_source_enable)
    crm_clocks_freq_get                      0x080023a5   Thumb Code   396  at32f415_crm.o(i.crm_clocks_freq_get)
    crm_flag_get                             0x08002551   Thumb Code    42  at32f415_crm.o(i.crm_flag_get)
    crm_hick_divider_select                  0x08002581   Thumb Code    14  at32f415_crm.o(i.crm_hick_divider_select)
    crm_hick_sclk_frequency_select           0x08002595   Thumb Code    24  at32f415_crm.o(i.crm_hick_sclk_frequency_select)
    crm_periph_clock_enable                  0x080025b1   Thumb Code    62  at32f415_crm.o(i.crm_periph_clock_enable)
    crm_periph_reset                         0x080025f5   Thumb Code    62  at32f415_crm.o(i.crm_periph_reset)
    crm_pll_config                           0x08002639   Thumb Code   210  at32f415_crm.o(i.crm_pll_config)
    crm_reset                                0x08002741   Thumb Code    90  at32f415_crm.o(i.crm_reset)
    crm_sysclk_switch                        0x080027a5   Thumb Code    14  at32f415_crm.o(i.crm_sysclk_switch)
    crm_sysclk_switch_status_get             0x080027b9   Thumb Code    10  at32f415_crm.o(i.crm_sysclk_switch_status_get)
    crm_usb_clock_div_set                    0x080027c9   Thumb Code    28  at32f415_crm.o(i.crm_usb_clock_div_set)
    crm_usb_clock_source_select              0x080027e9   Thumb Code    26  at32f415_crm.o(i.crm_usb_clock_source_select)
    exint_default_para_init                  0x08002809   Thumb Code    14  at32f415_exint.o(i.exint_default_para_init)
    exint_flag_clear                         0x08002819   Thumb Code     6  at32f415_exint.o(i.exint_flag_clear)
    exint_init                               0x08002825   Thumb Code   148  at32f415_exint.o(i.exint_init)
    gpio_default_para_init                   0x080029f1   Thumb Code    22  at32f415_gpio.o(i.gpio_default_para_init)
    gpio_init                                0x08002a07   Thumb Code   168  at32f415_gpio.o(i.gpio_init)
    gpio_input_data_bit_read                 0x08002aaf   Thumb Code    18  at32f415_gpio.o(i.gpio_input_data_bit_read)
    gpio_pin_remap_config                    0x08002ac1   Thumb Code    70  at32f415_gpio.o(i.gpio_pin_remap_config)
    main                                     0x08002bfd   Thumb Code     4  main.o(i.main)
    nvic_irq_enable                          0x08002c01   Thumb Code   190  at32f415_misc.o(i.nvic_irq_enable)
    nvic_priority_group_config               0x08002cc9   Thumb Code    32  at32f415_misc.o(i.nvic_priority_group_config)
    spi_default_para_init                    0x08002cf1   Thumb Code    22  at32f415_spi.o(i.spi_default_para_init)
    spi_enable                               0x08002d07   Thumb Code    10  at32f415_spi.o(i.spi_enable)
    spi_i2s_data_transmit                    0x08002d11   Thumb Code     4  at32f415_spi.o(i.spi_i2s_data_transmit)
    spi_i2s_flag_get                         0x08002d15   Thumb Code    16  at32f415_spi.o(i.spi_i2s_flag_get)
    spi_i2s_interrupt_enable                 0x08002d25   Thumb Code    18  at32f415_spi.o(i.spi_i2s_interrupt_enable)
    spi_i2s_reset                            0x08002d39   Thumb Code    56  at32f415_spi.o(i.spi_i2s_reset)
    spi_init                                 0x08002d79   Thumb Code   292  at32f415_spi.o(i.spi_init)
    system_clock_config                      0x08002e9d   Thumb Code     8  at32f415_clock.o(i.system_clock_config)
    system_clock_hext_config                 0x08002ea5   Thumb Code   126  at32f415_clock.o(i.system_clock_hext_config)
    system_core_clock_update                 0x08002f29   Thumb Code   316  system_at32f415.o(i.system_core_clock_update)
    systick_clock_source_config              0x0800307d   Thumb Code    40  at32f415_misc.o(i.systick_clock_source_config)
    usart_data_receive                       0x080030a5   Thumb Code     8  at32f415_usart.o(i.usart_data_receive)
    usart_data_transmit                      0x080030ad   Thumb Code     8  at32f415_usart.o(i.usart_data_transmit)
    usart_enable                             0x080030b5   Thumb Code    10  at32f415_usart.o(i.usart_enable)
    usart_flag_clear                         0x080030bf   Thumb Code    18  at32f415_usart.o(i.usart_flag_clear)
    usart_flag_get                           0x080030d1   Thumb Code    16  at32f415_usart.o(i.usart_flag_get)
    usart_init                               0x080030e1   Thumb Code   102  at32f415_usart.o(i.usart_init)
    usart_interrupt_enable                   0x0800314d   Thumb Code    54  at32f415_usart.o(i.usart_interrupt_enable)
    usart_parity_selection_config            0x08003183   Thumb Code    76  at32f415_usart.o(i.usart_parity_selection_config)
    usart_receiver_enable                    0x080031cf   Thumb Code    10  at32f415_usart.o(i.usart_receiver_enable)
    usart_reset                              0x080031d9   Thumb Code   124  at32f415_usart.o(i.usart_reset)
    usart_transmitter_enable                 0x0800326d   Thumb Code    10  at32f415_usart.o(i.usart_transmitter_enable)
    usb_connect                              0x080032e9   Thumb Code    18  at32f415_usb.o(i.usb_connect)
    usb_core_config                          0x080032fb   Thumb Code    66  usb_core.o(i.usb_core_config)
    usb_delay_ms                             0x0800333d   Thumb Code    12  usbd_core.o(i.usb_delay_ms)
    usb_disconnect                           0x08003349   Thumb Code    20  at32f415_usb.o(i.usb_disconnect)
    usb_ept0_setup                           0x0800335d   Thumb Code    34  at32f415_usb.o(i.usb_ept0_setup)
    usb_ept0_start                           0x0800337f   Thumb Code    44  at32f415_usb.o(i.usb_ept0_start)
    usb_ept_clear_stall                      0x080033ab   Thumb Code   146  at32f415_usb.o(i.usb_ept_clear_stall)
    usb_ept_close                            0x0800343d   Thumb Code   100  at32f415_usb.o(i.usb_ept_close)
    usb_ept_default_init                     0x080034a1   Thumb Code   250  usbd_core.o(i.usb_ept_default_init)
    usb_ept_in_clear                         0x0800359b   Thumb Code    12  at32f415_usb.o(i.usb_ept_in_clear)
    usb_ept_in_interrupt                     0x080035a7   Thumb Code    44  at32f415_usb.o(i.usb_ept_in_interrupt)
    usb_ept_open                             0x080035d3   Thumb Code   416  at32f415_usb.o(i.usb_ept_open)
    usb_ept_out_clear                        0x08003773   Thumb Code    12  at32f415_usb.o(i.usb_ept_out_clear)
    usb_ept_out_interrupt                    0x0800377f   Thumb Code    22  at32f415_usb.o(i.usb_ept_out_interrupt)
    usb_ept_stall                            0x08003795   Thumb Code   146  at32f415_usb.o(i.usb_ept_stall)
    usb_flush_rx_fifo                        0x08003829   Thumb Code    40  at32f415_usb.o(i.usb_flush_rx_fifo)
    usb_flush_tx_fifo                        0x08003855   Thumb Code    50  at32f415_usb.o(i.usb_flush_tx_fifo)
    usb_get_all_in_interrupt                 0x0800388d   Thumb Code    18  at32f415_usb.o(i.usb_get_all_in_interrupt)
    usb_get_all_out_interrupt                0x0800389f   Thumb Code    18  at32f415_usb.o(i.usb_get_all_out_interrupt)
    usb_global_clear_interrupt               0x080038b1   Thumb Code     4  at32f415_usb.o(i.usb_global_clear_interrupt)
    usb_global_get_all_interrupt             0x080038b5   Thumb Code    10  at32f415_usb.o(i.usb_global_get_all_interrupt)
    usb_global_init                          0x080038bf   Thumb Code    48  at32f415_usb.o(i.usb_global_init)
    usb_global_interrupt_enable              0x080038ef   Thumb Code    20  at32f415_usb.o(i.usb_global_interrupt_enable)
    usb_global_reset                         0x08003905   Thumb Code    70  at32f415_usb.o(i.usb_global_reset)
    usb_global_select_core                   0x08003951   Thumb Code     8  at32f415_usb.o(i.usb_global_select_core)
    usb_global_set_mode                      0x08003959   Thumb Code    68  at32f415_usb.o(i.usb_global_set_mode)
    usb_interrupt_disable                    0x080039f1   Thumb Code    10  at32f415_usb.o(i.usb_interrupt_disable)
    usb_interrupt_enable                     0x080039fb   Thumb Code    12  at32f415_usb.o(i.usb_interrupt_enable)
    usb_open_phy_clk                         0x08003a39   Thumb Code    14  at32f415_usb.o(i.usb_open_phy_clk)
    usb_read_packet                          0x08003a47   Thumb Code    42  at32f415_usb.o(i.usb_read_packet)
    usb_set_address                          0x08003a71   Thumb Code    14  at32f415_usb.o(i.usb_set_address)
    usb_set_rx_fifo                          0x08003a7f   Thumb Code     4  at32f415_usb.o(i.usb_set_rx_fifo)
    usb_set_tx_fifo                          0x08003a83   Thumb Code    66  at32f415_usb.o(i.usb_set_tx_fifo)
    usb_stop_phy_clk                         0x08003ac5   Thumb Code    16  at32f415_usb.o(i.usb_stop_phy_clk)
    usb_suspend_status_get                   0x08003ad5   Thumb Code    14  at32f415_usb.o(i.usb_suspend_status_get)
    usb_write_empty_txfifo                   0x08003ae3   Thumb Code   152  usbd_int.o(i.usb_write_empty_txfifo)
    usb_write_packet                         0x08003b7b   Thumb Code    48  at32f415_usb.o(i.usb_write_packet)
    usbd_clear_stall                         0x08003bff   Thumb Code    74  usbd_core.o(i.usbd_clear_stall)
    usbd_connect                             0x08003c49   Thumb Code    12  usbd_core.o(i.usbd_connect)
    usbd_core_in_handler                     0x08003c55   Thumb Code   194  usbd_core.o(i.usbd_core_in_handler)
    usbd_core_init                           0x08003d19   Thumb Code   338  usbd_core.o(i.usbd_core_init)
    usbd_core_out_handler                    0x08003e71   Thumb Code   128  usbd_core.o(i.usbd_core_out_handler)
    usbd_core_setup_handler                  0x08003ef1   Thumb Code    84  usbd_core.o(i.usbd_core_setup_handler)
    usbd_ctrl_recv                           0x08003f45   Thumb Code    36  usbd_core.o(i.usbd_ctrl_recv)
    usbd_ctrl_recv_status                    0x08003f69   Thumb Code    24  usbd_core.o(i.usbd_ctrl_recv_status)
    usbd_ctrl_send                           0x08003f81   Thumb Code    40  usbd_core.o(i.usbd_ctrl_send)
    usbd_ctrl_send_status                    0x08003fa9   Thumb Code    24  usbd_core.o(i.usbd_ctrl_send_status)
    usbd_ctrl_unsupport                      0x08003fc1   Thumb Code    22  usbd_core.o(i.usbd_ctrl_unsupport)
    usbd_device_request                      0x08003fd7   Thumb Code   128  usbd_sdr.o(i.usbd_device_request)
    usbd_disconnect                          0x08004057   Thumb Code    12  usbd_core.o(i.usbd_disconnect)
    usbd_endpoint_request                    0x08004063   Thumb Code   348  usbd_sdr.o(i.usbd_endpoint_request)
    usbd_enter_suspend                       0x080041bf   Thumb Code    22  usbd_core.o(i.usbd_enter_suspend)
    usbd_enumdone_handler                    0x080041d5   Thumb Code    70  usbd_int.o(i.usbd_enumdone_handler)
    usbd_ept_close                           0x0800421b   Thumb Code    64  usbd_core.o(i.usbd_ept_close)
    usbd_ept_open                            0x0800425b   Thumb Code    90  usbd_core.o(i.usbd_ept_open)
    usbd_ept_recv                            0x080042b5   Thumb Code   276  usbd_core.o(i.usbd_ept_recv)
    usbd_ept_send                            0x080043c9   Thumb Code   298  usbd_core.o(i.usbd_ept_send)
    usbd_fifo_alloc                          0x080044f3   Thumb Code    62  usbd_core.o(i.usbd_fifo_alloc)
    usbd_get_recv_len                        0x08004679   Thumb Code    28  usbd_core.o(i.usbd_get_recv_len)
    usbd_incomisioin_handler                 0x080046d9   Thumb Code    22  usbd_int.o(i.usbd_incomisioin_handler)
    usbd_incomisoout_handler                 0x080046ef   Thumb Code    22  usbd_int.o(i.usbd_incomisoout_handler)
    usbd_inept_handler                       0x08004705   Thumb Code   172  usbd_int.o(i.usbd_inept_handler)
    usbd_init                                0x080047b1   Thumb Code   104  usb_core.o(i.usbd_init)
    usbd_interface_request                   0x08004857   Thumb Code    56  usbd_sdr.o(i.usbd_interface_request)
    usbd_irq_handler                         0x0800488f   Thumb Code   234  usbd_int.o(i.usbd_irq_handler)
    usbd_outept_handler                      0x08004979   Thumb Code   146  usbd_int.o(i.usbd_outept_handler)
    usbd_reset_handler                       0x08004a0b   Thumb Code   180  usbd_int.o(i.usbd_reset_handler)
    usbd_rxflvl_handler                      0x08004abf   Thumb Code   130  usbd_int.o(i.usbd_rxflvl_handler)
    usbd_set_stall                           0x08004c87   Thumb Code    74  usbd_core.o(i.usbd_set_stall)
    usbd_setup_request_parse                 0x08004cd1   Thumb Code    40  usbd_sdr.o(i.usbd_setup_request_parse)
    usbd_sof_handler                         0x08004cf9   Thumb Code    20  usbd_int.o(i.usbd_sof_handler)
    usbd_suspend_handler                     0x08004d0d   Thumb Code    56  usbd_int.o(i.usbd_suspend_handler)
    usbd_wakeup_handler                      0x08004d81   Thumb Code    54  usbd_int.o(i.usbd_wakeup_handler)
    ascii_1608                               0x08004db6   Data        1520  lcd.o(.constdata)
    ascii_2412                               0x080053a6   Data        4560  lcd.o(.constdata)
    ascii_3216                               0x08006576   Data        6080  lcd.o(.constdata)
    Region$$Table$$Base                      0x08007f70   Number         0  anon$$obj.o(Region$$Table)
    Region$$Table$$Limit                     0x08007f90   Number         0  anon$$obj.o(Region$$Table)
    Temp_SPI                                 0x20000000   Data           4  base_spi.o(.data)
    SPI_complete_flag                        0x20000004   Data           2  base_spi.o(.data)
    Tick_Full                                0x20000008   Data           4  base_sys_time.o(.data)
    Freq_ms                                  0x2000000c   Data           4  base_sys_time.o(.data)
    Freq_us                                  0x20000010   Data           4  base_sys_time.o(.data)
    SYS_Ticktime                             0x20000014   Data           8  base_sys_time.o(.data)
    cdc_keyboard_class_handler               0x20000024   Data          40  cdc_keyboard_class.o(.data)
    cdc_keyboard_desc_handler                0x20000058   Data          40  cdc_keyboard_desc.o(.data)
    g_vcpkybrd_hid_usb_desc                  0x200000e8   Data           9  cdc_keyboard_desc.o(.data)
    USBD_KeyRepDesc                          0x200000f1   Data          62  cdc_keyboard_desc.o(.data)
    USBD_HIDRepDesc                          0x2000012f   Data          34  cdc_keyboard_desc.o(.data)
    BACK_COLOR                               0x2000019c   Data           2  lcd.o(.data)
    HORIZONTAL                               0x2000019e   Data           1  lcd.o(.data)
    SYS_Time                                 0x200001a0   Data          20  mode_time.o(.data)
    Tick_Freq                                0x200001b4   Data           4  mode_time.o(.data)
    Tick_ms                                  0x200001b8   Data           4  mode_time.o(.data)
    Tick_us                                  0x200001bc   Data           4  mode_time.o(.data)
    system_core_clock                        0x200001c0   Data           4  system_at32f415.o(.data)
    HID_compilation                          0x200001c4   Data         168  cdc_keyboard_class.o(.bss)
    otg_core_struct                          0x2000036c   Data         420  usb_user.o(.bss)
    Mode_Init                                0x20000510   Data          24  mode.o(.bss)
    Mode_User                                0x20000528   Data          76  mode.o(.bss)
    UART1_Data                               0x20000574   Data         224  mode_uart.o(.bss)
    UART2_Data                               0x20000654   Data         224  mode_uart.o(.bss)
    UART3_Data                               0x20000734   Data         224  mode_uart.o(.bss)
    UART4_Data                               0x20000814   Data         224  mode_uart.o(.bss)
    CV_UART                                  0x200008f4   Data          24  mode_uart.o(.bss)
    API                                      0x2000090c   Data          20  api.o(.bss)
    __initial_sp                             0x20000d20   Data           0  startup_at32f415.o(STACK)



==============================================================================

Memory Map of the image

  Image Entry point : 0x08000171

  Load Region LR_IROM1 (Base: 0x08000000, Size: 0x00008154, Max: 0x00040000, ABSOLUTE, COMPRESSED[0x000080ac])

    Execution Region ER_IROM1 (Exec base: 0x08000000, Load base: 0x08000000, Size: 0x00007f90, Max: 0x00040000, ABSOLUTE)

    Exec Addr    Load Addr    Size         Type   Attr      Idx    E Section Name        Object

    0x08000000   0x08000000   0x00000170   Data   RO         2530    RESET               startup_at32f415.o
    0x08000170   0x08000170   0x00000000   Code   RO         5755  * .ARM.Collect$$$$00000000  mc_w.l(entry.o)
    0x08000170   0x08000170   0x00000004   Code   RO         5780    .ARM.Collect$$$$00000001  mc_w.l(entry2.o)
    0x08000174   0x08000174   0x00000004   Code   RO         5783    .ARM.Collect$$$$00000004  mc_w.l(entry5.o)
    0x08000178   0x08000178   0x00000000   Code   RO         5785    .ARM.Collect$$$$00000008  mc_w.l(entry7b.o)
    0x08000178   0x08000178   0x00000000   Code   RO         5787    .ARM.Collect$$$$0000000A  mc_w.l(entry8b.o)
    0x08000178   0x08000178   0x00000008   Code   RO         5788    .ARM.Collect$$$$0000000B  mc_w.l(entry9a.o)
    0x08000180   0x08000180   0x00000004   Code   RO         5795    .ARM.Collect$$$$0000000E  mc_w.l(entry12b.o)
    0x08000184   0x08000184   0x00000000   Code   RO         5790    .ARM.Collect$$$$0000000F  mc_w.l(entry10a.o)
    0x08000184   0x08000184   0x00000000   Code   RO         5792    .ARM.Collect$$$$00000011  mc_w.l(entry11a.o)
    0x08000184   0x08000184   0x00000004   Code   RO         5781    .ARM.Collect$$$$00002712  mc_w.l(entry2.o)
    0x08000188   0x08000188   0x00000024   Code   RO         2531    .text               startup_at32f415.o
    0x080001ac   0x080001ac   0x00000062   Code   RO         5758    .text               mc_w.l(uldiv.o)
    0x0800020e   0x0800020e   0x0000000e   Code   RO         5764    .text               mc_w.l(strlen.o)
    0x0800021c   0x0800021c   0x00000064   Code   RO         5770    .text               mf_w.l(fmul.o)
    0x08000280   0x08000280   0x0000007c   Code   RO         5772    .text               mf_w.l(fdiv.o)
    0x080002fc   0x080002fc   0x00000012   Code   RO         5774    .text               mf_w.l(fflti.o)
    0x0800030e   0x0800030e   0x00000032   Code   RO         5776    .text               mf_w.l(ffixi.o)
    0x08000340   0x08000340   0x0000001e   Code   RO         5796    .text               mc_w.l(llshl.o)
    0x0800035e   0x0800035e   0x00000020   Code   RO         5798    .text               mc_w.l(llushr.o)
    0x0800037e   0x0800037e   0x00000000   Code   RO         5809    .text               mc_w.l(iusefp.o)
    0x0800037e   0x0800037e   0x0000006e   Code   RO         5810    .text               mf_w.l(fepilogue.o)
    0x080003ec   0x080003ec   0x00000024   Code   RO         5812    .text               mc_w.l(init.o)
    0x08000410   0x08000410   0x00000056   Code   RO         5841    .text               mc_w.l(__dczerorl2.o)
    0x08000466   0x08000466   0x00000002   PAD
    0x08000468   0x08000468   0x00000034   Code   RO         2279    i.API_Index         api.o
    0x0800049c   0x0800049c   0x00000004   Code   RO         2425    i.BusFault_Handler  at32f415_int.o
    0x080004a0   0x080004a0   0x00000018   Code   RO         2298    i.CRC16_CCITT_CalateByte  check_crc16.o
    0x080004b8   0x080004b8   0x00000024   Code   RO         2299    i.CRC16_CCITT_CalculateBuf  check_crc16.o
    0x080004dc   0x080004dc   0x00000002   Code   RO         2426    i.DebugMon_Handler  at32f415_int.o
    0x080004de   0x080004de   0x0000000e   Code   RO         1928    i.Debug_Out         mode.o
    0x080004ec   0x080004ec   0x0000001c   Code   RO         2324    i.Find_Data         data_handle.o
    0x08000508   0x08000508   0x00000048   Code   RO          658    i.GET_SysTick       base_sys_time.o
    0x08000550   0x08000550   0x0000003e   Code   RO         2026    i.Get_Lose_Tiem     mode_time.o
    0x0800058e   0x0800058e   0x0000003a   Code   RO         2092    i.Get_RXD           mode_uart.o
    0x080005c8   0x080005c8   0x00000094   Code   RO         2027    i.Get_TIME          mode_time.o
    0x0800065c   0x0800065c   0x00000004   Code   RO         2427    i.HardFault_Handler  at32f415_int.o
    0x08000660   0x08000660   0x00000038   Code   RO         2362    i.Hourly_to_Seconds  time_handle.o
    0x08000698   0x08000698   0x00000060   Code   RO          309    i.KEY_GPIO_Init     base_exist_gpio.o
    0x080006f8   0x080006f8   0x00000024   Code   RO         1688    i.KEY_Init          key.o
    0x0800071c   0x0800071c   0x0000002c   Code   RO         1689    i.KEY_State         key.o
    0x08000748   0x08000748   0x000000e8   Code   RO         1721    i.LCD_Address_Set   lcd.o
    0x08000830   0x08000830   0x00000018   Code   RO         1722    i.LCD_Delay         lcd.o
    0x08000848   0x08000848   0x0000009e   Code   RO         1723    i.LCD_Draw_Circle   lcd.o
    0x080008e6   0x080008e6   0x000000ac   Code   RO         1724    i.LCD_Draw_Line     lcd.o
    0x08000992   0x08000992   0x0000001c   Code   RO         1725    i.LCD_Draw_Point    lcd.o
    0x080009ae   0x080009ae   0x0000004a   Code   RO         1726    i.LCD_Draw_Rectangle  lcd.o
    0x080009f8   0x080009f8   0x0000003e   Code   RO         1727    i.LCD_Fill          lcd.o
    0x08000a36   0x08000a36   0x00000002   PAD
    0x08000a38   0x08000a38   0x00000060   Code   RO          310    i.LCD_GPIO_Init     base_exist_gpio.o
    0x08000a98   0x08000a98   0x000001e0   Code   RO         1728    i.LCD_Init          lcd.o
    0x08000c78   0x08000c78   0x0000013c   Code   RO         1730    i.LCD_Show_Char     lcd.o
    0x08000db4   0x08000db4   0x00000058   Code   RO         1731    i.LCD_Show_Chinese  lcd.o
    0x08000e0c   0x08000e0c   0x00000008   Code   RO         1732    i.LCD_Show_Chinese24x24  lcd.o
    0x08000e14   0x08000e14   0x00000008   Code   RO         1733    i.LCD_Show_Chinese32x32  lcd.o
    0x08000e1c   0x08000e1c   0x00000066   Code   RO         1734    i.LCD_Show_Picture  lcd.o
    0x08000e82   0x08000e82   0x00000070   Code   RO         1735    i.LCD_Show_String   lcd.o
    0x08000ef2   0x08000ef2   0x00000002   PAD
    0x08000ef4   0x08000ef4   0x00000034   Code   RO         1736    i.LCD_WR_CMD        lcd.o
    0x08000f28   0x08000f28   0x00000022   Code   RO         1737    i.LCD_WR_DATA       lcd.o
    0x08000f4a   0x08000f4a   0x0000001c   Code   RO         1738    i.LCD_WR_DATA8      lcd.o
    0x08000f66   0x08000f66   0x0000000c   Code   RO         1739    i.LCD_Writ_Bus      lcd.o
    0x08000f72   0x08000f72   0x00000002   PAD
    0x08000f74   0x08000f74   0x00000060   Code   RO            4    i.Main_Init         main.o
    0x08000fd4   0x08000fd4   0x00000004   Code   RO         2428    i.MemManage_Handler  at32f415_int.o
    0x08000fd8   0x08000fd8   0x00000038   Code   RO         1929    i.Mode_Index        mode.o
    0x08001010   0x08001010   0x000000b0   Code   RO         1930    i.Mode_User_index   mode.o
    0x080010c0   0x080010c0   0x00000080   Code   RO         2241    i.Motor_BYJ_Angle   mode_motor_byj.o
    0x08001140   0x08001140   0x000000d0   Code   RO         2242    i.Motor_BYJ_Drive   mode_motor_byj.o
    0x08001210   0x08001210   0x00000024   Code   RO         2243    i.Motor_BYJ_Init    mode_motor_byj.o
    0x08001234   0x08001234   0x00000022   Code   RO         2244    i.Motor_BYJ_delay   mode_motor_byj.o
    0x08001256   0x08001256   0x00000002   Code   RO         2429    i.NMI_Handler       at32f415_int.o
    0x08001258   0x08001258   0x00000010   Code   RO         1406    i.OTGFS1_IRQHandler  usb_user.o
    0x08001268   0x08001268   0x0000000c   Code   RO         1407    i.OTGFS1_WKUP_IRQHandler  usb_user.o
    0x08001274   0x08001274   0x000000d8   Code   RO         2363    i.Over_Time         time_handle.o
    0x0800134c   0x0800134c   0x00000002   Code   RO         2430    i.PendSV_Handler    at32f415_int.o
    0x0800134e   0x0800134e   0x00000002   PAD
    0x08001350   0x08001350   0x00000044   Code   RO          659    i.SET_SysTick       base_sys_time.o
    0x08001394   0x08001394   0x0000003c   Code   RO          562    i.SPI1_IRQHandler   base_spi.o
    0x080013d0   0x080013d0   0x0000009c   Code   RO          564    i.SPI2_GPIO_Init    base_spi.o
    0x0800146c   0x0800146c   0x0000001c   Code   RO          565    i.SPI2_IRQHandler   base_spi.o
    0x08001488   0x08001488   0x0000003c   Code   RO          566    i.SPI_CS_Set        base_spi.o
    0x080014c4   0x080014c4   0x00000034   Code   RO          570    i.SPI_Send_DATA     base_spi.o
    0x080014f8   0x080014f8   0x00000094   Code   RO          572    i.SPI_Start_Init    base_spi.o
    0x0800158c   0x0800158c   0x0000005c   Code   RO          312    i.STEP_Motor        base_exist_gpio.o
    0x080015e8   0x080015e8   0x00000002   Code   RO         2431    i.SVC_Handler       at32f415_int.o
    0x080015ea   0x080015ea   0x00000018   Code   RO          660    i.SYS_Delay_S       base_sys_time.o
    0x08001602   0x08001602   0x00000002   PAD
    0x08001604   0x08001604   0x00000078   Code   RO          661    i.SYS_Delay_ms      base_sys_time.o
    0x0800167c   0x0800167c   0x00000078   Code   RO          662    i.SYS_Delay_us      base_sys_time.o
    0x080016f4   0x080016f4   0x0000004e   Code   RO         2364    i.Seconds_to_Hourly  time_handle.o
    0x08001742   0x08001742   0x00000002   PAD
    0x08001744   0x08001744   0x00000024   Code   RO         2028    i.Set_TIME          mode_time.o
    0x08001768   0x08001768   0x00000010   Code   RO          663    i.SysTick_Handler   base_sys_time.o
    0x08001778   0x08001778   0x00000048   Code   RO         2029    i.Sys_Clock_Init    mode_time.o
    0x080017c0   0x080017c0   0x000000d4   Code   RO          664    i.Sys_Time_Init     base_sys_time.o
    0x08001894   0x08001894   0x0000009c   Code   RO         2494    i.SystemInit        system_at32f415.o
    0x08001930   0x08001930   0x00000060   Code   RO          728    i.UART_RXD_Flag     base_uart.o
    0x08001990   0x08001990   0x0000005c   Code   RO          729    i.UART_RXD_Flag_Clear  base_uart.o
    0x080019ec   0x080019ec   0x0000005c   Code   RO          730    i.UART_RXD_Receive  base_uart.o
    0x08001a48   0x08001a48   0x00000036   Code   RO         2093    i.UART_Send_Data    mode_uart.o
    0x08001a7e   0x08001a7e   0x0000001a   Code   RO         2094    i.UART_Send_String  mode_uart.o
    0x08001a98   0x08001a98   0x0000006c   Code   RO          731    i.UART_TXD_Send     base_uart.o
    0x08001b04   0x08001b04   0x00000034   Code   RO         2095    i.USART1_IRQHandler  mode_uart.o
    0x08001b38   0x08001b38   0x00000034   Code   RO         2096    i.USART2_IRQHandler  mode_uart.o
    0x08001b6c   0x08001b6c   0x00000034   Code   RO         2097    i.USART3_IRQHandler  mode_uart.o
    0x08001ba0   0x08001ba0   0x00000054   Code   RO         1411    i.USB_User_init     usb_user.o
    0x08001bf4   0x08001bf4   0x000000dc   Code   RO          732    i.Uart1_Init        base_uart.o
    0x08001cd0   0x08001cd0   0x000000d8   Code   RO          733    i.Uart2_Init        base_uart.o
    0x08001da8   0x08001da8   0x000000f4   Code   RO          734    i.Uart3_Init        base_uart.o
    0x08001e9c   0x08001e9c   0x000000dc   Code   RO          735    i.Uart4_Init        base_uart.o
    0x08001f78   0x08001f78   0x0000007c   Code   RO         2099    i.Uart_Init         mode_uart.o
    0x08001ff4   0x08001ff4   0x00000004   Code   RO         2432    i.UsageFault_Handler  at32f415_int.o
    0x08001ff8   0x08001ff8   0x0000000e   Code   RO         5835    i.__scatterload_copy  mc_w.l(handlers.o)
    0x08002006   0x08002006   0x00000002   Code   RO         5836    i.__scatterload_null  mc_w.l(handlers.o)
    0x08002008   0x08002008   0x0000000e   Code   RO         5837    i.__scatterload_zeroinit  mc_w.l(handlers.o)
    0x08002016   0x08002016   0x00000002   PAD
    0x08002018   0x08002018   0x000000f0   Code   RO         1201    i.cdc_class_setup_handler  cdc_keyboard_class.o
    0x08002108   0x08002108   0x00000024   Code   RO         1202    i.class_clear_handler  cdc_keyboard_class.o
    0x0800212c   0x0800212c   0x0000002c   Code   RO         1203    i.class_ept0_rx_handler  cdc_keyboard_class.o
    0x08002158   0x08002158   0x00000006   Code   RO         1204    i.class_ept0_tx_handler  cdc_keyboard_class.o
    0x0800215e   0x0800215e   0x0000001e   Code   RO         1205    i.class_event_handler  cdc_keyboard_class.o
    0x0800217c   0x0800217c   0x00000028   Code   RO         1206    i.class_in_handler  cdc_keyboard_class.o
    0x080021a4   0x080021a4   0x00000050   Code   RO         1207    i.class_init_handler  cdc_keyboard_class.o
    0x080021f4   0x080021f4   0x0000002a   Code   RO         1208    i.class_out_handler  cdc_keyboard_class.o
    0x0800221e   0x0800221e   0x000000ba   Code   RO         1209    i.class_setup_handler  cdc_keyboard_class.o
    0x080022d8   0x080022d8   0x00000006   Code   RO         1210    i.class_sof_handler  cdc_keyboard_class.o
    0x080022de   0x080022de   0x00000002   PAD
    0x080022e0   0x080022e0   0x00000014   Code   RO         3049    i.crm_ahb_div_set   at32f415_crm.o
    0x080022f4   0x080022f4   0x00000014   Code   RO         3050    i.crm_apb1_div_set  at32f415_crm.o
    0x08002308   0x08002308   0x00000014   Code   RO         3051    i.crm_apb2_div_set  at32f415_crm.o
    0x0800231c   0x0800231c   0x00000028   Code   RO         3052    i.crm_auto_step_mode_enable  at32f415_crm.o
    0x08002344   0x08002344   0x00000060   Code   RO         3057    i.crm_clock_source_enable  at32f415_crm.o
    0x080023a4   0x080023a4   0x000001ac   Code   RO         3058    i.crm_clocks_freq_get  at32f415_crm.o
    0x08002550   0x08002550   0x00000030   Code   RO         3062    i.crm_flag_get      at32f415_crm.o
    0x08002580   0x08002580   0x00000014   Code   RO         3067    i.crm_hick_divider_select  at32f415_crm.o
    0x08002594   0x08002594   0x0000001c   Code   RO         3068    i.crm_hick_sclk_frequency_select  at32f415_crm.o
    0x080025b0   0x080025b0   0x00000044   Code   RO         3072    i.crm_periph_clock_enable  at32f415_crm.o
    0x080025f4   0x080025f4   0x00000044   Code   RO         3073    i.crm_periph_reset  at32f415_crm.o
    0x08002638   0x08002638   0x00000108   Code   RO         3075    i.crm_pll_config    at32f415_crm.o
    0x08002740   0x08002740   0x00000064   Code   RO         3077    i.crm_reset         at32f415_crm.o
    0x080027a4   0x080027a4   0x00000014   Code   RO         3078    i.crm_sysclk_switch  at32f415_crm.o
    0x080027b8   0x080027b8   0x00000010   Code   RO         3079    i.crm_sysclk_switch_status_get  at32f415_crm.o
    0x080027c8   0x080027c8   0x00000020   Code   RO         3080    i.crm_usb_clock_div_set  at32f415_crm.o
    0x080027e8   0x080027e8   0x00000020   Code   RO         3081    i.crm_usb_clock_source_select  at32f415_crm.o
    0x08002808   0x08002808   0x0000000e   Code   RO         3727    i.exint_default_para_init  at32f415_exint.o
    0x08002816   0x08002816   0x00000002   PAD
    0x08002818   0x08002818   0x0000000c   Code   RO         3729    i.exint_flag_clear  at32f415_exint.o
    0x08002824   0x08002824   0x00000098   Code   RO         3731    i.exint_init        at32f415_exint.o
    0x080028bc   0x080028bc   0x00000044   Code   RO         1316    i.get_device_config_string  cdc_keyboard_desc.o
    0x08002900   0x08002900   0x00000008   Code   RO         1317    i.get_device_configuration  cdc_keyboard_desc.o
    0x08002908   0x08002908   0x00000008   Code   RO         1318    i.get_device_descriptor  cdc_keyboard_desc.o
    0x08002910   0x08002910   0x00000030   Code   RO         1319    i.get_device_interface_string  cdc_keyboard_desc.o
    0x08002940   0x08002940   0x00000008   Code   RO         1320    i.get_device_lang_id  cdc_keyboard_desc.o
    0x08002948   0x08002948   0x00000028   Code   RO         1321    i.get_device_manufacturer_string  cdc_keyboard_desc.o
    0x08002970   0x08002970   0x00000004   Code   RO         1322    i.get_device_other_speed  cdc_keyboard_desc.o
    0x08002974   0x08002974   0x00000034   Code   RO         1323    i.get_device_product_string  cdc_keyboard_desc.o
    0x080029a8   0x080029a8   0x00000004   Code   RO         1324    i.get_device_qualifier  cdc_keyboard_desc.o
    0x080029ac   0x080029ac   0x00000010   Code   RO         1325    i.get_device_serial_string  cdc_keyboard_desc.o
    0x080029bc   0x080029bc   0x00000034   Code   RO         1326    i.get_serial_num    cdc_keyboard_desc.o
    0x080029f0   0x080029f0   0x00000016   Code   RO         4013    i.gpio_default_para_init  at32f415_gpio.o
    0x08002a06   0x08002a06   0x000000a8   Code   RO         4017    i.gpio_init         at32f415_gpio.o
    0x08002aae   0x08002aae   0x00000012   Code   RO         4018    i.gpio_input_data_bit_read  at32f415_gpio.o
    0x08002ac0   0x08002ac0   0x0000004c   Code   RO         4023    i.gpio_pin_remap_config  at32f415_gpio.o
    0x08002b0c   0x08002b0c   0x000000f0   Code   RO         1212    i.keyboard_class_setup_handler  cdc_keyboard_class.o
    0x08002bfc   0x08002bfc   0x00000004   Code   RO            5    i.main              main.o
    0x08002c00   0x08002c00   0x000000c8   Code   RO         4329    i.nvic_irq_enable   at32f415_misc.o
    0x08002cc8   0x08002cc8   0x00000028   Code   RO         4331    i.nvic_priority_group_config  at32f415_misc.o
    0x08002cf0   0x08002cf0   0x00000016   Code   RO         4670    i.spi_default_para_init  at32f415_spi.o
    0x08002d06   0x08002d06   0x0000000a   Code   RO         4671    i.spi_enable        at32f415_spi.o
    0x08002d10   0x08002d10   0x00000004   Code   RO         4676    i.spi_i2s_data_transmit  at32f415_spi.o
    0x08002d14   0x08002d14   0x00000010   Code   RO         4680    i.spi_i2s_flag_get  at32f415_spi.o
    0x08002d24   0x08002d24   0x00000012   Code   RO         4681    i.spi_i2s_interrupt_enable  at32f415_spi.o
    0x08002d36   0x08002d36   0x00000002   PAD
    0x08002d38   0x08002d38   0x00000040   Code   RO         4682    i.spi_i2s_reset     at32f415_spi.o
    0x08002d78   0x08002d78   0x00000124   Code   RO         4683    i.spi_init          at32f415_spi.o
    0x08002e9c   0x08002e9c   0x00000008   Code   RO         2389    i.system_clock_config  at32f415_clock.o
    0x08002ea4   0x08002ea4   0x00000084   Code   RO         2390    i.system_clock_hext_config  at32f415_clock.o
    0x08002f28   0x08002f28   0x00000154   Code   RO         2495    i.system_core_clock_update  system_at32f415.o
    0x0800307c   0x0800307c   0x00000028   Code   RO         4334    i.systick_clock_source_config  at32f415_misc.o
    0x080030a4   0x080030a4   0x00000008   Code   RO         5170    i.usart_data_receive  at32f415_usart.o
    0x080030ac   0x080030ac   0x00000008   Code   RO         5171    i.usart_data_transmit  at32f415_usart.o
    0x080030b4   0x080030b4   0x0000000a   Code   RO         5174    i.usart_enable      at32f415_usart.o
    0x080030be   0x080030be   0x00000012   Code   RO         5175    i.usart_flag_clear  at32f415_usart.o
    0x080030d0   0x080030d0   0x00000010   Code   RO         5176    i.usart_flag_get    at32f415_usart.o
    0x080030e0   0x080030e0   0x0000006c   Code   RO         5178    i.usart_init        at32f415_usart.o
    0x0800314c   0x0800314c   0x00000036   Code   RO         5179    i.usart_interrupt_enable  at32f415_usart.o
    0x08003182   0x08003182   0x0000004c   Code   RO         5184    i.usart_parity_selection_config  at32f415_usart.o
    0x080031ce   0x080031ce   0x0000000a   Code   RO         5185    i.usart_receiver_enable  at32f415_usart.o
    0x080031d8   0x080031d8   0x00000094   Code   RO         5187    i.usart_reset       at32f415_usart.o
    0x0800326c   0x0800326c   0x0000000a   Code   RO         5192    i.usart_transmitter_enable  at32f415_usart.o
    0x08003276   0x08003276   0x00000002   PAD
    0x08003278   0x08003278   0x00000070   Code   RO         1413    i.usb_clock48m_select  usb_user.o
    0x080032e8   0x080032e8   0x00000012   Code   RO         5358    i.usb_connect       at32f415_usb.o
    0x080032fa   0x080032fa   0x00000042   Code   RO          808    i.usb_core_config   usb_core.o
    0x0800333c   0x0800333c   0x0000000c   Code   RO          838    i.usb_delay_ms      usbd_core.o
    0x08003348   0x08003348   0x00000014   Code   RO         5359    i.usb_disconnect    at32f415_usb.o
    0x0800335c   0x0800335c   0x00000022   Code   RO         5360    i.usb_ept0_setup    at32f415_usb.o
    0x0800337e   0x0800337e   0x0000002c   Code   RO         5361    i.usb_ept0_start    at32f415_usb.o
    0x080033aa   0x080033aa   0x00000092   Code   RO         5362    i.usb_ept_clear_stall  at32f415_usb.o
    0x0800343c   0x0800343c   0x00000064   Code   RO         5363    i.usb_ept_close     at32f415_usb.o
    0x080034a0   0x080034a0   0x000000fa   Code   RO          839    i.usb_ept_default_init  usbd_core.o
    0x0800359a   0x0800359a   0x0000000c   Code   RO         5364    i.usb_ept_in_clear  at32f415_usb.o
    0x080035a6   0x080035a6   0x0000002c   Code   RO         5365    i.usb_ept_in_interrupt  at32f415_usb.o
    0x080035d2   0x080035d2   0x000001a0   Code   RO         5366    i.usb_ept_open      at32f415_usb.o
    0x08003772   0x08003772   0x0000000c   Code   RO         5367    i.usb_ept_out_clear  at32f415_usb.o
    0x0800377e   0x0800377e   0x00000016   Code   RO         5368    i.usb_ept_out_interrupt  at32f415_usb.o
    0x08003794   0x08003794   0x00000092   Code   RO         5369    i.usb_ept_stall     at32f415_usb.o
    0x08003826   0x08003826   0x00000002   PAD
    0x08003828   0x08003828   0x0000002c   Code   RO         5370    i.usb_flush_rx_fifo  at32f415_usb.o
    0x08003854   0x08003854   0x00000038   Code   RO         5371    i.usb_flush_tx_fifo  at32f415_usb.o
    0x0800388c   0x0800388c   0x00000012   Code   RO         5372    i.usb_get_all_in_interrupt  at32f415_usb.o
    0x0800389e   0x0800389e   0x00000012   Code   RO         5373    i.usb_get_all_out_interrupt  at32f415_usb.o
    0x080038b0   0x080038b0   0x00000004   Code   RO         5374    i.usb_global_clear_interrupt  at32f415_usb.o
    0x080038b4   0x080038b4   0x0000000a   Code   RO         5375    i.usb_global_get_all_interrupt  at32f415_usb.o
    0x080038be   0x080038be   0x00000030   Code   RO         5376    i.usb_global_init   at32f415_usb.o
    0x080038ee   0x080038ee   0x00000014   Code   RO         5377    i.usb_global_interrupt_enable  at32f415_usb.o
    0x08003902   0x08003902   0x00000002   PAD
    0x08003904   0x08003904   0x0000004c   Code   RO         5379    i.usb_global_reset  at32f415_usb.o
    0x08003950   0x08003950   0x00000008   Code   RO         5380    i.usb_global_select_core  at32f415_usb.o
    0x08003958   0x08003958   0x00000044   Code   RO         5381    i.usb_global_set_mode  at32f415_usb.o
    0x0800399c   0x0800399c   0x00000054   Code   RO         1414    i.usb_gpio_config   usb_user.o
    0x080039f0   0x080039f0   0x0000000a   Code   RO         5386    i.usb_interrupt_disable  at32f415_usb.o
    0x080039fa   0x080039fa   0x0000000c   Code   RO         5387    i.usb_interrupt_enable  at32f415_usb.o
    0x08003a06   0x08003a06   0x00000032   Code   RO         1415    i.usb_low_power_wakeup_config  usb_user.o
    0x08003a38   0x08003a38   0x0000000e   Code   RO         5388    i.usb_open_phy_clk  at32f415_usb.o
    0x08003a46   0x08003a46   0x0000002a   Code   RO         5390    i.usb_read_packet   at32f415_usb.o
    0x08003a70   0x08003a70   0x0000000e   Code   RO         5393    i.usb_set_address   at32f415_usb.o
    0x08003a7e   0x08003a7e   0x00000004   Code   RO         5394    i.usb_set_rx_fifo   at32f415_usb.o
    0x08003a82   0x08003a82   0x00000042   Code   RO         5395    i.usb_set_tx_fifo   at32f415_usb.o
    0x08003ac4   0x08003ac4   0x00000010   Code   RO         5396    i.usb_stop_phy_clk  at32f415_usb.o
    0x08003ad4   0x08003ad4   0x0000000e   Code   RO         5397    i.usb_suspend_status_get  at32f415_usb.o
    0x08003ae2   0x08003ae2   0x00000098   Code   RO         1024    i.usb_write_empty_txfifo  usbd_int.o
    0x08003b7a   0x08003b7a   0x00000030   Code   RO         5398    i.usb_write_packet  at32f415_usb.o
    0x08003baa   0x08003baa   0x00000054   Code   RO         1123    i.usbd_clear_feature  usbd_sdr.o
    0x08003bfe   0x08003bfe   0x0000004a   Code   RO          840    i.usbd_clear_stall  usbd_core.o
    0x08003c48   0x08003c48   0x0000000c   Code   RO          841    i.usbd_connect      usbd_core.o
    0x08003c54   0x08003c54   0x000000c2   Code   RO          843    i.usbd_core_in_handler  usbd_core.o
    0x08003d16   0x08003d16   0x00000002   PAD
    0x08003d18   0x08003d18   0x00000158   Code   RO          844    i.usbd_core_init    usbd_core.o
    0x08003e70   0x08003e70   0x00000080   Code   RO          845    i.usbd_core_out_handler  usbd_core.o
    0x08003ef0   0x08003ef0   0x00000054   Code   RO          846    i.usbd_core_setup_handler  usbd_core.o
    0x08003f44   0x08003f44   0x00000024   Code   RO          847    i.usbd_ctrl_recv    usbd_core.o
    0x08003f68   0x08003f68   0x00000018   Code   RO          848    i.usbd_ctrl_recv_status  usbd_core.o
    0x08003f80   0x08003f80   0x00000028   Code   RO          849    i.usbd_ctrl_send    usbd_core.o
    0x08003fa8   0x08003fa8   0x00000018   Code   RO          850    i.usbd_ctrl_send_status  usbd_core.o
    0x08003fc0   0x08003fc0   0x00000016   Code   RO          851    i.usbd_ctrl_unsupport  usbd_core.o
    0x08003fd6   0x08003fd6   0x00000080   Code   RO         1124    i.usbd_device_request  usbd_sdr.o
    0x08004056   0x08004056   0x0000000c   Code   RO          852    i.usbd_disconnect   usbd_core.o
    0x08004062   0x08004062   0x0000015c   Code   RO         1125    i.usbd_endpoint_request  usbd_sdr.o
    0x080041be   0x080041be   0x00000016   Code   RO          853    i.usbd_enter_suspend  usbd_core.o
    0x080041d4   0x080041d4   0x00000046   Code   RO         1026    i.usbd_enumdone_handler  usbd_int.o
    0x0800421a   0x0800421a   0x00000040   Code   RO          854    i.usbd_ept_close    usbd_core.o
    0x0800425a   0x0800425a   0x0000005a   Code   RO          855    i.usbd_ept_open     usbd_core.o
    0x080042b4   0x080042b4   0x00000114   Code   RO          856    i.usbd_ept_recv     usbd_core.o
    0x080043c8   0x080043c8   0x0000012a   Code   RO          857    i.usbd_ept_send     usbd_core.o
    0x080044f2   0x080044f2   0x0000003e   Code   RO          858    i.usbd_fifo_alloc   usbd_core.o
    0x08004530   0x08004530   0x00000056   Code   RO         1126    i.usbd_get_configuration  usbd_sdr.o
    0x08004586   0x08004586   0x000000f2   Code   RO         1127    i.usbd_get_descriptor  usbd_sdr.o
    0x08004678   0x08004678   0x0000001c   Code   RO          860    i.usbd_get_recv_len  usbd_core.o
    0x08004694   0x08004694   0x00000044   Code   RO         1128    i.usbd_get_status   usbd_sdr.o
    0x080046d8   0x080046d8   0x00000016   Code   RO         1027    i.usbd_incomisioin_handler  usbd_int.o
    0x080046ee   0x080046ee   0x00000016   Code   RO         1028    i.usbd_incomisoout_handler  usbd_int.o
    0x08004704   0x08004704   0x000000ac   Code   RO         1029    i.usbd_inept_handler  usbd_int.o
    0x080047b0   0x080047b0   0x00000068   Code   RO          809    i.usbd_init         usb_core.o
    0x08004818   0x08004818   0x0000003e   Code   RO         1327    i.usbd_int_to_unicode  cdc_keyboard_desc.o
    0x08004856   0x08004856   0x00000038   Code   RO         1129    i.usbd_interface_request  usbd_sdr.o
    0x0800488e   0x0800488e   0x000000ea   Code   RO         1030    i.usbd_irq_handler  usbd_int.o
    0x08004978   0x08004978   0x00000092   Code   RO         1031    i.usbd_outept_handler  usbd_int.o
    0x08004a0a   0x08004a0a   0x000000b4   Code   RO         1032    i.usbd_reset_handler  usbd_int.o
    0x08004abe   0x08004abe   0x00000082   Code   RO         1033    i.usbd_rxflvl_handler  usbd_int.o
    0x08004b40   0x08004b40   0x00000052   Code   RO         1130    i.usbd_set_address  usbd_sdr.o
    0x08004b92   0x08004b92   0x00000002   PAD
    0x08004b94   0x08004b94   0x000000c8   Code   RO         1131    i.usbd_set_configuration  usbd_sdr.o
    0x08004c5c   0x08004c5c   0x0000002a   Code   RO         1132    i.usbd_set_feature  usbd_sdr.o
    0x08004c86   0x08004c86   0x0000004a   Code   RO          863    i.usbd_set_stall    usbd_core.o
    0x08004cd0   0x08004cd0   0x00000028   Code   RO         1133    i.usbd_setup_request_parse  usbd_sdr.o
    0x08004cf8   0x08004cf8   0x00000014   Code   RO         1034    i.usbd_sof_handler  usbd_int.o
    0x08004d0c   0x08004d0c   0x00000038   Code   RO         1035    i.usbd_suspend_handler  usbd_int.o
    0x08004d44   0x08004d44   0x0000003c   Code   RO         1328    i.usbd_unicode_convert  cdc_keyboard_desc.o
    0x08004d80   0x08004d80   0x00000036   Code   RO         1036    i.usbd_wakeup_handler  usbd_int.o
    0x08004db6   0x08004db6   0x00002f80   Data   RO         1741    .constdata          lcd.o
    0x08007d36   0x08007d36   0x00000200   Data   RO         2300    .constdata          check_crc16.o
    0x08007f36   0x08007f36   0x00000010   Data   RO         2496    .constdata          system_at32f415.o
    0x08007f46   0x08007f46   0x00000028   Data   RO         3083    .constdata          at32f415_crm.o
    0x08007f6e   0x08007f6e   0x00000002   PAD
    0x08007f70   0x08007f70   0x00000020   Data   RO         5833    Region$$Table       anon$$obj.o


    Execution Region RW_IRAM1 (Exec base: 0x20000000, Load base: 0x08007f90, Size: 0x00000d20, Max: 0x00008000, ABSOLUTE, COMPRESSED[0x0000011c])

    Exec Addr    Load Addr    Size         Type   Attr      Idx    E Section Name        Object

    0x20000000   COMPRESSED   0x00000006   Data   RW          573    .data               base_spi.o
    0x20000006   COMPRESSED   0x00000002   PAD
    0x20000008   COMPRESSED   0x00000014   Data   RW          665    .data               base_sys_time.o
    0x2000001c   COMPRESSED   0x00000004   Data   RW          738    .data               base_uart.o
    0x20000020   COMPRESSED   0x00000001   Data   RW         1134    .data               usbd_sdr.o
    0x20000021   COMPRESSED   0x00000003   PAD
    0x20000024   COMPRESSED   0x00000031   Data   RW         1219    .data               cdc_keyboard_class.o
    0x20000055   COMPRESSED   0x00000003   PAD
    0x20000058   COMPRESSED   0x00000144   Data   RW         1330    .data               cdc_keyboard_desc.o
    0x2000019c   COMPRESSED   0x00000003   Data   RW         1742    .data               lcd.o
    0x2000019f   COMPRESSED   0x00000001   PAD
    0x200001a0   COMPRESSED   0x00000020   Data   RW         2030    .data               mode_time.o
    0x200001c0   COMPRESSED   0x00000004   Data   RW         2497    .data               system_at32f415.o
    0x200001c4        -       0x000000a8   Zero   RW         1217    .bss                cdc_keyboard_class.o
    0x2000026c        -       0x00000100   Zero   RW         1329    .bss                cdc_keyboard_desc.o
    0x2000036c        -       0x000001a4   Zero   RW         1416    .bss                usb_user.o
    0x20000510        -       0x00000064   Zero   RW         1931    .bss                mode.o
    0x20000574        -       0x00000398   Zero   RW         2100    .bss                mode_uart.o
    0x2000090c        -       0x00000014   Zero   RW         2280    .bss                api.o
    0x20000920        -       0x00000400   Zero   RW         2528    STACK               startup_at32f415.o


==============================================================================

Image component sizes


      Code (inc. data)   RO Data    RW Data    ZI Data      Debug   Object Name

        52         24          0          0         20       1182   api.o
       140          6          0          0          0       1037   at32f415_clock.o
      1320        182         40          0          0       9953   at32f415_crm.o
       178         10          0          0          0       1910   at32f415_exint.o
       284          6          0          0          0       3044   at32f415_gpio.o
        24          0          0          0          0       3480   at32f415_int.o
       280         18          0          0          0      32340   at32f415_misc.o
       426          8          0          0          0       4226   at32f415_spi.o
       466         30          0          0          0       6669   at32f415_usart.o
      1624         16          0          0          0      18706   at32f415_usb.o
       284         26          0          0          0       1937   base_exist_gpio.o
       504         42          0          6          0       4316   base_spi.o
       632         84          0         20          0      35550   base_sys_time.o
      1288        210          0          4          0       6185   base_uart.o
       950         52          0         49        168      11219   cdc_keyboard_class.o
       430        148          0        324        256       8900   cdc_keyboard_desc.o
        60          4        512          0          0       1952   check_crc16.o
        28          0          0          0          0        728   data_handle.o
        80          6          0          0          0       1191   key.o
      1990         32      12160          3          0      14294   lcd.o
       100          4          0          0          0      74432   main.o
       246        106          0          0        100       2643   mode.o
       406         22          0          0          0       2981   mode_motor_byj.o
       318         44          0         32          0       3828   mode_time.o
       418         32          0          0        920       5966   mode_uart.o
        36          8        368          0       1024        804   startup_at32f415.o
       496         42         16          4          0       2028   system_at32f415.o
       350         16          0          0          0       2392   time_handle.o
       170          0          0          0          0       1958   usb_core.o
       358         48          0          0        420       4583   usb_user.o
      2170          6          0          0          0      23665   usbd_core.o
      1258          0          0          0          0       9152   usbd_int.o
      1376         30          0          1          0       8530   usbd_sdr.o

    ----------------------------------------------------------------------
     18770       1262      13130        452       2908     311781   Object Totals
         0          0         32          0          0          0   (incl. Generated)
        28          0          2          9          0          0   (incl. Padding)

    ----------------------------------------------------------------------

      Code (inc. data)   RO Data    RW Data    ZI Data      Debug   Library Member Name

        86          0          0          0          0          0   __dczerorl2.o
         0          0          0          0          0          0   entry.o
         0          0          0          0          0          0   entry10a.o
         0          0          0          0          0          0   entry11a.o
         4          0          0          0          0          0   entry12b.o
         8          4          0          0          0          0   entry2.o
         4          0          0          0          0          0   entry5.o
         0          0          0          0          0          0   entry7b.o
         0          0          0          0          0          0   entry8b.o
         8          4          0          0          0          0   entry9a.o
        30          0          0          0          0          0   handlers.o
        36          8          0          0          0         68   init.o
         0          0          0          0          0          0   iusefp.o
        30          0          0          0          0         68   llshl.o
        32          0          0          0          0         68   llushr.o
        14          0          0          0          0         68   strlen.o
        98          0          0          0          0         92   uldiv.o
       124          0          0          0          0         88   fdiv.o
       110          0          0          0          0        168   fepilogue.o
        50          0          0          0          0         68   ffixi.o
        18          0          0          0          0         68   fflti.o
       100          0          0          0          0         76   fmul.o

    ----------------------------------------------------------------------
       756         16          0          0          0        832   Library Totals
         4          0          0          0          0          0   (incl. Padding)

    ----------------------------------------------------------------------

      Code (inc. data)   RO Data    RW Data    ZI Data      Debug   Library Name

       350         16          0          0          0        364   mc_w.l
       402          0          0          0          0        468   mf_w.l

    ----------------------------------------------------------------------
       756         16          0          0          0        832   Library Totals

    ----------------------------------------------------------------------

==============================================================================


      Code (inc. data)   RO Data    RW Data    ZI Data      Debug   

     19526       1278      13130        452       2908     300365   Grand Totals
     19526       1278      13130        284       2908     300365   ELF Image Totals (compressed)
     19526       1278      13130        284          0          0   ROM Totals

==============================================================================

    Total RO  Size (Code + RO Data)                32656 (  31.89kB)
    Total RW  Size (RW Data + ZI Data)              3360 (   3.28kB)
    Total ROM Size (Code + RO Data + RW Data)      32940 (  32.17kB)

==============================================================================

