Component: ARM Compiler 5.06 update 7 (build 960) Tool: armlink [4d3601]

==============================================================================

Section Cross References

    main.o(i.Main_Init) refers to at32f415_clock.o(i.system_clock_config) for system_clock_config
    main.o(i.Main_Init) refers to at32f415_misc.o(i.nvic_priority_group_config) for nvic_priority_group_config
    main.o(i.Main_Init) refers to mode.o(i.Mode_Index) for Mode_Index
    main.o(i.Main_Init) refers to api.o(i.API_Index) for API_Index
    main.o(i.Main_Init) refers to printf1.o(i.__0printf$1) for __2printf
    main.o(i.Main_Init) refers to mode.o(.bss) for Mode_Init
    main.o(i.Main_Init) refers to main.o(.constdata) for gImage_maoL
    main.o(i.Main_Init) refers to system_at32f415.o(.data) for system_core_clock
    main.o(i.main) refers to main.o(i.Main_Init) for Main_Init
    main.o(i.main) refers to printf1.o(i.__0printf$1) for __2printf
    main.o(i.main) refers to mode.o(.bss) for Mode_User
    main.o(i.main) refers to main.o(.data) for i
    main.o(i.main) refers to main.o(.constdata) for gImage_fan
    base_adc.o(i.ADC_Conversion_Vol) refers to fflti.o(.text) for __aeabi_i2f
    base_exist_gpio.o(i.KEY_GPIO_Init) refers to at32f415_gpio.o(i.gpio_default_para_init) for gpio_default_para_init
    base_exist_gpio.o(i.KEY_GPIO_Init) refers to at32f415_crm.o(i.crm_periph_clock_enable) for crm_periph_clock_enable
    base_exist_gpio.o(i.KEY_GPIO_Init) refers to at32f415_gpio.o(i.gpio_init) for gpio_init
    base_exist_gpio.o(i.LCD_GPIO_Init) refers to at32f415_gpio.o(i.gpio_default_para_init) for gpio_default_para_init
    base_exist_gpio.o(i.LCD_GPIO_Init) refers to at32f415_crm.o(i.crm_periph_clock_enable) for crm_periph_clock_enable
    base_exist_gpio.o(i.LCD_GPIO_Init) refers to at32f415_gpio.o(i.gpio_init) for gpio_init
    base_exist_gpio.o(i.User_GPIO_Init) refers to at32f415_gpio.o(i.gpio_default_para_init) for gpio_default_para_init
    base_spi.o(i.SPI1_DMA_Config) refers to at32f415_dma.o(i.dma_default_para_init) for dma_default_para_init
    base_spi.o(i.SPI1_DMA_Config) refers to at32f415_dma.o(i.dma_init) for dma_init
    base_spi.o(i.SPI1_GPIO_Init) refers to at32f415_gpio.o(i.gpio_default_para_init) for gpio_default_para_init
    base_spi.o(i.SPI1_GPIO_Init) refers to at32f415_crm.o(i.crm_periph_clock_enable) for crm_periph_clock_enable
    base_spi.o(i.SPI1_GPIO_Init) refers to at32f415_gpio.o(i.gpio_init) for gpio_init
    base_spi.o(i.SPI1_IRQHandler) refers to at32f415_spi.o(i.spi_i2s_flag_get) for spi_i2s_flag_get
    base_spi.o(i.SPI1_IRQHandler) refers to at32f415_spi.o(i.spi_i2s_interrupt_enable) for spi_i2s_interrupt_enable
    base_spi.o(i.SPI1_IRQHandler) refers to base_spi.o(i.SPI_CS_Set) for SPI_CS_Set
    base_spi.o(i.SPI1_IRQHandler) refers to base_spi.o(.data) for SPI_complete_flag
    base_spi.o(i.SPI2_DMA_Config) refers to at32f415_dma.o(i.dma_default_para_init) for dma_default_para_init
    base_spi.o(i.SPI2_DMA_Config) refers to at32f415_dma.o(i.dma_init) for dma_init
    base_spi.o(i.SPI2_GPIO_Init) refers to at32f415_gpio.o(i.gpio_default_para_init) for gpio_default_para_init
    base_spi.o(i.SPI2_GPIO_Init) refers to at32f415_crm.o(i.crm_periph_clock_enable) for crm_periph_clock_enable
    base_spi.o(i.SPI2_GPIO_Init) refers to at32f415_gpio.o(i.gpio_init) for gpio_init
    base_spi.o(i.SPI2_IRQHandler) refers to at32f415_spi.o(i.spi_i2s_flag_get) for spi_i2s_flag_get
    base_spi.o(i.SPI_Delay) refers to system_at32f415.o(.data) for system_core_clock
    base_spi.o(i.SPI_SET_Addr_ReadData) refers to base_spi.o(i.SPI_CS_Set) for SPI_CS_Set
    base_spi.o(i.SPI_SET_Addr_ReadData) refers to base_spi.o(i.SPI_Delay) for SPI_Delay
    base_spi.o(i.SPI_SET_Addr_ReadData) refers to base_spi.o(i.SPI_Send_DATA) for SPI_Send_DATA
    base_spi.o(i.SPI_SET_Addr_ReadData) refers to at32f415_spi.o(i.spi_i2s_data_receive) for spi_i2s_data_receive
    base_spi.o(i.SPI_SET_Addr_ReadData) refers to at32f415_spi.o(i.spi_i2s_flag_get) for spi_i2s_flag_get
    base_spi.o(i.SPI_SET_Addr_SendData) refers to base_spi.o(i.SPI_CS_Set) for SPI_CS_Set
    base_spi.o(i.SPI_SET_Addr_SendData) refers to base_spi.o(i.SPI_Delay) for SPI_Delay
    base_spi.o(i.SPI_SET_Addr_SendData) refers to base_spi.o(i.SPI_Send_DATA) for SPI_Send_DATA
    base_spi.o(i.SPI_Send_DATA) refers to at32f415_spi.o(i.spi_i2s_flag_get) for spi_i2s_flag_get
    base_spi.o(i.SPI_Send_DATA) refers to at32f415_spi.o(i.spi_i2s_data_transmit) for spi_i2s_data_transmit
    base_spi.o(i.SPI_Send_DATA) refers to base_spi.o(.data) for Temp_SPI
    base_spi.o(i.SPI_Send_String) refers to base_spi.o(i.SPI_CS_Set) for SPI_CS_Set
    base_spi.o(i.SPI_Send_String) refers to base_spi.o(i.SPI_Send_DATA) for SPI_Send_DATA
    base_spi.o(i.SPI_Send_String) refers to at32f415_spi.o(i.spi_i2s_interrupt_enable) for spi_i2s_interrupt_enable
    base_spi.o(i.SPI_Send_String) refers to base_spi.o(.data) for Temp_SPI
[...]
    ..\\SDK\\src\\at32f415_adc.c             0x00000000   Number         0  at32f415_adc.o ABSOLUTE
    ..\\SDK\\src\\at32f415_can.c             0x00000000   Number         0  at32f415_can.o ABSOLUTE
    ..\\SDK\\src\\at32f415_cmp.c             0x00000000   Number         0  at32f415_cmp.o ABSOLUTE
    ..\\SDK\\src\\at32f415_crc.c             0x00000000   Number         0  at32f415_crc.o ABSOLUTE
    ..\\SDK\\src\\at32f415_crm.c             0x00000000   Number         0  at32f415_crm.o ABSOLUTE
    ..\\SDK\\src\\at32f415_debug.c           0x00000000   Number         0  at32f415_debug.o ABSOLUTE
    ..\\SDK\\src\\at32f415_dma.c             0x00000000   Number         0  at32f415_dma.o ABSOLUTE
    ..\\SDK\\src\\at32f415_ertc.c            0x00000000   Number         0  at32f415_ertc.o ABSOLUTE
    ..\\SDK\\src\\at32f415_exint.c           0x00000000   Number         0  at32f415_exint.o ABSOLUTE
    ..\\SDK\\src\\at32f415_flash.c           0x00000000   Number         0  at32f415_flash.o ABSOLUTE
    ..\\SDK\\src\\at32f415_gpio.c            0x00000000   Number         0  at32f415_gpio.o ABSOLUTE
    ..\\SDK\\src\\at32f415_i2c.c             0x00000000   Number         0  at32f415_i2c.o ABSOLUTE
    ..\\SDK\\src\\at32f415_misc.c            0x00000000   Number         0  at32f415_misc.o ABSOLUTE
    ..\\SDK\\src\\at32f415_pwc.c             0x00000000   Number         0  at32f415_pwc.o ABSOLUTE
    ..\\SDK\\src\\at32f415_sdio.c            0x00000000   Number         0  at32f415_sdio.o ABSOLUTE
    ..\\SDK\\src\\at32f415_spi.c             0x00000000   Number         0  at32f415_spi.o ABSOLUTE
    ..\\SDK\\src\\at32f415_tmr.c             0x00000000   Number         0  at32f415_tmr.o ABSOLUTE
    ..\\SDK\\src\\at32f415_usart.c           0x00000000   Number         0  at32f415_usart.o ABSOLUTE
    ..\\SDK\\src\\at32f415_usb.c             0x00000000   Number         0  at32f415_usb.o ABSOLUTE
    ..\\SDK\\src\\at32f415_wdt.c             0x00000000   Number         0  at32f415_wdt.o ABSOLUTE
    ..\\SDK\\src\\at32f415_wwdt.c            0x00000000   Number         0  at32f415_wwdt.o ABSOLUTE
    Main.c                                   0x00000000   Number         0  main.o ABSOLUTE
    Main.c                                   0x00000000   Number         0  main.o ABSOLUTE
    cdrcmple.s                               0x00000000   Number         0  cdrcmple.o ABSOLUTE
    dc.s                                     0x00000000   Number         0  dc.o ABSOLUTE
    handlers.s                               0x00000000   Number         0  handlers.o ABSOLUTE
    init.s                                   0x00000000   Number         0  init.o ABSOLUTE
    RESET                                    0x08000000   Section      368  startup_at32f415.o(RESET)
    .ARM.Collect$$$$00000000                 0x08000170   Section        0  entry.o(.ARM.Collect$$$$00000000)
    .ARM.Collect$$$$00000001                 0x08000170   Section        4  entry2.o(.ARM.Collect$$$$00000001)
    .ARM.Collect$$$$00000004                 0x08000174   Section        4  entry5.o(.ARM.Collect$$$$00000004)
    .ARM.Collect$$$$00000008                 0x08000178   Section        0  entry7b.o(.ARM.Collect$$$$00000008)
    .ARM.Collect$$$$0000000A                 0x08000178   Section        0  entry8b.o(.ARM.Collect$$$$0000000A)
    .ARM.Collect$$$$0000000B                 0x08000178   Section        8  entry9a.o(.ARM.Collect$$$$0000000B)
    .ARM.Collect$$$$0000000E                 0x08000180   Section        4  entry12b.o(.ARM.Collect$$$$0000000E)
    .ARM.Collect$$$$0000000F                 0x08000184   Section        0  entry10a.o(.ARM.Collect$$$$0000000F)
    .ARM.Collect$$$$00000011                 0x08000184   Section        0  entry11a.o(.ARM.Collect$$$$00000011)
    .ARM.Collect$$$$00002712                 0x08000184   Section        4  entry2.o(.ARM.Collect$$$$00002712)
    __lit__00000000                          0x08000184   Data           4  entry2.o(.ARM.Collect$$$$00002712)
    .text                                    0x08000188   Section       36  startup_at32f415.o(.text)
    .text                                    0x080001ac   Section        0  uldiv.o(.text)
    .text                                    0x0800020e   Section        0  strlen.o(.text)
    .text                                    0x0800021c   Section        0  uidiv.o(.text)
    .text                                    0x08000248   Section        0  llshl.o(.text)
    .text                                    0x08000266   Section        0  llushr.o(.text)
    .text                                    0x08000288   Section       36  init.o(.text)
    i.API_Index                              0x080002ac   Section        0  api.o(i.API_Index)
    i.BusFault_Handler                       0x080002e0   Section        0  at32f415_int.o(i.BusFault_Handler)
    i.CRC16_CCITT_CalateByte                 0x080002e4   Section        0  check_crc16.o(i.CRC16_CCITT_CalateByte)
    i.CRC16_CCITT_CalculateBuf               0x080002fc   Section        0  check_crc16.o(i.CRC16_CCITT_CalculateBuf)
    i.DebugMon_Handler                       0x08000320   Section        0  at32f415_int.o(i.DebugMon_Handler)
    i.Debug_Out                              0x08000322   Section        0  mode.o(i.Debug_Out)
    i.Find_Data                              0x08000330   Section        0  data_handle.o(i.Find_Data)
    i.GET_SysTick                            0x0800034c   Section        0  base_sys_time.o(i.GET_SysTick)
    i.Get_Lose_Tiem                          0x08000394   Section        0  mode_time.o(i.Get_Lose_Tiem)
    i.Get_RXD                                0x080003d2   Section        0  mode_uart.o(i.Get_RXD)
    Get_RXD                                  0x080003d3   Thumb Code    52  mode_uart.o(i.Get_RXD)
    i.Get_TIME                               0x08000408   Section        0  mode_time.o(i.Get_TIME)
    i.HardFault_Handler                      0x0800049c   Section        0  at32f415_int.o(i.HardFault_Handler)
    i.Hourly_to_Seconds                      0x080004a0   Section        0  time_handle.o(i.Hourly_to_Seconds)
    i.KEY_GPIO_Init                          0x080004d8   Section        0  base_exist_gpio.o(i.KEY_GPIO_Init)
    i.KEY_Init                               0x08000538   Section        0  key.o(i.KEY_Init)
    i.KEY_State                              0x0800055c   Section        0  key.o(i.KEY_State)
    i.LCD_Address_Set                        0x08000588   Section        0  lcd.o(i.LCD_Address_Set)
    i.LCD_Delay                              0x080005c2   Section        0  lcd.o(i.LCD_Delay)
    LCD_Delay                                0x080005c3   Thumb Code    24  lcd.o(i.LCD_Delay)
    i.LCD_Draw_Circle                        0x080005da   Section        0  lcd.o(i.LCD_Draw_Circle)
    i.LCD_Draw_Line                          0x08000678   Section        0  lcd.o(i.LCD_Draw_Line)
    i.LCD_Draw_Point                         0x08000724   Section        0  lcd.o(i.LCD_Draw_Point)
    i.LCD_Draw_Rectangle                     0x08000740   Section        0  lcd.o(i.LCD_Draw_Rectangle)
    i.LCD_Fill                               0x0800078a   Section        0  lcd.o(i.LCD_Fill)
    i.LCD_GPIO_Init                          0x080007c8   Section        0  base_exist_gpio.o(i.LCD_GPIO_Init)
    i.LCD_Init                               0x08000828   Section        0  lcd.o(i.LCD_Init)
    i.LCD_Show_Char                          0x080009d8   Section        0  lcd.o(i.LCD_Show_Char)
    i.LCD_Show_Chinese                       0x08000b10   Section        0  lcd.o(i.LCD_Show_Chinese)
    i.LCD_Show_Chinese24x24                  0x08000b68   Section        0  lcd.o(i.LCD_Show_Chinese24x24)
    i.LCD_Show_Chinese32x32                  0x08000b70   Section        0  lcd.o(i.LCD_Show_Chinese32x32)
    i.LCD_Show_Picture                       0x08000b78   Section        0  lcd.o(i.LCD_Show_Picture)
    i.LCD_Show_String                        0x08000bde   Section        0  lcd.o(i.LCD_Show_String)
    i.LCD_WR_CMD                             0x08000c4c   Section        0  lcd.o(i.LCD_WR_CMD)
    i.LCD_WR_DATA                            0x08000c80   Section        0  lcd.o(i.LCD_WR_DATA)
    i.LCD_WR_DATA8                           0x08000ca2   Section        0  lcd.o(i.LCD_WR_DATA8)
    i.LCD_Writ_Bus                           0x08000cbe   Section        0  lcd.o(i.LCD_Writ_Bus)
    i.Main_Init                              0x08000ccc   Section        0  main.o(i.Main_Init)
    i.MemManage_Handler                      0x08000d54   Section        0  at32f415_int.o(i.MemManage_Handler)
    i.Mode_Index                             0x08000d58   Section        0  mode.o(i.Mode_Index)
    i.Mode_User_index                        0x08000d88   Section        0  mode.o(i.Mode_User_index)
    Mode_User_index                          0x08000d89   Thumb Code    96  mode.o(i.Mode_User_index)
    i.NMI_Handler                            0x08000e38   Section        0  at32f415_int.o(i.NMI_Handler)
    i.OTGFS1_IRQHandler                      0x08000e3c   Section        0  usb_user.o(i.OTGFS1_IRQHandler)
    i.OTGFS1_WKUP_IRQHandler                 0x08000e4c   Section        0  usb_user.o(i.OTGFS1_WKUP_IRQHandler)
    i.Over_Time                              0x08000e58   Section        0  time_handle.o(i.Over_Time)
    i.PendSV_Handler                         0x08000f2c   Section        0  at32f415_int.o(i.PendSV_Handler)
    i.SET_SysTick                            0x08000f30   Section        0  base_sys_time.o(i.SET_SysTick)
    i.SPI1_IRQHandler                        0x08000f74   Section        0  base_spi.o(i.SPI1_IRQHandler)
    i.SPI2_GPIO_Init                         0x08000fb0   Section        0  base_spi.o(i.SPI2_GPIO_Init)
    i.SPI2_IRQHandler                        0x0800104c   Section        0  base_spi.o(i.SPI2_IRQHandler)
    i.SPI_CS_Set                             0x08001068   Section        0  base_spi.o(i.SPI_CS_Set)
    i.SPI_Send_DATA                          0x080010a4   Section        0  base_spi.o(i.SPI_Send_DATA)
    i.SPI_Start_Init                         0x080010d8   Section        0  base_spi.o(i.SPI_Start_Init)
    i.SVC_Handler                            0x0800116c   Section        0  at32f415_int.o(i.SVC_Handler)
    i.SYS_Delay_S                            0x0800116e   Section        0  base_sys_time.o(i.SYS_Delay_S)
    i.SYS_Delay_ms                           0x08001188   Section        0  base_sys_time.o(i.SYS_Delay_ms)
    i.SYS_Delay_us                           0x08001200   Section        0  base_sys_time.o(i.SYS_Delay_us)
    i.Seconds_to_Hourly                      0x08001278   Section        0  time_handle.o(i.Seconds_to_Hourly)
    i.Set_TIME                               0x080012c8   Section        0  mode_time.o(i.Set_TIME)
    i.SysTick_Handler                        0x080012ec   Section        0  base_sys_time.o(i.SysTick_Handler)
    i.Sys_Clock_Init                         0x080012fc   Section        0  mode_time.o(i.Sys_Clock_Init)
    i.Sys_Time_Init                          0x08001344   Section        0  base_sys_time.o(i.Sys_Time_Init)
    i.SystemInit                             0x08001418   Section        0  system_at32f415.o(i.SystemInit)
    i.UART_RXD_Flag                          0x080014b4   Section        0  base_uart.o(i.UART_RXD_Flag)
    i.UART_RXD_Flag_Clear                    0x08001514   Section        0  base_uart.o(i.UART_RXD_Flag_Clear)
    i.UART_RXD_Receive                       0x08001570   Section        0  base_uart.o(i.UART_RXD_Receive)
    i.UART_Send_Data                         0x080015cc   Section        0  mode_uart.o(i.UART_Send_Data)
    i.UART_Send_String                       0x08001602   Section        0  mode_uart.o(i.UART_Send_String)
    i.UART_TXD_Send                          0x0800161c   Section        0  base_uart.o(i.UART_TXD_Send)
    i.USART1_IRQHandler                      0x08001688   Section        0  mode_uart.o(i.USART1_IRQHandler)
    i.USART2_IRQHandler                      0x080016bc   Section        0  mode_uart.o(i.USART2_IRQHandler)
    i.USART3_IRQHandler                      0x080016f0   Section        0  mode_uart.o(i.USART3_IRQHandler)
    i.Uart1_Init                             0x08001724   Section        0  base_uart.o(i.Uart1_Init)
    i.Uart2_Init                             0x08001800   Section        0  base_uart.o(i.Uart2_Init)
    i.Uart3_Init                             0x080018d8   Section        0  base_uart.o(i.Uart3_Init)
    i.Uart4_Init                             0x080019cc   Section        0  base_uart.o(i.Uart4_Init)
    i.Uart_Init                              0x08001aa8   Section        0  mode_uart.o(i.Uart_Init)
    i.UsageFault_Handler                     0x08001b24   Section        0  at32f415_int.o(i.UsageFault_Handler)
    i.__0printf$1                            0x08001b28   Section        0  printf1.o(i.__0printf$1)
    i.__scatterload_copy                     0x08001b48   Section       14  handlers.o(i.__scatterload_copy)
    i.__scatterload_null                     0x08001b56   Section        2  handlers.o(i.__scatterload_null)
    i.__scatterload_zeroinit                 0x08001b58   Section       14  handlers.o(i.__scatterload_zeroinit)
    i._printf_core                           0x08001b68   Section        0  printf1.o(i._printf_core)
    _printf_core                             0x08001b69   Thumb Code   336  printf1.o(i._printf_core)
    i.crm_ahb_div_set                        0x08001cbc   Section        0  at32f415_crm.o(i.crm_ahb_div_set)
    i.crm_apb1_div_set                       0x08001cd0   Section        0  at32f415_crm.o(i.crm_apb1_div_set)
    i.crm_apb2_div_set                       0x08001ce4   Section        0  at32f415_crm.o(i.crm_apb2_div_set)
    i.crm_auto_step_mode_enable              0x08001cf8   Section        0  at32f415_crm.o(i.crm_auto_step_mode_enable)
    i.crm_clock_source_enable                0x08001d20   Section        0  at32f415_crm.o(i.crm_clock_source_enable)
    i.crm_clocks_freq_get                    0x08001d80   Section        0  at32f415_crm.o(i.crm_clocks_freq_get)
    i.crm_flag_get                           0x08001f2c   Section        0  at32f415_crm.o(i.crm_flag_get)
    i.crm_hick_divider_select                0x08001f5c   Section        0  at32f415_crm.o(i.crm_hick_divider_select)
    i.crm_hick_sclk_frequency_select         0x08001f70   Section        0  at32f415_crm.o(i.crm_hick_sclk_frequency_select)
    i.crm_periph_clock_enable                0x08001f8c   Section        0  at32f415_crm.o(i.crm_periph_clock_enable)
    i.crm_periph_reset                       0x08001fd0   Section        0  at32f415_crm.o(i.crm_periph_reset)
    i.crm_pll_config                         0x08002014   Section        0  at32f415_crm.o(i.crm_pll_config)
    i.crm_reset                              0x0800211c   Section        0  at32f415_crm.o(i.crm_reset)
    i.crm_sysclk_switch                      0x08002180   Section        0  at32f415_crm.o(i.crm_sysclk_switch)
    i.crm_sysclk_switch_status_get           0x08002194   Section        0  at32f415_crm.o(i.crm_sysclk_switch_status_get)
    i.crm_usb_clock_div_set                  0x080021a4   Section        0  at32f415_crm.o(i.crm_usb_clock_div_set)
    i.crm_usb_clock_source_select            0x080021c4   Section        0  at32f415_crm.o(i.crm_usb_clock_source_select)
    i.exint_flag_clear                       0x080021e4   Section        0  at32f415_exint.o(i.exint_flag_clear)
    i.fputc                                  0x080021f0   Section        0  base_uart.o(i.fputc)
    i.gpio_default_para_init                 0x08002202   Section        0  at32f415_gpio.o(i.gpio_default_para_init)
    i.gpio_init                              0x08002218   Section        0  at32f415_gpio.o(i.gpio_init)
    i.gpio_input_data_bit_read               0x080022c0   Section        0  at32f415_gpio.o(i.gpio_input_data_bit_read)
    i.gpio_pin_remap_config                  0x080022d4   Section        0  at32f415_gpio.o(i.gpio_pin_remap_config)
    i.main                                   0x08002320   Section        0  main.o(i.main)
    i.nvic_irq_enable                        0x08002410   Section        0  at32f415_misc.o(i.nvic_irq_enable)
    i.nvic_priority_group_config             0x080024d8   Section        0  at32f415_misc.o(i.nvic_priority_group_config)
    i.spi_default_para_init                  0x08002500   Section        0  at32f415_spi.o(i.spi_default_para_init)
    i.spi_enable                             0x08002516   Section        0  at32f415_spi.o(i.spi_enable)
    i.spi_i2s_data_transmit                  0x08002520   Section        0  at32f415_spi.o(i.spi_i2s_data_transmit)
    i.spi_i2s_flag_get                       0x08002524   Section        0  at32f415_spi.o(i.spi_i2s_flag_get)
    i.spi_i2s_interrupt_enable               0x08002534   Section        0  at32f415_spi.o(i.spi_i2s_interrupt_enable)
    i.spi_i2s_reset                          0x08002548   Section        0  at32f415_spi.o(i.spi_i2s_reset)
    i.spi_init                               0x08002588   Section        0  at32f415_spi.o(i.spi_init)
    i.system_clock_config                    0x080026ac   Section        0  at32f415_clock.o(i.system_clock_config)
    i.system_clock_hext_config               0x080026b4   Section        0  at32f415_clock.o(i.system_clock_hext_config)
    i.system_core_clock_update               0x08002738   Section        0  system_at32f415.o(i.system_core_clock_update)
    i.systick_clock_source_config            0x0800288c   Section        0  at32f415_misc.o(i.systick_clock_source_config)
    i.usart_data_receive                     0x080028b4   Section        0  at32f415_usart.o(i.usart_data_receive)
    i.usart_data_transmit                    0x080028bc   Section        0  at32f415_usart.o(i.usart_data_transmit)
    i.usart_enable                           0x080028c4   Section        0  at32f415_usart.o(i.usart_enable)
    i.usart_flag_clear                       0x080028ce   Section        0  at32f415_usart.o(i.usart_flag_clear)
    i.usart_flag_get                         0x080028e0   Section        0  at32f415_usart.o(i.usart_flag_get)
    i.usart_init                             0x080028f0   Section        0  at32f415_usart.o(i.usart_init)
    i.usart_interrupt_enable                 0x0800295c   Section        0  at32f415_usart.o(i.usart_interrupt_enable)
    i.usart_parity_selection_config          0x08002992   Section        0  at32f415_usart.o(i.usart_parity_selection_config)
    i.usart_receiver_enable                  0x080029de   Section        0  at32f415_usart.o(i.usart_receiver_enable)
    i.usart_reset                            0x080029e8   Section        0  at32f415_usart.o(i.usart_reset)
    i.usart_transmitter_enable               0x08002a7c   Section        0  at32f415_usart.o(i.usart_transmitter_enable)
    i.usb_ept0_setup                         0x08002a86   Section        0  at32f415_usb.o(i.usb_ept0_setup)
    i.usb_ept0_start                         0x08002aa8   Section        0  at32f415_usb.o(i.usb_ept0_start)
    i.usb_ept_clear_stall                    0x08002ad4   Section        0  at32f415_usb.o(i.usb_ept_clear_stall)
    i.usb_ept_in_clear                       0x08002b66   Section        0  at32f415_usb.o(i.usb_ept_in_clear)
    i.usb_ept_in_interrupt                   0x08002b72   Section        0  at32f415_usb.o(i.usb_ept_in_interrupt)
    i.usb_ept_open                           0x08002b9e   Section        0  at32f415_usb.o(i.usb_ept_open)
    i.usb_ept_out_clear                      0x08002d3e   Section        0  at32f415_usb.o(i.usb_ept_out_clear)
    i.usb_ept_out_interrupt                  0x08002d4a   Section        0  at32f415_usb.o(i.usb_ept_out_interrupt)
    i.usb_ept_stall                          0x08002d60   Section        0  at32f415_usb.o(i.usb_ept_stall)
    i.usb_flush_tx_fifo                      0x08002df4   Section        0  at32f415_usb.o(i.usb_flush_tx_fifo)
    i.usb_get_all_in_interrupt               0x08002e2c   Section        0  at32f415_usb.o(i.usb_get_all_in_interrupt)
    i.usb_get_all_out_interrupt              0x08002e3e   Section        0  at32f415_usb.o(i.usb_get_all_out_interrupt)
    i.usb_global_clear_interrupt             0x08002e50   Section        0  at32f415_usb.o(i.usb_global_clear_interrupt)
    i.usb_global_get_all_interrupt           0x08002e54   Section        0  at32f415_usb.o(i.usb_global_get_all_interrupt)
    i.usb_global_interrupt_enable            0x08002e5e   Section        0  at32f415_usb.o(i.usb_global_interrupt_enable)
    i.usb_open_phy_clk                       0x08002e72   Section        0  at32f415_usb.o(i.usb_open_phy_clk)
    i.usb_read_packet                        0x08002e80   Section        0  at32f415_usb.o(i.usb_read_packet)
    i.usb_set_address                        0x08002eaa   Section        0  at32f415_usb.o(i.usb_set_address)
    i.usb_set_rx_fifo                        0x08002eb8   Section        0  at32f415_usb.o(i.usb_set_rx_fifo)
    i.usb_set_tx_fifo                        0x08002ebc   Section        0  at32f415_usb.o(i.usb_set_tx_fifo)
    i.usb_stop_phy_clk                       0x08002efe   Section        0  at32f415_usb.o(i.usb_stop_phy_clk)
    i.usb_suspend_status_get                 0x08002f0e   Section        0  at32f415_usb.o(i.usb_suspend_status_get)
    i.usb_write_empty_txfifo                 0x08002f1c   Section        0  usbd_int.o(i.usb_write_empty_txfifo)
    i.usb_write_packet                       0x08002fb4   Section        0  at32f415_usb.o(i.usb_write_packet)
    i.usbd_clear_feature                     0x08002fe4   Section        0  usbd_sdr.o(i.usbd_clear_feature)
    usbd_clear_feature                       0x08002fe5   Thumb Code    84  usbd_sdr.o(i.usbd_clear_feature)
    i.usbd_clear_stall                       0x08003038   Section        0  usbd_core.o(i.usbd_clear_stall)
    i.usbd_core_in_handler                   0x08003082   Section        0  usbd_core.o(i.usbd_core_in_handler)
    i.usbd_core_out_handler                  0x08003144   Section        0  usbd_core.o(i.usbd_core_out_handler)
    i.usbd_core_setup_handler                0x080031c4   Section        0  usbd_core.o(i.usbd_core_setup_handler)
    i.usbd_ctrl_recv_status                  0x08003218   Section        0  usbd_core.o(i.usbd_ctrl_recv_status)
    i.usbd_ctrl_send                         0x08003230   Section        0  usbd_core.o(i.usbd_ctrl_send)
    i.usbd_ctrl_send_status                  0x08003258   Section        0  usbd_core.o(i.usbd_ctrl_send_status)
    i.usbd_ctrl_unsupport                    0x08003270   Section        0  usbd_core.o(i.usbd_ctrl_unsupport)
    i.usbd_device_request                    0x08003286   Section        0  usbd_sdr.o(i.usbd_device_request)
    i.usbd_endpoint_request                  0x08003306   Section        0  usbd_sdr.o(i.usbd_endpoint_request)
    i.usbd_enter_suspend                     0x08003462   Section        0  usbd_core.o(i.usbd_enter_suspend)
    i.usbd_enumdone_handler                  0x08003478   Section        0  usbd_int.o(i.usbd_enumdone_handler)
    i.usbd_ept_open                          0x080034be   Section        0  usbd_core.o(i.usbd_ept_open)
    i.usbd_ept_recv                          0x08003518   Section        0  usbd_core.o(i.usbd_ept_recv)
    i.usbd_ept_send                          0x0800362c   Section        0  usbd_core.o(i.usbd_ept_send)
    i.usbd_fifo_alloc                        0x08003756   Section        0  usbd_core.o(i.usbd_fifo_alloc)
    i.usbd_get_configuration                 0x08003794   Section        0  usbd_sdr.o(i.usbd_get_configuration)
    usbd_get_configuration                   0x08003795   Thumb Code    86  usbd_sdr.o(i.usbd_get_configuration)
    i.usbd_get_descriptor                    0x080037ea   Section        0  usbd_sdr.o(i.usbd_get_descriptor)
    usbd_get_descriptor                      0x080037eb   Thumb Code   242  usbd_sdr.o(i.usbd_get_descriptor)
    i.usbd_get_status                        0x080038dc   Section        0  usbd_sdr.o(i.usbd_get_status)
    usbd_get_status                          0x080038dd   Thumb Code    68  usbd_sdr.o(i.usbd_get_status)
    i.usbd_incomisioin_handler               0x08003920   Section        0  usbd_int.o(i.usbd_incomisioin_handler)
    i.usbd_incomisoout_handler               0x08003936   Section        0  usbd_int.o(i.usbd_incomisoout_handler)
    i.usbd_inept_handler                     0x0800394c   Section        0  usbd_int.o(i.usbd_inept_handler)
    i.usbd_interface_request                 0x080039f8   Section        0  usbd_sdr.o(i.usbd_interface_request)
    i.usbd_irq_handler                       0x08003a30   Section        0  usbd_int.o(i.usbd_irq_handler)
    i.usbd_outept_handler                    0x08003b1a   Section        0  usbd_int.o(i.usbd_outept_handler)
    i.usbd_reset_handler                     0x08003bac   Section        0  usbd_int.o(i.usbd_reset_handler)
    i.usbd_rxflvl_handler                    0x08003c60   Section        0  usbd_int.o(i.usbd_rxflvl_handler)
    i.usbd_set_address                       0x08003ce2   Section        0  usbd_sdr.o(i.usbd_set_address)
    usbd_set_address                         0x08003ce3   Thumb Code    82  usbd_sdr.o(i.usbd_set_address)
    i.usbd_set_configuration                 0x08003d34   Section        0  usbd_sdr.o(i.usbd_set_configuration)
    usbd_set_configuration                   0x08003d35   Thumb Code   194  usbd_sdr.o(i.usbd_set_configuration)
    i.usbd_set_feature                       0x08003dfc   Section        0  usbd_sdr.o(i.usbd_set_feature)
    usbd_set_feature                         0x08003dfd   Thumb Code    42  usbd_sdr.o(i.usbd_set_feature)
    i.usbd_set_stall                         0x08003e26   Section        0  usbd_core.o(i.usbd_set_stall)
    i.usbd_setup_request_parse               0x08003e70   Section        0  usbd_sdr.o(i.usbd_setup_request_parse)
    i.usbd_sof_handler                       0x08003e98   Section        0  usbd_int.o(i.usbd_sof_handler)
    i.usbd_suspend_handler                   0x08003eac   Section        0  usbd_int.o(i.usbd_suspend_handler)
    i.usbd_wakeup_handler                    0x08003ee4   Section        0  usbd_int.o(i.usbd_wakeup_handler)
    .constdata                               0x08003f1a   Section    230416  main.o(.constdata)
    .constdata                               0x0803c32a   Section    12160  lcd.o(.constdata)
    .constdata                               0x0803f2aa   Section      512  check_crc16.o(.constdata)
    CRC_CCITT_table                          0x0803f2aa   Data         512  check_crc16.o(.constdata)
    .constdata                               0x0803f4aa   Section       16  system_at32f415.o(.constdata)
    sys_ahb_div_table                        0x0803f4aa   Data          16  system_at32f415.o(.constdata)
    .constdata                               0x0803f4ba   Section       40  at32f415_crm.o(.constdata)
    sclk_ahb_div_table                       0x0803f4ba   Data          16  at32f415_crm.o(.constdata)
    ahb_apb1_div_table                       0x0803f4ca   Data           8  at32f415_crm.o(.constdata)
    ahb_apb2_div_table                       0x0803f4d2   Data           8  at32f415_crm.o(.constdata)
    adc_div_table                            0x0803f4da   Data           8  at32f415_crm.o(.constdata)
    .data                                    0x20000000   Section        8  main.o(.data)
    .data                                    0x20000008   Section        6  base_spi.o(.data)
    .data                                    0x20000010   Section       20  base_sys_time.o(.data)
    .data                                    0x20000024   Section        4  base_uart.o(.data)
    Temp                                     0x20000024   Data           4  base_uart.o(.data)
    .data                                    0x20000028   Section       32  mode_time.o(.data)
    .data                                    0x20000048   Section        2  lcd.o(.data)
    .data                                    0x2000004c   Section        4  system_at32f415.o(.data)
    .data                                    0x20000050   Section        1  usbd_sdr.o(.data)
    config_value                             0x20000050   Data           1  usbd_sdr.o(.data)
    .data                                    0x20000054   Section        4  stdout.o(.data)
    .bss                                     0x20000058   Section      420  usb_user.o(.bss)
    .bss                                     0x200001fc   Section       96  mode.o(.bss)
    .bss                                     0x2000025c   Section      920  mode_uart.o(.bss)
    .bss                                     0x200005f4   Section       20  api.o(.bss)
    STACK                                    0x20000608   Section     1024  startup_at32f415.o(STACK)

    Global Symbols

    Symbol Name                              Value     Ov Type        Size  Object(Section)

    BuildAttributes$$THM_ISAv4$E$P$D$K$B$S$7EM$PE$A:L22UL41UL21$X:L11$S22US41US21$IEEE1$IW$USESV6$~STKCKD$USESV7$~SHL$OTIME$ROPI$IEEEJ$EBA8$MICROLIB$REQ8$PRES8$EABIv2 0x00000000   Number         0  anon$$obj.o ABSOLUTE
    __ARM_use_no_argv                        0x00000000   Number         0  main.o ABSOLUTE
    _printf_a                                0x00000000   Number         0  stubs.o ABSOLUTE
    _printf_c                                0x00000000   Number         0  stubs.o ABSOLUTE
    _printf_charcount                        0x00000000   Number         0  stubs.o ABSOLUTE
    _printf_d                                0x00000000   Number         0  stubs.o ABSOLUTE
    _printf_e                                0x00000000   Number         0  stubs.o ABSOLUTE
    _printf_f                                0x00000000   Number         0  stubs.o ABSOLUTE
    _printf_flags                            0x00000000   Number         0  stubs.o ABSOLUTE
    _printf_fp_dec                           0x00000000   Number         0  stubs.o ABSOLUTE
    _printf_fp_hex                           0x00000000   Number         0  stubs.o ABSOLUTE
    _printf_g                                0x00000000   Number         0  stubs.o ABSOLUTE
    _printf_i                                0x00000000   Number         0  stubs.o ABSOLUTE
    _printf_int_dec                          0x00000000   Number         0  stubs.o ABSOLUTE
    _printf_l                                0x00000000   Number         0  stubs.o ABSOLUTE
    _printf_lc                               0x00000000   Number         0  stubs.o ABSOLUTE
    _printf_ll                               0x00000000   Number         0  stubs.o ABSOLUTE
    _printf_lld                              0x00000000   Number         0  stubs.o ABSOLUTE
    _printf_lli                              0x00000000   Number         0  stubs.o ABSOLUTE
    _printf_llo                              0x00000000   Number         0  stubs.o ABSOLUTE
    _printf_llu                              0x00000000   Number         0  stubs.o ABSOLUTE
    _printf_llx                              0x00000000   Number         0  stubs.o ABSOLUTE
    _printf_longlong_dec                     0x00000000   Number         0  stubs.o ABSOLUTE
    _printf_longlong_hex                     0x00000000   Number         0  stubs.o ABSOLUTE
    _printf_longlong_oct                     0x00000000   Number         0  stubs.o ABSOLUTE
    _printf_ls                               0x00000000   Number         0  stubs.o ABSOLUTE
    _printf_mbtowc                           0x00000000   Number         0  stubs.o ABSOLUTE
    _printf_n                                0x00000000   Number         0  stubs.o ABSOLUTE
    _printf_o                                0x00000000   Number         0  stubs.o ABSOLUTE
    _printf_p                                0x00000000   Number         0  stubs.o ABSOLUTE
    _printf_percent                          0x00000000   Number         0  stubs.o ABSOLUTE
    _printf_pre_padding                      0x00000000   Number         0  stubs.o ABSOLUTE
    _printf_return_value                     0x00000000   Number         0  stubs.o ABSOLUTE
    _printf_s                                0x00000000   Number         0  stubs.o ABSOLUTE
    _printf_sizespec                         0x00000000   Number         0  stubs.o ABSOLUTE
    _printf_str                              0x00000000   Number         0  stubs.o ABSOLUTE
    _printf_truncate_signed                  0x00000000   Number         0  stubs.o ABSOLUTE
    _printf_truncate_unsigned                0x00000000   Number         0  stubs.o ABSOLUTE
    _printf_u                                0x00000000   Number         0  stubs.o ABSOLUTE
    _printf_wc                               0x00000000   Number         0  stubs.o ABSOLUTE
    _printf_wctomb                           0x00000000   Number         0  stubs.o ABSOLUTE
    _printf_widthprec                        0x00000000   Number         0  stubs.o ABSOLUTE
    _printf_x                                0x00000000   Number         0  stubs.o ABSOLUTE
    __arm_fini_                               - Undefined Weak Reference
    __cpp_initialize__aeabi_                  - Undefined Weak Reference
    __cxa_finalize                            - Undefined Weak Reference
    __decompress                              - Undefined Weak Reference
    _clock_init                               - Undefined Weak Reference
    _microlib_exit                            - Undefined Weak Reference
    __Vectors_Size                           0x00000170   Number         0  startup_at32f415.o ABSOLUTE
    __Vectors                                0x08000000   Data           4  startup_at32f415.o(RESET)
    __Vectors_End                            0x08000170   Data           0  startup_at32f415.o(RESET)
    __main                                   0x08000171   Thumb Code     0  entry.o(.ARM.Collect$$$$00000000)
    _main_stk                                0x08000171   Thumb Code     0  entry2.o(.ARM.Collect$$$$00000001)
    _main_scatterload                        0x08000175   Thumb Code     0  entry5.o(.ARM.Collect$$$$00000004)
    __main_after_scatterload                 0x08000179   Thumb Code     0  entry5.o(.ARM.Collect$$$$00000004)
    _main_clock                              0x08000179   Thumb Code     0  entry7b.o(.ARM.Collect$$$$00000008)
    _main_cpp_init                           0x08000179   Thumb Code     0  entry8b.o(.ARM.Collect$$$$0000000A)
    _main_init                               0x08000179   Thumb Code     0  entry9a.o(.ARM.Collect$$$$0000000B)
    __rt_lib_shutdown_fini                   0x08000181   Thumb Code     0  entry12b.o(.ARM.Collect$$$$0000000E)
    __rt_final_cpp                           0x08000185   Thumb Code     0  entry10a.o(.ARM.Collect$$$$0000000F)
    __rt_final_exit                          0x08000185   Thumb Code     0  entry11a.o(.ARM.Collect$$$$00000011)
    Reset_Handler                            0x08000189   Thumb Code     8  startup_at32f415.o(.text)
    ADC1_IRQHandler                          0x080001a3   Thumb Code     0  startup_at32f415.o(.text)
    CAN1_RX0_IRQHandler                      0x080001a3   Thumb Code     0  startup_at32f415.o(.text)
    CAN1_RX1_IRQHandler                      0x080001a3   Thumb Code     0  startup_at32f415.o(.text)
    CAN1_SE_IRQHandler                       0x080001a3   Thumb Code     0  startup_at32f415.o(.text)
    CAN1_TX_IRQHandler                       0x080001a3   Thumb Code     0  startup_at32f415.o(.text)
    CMP1_IRQHandler                          0x080001a3   Thumb Code     0  startup_at32f415.o(.text)
    CMP2_IRQHandler                          0x080001a3   Thumb Code     0  startup_at32f415.o(.text)
    CRM_IRQHandler                           0x080001a3   Thumb Code     0  startup_at32f415.o(.text)
    DMA1_Channel1_IRQHandler                 0x080001a3   Thumb Code     0  startup_at32f415.o(.text)
    DMA1_Channel2_IRQHandler                 0x080001a3   Thumb Code     0  startup_at32f415.o(.text)
    DMA1_Channel3_IRQHandler                 0x080001a3   Thumb Code     0  startup_at32f415.o(.text)
    DMA1_Channel4_IRQHandler                 0x080001a3   Thumb Code     0  startup_at32f415.o(.text)
    DMA1_Channel5_IRQHandler                 0x080001a3   Thumb Code     0  startup_at32f415.o(.text)
    DMA1_Channel6_IRQHandler                 0x080001a3   Thumb Code     0  startup_at32f415.o(.text)
    DMA1_Channel7_IRQHandler                 0x080001a3   Thumb Code     0  startup_at32f415.o(.text)
    DMA2_Channel1_IRQHandler                 0x080001a3   Thumb Code     0  startup_at32f415.o(.text)
    DMA2_Channel2_IRQHandler                 0x080001a3   Thumb Code     0  startup_at32f415.o(.text)
    DMA2_Channel3_IRQHandler                 0x080001a3   Thumb Code     0  startup_at32f415.o(.text)
    DMA2_Channel4_5_IRQHandler               0x080001a3   Thumb Code     0  startup_at32f415.o(.text)
    DMA2_Channel6_7_IRQHandler               0x080001a3   Thumb Code     0  startup_at32f415.o(.text)
    ERTCAlarm_IRQHandler                     0x080001a3   Thumb Code     0  startup_at32f415.o(.text)
    ERTC_WKUP_IRQHandler                     0x080001a3   Thumb Code     0  startup_at32f415.o(.text)
    EXINT0_IRQHandler                        0x080001a3   Thumb Code     0  startup_at32f415.o(.text)
    EXINT15_10_IRQHandler                    0x080001a3   Thumb Code     0  startup_at32f415.o(.text)
    EXINT1_IRQHandler                        0x080001a3   Thumb Code     0  startup_at32f415.o(.text)
    EXINT2_IRQHandler                        0x080001a3   Thumb Code     0  startup_at32f415.o(.text)
    EXINT3_IRQHandler                        0x080001a3   Thumb Code     0  startup_at32f415.o(.text)
    EXINT4_IRQHandler                        0x080001a3   Thumb Code     0  startup_at32f415.o(.text)
    EXINT9_5_IRQHandler                      0x080001a3   Thumb Code     0  startup_at32f415.o(.text)
    FLASH_IRQHandler                         0x080001a3   Thumb Code     0  startup_at32f415.o(.text)
    I2C1_ERR_IRQHandler                      0x080001a3   Thumb Code     0  startup_at32f415.o(.text)
    I2C1_EVT_IRQHandler                      0x080001a3   Thumb Code     0  startup_at32f415.o(.text)
    I2C2_ERR_IRQHandler                      0x080001a3   Thumb Code     0  startup_at32f415.o(.text)
    I2C2_EVT_IRQHandler                      0x080001a3   Thumb Code     0  startup_at32f415.o(.text)
    PVM_IRQHandler                           0x080001a3   Thumb Code     0  startup_at32f415.o(.text)
    SDIO1_IRQHandler                         0x080001a3   Thumb Code     0  startup_at32f415.o(.text)
    TAMP_STAMP_IRQHandler                    0x080001a3   Thumb Code     0  startup_at32f415.o(.text)
    TMR1_BRK_TMR9_IRQHandler                 0x080001a3   Thumb Code     0  startup_at32f415.o(.text)
    TMR1_CH_IRQHandler                       0x080001a3   Thumb Code     0  startup_at32f415.o(.text)
    TMR1_OVF_TMR10_IRQHandler                0x080001a3   Thumb Code     0  startup_at32f415.o(.text)
    TMR1_TRG_HALL_TMR11_IRQHandler           0x080001a3   Thumb Code     0  startup_at32f415.o(.text)
    TMR2_GLOBAL_IRQHandler                   0x080001a3   Thumb Code     0  startup_at32f415.o(.text)
    TMR3_GLOBAL_IRQHandler                   0x080001a3   Thumb Code     0  startup_at32f415.o(.text)
    TMR4_GLOBAL_IRQHandler                   0x080001a3   Thumb Code     0  startup_at32f415.o(.text)
    TMR5_GLOBAL_IRQHandler                   0x080001a3   Thumb Code     0  startup_at32f415.o(.text)
    UART4_IRQHandler                         0x080001a3   Thumb Code     0  startup_at32f415.o(.text)
    UART5_IRQHandler                         0x080001a3   Thumb Code     0  startup_at32f415.o(.text)
    WWDT_IRQHandler                          0x080001a3   Thumb Code     0  startup_at32f415.o(.text)
    __aeabi_uldivmod                         0x080001ad   Thumb Code    98  uldiv.o(.text)
    strlen                                   0x0800020f   Thumb Code    14  strlen.o(.text)
    __aeabi_uidiv                            0x0800021d   Thumb Code     0  uidiv.o(.text)
    __aeabi_uidivmod                         0x0800021d   Thumb Code    44  uidiv.o(.text)
    __aeabi_llsl                             0x08000249   Thumb Code    30  llshl.o(.text)
    _ll_shift_l                              0x08000249   Thumb Code     0  llshl.o(.text)
    __aeabi_llsr                             0x08000267   Thumb Code    32  llushr.o(.text)
    _ll_ushift_r                             0x08000267   Thumb Code     0  llushr.o(.text)
    __scatterload                            0x08000289   Thumb Code    28  init.o(.text)
    __scatterload_rt2                        0x08000289   Thumb Code     0  init.o(.text)
    API_Index                                0x080002ad   Thumb Code    28  api.o(i.API_Index)
    BusFault_Handler                         0x080002e1   Thumb Code     4  at32f415_int.o(i.BusFault_Handler)
    CRC16_CCITT_CalateByte                   0x080002e5   Thumb Code    20  check_crc16.o(i.CRC16_CCITT_CalateByte)
    CRC16_CCITT_CalculateBuf                 0x080002fd   Thumb Code    36  check_crc16.o(i.CRC16_CCITT_CalculateBuf)
    DebugMon_Handler                         0x08000321   Thumb Code     2  at32f415_int.o(i.DebugMon_Handler)
    Debug_Out                                0x08000323   Thumb Code    14  mode.o(i.Debug_Out)
    Find_Data                                0x08000331   Thumb Code    28  data_handle.o(i.Find_Data)
    GET_SysTick                              0x0800034d   Thumb Code    64  base_sys_time.o(i.GET_SysTick)
    Get_Lose_Tiem                            0x08000395   Thumb Code    62  mode_time.o(i.Get_Lose_Tiem)
    Get_TIME                                 0x08000409   Thumb Code   130  mode_time.o(i.Get_TIME)
    HardFault_Handler                        0x0800049d   Thumb Code     4  at32f415_int.o(i.HardFault_Handler)
    Hourly_to_Seconds                        0x080004a1   Thumb Code    50  time_handle.o(i.Hourly_to_Seconds)
    KEY_GPIO_Init                            0x080004d9   Thumb Code    86  base_exist_gpio.o(i.KEY_GPIO_Init)
    KEY_Init                                 0x08000539   Thumb Code    36  key.o(i.KEY_Init)
    KEY_State                                0x0800055d   Thumb Code    38  key.o(i.KEY_State)
    LCD_Address_Set                          0x08000589   Thumb Code    58  lcd.o(i.LCD_Address_Set)
    LCD_Draw_Circle                          0x080005db   Thumb Code   158  lcd.o(i.LCD_Draw_Circle)
    LCD_Draw_Line                            0x08000679   Thumb Code   172  lcd.o(i.LCD_Draw_Line)
    LCD_Draw_Point                           0x08000725   Thumb Code    28  lcd.o(i.LCD_Draw_Point)
    LCD_Draw_Rectangle                       0x08000741   Thumb Code    74  lcd.o(i.LCD_Draw_Rectangle)
    LCD_Fill                                 0x0800078b   Thumb Code    62  lcd.o(i.LCD_Fill)
    LCD_GPIO_Init                            0x080007c9   Thumb Code    88  base_exist_gpio.o(i.LCD_GPIO_Init)
    LCD_Init                                 0x08000829   Thumb Code   426  lcd.o(i.LCD_Init)
    LCD_Show_Char                            0x080009d9   Thumb Code   298  lcd.o(i.LCD_Show_Char)
    LCD_Show_Chinese                         0x08000b11   Thumb Code    88  lcd.o(i.LCD_Show_Chinese)
    LCD_Show_Chinese24x24                    0x08000b69   Thumb Code     8  lcd.o(i.LCD_Show_Chinese24x24)
    LCD_Show_Chinese32x32                    0x08000b71   Thumb Code     8  lcd.o(i.LCD_Show_Chinese32x32)
    LCD_Show_Picture                         0x08000b79   Thumb Code   102  lcd.o(i.LCD_Show_Picture)
    LCD_Show_String                          0x08000bdf   Thumb Code   110  lcd.o(i.LCD_Show_String)
    LCD_WR_CMD                               0x08000c4d   Thumb Code    46  lcd.o(i.LCD_WR_CMD)
    LCD_WR_DATA                              0x08000c81   Thumb Code    34  lcd.o(i.LCD_WR_DATA)
    LCD_WR_DATA8                             0x08000ca3   Thumb Code    28  lcd.o(i.LCD_WR_DATA8)
    LCD_Writ_Bus                             0x08000cbf   Thumb Code    12  lcd.o(i.LCD_Writ_Bus)
    Main_Init                                0x08000ccd   Thumb Code    90  main.o(i.Main_Init)
    MemManage_Handler                        0x08000d55   Thumb Code     4  at32f415_int.o(i.MemManage_Handler)
    Mode_Index                               0x08000d59   Thumb Code    26  mode.o(i.Mode_Index)
    NMI_Handler                              0x08000e39   Thumb Code     2  at32f415_int.o(i.NMI_Handler)
    OTGFS1_IRQHandler                        0x08000e3d   Thumb Code    10  usb_user.o(i.OTGFS1_IRQHandler)
    OTGFS1_WKUP_IRQHandler                   0x08000e4d   Thumb Code    12  usb_user.o(i.OTGFS1_WKUP_IRQHandler)
    Over_Time                                0x08000e59   Thumb Code   204  time_handle.o(i.Over_Time)
    PendSV_Handler                           0x08000f2d   Thumb Code     2  at32f415_int.o(i.PendSV_Handler)
    SET_SysTick                              0x08000f31   Thumb Code    58  base_sys_time.o(i.SET_SysTick)
    SPI1_IRQHandler                          0x08000f75   Thumb Code    50  base_spi.o(i.SPI1_IRQHandler)
    SPI2_GPIO_Init                           0x08000fb1   Thumb Code   146  base_spi.o(i.SPI2_GPIO_Init)
    SPI2_IRQHandler                          0x0800104d   Thumb Code    24  base_spi.o(i.SPI2_IRQHandler)
    SPI_CS_Set                               0x08001069   Thumb Code    54  base_spi.o(i.SPI_CS_Set)
    SPI_Send_DATA                            0x080010a5   Thumb Code    48  base_spi.o(i.SPI_Send_DATA)
    SPI_Start_Init                           0x080010d9   Thumb Code   140  base_spi.o(i.SPI_Start_Init)
    SVC_Handler                              0x0800116d   Thumb Code     2  at32f415_int.o(i.SVC_Handler)
    SYS_Delay_S                              0x0800116f   Thumb Code    24  base_sys_time.o(i.SYS_Delay_S)
    SYS_Delay_ms                             0x08001189   Thumb Code   106  base_sys_time.o(i.SYS_Delay_ms)
    SYS_Delay_us                             0x08001201   Thumb Code   106  base_sys_time.o(i.SYS_Delay_us)
    Seconds_to_Hourly                        0x08001279   Thumb Code    78  time_handle.o(i.Seconds_to_Hourly)
    Set_TIME                                 0x080012c9   Thumb Code    30  mode_time.o(i.Set_TIME)
    SysTick_Handler                          0x080012ed   Thumb Code    12  base_sys_time.o(i.SysTick_Handler)
    Sys_Clock_Init                           0x080012fd   Thumb Code    52  mode_time.o(i.Sys_Clock_Init)
    Sys_Time_Init                            0x08001345   Thumb Code   178  base_sys_time.o(i.Sys_Time_Init)
    SystemInit                               0x08001419   Thumb Code   138  system_at32f415.o(i.SystemInit)
    UART_RXD_Flag                            0x080014b5   Thumb Code    74  base_uart.o(i.UART_RXD_Flag)
    UART_RXD_Flag_Clear                      0x08001515   Thumb Code    70  base_uart.o(i.UART_RXD_Flag_Clear)
    UART_RXD_Receive                         0x08001571   Thumb Code    70  base_uart.o(i.UART_RXD_Receive)
    UART_Send_Data                           0x080015cd   Thumb Code    54  mode_uart.o(i.UART_Send_Data)
    UART_Send_String                         0x08001603   Thumb Code    26  mode_uart.o(i.UART_Send_String)
    UART_TXD_Send                            0x0800161d   Thumb Code    88  base_uart.o(i.UART_TXD_Send)
    USART1_IRQHandler                        0x08001689   Thumb Code    48  mode_uart.o(i.USART1_IRQHandler)
    USART2_IRQHandler                        0x080016bd   Thumb Code    48  mode_uart.o(i.USART2_IRQHandler)
    USART3_IRQHandler                        0x080016f1   Thumb Code    48  mode_uart.o(i.USART3_IRQHandler)
    Uart1_Init                               0x08001725   Thumb Code   198  base_uart.o(i.Uart1_Init)
    Uart2_Init                               0x08001801   Thumb Code   192  base_uart.o(i.Uart2_Init)
    Uart3_Init                               0x080018d9   Thumb Code   214  base_uart.o(i.Uart3_Init)
    Uart4_Init                               0x080019cd   Thumb Code   196  base_uart.o(i.Uart4_Init)
    Uart_Init                                0x08001aa9   Thumb Code   104  mode_uart.o(i.Uart_Init)
    UsageFault_Handler                       0x08001b25   Thumb Code     4  at32f415_int.o(i.UsageFault_Handler)
    __0printf$1                              0x08001b29   Thumb Code    22  printf1.o(i.__0printf$1)
    __1printf$1                              0x08001b29   Thumb Code     0  printf1.o(i.__0printf$1)
    __2printf                                0x08001b29   Thumb Code     0  printf1.o(i.__0printf$1)
    __scatterload_copy                       0x08001b49   Thumb Code    14  handlers.o(i.__scatterload_copy)
    __scatterload_null                       0x08001b57   Thumb Code     2  handlers.o(i.__scatterload_null)
    __scatterload_zeroinit                   0x08001b59   Thumb Code    14  handlers.o(i.__scatterload_zeroinit)
    crm_ahb_div_set                          0x08001cbd   Thumb Code    14  at32f415_crm.o(i.crm_ahb_div_set)
    crm_apb1_div_set                         0x08001cd1   Thumb Code    14  at32f415_crm.o(i.crm_apb1_div_set)
    crm_apb2_div_set                         0x08001ce5   Thumb Code    14  at32f415_crm.o(i.crm_apb2_div_set)
    crm_auto_step_mode_enable                0x08001cf9   Thumb Code    34  at32f415_crm.o(i.crm_auto_step_mode_enable)
    crm_clock_source_enable                  0x08001d21   Thumb Code    90  at32f415_crm.o(i.crm_clock_source_enable)
    crm_clocks_freq_get                      0x08001d81   Thumb Code   396  at32f415_crm.o(i.crm_clocks_freq_get)
    crm_flag_get                             0x08001f2d   Thumb Code    42  at32f415_crm.o(i.crm_flag_get)
    crm_hick_divider_select                  0x08001f5d   Thumb Code    14  at32f415_crm.o(i.crm_hick_divider_select)
    crm_hick_sclk_frequency_select           0x08001f71   Thumb Code    24  at32f415_crm.o(i.crm_hick_sclk_frequency_select)
    crm_periph_clock_enable                  0x08001f8d   Thumb Code    62  at32f415_crm.o(i.crm_periph_clock_enable)
    crm_periph_reset                         0x08001fd1   Thumb Code    62  at32f415_crm.o(i.crm_periph_reset)
    crm_pll_config                           0x08002015   Thumb Code   210  at32f415_crm.o(i.crm_pll_config)
    crm_reset                                0x0800211d   Thumb Code    90  at32f415_crm.o(i.crm_reset)
    crm_sysclk_switch                        0x08002181   Thumb Code    14  at32f415_crm.o(i.crm_sysclk_switch)
    crm_sysclk_switch_status_get             0x08002195   Thumb Code    10  at32f415_crm.o(i.crm_sysclk_switch_status_get)
    crm_usb_clock_div_set                    0x080021a5   Thumb Code    28  at32f415_crm.o(i.crm_usb_clock_div_set)
    crm_usb_clock_source_select              0x080021c5   Thumb Code    26  at32f415_crm.o(i.crm_usb_clock_source_select)
    exint_flag_clear                         0x080021e5   Thumb Code     6  at32f415_exint.o(i.exint_flag_clear)
    fputc                                    0x080021f1   Thumb Code    18  base_uart.o(i.fputc)
    gpio_default_para_init                   0x08002203   Thumb Code    22  at32f415_gpio.o(i.gpio_default_para_init)
    gpio_init                                0x08002219   Thumb Code   168  at32f415_gpio.o(i.gpio_init)
    gpio_input_data_bit_read                 0x080022c1   Thumb Code    18  at32f415_gpio.o(i.gpio_input_data_bit_read)
    gpio_pin_remap_config                    0x080022d5   Thumb Code    70  at32f415_gpio.o(i.gpio_pin_remap_config)
    main                                     0x08002321   Thumb Code   204  main.o(i.main)
    nvic_irq_enable                          0x08002411   Thumb Code   190  at32f415_misc.o(i.nvic_irq_enable)
    nvic_priority_group_config               0x080024d9   Thumb Code    32  at32f415_misc.o(i.nvic_priority_group_config)
    spi_default_para_init                    0x08002501   Thumb Code    22  at32f415_spi.o(i.spi_default_para_init)
    spi_enable                               0x08002517   Thumb Code    10  at32f415_spi.o(i.spi_enable)
    spi_i2s_data_transmit                    0x08002521   Thumb Code     4  at32f415_spi.o(i.spi_i2s_data_transmit)
    spi_i2s_flag_get                         0x08002525   Thumb Code    16  at32f415_spi.o(i.spi_i2s_flag_get)
    spi_i2s_interrupt_enable                 0x08002535   Thumb Code    18  at32f415_spi.o(i.spi_i2s_interrupt_enable)
    spi_i2s_reset                            0x08002549   Thumb Code    56  at32f415_spi.o(i.spi_i2s_reset)
    spi_init                                 0x08002589   Thumb Code   292  at32f415_spi.o(i.spi_init)
    system_clock_config                      0x080026ad   Thumb Code     8  at32f415_clock.o(i.system_clock_config)
    system_clock_hext_config                 0x080026b5   Thumb Code   126  at32f415_clock.o(i.system_clock_hext_config)
    system_core_clock_update                 0x08002739   Thumb Code   316  system_at32f415.o(i.system_core_clock_update)
    systick_clock_source_config              0x0800288d   Thumb Code    40  at32f415_misc.o(i.systick_clock_source_config)
    usart_data_receive                       0x080028b5   Thumb Code     8  at32f415_usart.o(i.usart_data_receive)
    usart_data_transmit                      0x080028bd   Thumb Code     8  at32f415_usart.o(i.usart_data_transmit)
    usart_enable                             0x080028c5   Thumb Code    10  at32f415_usart.o(i.usart_enable)
    usart_flag_clear                         0x080028cf   Thumb Code    18  at32f415_usart.o(i.usart_flag_clear)
    usart_flag_get                           0x080028e1   Thumb Code    16  at32f415_usart.o(i.usart_flag_get)
    usart_init                               0x080028f1   Thumb Code   102  at32f415_usart.o(i.usart_init)
    usart_interrupt_enable                   0x0800295d   Thumb Code    54  at32f415_usart.o(i.usart_interrupt_enable)
    usart_parity_selection_config            0x08002993   Thumb Code    76  at32f415_usart.o(i.usart_parity_selection_config)
    usart_receiver_enable                    0x080029df   Thumb Code    10  at32f415_usart.o(i.usart_receiver_enable)
    usart_reset                              0x080029e9   Thumb Code   124  at32f415_usart.o(i.usart_reset)
    usart_transmitter_enable                 0x08002a7d   Thumb Code    10  at32f415_usart.o(i.usart_transmitter_enable)
    usb_ept0_setup                           0x08002a87   Thumb Code    34  at32f415_usb.o(i.usb_ept0_setup)
    usb_ept0_start                           0x08002aa9   Thumb Code    44  at32f415_usb.o(i.usb_ept0_start)
    usb_ept_clear_stall                      0x08002ad5   Thumb Code   146  at32f415_usb.o(i.usb_ept_clear_stall)
    usb_ept_in_clear                         0x08002b67   Thumb Code    12  at32f415_usb.o(i.usb_ept_in_clear)
    usb_ept_in_interrupt                     0x08002b73   Thumb Code    44  at32f415_usb.o(i.usb_ept_in_interrupt)
    usb_ept_open                             0x08002b9f   Thumb Code   416  at32f415_usb.o(i.usb_ept_open)
    usb_ept_out_clear                        0x08002d3f   Thumb Code    12  at32f415_usb.o(i.usb_ept_out_clear)
    usb_ept_out_interrupt                    0x08002d4b   Thumb Code    22  at32f415_usb.o(i.usb_ept_out_interrupt)
    usb_ept_stall                            0x08002d61   Thumb Code   146  at32f415_usb.o(i.usb_ept_stall)
    usb_flush_tx_fifo                        0x08002df5   Thumb Code    50  at32f415_usb.o(i.usb_flush_tx_fifo)
    usb_get_all_in_interrupt                 0x08002e2d   Thumb Code    18  at32f415_usb.o(i.usb_get_all_in_interrupt)
    usb_get_all_out_interrupt                0x08002e3f   Thumb Code    18  at32f415_usb.o(i.usb_get_all_out_interrupt)
    usb_global_clear_interrupt               0x08002e51   Thumb Code     4  at32f415_usb.o(i.usb_global_clear_interrupt)
    usb_global_get_all_interrupt             0x08002e55   Thumb Code    10  at32f415_usb.o(i.usb_global_get_all_interrupt)
    usb_global_interrupt_enable              0x08002e5f   Thumb Code    20  at32f415_usb.o(i.usb_global_interrupt_enable)
    usb_open_phy_clk                         0x08002e73   Thumb Code    14  at32f415_usb.o(i.usb_open_phy_clk)
    usb_read_packet                          0x08002e81   Thumb Code    42  at32f415_usb.o(i.usb_read_packet)
    usb_set_address                          0x08002eab   Thumb Code    14  at32f415_usb.o(i.usb_set_address)
    usb_set_rx_fifo                          0x08002eb9   Thumb Code     4  at32f415_usb.o(i.usb_set_rx_fifo)
    usb_set_tx_fifo                          0x08002ebd   Thumb Code    66  at32f415_usb.o(i.usb_set_tx_fifo)
    usb_stop_phy_clk                         0x08002eff   Thumb Code    16  at32f415_usb.o(i.usb_stop_phy_clk)
    usb_suspend_status_get                   0x08002f0f   Thumb Code    14  at32f415_usb.o(i.usb_suspend_status_get)
    usb_write_empty_txfifo                   0x08002f1d   Thumb Code   152  usbd_int.o(i.usb_write_empty_txfifo)
    usb_write_packet                         0x08002fb5   Thumb Code    48  at32f415_usb.o(i.usb_write_packet)
    usbd_clear_stall                         0x08003039   Thumb Code    74  usbd_core.o(i.usbd_clear_stall)
    usbd_core_in_handler                     0x08003083   Thumb Code   194  usbd_core.o(i.usbd_core_in_handler)
    usbd_core_out_handler                    0x08003145   Thumb Code   128  usbd_core.o(i.usbd_core_out_handler)
    usbd_core_setup_handler                  0x080031c5   Thumb Code    84  usbd_core.o(i.usbd_core_setup_handler)
    usbd_ctrl_recv_status                    0x08003219   Thumb Code    24  usbd_core.o(i.usbd_ctrl_recv_status)
    usbd_ctrl_send                           0x08003231   Thumb Code    40  usbd_core.o(i.usbd_ctrl_send)
    usbd_ctrl_send_status                    0x08003259   Thumb Code    24  usbd_core.o(i.usbd_ctrl_send_status)
    usbd_ctrl_unsupport                      0x08003271   Thumb Code    22  usbd_core.o(i.usbd_ctrl_unsupport)
    usbd_device_request                      0x08003287   Thumb Code   128  usbd_sdr.o(i.usbd_device_request)
    usbd_endpoint_request                    0x08003307   Thumb Code   348  usbd_sdr.o(i.usbd_endpoint_request)
    usbd_enter_suspend                       0x08003463   Thumb Code    22  usbd_core.o(i.usbd_enter_suspend)
    usbd_enumdone_handler                    0x08003479   Thumb Code    70  usbd_int.o(i.usbd_enumdone_handler)
    usbd_ept_open                            0x080034bf   Thumb Code    90  usbd_core.o(i.usbd_ept_open)
    usbd_ept_recv                            0x08003519   Thumb Code   276  usbd_core.o(i.usbd_ept_recv)
    usbd_ept_send                            0x0800362d   Thumb Code   298  usbd_core.o(i.usbd_ept_send)
    usbd_fifo_alloc                          0x08003757   Thumb Code    62  usbd_core.o(i.usbd_fifo_alloc)
    usbd_incomisioin_handler                 0x08003921   Thumb Code    22  usbd_int.o(i.usbd_incomisioin_handler)
    usbd_incomisoout_handler                 0x08003937   Thumb Code    22  usbd_int.o(i.usbd_incomisoout_handler)
    usbd_inept_handler                       0x0800394d   Thumb Code   172  usbd_int.o(i.usbd_inept_handler)
    usbd_interface_request                   0x080039f9   Thumb Code    56  usbd_sdr.o(i.usbd_interface_request)
    usbd_irq_handler                         0x08003a31   Thumb Code   234  usbd_int.o(i.usbd_irq_handler)
    usbd_outept_handler                      0x08003b1b   Thumb Code   146  usbd_int.o(i.usbd_outept_handler)
    usbd_reset_handler                       0x08003bad   Thumb Code   180  usbd_int.o(i.usbd_reset_handler)
    usbd_rxflvl_handler                      0x08003c61   Thumb Code   130  usbd_int.o(i.usbd_rxflvl_handler)
    usbd_set_stall                           0x08003e27   Thumb Code    74  usbd_core.o(i.usbd_set_stall)
    usbd_setup_request_parse                 0x08003e71   Thumb Code    40  usbd_sdr.o(i.usbd_setup_request_parse)
    usbd_sof_handler                         0x08003e99   Thumb Code    20  usbd_int.o(i.usbd_sof_handler)
    usbd_suspend_handler                     0x08003ead   Thumb Code    56  usbd_int.o(i.usbd_suspend_handler)
    usbd_wakeup_handler                      0x08003ee5   Thumb Code    54  usbd_int.o(i.usbd_wakeup_handler)
    gImage_maoL                              0x08003f1a   Data       115208  main.o(.constdata)
    gImage_fan                               0x08020122   Data       115208  main.o(.constdata)
    ascii_1608                               0x0803c32a   Data        1520  lcd.o(.constdata)
    ascii_2412                               0x0803c91a   Data        4560  lcd.o(.constdata)
    ascii_3216                               0x0803daea   Data        6080  lcd.o(.constdata)
    Region$$Table$$Base                      0x0803f4e4   Number         0  anon$$obj.o(Region$$Table)
    Region$$Table$$Limit                     0x0803f504   Number         0  anon$$obj.o(Region$$Table)
    temp                                     0x20000000   Data           4  main.o(.data)
    i                                        0x20000004   Data           4  main.o(.data)
    Temp_SPI                                 0x20000008   Data           4  base_spi.o(.data)
    SPI_complete_flag                        0x2000000c   Data           2  base_spi.o(.data)
    Tick_Full                                0x20000010   Data           4  base_sys_time.o(.data)
    Freq_ms                                  0x20000014   Data           4  base_sys_time.o(.data)
    Freq_us                                  0x20000018   Data           4  base_sys_time.o(.data)
    SYS_Ticktime                             0x2000001c   Data           8  base_sys_time.o(.data)
    SYS_Time                                 0x20000028   Data          20  mode_time.o(.data)
    Tick_Freq                                0x2000003c   Data           4  mode_time.o(.data)
    Tick_ms                                  0x20000040   Data           4  mode_time.o(.data)
    Tick_us                                  0x20000044   Data           4  mode_time.o(.data)
    BACK_COLOR                               0x20000048   Data           2  lcd.o(.data)
    system_core_clock                        0x2000004c   Data           4  system_at32f415.o(.data)
    __stdout                                 0x20000054   Data           4  stdout.o(.data)
    otg_core_struct                          0x20000058   Data         420  usb_user.o(.bss)
    Mode_Init                                0x200001fc   Data          20  mode.o(.bss)
    Mode_User                                0x20000210   Data          76  mode.o(.bss)
    UART1_Data                               0x2000025c   Data         224  mode_uart.o(.bss)
    UART2_Data                               0x2000033c   Data         224  mode_uart.o(.bss)
    UART3_Data                               0x2000041c   Data         224  mode_uart.o(.bss)
    UART4_Data                               0x200004fc   Data         224  mode_uart.o(.bss)
    CV_UART                                  0x200005dc   Data          24  mode_uart.o(.bss)
    API                                      0x200005f4   Data          20  api.o(.bss)
    __initial_sp                             0x20000a08   Data           0  startup_at32f415.o(STACK)



==============================================================================

Memory Map of the image

  Image Entry point : 0x08000171

  Load Region LR_IROM1 (Base: 0x08000000, Size: 0x0003f55c, Max: 0x00040000, ABSOLUTE)

    Execution Region ER_IROM1 (Exec base: 0x08000000, Load base: 0x08000000, Size: 0x0003f504, Max: 0x00040000, ABSOLUTE)

    Exec Addr    Load Addr    Size         Type   Attr      Idx    E Section Name        Object

    0x08000000   0x08000000   0x00000170   Data   RO         2099    RESET               startup_at32f415.o
    0x08000170   0x08000170   0x00000000   Code   RO         5708  * .ARM.Collect$$$$00000000  mc_w.l(entry.o)
    0x08000170   0x08000170   0x00000004   Code   RO         5988    .ARM.Collect$$$$00000001  mc_w.l(entry2.o)
    0x08000174   0x08000174   0x00000004   Code   RO         5991    .ARM.Collect$$$$00000004  mc_w.l(entry5.o)
    0x08000178   0x08000178   0x00000000   Code   RO         5993    .ARM.Collect$$$$00000008  mc_w.l(entry7b.o)
    0x08000178   0x08000178   0x00000000   Code   RO         5995    .ARM.Collect$$$$0000000A  mc_w.l(entry8b.o)
    0x08000178   0x08000178   0x00000008   Code   RO         5996    .ARM.Collect$$$$0000000B  mc_w.l(entry9a.o)
    0x08000180   0x08000180   0x00000004   Code   RO         6003    .ARM.Collect$$$$0000000E  mc_w.l(entry12b.o)
    0x08000184   0x08000184   0x00000000   Code   RO         5998    .ARM.Collect$$$$0000000F  mc_w.l(entry10a.o)
    0x08000184   0x08000184   0x00000000   Code   RO         6000    .ARM.Collect$$$$00000011  mc_w.l(entry11a.o)
    0x08000184   0x08000184   0x00000004   Code   RO         5989    .ARM.Collect$$$$00002712  mc_w.l(entry2.o)
    0x08000188   0x08000188   0x00000024   Code   RO         2100    .text               startup_at32f415.o
    0x080001ac   0x080001ac   0x00000062   Code   RO         5711    .text               mc_w.l(uldiv.o)
    0x0800020e   0x0800020e   0x0000000e   Code   RO         5715    .text               mc_w.l(strlen.o)
    0x0800021c   0x0800021c   0x0000002c   Code   RO         6005    .text               mc_w.l(uidiv.o)
    0x08000248   0x08000248   0x0000001e   Code   RO         6007    .text               mc_w.l(llshl.o)
    0x08000266   0x08000266   0x00000020   Code   RO         6009    .text               mc_w.l(llushr.o)
    0x08000286   0x08000286   0x00000002   PAD
    0x08000288   0x08000288   0x00000024   Code   RO         6033    .text               mc_w.l(init.o)
    0x080002ac   0x080002ac   0x00000034   Code   RO         1848    i.API_Index         api.o
    0x080002e0   0x080002e0   0x00000004   Code   RO         1994    i.BusFault_Handler  at32f415_int.o
    0x080002e4   0x080002e4   0x00000018   Code   RO         1867    i.CRC16_CCITT_CalateByte  check_crc16.o
    0x080002fc   0x080002fc   0x00000024   Code   RO         1868    i.CRC16_CCITT_CalculateBuf  check_crc16.o
    0x08000320   0x08000320   0x00000002   Code   RO         1995    i.DebugMon_Handler  at32f415_int.o
    0x08000322   0x08000322   0x0000000e   Code   RO         1334    i.Debug_Out         mode.o
    0x08000330   0x08000330   0x0000001c   Code   RO         1893    i.Find_Data         data_handle.o
    0x0800034c   0x0800034c   0x00000048   Code   RO          633    i.GET_SysTick       base_sys_time.o
    0x08000394   0x08000394   0x0000003e   Code   RO         1432    i.Get_Lose_Tiem     mode_time.o
    0x080003d2   0x080003d2   0x00000034   Code   RO         1498    i.Get_RXD           mode_uart.o
    0x08000406   0x08000406   0x00000002   PAD
    0x08000408   0x08000408   0x00000094   Code   RO         1433    i.Get_TIME          mode_time.o
    0x0800049c   0x0800049c   0x00000004   Code   RO         1996    i.HardFault_Handler  at32f415_int.o
    0x080004a0   0x080004a0   0x00000038   Code   RO         1931    i.Hourly_to_Seconds  time_handle.o
    0x080004d8   0x080004d8   0x00000060   Code   RO          290    i.KEY_GPIO_Init     base_exist_gpio.o
    0x08000538   0x08000538   0x00000024   Code   RO         1241    i.KEY_Init          key.o
    0x0800055c   0x0800055c   0x0000002c   Code   RO         1242    i.KEY_State         key.o
    0x08000588   0x08000588   0x0000003a   Code   RO         1704    i.LCD_Address_Set   lcd.o
    0x080005c2   0x080005c2   0x00000018   Code   RO         1705    i.LCD_Delay         lcd.o
    0x080005da   0x080005da   0x0000009e   Code   RO         1706    i.LCD_Draw_Circle   lcd.o
    0x08000678   0x08000678   0x000000ac   Code   RO         1707    i.LCD_Draw_Line     lcd.o
    0x08000724   0x08000724   0x0000001c   Code   RO         1708    i.LCD_Draw_Point    lcd.o
    0x08000740   0x08000740   0x0000004a   Code   RO         1709    i.LCD_Draw_Rectangle  lcd.o
    0x0800078a   0x0800078a   0x0000003e   Code   RO         1710    i.LCD_Fill          lcd.o
    0x080007c8   0x080007c8   0x00000060   Code   RO          291    i.LCD_GPIO_Init     base_exist_gpio.o
    0x08000828   0x08000828   0x000001b0   Code   RO         1711    i.LCD_Init          lcd.o
    0x080009d8   0x080009d8   0x00000138   Code   RO         1713    i.LCD_Show_Char     lcd.o
    0x08000b10   0x08000b10   0x00000058   Code   RO         1714    i.LCD_Show_Chinese  lcd.o
    0x08000b68   0x08000b68   0x00000008   Code   RO         1715    i.LCD_Show_Chinese24x24  lcd.o
    0x08000b70   0x08000b70   0x00000008   Code   RO         1716    i.LCD_Show_Chinese32x32  lcd.o
    0x08000b78   0x08000b78   0x00000066   Code   RO         1717    i.LCD_Show_Picture  lcd.o
    0x08000bde   0x08000bde   0x0000006e   Code   RO         1718    i.LCD_Show_String   lcd.o
    0x08000c4c   0x08000c4c   0x00000034   Code   RO         1719    i.LCD_WR_CMD        lcd.o
    0x08000c80   0x08000c80   0x00000022   Code   RO         1720    i.LCD_WR_DATA       lcd.o
    0x08000ca2   0x08000ca2   0x0000001c   Code   RO         1721    i.LCD_WR_DATA8      lcd.o
    0x08000cbe   0x08000cbe   0x0000000c   Code   RO         1722    i.LCD_Writ_Bus      lcd.o
    0x08000cca   0x08000cca   0x00000002   PAD
    0x08000ccc   0x08000ccc   0x00000088   Code   RO            4    i.Main_Init         main.o
    0x08000d54   0x08000d54   0x00000004   Code   RO         1997    i.MemManage_Handler  at32f415_int.o
    0x08000d58   0x08000d58   0x00000030   Code   RO         1335    i.Mode_Index        mode.o
    0x08000d88   0x08000d88   0x000000b0   Code   RO         1336    i.Mode_User_index   mode.o
    0x08000e38   0x08000e38   0x00000002   Code   RO         1998    i.NMI_Handler       at32f415_int.o
    0x08000e3a   0x08000e3a   0x00000002   PAD
    0x08000e3c   0x08000e3c   0x00000010   Code   RO          783    i.OTGFS1_IRQHandler  usb_user.o
    0x08000e4c   0x08000e4c   0x0000000c   Code   RO          784    i.OTGFS1_WKUP_IRQHandler  usb_user.o
    0x08000e58   0x08000e58   0x000000d4   Code   RO         1932    i.Over_Time         time_handle.o
    0x08000f2c   0x08000f2c   0x00000002   Code   RO         1999    i.PendSV_Handler    at32f415_int.o
    0x08000f2e   0x08000f2e   0x00000002   PAD
    0x08000f30   0x08000f30   0x00000044   Code   RO          634    i.SET_SysTick       base_sys_time.o
    0x08000f74   0x08000f74   0x0000003c   Code   RO          537    i.SPI1_IRQHandler   base_spi.o
    0x08000fb0   0x08000fb0   0x0000009c   Code   RO          539    i.SPI2_GPIO_Init    base_spi.o
    0x0800104c   0x0800104c   0x0000001c   Code   RO          540    i.SPI2_IRQHandler   base_spi.o
    0x08001068   0x08001068   0x0000003c   Code   RO          541    i.SPI_CS_Set        base_spi.o
    0x080010a4   0x080010a4   0x00000034   Code   RO          545    i.SPI_Send_DATA     base_spi.o
    0x080010d8   0x080010d8   0x00000094   Code   RO          547    i.SPI_Start_Init    base_spi.o
    0x0800116c   0x0800116c   0x00000002   Code   RO         2000    i.SVC_Handler       at32f415_int.o
    0x0800116e   0x0800116e   0x00000018   Code   RO          635    i.SYS_Delay_S       base_sys_time.o
    0x08001186   0x08001186   0x00000002   PAD
    0x08001188   0x08001188   0x00000078   Code   RO          636    i.SYS_Delay_ms      base_sys_time.o
    0x08001200   0x08001200   0x00000078   Code   RO          637    i.SYS_Delay_us      base_sys_time.o
    0x08001278   0x08001278   0x0000004e   Code   RO         1933    i.Seconds_to_Hourly  time_handle.o
    0x080012c6   0x080012c6   0x00000002   PAD
    0x080012c8   0x080012c8   0x00000024   Code   RO         1434    i.Set_TIME          mode_time.o
    0x080012ec   0x080012ec   0x00000010   Code   RO          638    i.SysTick_Handler   base_sys_time.o
    0x080012fc   0x080012fc   0x00000048   Code   RO         1435    i.Sys_Clock_Init    mode_time.o
    0x08001344   0x08001344   0x000000d4   Code   RO          639    i.Sys_Time_Init     base_sys_time.o
    0x08001418   0x08001418   0x0000009c   Code   RO         2063    i.SystemInit        system_at32f415.o
    0x080014b4   0x080014b4   0x00000060   Code   RO          703    i.UART_RXD_Flag     base_uart.o
    0x08001514   0x08001514   0x0000005c   Code   RO          704    i.UART_RXD_Flag_Clear  base_uart.o
    0x08001570   0x08001570   0x0000005c   Code   RO          705    i.UART_RXD_Receive  base_uart.o
    0x080015cc   0x080015cc   0x00000036   Code   RO         1499    i.UART_Send_Data    mode_uart.o
    0x08001602   0x08001602   0x0000001a   Code   RO         1500    i.UART_Send_String  mode_uart.o
    0x0800161c   0x0800161c   0x0000006c   Code   RO          706    i.UART_TXD_Send     base_uart.o
    0x08001688   0x08001688   0x00000034   Code   RO         1501    i.USART1_IRQHandler  mode_uart.o
    0x080016bc   0x080016bc   0x00000034   Code   RO         1502    i.USART2_IRQHandler  mode_uart.o
    0x080016f0   0x080016f0   0x00000034   Code   RO         1503    i.USART3_IRQHandler  mode_uart.o
    0x08001724   0x08001724   0x000000dc   Code   RO          707    i.Uart1_Init        base_uart.o
    0x08001800   0x08001800   0x000000d8   Code   RO          708    i.Uart2_Init        base_uart.o
    0x080018d8   0x080018d8   0x000000f4   Code   RO          709    i.Uart3_Init        base_uart.o
    0x080019cc   0x080019cc   0x000000dc   Code   RO          710    i.Uart4_Init        base_uart.o
    0x08001aa8   0x08001aa8   0x0000007c   Code   RO         1505    i.Uart_Init         mode_uart.o
    0x08001b24   0x08001b24   0x00000004   Code   RO         2001    i.UsageFault_Handler  at32f415_int.o
    0x08001b28   0x08001b28   0x00000020   Code   RO         5766    i.__0printf$1       mc_w.l(printf1.o)
    0x08001b48   0x08001b48   0x0000000e   Code   RO         6054    i.__scatterload_copy  mc_w.l(handlers.o)
    0x08001b56   0x08001b56   0x00000002   Code   RO         6055    i.__scatterload_null  mc_w.l(handlers.o)
    0x08001b58   0x08001b58   0x0000000e   Code   RO         6056    i.__scatterload_zeroinit  mc_w.l(handlers.o)
    0x08001b66   0x08001b66   0x00000002   PAD
    0x08001b68   0x08001b68   0x00000154   Code   RO         5773    i._printf_core      mc_w.l(printf1.o)
    0x08001cbc   0x08001cbc   0x00000014   Code   RO         2618    i.crm_ahb_div_set   at32f415_crm.o
    0x08001cd0   0x08001cd0   0x00000014   Code   RO         2619    i.crm_apb1_div_set  at32f415_crm.o
    0x08001ce4   0x08001ce4   0x00000014   Code   RO         2620    i.crm_apb2_div_set  at32f415_crm.o
    0x08001cf8   0x08001cf8   0x00000028   Code   RO         2621    i.crm_auto_step_mode_enable  at32f415_crm.o
    0x08001d20   0x08001d20   0x00000060   Code   RO         2626    i.crm_clock_source_enable  at32f415_crm.o
    0x08001d80   0x08001d80   0x000001ac   Code   RO         2627    i.crm_clocks_freq_get  at32f415_crm.o
    0x08001f2c   0x08001f2c   0x00000030   Code   RO         2631    i.crm_flag_get      at32f415_crm.o
    0x08001f5c   0x08001f5c   0x00000014   Code   RO         2636    i.crm_hick_divider_select  at32f415_crm.o
    0x08001f70   0x08001f70   0x0000001c   Code   RO         2637    i.crm_hick_sclk_frequency_select  at32f415_crm.o
    0x08001f8c   0x08001f8c   0x00000044   Code   RO         2641    i.crm_periph_clock_enable  at32f415_crm.o
    0x08001fd0   0x08001fd0   0x00000044   Code   RO         2642    i.crm_periph_reset  at32f415_crm.o
    0x08002014   0x08002014   0x00000108   Code   RO         2644    i.crm_pll_config    at32f415_crm.o
    0x0800211c   0x0800211c   0x00000064   Code   RO         2646    i.crm_reset         at32f415_crm.o
    0x08002180   0x08002180   0x00000014   Code   RO         2647    i.crm_sysclk_switch  at32f415_crm.o
    0x08002194   0x08002194   0x00000010   Code   RO         2648    i.crm_sysclk_switch_status_get  at32f415_crm.o
    0x080021a4   0x080021a4   0x00000020   Code   RO         2649    i.crm_usb_clock_div_set  at32f415_crm.o
    0x080021c4   0x080021c4   0x00000020   Code   RO         2650    i.crm_usb_clock_source_select  at32f415_crm.o
    0x080021e4   0x080021e4   0x0000000c   Code   RO         3298    i.exint_flag_clear  at32f415_exint.o
    0x080021f0   0x080021f0   0x00000012   Code   RO          712    i.fputc             base_uart.o
    0x08002202   0x08002202   0x00000016   Code   RO         3582    i.gpio_default_para_init  at32f415_gpio.o
    0x08002218   0x08002218   0x000000a8   Code   RO         3586    i.gpio_init         at32f415_gpio.o
    0x080022c0   0x080022c0   0x00000012   Code   RO         3587    i.gpio_input_data_bit_read  at32f415_gpio.o
    0x080022d2   0x080022d2   0x00000002   PAD
    0x080022d4   0x080022d4   0x0000004c   Code   RO         3592    i.gpio_pin_remap_config  at32f415_gpio.o
    0x08002320   0x08002320   0x000000f0   Code   RO            5    i.main              main.o
    0x08002410   0x08002410   0x000000c8   Code   RO         3898    i.nvic_irq_enable   at32f415_misc.o
    0x080024d8   0x080024d8   0x00000028   Code   RO         3900    i.nvic_priority_group_config  at32f415_misc.o
    0x08002500   0x08002500   0x00000016   Code   RO         4239    i.spi_default_para_init  at32f415_spi.o
    0x08002516   0x08002516   0x0000000a   Code   RO         4240    i.spi_enable        at32f415_spi.o
    0x08002520   0x08002520   0x00000004   Code   RO         4245    i.spi_i2s_data_transmit  at32f415_spi.o
    0x08002524   0x08002524   0x00000010   Code   RO         4249    i.spi_i2s_flag_get  at32f415_spi.o
    0x08002534   0x08002534   0x00000012   Code   RO         4250    i.spi_i2s_interrupt_enable  at32f415_spi.o
    0x08002546   0x08002546   0x00000002   PAD
    0x08002548   0x08002548   0x00000040   Code   RO         4251    i.spi_i2s_reset     at32f415_spi.o
    0x08002588   0x08002588   0x00000124   Code   RO         4252    i.spi_init          at32f415_spi.o
    0x080026ac   0x080026ac   0x00000008   Code   RO         1958    i.system_clock_config  at32f415_clock.o
    0x080026b4   0x080026b4   0x00000084   Code   RO         1959    i.system_clock_hext_config  at32f415_clock.o
    0x08002738   0x08002738   0x00000154   Code   RO         2064    i.system_core_clock_update  system_at32f415.o
    0x0800288c   0x0800288c   0x00000028   Code   RO         3903    i.systick_clock_source_config  at32f415_misc.o
    0x080028b4   0x080028b4   0x00000008   Code   RO         4739    i.usart_data_receive  at32f415_usart.o
    0x080028bc   0x080028bc   0x00000008   Code   RO         4740    i.usart_data_transmit  at32f415_usart.o
    0x080028c4   0x080028c4   0x0000000a   Code   RO         4743    i.usart_enable      at32f415_usart.o
    0x080028ce   0x080028ce   0x00000012   Code   RO         4744    i.usart_flag_clear  at32f415_usart.o
    0x080028e0   0x080028e0   0x00000010   Code   RO         4745    i.usart_flag_get    at32f415_usart.o
    0x080028f0   0x080028f0   0x0000006c   Code   RO         4747    i.usart_init        at32f415_usart.o
    0x0800295c   0x0800295c   0x00000036   Code   RO         4748    i.usart_interrupt_enable  at32f415_usart.o
    0x08002992   0x08002992   0x0000004c   Code   RO         4753    i.usart_parity_selection_config  at32f415_usart.o
    0x080029de   0x080029de   0x0000000a   Code   RO         4754    i.usart_receiver_enable  at32f415_usart.o
    0x080029e8   0x080029e8   0x00000094   Code   RO         4756    i.usart_reset       at32f415_usart.o
    0x08002a7c   0x08002a7c   0x0000000a   Code   RO         4761    i.usart_transmitter_enable  at32f415_usart.o
    0x08002a86   0x08002a86   0x00000022   Code   RO         4929    i.usb_ept0_setup    at32f415_usb.o
    0x08002aa8   0x08002aa8   0x0000002c   Code   RO         4930    i.usb_ept0_start    at32f415_usb.o
    0x08002ad4   0x08002ad4   0x00000092   Code   RO         4931    i.usb_ept_clear_stall  at32f415_usb.o
    0x08002b66   0x08002b66   0x0000000c   Code   RO         4933    i.usb_ept_in_clear  at32f415_usb.o
    0x08002b72   0x08002b72   0x0000002c   Code   RO         4934    i.usb_ept_in_interrupt  at32f415_usb.o
    0x08002b9e   0x08002b9e   0x000001a0   Code   RO         4935    i.usb_ept_open      at32f415_usb.o
    0x08002d3e   0x08002d3e   0x0000000c   Code   RO         4936    i.usb_ept_out_clear  at32f415_usb.o
    0x08002d4a   0x08002d4a   0x00000016   Code   RO         4937    i.usb_ept_out_interrupt  at32f415_usb.o
    0x08002d60   0x08002d60   0x00000092   Code   RO         4938    i.usb_ept_stall     at32f415_usb.o
    0x08002df2   0x08002df2   0x00000002   PAD
    0x08002df4   0x08002df4   0x00000038   Code   RO         4940    i.usb_flush_tx_fifo  at32f415_usb.o
    0x08002e2c   0x08002e2c   0x00000012   Code   RO         4941    i.usb_get_all_in_interrupt  at32f415_usb.o
    0x08002e3e   0x08002e3e   0x00000012   Code   RO         4942    i.usb_get_all_out_interrupt  at32f415_usb.o
    0x08002e50   0x08002e50   0x00000004   Code   RO         4943    i.usb_global_clear_interrupt  at32f415_usb.o
    0x08002e54   0x08002e54   0x0000000a   Code   RO         4944    i.usb_global_get_all_interrupt  at32f415_usb.o
    0x08002e5e   0x08002e5e   0x00000014   Code   RO         4946    i.usb_global_interrupt_enable  at32f415_usb.o
    0x08002e72   0x08002e72   0x0000000e   Code   RO         4957    i.usb_open_phy_clk  at32f415_usb.o
    0x08002e80   0x08002e80   0x0000002a   Code   RO         4959    i.usb_read_packet   at32f415_usb.o
    0x08002eaa   0x08002eaa   0x0000000e   Code   RO         4962    i.usb_set_address   at32f415_usb.o
    0x08002eb8   0x08002eb8   0x00000004   Code   RO         4963    i.usb_set_rx_fifo   at32f415_usb.o
    0x08002ebc   0x08002ebc   0x00000042   Code   RO         4964    i.usb_set_tx_fifo   at32f415_usb.o
    0x08002efe   0x08002efe   0x00000010   Code   RO         4965    i.usb_stop_phy_clk  at32f415_usb.o
    0x08002f0e   0x08002f0e   0x0000000e   Code   RO         4966    i.usb_suspend_status_get  at32f415_usb.o
    0x08002f1c   0x08002f1c   0x00000098   Code   RO         5530    i.usb_write_empty_txfifo  usbd_int.o
    0x08002fb4   0x08002fb4   0x00000030   Code   RO         4967    i.usb_write_packet  at32f415_usb.o
    0x08002fe4   0x08002fe4   0x00000054   Code   RO         5629    i.usbd_clear_feature  usbd_sdr.o
    0x08003038   0x08003038   0x0000004a   Code   RO         5355    i.usbd_clear_stall  usbd_core.o
    0x08003082   0x08003082   0x000000c2   Code   RO         5358    i.usbd_core_in_handler  usbd_core.o
    0x08003144   0x08003144   0x00000080   Code   RO         5360    i.usbd_core_out_handler  usbd_core.o
    0x080031c4   0x080031c4   0x00000054   Code   RO         5361    i.usbd_core_setup_handler  usbd_core.o
    0x08003218   0x08003218   0x00000018   Code   RO         5363    i.usbd_ctrl_recv_status  usbd_core.o
    0x08003230   0x08003230   0x00000028   Code   RO         5364    i.usbd_ctrl_send    usbd_core.o
    0x08003258   0x08003258   0x00000018   Code   RO         5365    i.usbd_ctrl_send_status  usbd_core.o
    0x08003270   0x08003270   0x00000016   Code   RO         5366    i.usbd_ctrl_unsupport  usbd_core.o
    0x08003286   0x08003286   0x00000080   Code   RO         5630    i.usbd_device_request  usbd_sdr.o
    0x08003306   0x08003306   0x0000015c   Code   RO         5631    i.usbd_endpoint_request  usbd_sdr.o
    0x08003462   0x08003462   0x00000016   Code   RO         5368    i.usbd_enter_suspend  usbd_core.o
    0x08003478   0x08003478   0x00000046   Code   RO         5532    i.usbd_enumdone_handler  usbd_int.o
    0x080034be   0x080034be   0x0000005a   Code   RO         5370    i.usbd_ept_open     usbd_core.o
    0x08003518   0x08003518   0x00000114   Code   RO         5371    i.usbd_ept_recv     usbd_core.o
    0x0800362c   0x0800362c   0x0000012a   Code   RO         5372    i.usbd_ept_send     usbd_core.o
    0x08003756   0x08003756   0x0000003e   Code   RO         5373    i.usbd_fifo_alloc   usbd_core.o
    0x08003794   0x08003794   0x00000056   Code   RO         5632    i.usbd_get_configuration  usbd_sdr.o
    0x080037ea   0x080037ea   0x000000f2   Code   RO         5633    i.usbd_get_descriptor  usbd_sdr.o
    0x080038dc   0x080038dc   0x00000044   Code   RO         5634    i.usbd_get_status   usbd_sdr.o
    0x08003920   0x08003920   0x00000016   Code   RO         5533    i.usbd_incomisioin_handler  usbd_int.o
    0x08003936   0x08003936   0x00000016   Code   RO         5534    i.usbd_incomisoout_handler  usbd_int.o
    0x0800394c   0x0800394c   0x000000ac   Code   RO         5535    i.usbd_inept_handler  usbd_int.o
    0x080039f8   0x080039f8   0x00000038   Code   RO         5635    i.usbd_interface_request  usbd_sdr.o
    0x08003a30   0x08003a30   0x000000ea   Code   RO         5536    i.usbd_irq_handler  usbd_int.o
    0x08003b1a   0x08003b1a   0x00000092   Code   RO         5537    i.usbd_outept_handler  usbd_int.o
    0x08003bac   0x08003bac   0x000000b4   Code   RO         5538    i.usbd_reset_handler  usbd_int.o
    0x08003c60   0x08003c60   0x00000082   Code   RO         5539    i.usbd_rxflvl_handler  usbd_int.o
    0x08003ce2   0x08003ce2   0x00000052   Code   RO         5636    i.usbd_set_address  usbd_sdr.o
    0x08003d34   0x08003d34   0x000000c8   Code   RO         5637    i.usbd_set_configuration  usbd_sdr.o
    0x08003dfc   0x08003dfc   0x0000002a   Code   RO         5638    i.usbd_set_feature  usbd_sdr.o
    0x08003e26   0x08003e26   0x0000004a   Code   RO         5378    i.usbd_set_stall    usbd_core.o
    0x08003e70   0x08003e70   0x00000028   Code   RO         5639    i.usbd_setup_request_parse  usbd_sdr.o
    0x08003e98   0x08003e98   0x00000014   Code   RO         5540    i.usbd_sof_handler  usbd_int.o
    0x08003eac   0x08003eac   0x00000038   Code   RO         5541    i.usbd_suspend_handler  usbd_int.o
    0x08003ee4   0x08003ee4   0x00000036   Code   RO         5542    i.usbd_wakeup_handler  usbd_int.o
    0x08003f1a   0x08003f1a   0x00038410   Data   RO            6    .constdata          main.o
    0x0803c32a   0x0803c32a   0x00002f80   Data   RO         1724    .constdata          lcd.o
    0x0803f2aa   0x0803f2aa   0x00000200   Data   RO         1869    .constdata          check_crc16.o
    0x0803f4aa   0x0803f4aa   0x00000010   Data   RO         2065    .constdata          system_at32f415.o
    0x0803f4ba   0x0803f4ba   0x00000028   Data   RO         2652    .constdata          at32f415_crm.o
    0x0803f4e2   0x0803f4e2   0x00000002   PAD
    0x0803f4e4   0x0803f4e4   0x00000020   Data   RO         6052    Region$$Table       anon$$obj.o


    Execution Region RW_IRAM1 (Exec base: 0x20000000, Load base: 0x0803f504, Size: 0x00000a08, Max: 0x00008000, ABSOLUTE)

    Exec Addr    Load Addr    Size         Type   Attr      Idx    E Section Name        Object

    0x20000000   0x0803f504   0x00000008   Data   RW            7    .data               main.o
    0x20000008   0x0803f50c   0x00000006   Data   RW          548    .data               base_spi.o
    0x2000000e   0x0803f512   0x00000002   PAD
    0x20000010   0x0803f514   0x00000014   Data   RW          640    .data               base_sys_time.o
    0x20000024   0x0803f528   0x00000004   Data   RW          713    .data               base_uart.o
    0x20000028   0x0803f52c   0x00000020   Data   RW         1436    .data               mode_time.o
    0x20000048   0x0803f54c   0x00000002   Data   RW         1725    .data               lcd.o
    0x2000004a   0x0803f54e   0x00000002   PAD
    0x2000004c   0x0803f550   0x00000004   Data   RW         2066    .data               system_at32f415.o
    0x20000050   0x0803f554   0x00000001   Data   RW         5640    .data               usbd_sdr.o
    0x20000051   0x0803f555   0x00000003   PAD
    0x20000054   0x0803f558   0x00000004   Data   RW         6004    .data               mc_w.l(stdout.o)
    0x20000058        -       0x000001a4   Zero   RW          793    .bss                usb_user.o
    0x200001fc        -       0x00000060   Zero   RW         1337    .bss                mode.o
    0x2000025c        -       0x00000398   Zero   RW         1506    .bss                mode_uart.o
    0x200005f4        -       0x00000014   Zero   RW         1849    .bss                api.o
    0x20000608        -       0x00000400   Zero   RW         2097    STACK               startup_at32f415.o


==============================================================================

Image component sizes


      Code (inc. data)   RO Data    RW Data    ZI Data      Debug   Object Name

        52         24          0          0         20       1146   api.o
       140          6          0          0          0       1013   at32f415_clock.o
      1320        182         40          0          0       9737   at32f415_crm.o
        12          6          0          0          0        479   at32f415_exint.o
       284          6          0          0          0       2984   at32f415_gpio.o
        24          0          0          0          0       3384   at32f415_int.o
       280         18          0          0          0      32292   at32f415_misc.o
       426          8          0          0          0       4130   at32f415_spi.o
       466         30          0          0          0       6525   at32f415_usart.o
      1220          6          0          0          0      13228   at32f415_usb.o
       192         18          0          0          0       1272   base_exist_gpio.o
       504         42          0          6          0       4248   base_spi.o
       632         84          0         20          0      35442   base_sys_time.o
      1306        210          0          4          0       6673   base_uart.o
         0          0          0          0          0       6916   cdc_keyboard_class.o
         0          0          0          0          0        856   cdc_keyboard_desc.o
        60          4        512          0          0       1912   check_crc16.o
        28          0          0          0          0        716   data_handle.o
        80          6          0          0          0       1171   key.o
      1762         26      12160          2          0      13911   lcd.o
       376         82     230416          8          0      65149   main.o
       238        102          0          0         96       2507   mode.o
       318         44          0         32          0       3768   mode_time.o
       412         32          0          0        920       5846   mode_uart.o
        36          8        368          0       1024        796   startup_at32f415.o
       496         42         16          4          0       1980   system_at32f415.o
       346         14          0          0          0       2352   time_handle.o
        28          6          0          0        420       9311   usb_user.o
      1412          0          0          0          0      10727   usbd_core.o
      1258          0          0          0          0       9040   usbd_int.o
      1376         30          0          1          0       8414   usbd_sdr.o

    ----------------------------------------------------------------------
     15102       1036     243546         84       2480     267925   Object Totals
         0          0         32          0          0          0   (incl. Generated)
        18          0          2          7          0          0   (incl. Padding)

    ----------------------------------------------------------------------

      Code (inc. data)   RO Data    RW Data    ZI Data      Debug   Library Member Name

         0          0          0          0          0          0   entry.o
         0          0          0          0          0          0   entry10a.o
         0          0          0          0          0          0   entry11a.o
         4          0          0          0          0          0   entry12b.o
         8          4          0          0          0          0   entry2.o
         4          0          0          0          0          0   entry5.o
         0          0          0          0          0          0   entry7b.o
         0          0          0          0          0          0   entry8b.o
         8          4          0          0          0          0   entry9a.o
        30          0          0          0          0          0   handlers.o
        36          8          0          0          0         68   init.o
        30          0          0          0          0         68   llshl.o
        32          0          0          0          0         68   llushr.o
       372         14          0          0          0        184   printf1.o
         0          0          0          4          0          0   stdout.o
        14          0          0          0          0         68   strlen.o
        44          0          0          0          0         80   uidiv.o
        98          0          0          0          0         92   uldiv.o

    ----------------------------------------------------------------------
       684         30          0          4          0        628   Library Totals
         4          0          0          0          0          0   (incl. Padding)

    ----------------------------------------------------------------------

      Code (inc. data)   RO Data    RW Data    ZI Data      Debug   Library Name

       680         30          0          4          0        628   mc_w.l

    ----------------------------------------------------------------------
       684         30          0          4          0        628   Library Totals

    ----------------------------------------------------------------------

==============================================================================


      Code (inc. data)   RO Data    RW Data    ZI Data      Debug   

     15786       1066     243546         88       2480     259137   Grand Totals
     15786       1066     243546         88       2480     259137   ELF Image Totals
     15786       1066     243546         88          0          0   ROM Totals

==============================================================================

    Total RO  Size (Code + RO Data)               259332 ( 253.25kB)
    Total RW  Size (RW Data + ZI Data)              2568 (   2.51kB)
    Total ROM Size (Code + RO Data + RW Data)     259420 ( 253.34kB)

==============================================================================

