Component: Arm Compiler for Embedded 6.19 Tool: armlink [5e73cb00]

==============================================================================

Section Cross References

    main.o(.text.main) refers to main.o(.text.Main_Init) for Main_Init
    main.o(.text.main) refers to mode.o(.bss.Mode_User) for Mode_User
    main.o(.text.main) refers to main.o(.bss.i) for i
    main.o(.text.main) refers to printf5.o(i.__0printf$5) for __2printf
    main.o(.ARM.exidx.text.main) refers to main.o(.text.main) for [Anonymous Symbol]
    main.o(.text.Main_Init) refers to at32f415_clock.o(.text.system_clock_config) for system_clock_config
    main.o(.text.Main_Init) refers to at32f415_misc.o(.text.nvic_priority_group_config) for nvic_priority_group_config
    main.o(.text.Main_Init) refers to mode.o(.text.Mode_Index) for Mode_Index
    main.o(.text.Main_Init) refers to api.o(.text.API_Index) for API_Index
    main.o(.text.Main_Init) refers to mode.o(.bss.Mode_Init) for Mode_Init
    main.o(.text.Main_Init) refers to mode_rtc8564.o(.text.RTC8564_Init) for RTC8564_Init
    main.o(.text.Main_Init) refers to mode.o(.bss.Mode_User) for Mode_User
    main.o(.text.Main_Init) refers to main.o(.bss.temp_a) for temp_a
    main.o(.text.Main_Init) refers to base_flash.o(.text.Flash_Read_Data) for Flash_Read_Data
    main.o(.text.Main_Init) refers to printf5.o(i.__0printf$5) for __2printf
    main.o(.text.Main_Init) refers to main.o(.data.temp_default) for temp_default
    main.o(.text.Main_Init) refers to base_flash.o(.text.Flash_Save_Data) for Flash_Save_Data
    main.o(.text.Main_Init) refers to system_at32f415.o(.data.system_core_clock) for system_core_clock
    main.o(.ARM.exidx.text.Main_Init) refers to main.o(.text.Main_Init) for [Anonymous Symbol]
    base_adc.o(.ARM.exidx.text.ADC_GPIO_Init) refers to base_adc.o(.text.ADC_GPIO_Init) for [Anonymous Symbol]
    base_adc.o(.ARM.exidx.text.ADC1_DMA_Config) refers to base_adc.o(.text.ADC1_DMA_Config) for [Anonymous Symbol]
    base_adc.o(.ARM.exidx.text.ADC_Start_Init) refers to base_adc.o(.text.ADC_Start_Init) for [Anonymous Symbol]
    base_adc.o(.ARM.exidx.text.ADC_Get_List) refers to base_adc.o(.text.ADC_Get_List) for [Anonymous Symbol]
    base_adc.o(.ARM.exidx.text.ADC_Get_Temperature) refers to base_adc.o(.text.ADC_Get_Temperature) for [Anonymous Symbol]
    base_adc.o(.text.ADC_Conversion_Vol) refers to fflti.o(.text) for __aeabi_i2f
    base_adc.o(.ARM.exidx.text.ADC_Conversion_Vol) refers to base_adc.o(.text.ADC_Conversion_Vol) for [Anonymous Symbol]
    base_exist_gpio.o(.text.User_GPIO_Init) refers to at32f415_gpio.o(.text.gpio_default_para_init) for gpio_default_para_init
    base_exist_gpio.o(.ARM.exidx.text.User_GPIO_Init) refers to base_exist_gpio.o(.text.User_GPIO_Init) for [Anonymous Symbol]
    base_exist_gpio.o(.text.STEP_Motor) refers to at32f415_gpio.o(.text.gpio_default_para_init) for gpio_default_para_init
    base_exist_gpio.o(.text.STEP_Motor) refers to at32f415_crm.o(.text.crm_periph_clock_enable) for crm_periph_clock_enable
    base_exist_gpio.o(.text.STEP_Motor) refers to at32f415_gpio.o(.text.gpio_init) for gpio_init
    base_exist_gpio.o(.ARM.exidx.text.STEP_Motor) refers to base_exist_gpio.o(.text.STEP_Motor) for [Anonymous Symbol]
    base_exist_gpio.o(.text.LCD_GPIO_Init) refers to at32f415_gpio.o(.text.gpio_default_para_init) for gpio_default_para_init
    base_exist_gpio.o(.text.LCD_GPIO_Init) refers to at32f415_crm.o(.text.crm_periph_clock_enable) for crm_periph_clock_enable
    base_exist_gpio.o(.text.LCD_GPIO_Init) refers to at32f415_gpio.o(.text.gpio_init) for gpio_init
    base_exist_gpio.o(.ARM.exidx.text.LCD_GPIO_Init) refers to base_exist_gpio.o(.text.LCD_GPIO_Init) for [Anonymous Symbol]
    base_exist_gpio.o(.text.LED_GPIO_Init) refers to at32f415_gpio.o(.text.gpio_default_para_init) for gpio_default_para_init
    base_exist_gpio.o(.text.LED_GPIO_Init) refers to at32f415_crm.o(.text.crm_periph_clock_enable) for crm_periph_clock_enable
    base_exist_gpio.o(.text.LED_GPIO_Init) refers to at32f415_gpio.o(.text.gpio_init) for gpio_init
    base_exist_gpio.o(.ARM.exidx.text.LED_GPIO_Init) refers to base_exist_gpio.o(.text.LED_GPIO_Init) for [Anonymous Symbol]
    base_exist_gpio.o(.ARM.exidx.text.BZZ_GPIO_Init) refers to base_exist_gpio.o(.text.BZZ_GPIO_Init) for [Anonymous Symbol]
    base_exist_gpio.o(.text.KEY_GPIO_Init) refers to at32f415_gpio.o(.text.gpio_default_para_init) for gpio_default_para_init
    base_exist_gpio.o(.text.KEY_GPIO_Init) refers to at32f415_crm.o(.text.crm_periph_clock_enable) for crm_periph_clock_enable
    base_exist_gpio.o(.text.KEY_GPIO_Init) refers to at32f415_gpio.o(.text.gpio_init) for gpio_init
    base_exist_gpio.o(.ARM.exidx.text.KEY_GPIO_Init) refers to base_exist_gpio.o(.text.KEY_GPIO_Init) for [Anonymous Symbol]
    base_exist_gpio.o(.ARM.exidx.text.HC138_GPIO_Init) refers to base_exist_gpio.o(.text.HC138_GPIO_Init) for [Anonymous Symbol]
[...]
    [Anonymous Symbol]                       0x08000d88   Section        0  base_iic.o(.text.IIC_Write_DATA)
    [Anonymous Symbol]                       0x08000e48   Section        0  base_exist_gpio.o(.text.KEY_GPIO_Init)
    [Anonymous Symbol]                       0x08000e9c   Section        0  key.o(.text.KEY_Init)
    [Anonymous Symbol]                       0x08000ea8   Section        0  key.o(.text.KEY_State)
    [Anonymous Symbol]                       0x08000ec0   Section        0  lcd.o(.text.LCD_Address_Set)
    [Anonymous Symbol]                       0x080011a4   Section        0  lcd.o(.text.LCD_Draw_Circle)
    [Anonymous Symbol]                       0x0800136c   Section        0  lcd.o(.text.LCD_Draw_Line)
    [Anonymous Symbol]                       0x0800142c   Section        0  lcd.o(.text.LCD_Draw_Point)
    [Anonymous Symbol]                       0x08001458   Section        0  lcd.o(.text.LCD_Draw_Rectangle)
    [Anonymous Symbol]                       0x080014ac   Section        0  lcd.o(.text.LCD_Fill)
    [Anonymous Symbol]                       0x080014f4   Section        0  base_exist_gpio.o(.text.LCD_GPIO_Init)
    [Anonymous Symbol]                       0x08001548   Section        0  lcd.o(.text.LCD_Init)
    [Anonymous Symbol]                       0x08001b48   Section        0  lcd.o(.text.LCD_Show_Char)
    [Anonymous Symbol]                       0x08001ce4   Section        0  lcd.o(.text.LCD_Show_Chinese)
    [Anonymous Symbol]                       0x08001d04   Section        0  lcd.o(.text.LCD_Show_Picture)
    [Anonymous Symbol]                       0x08001d90   Section        0  lcd.o(.text.LCD_Show_String)
    [Anonymous Symbol]                       0x08001e14   Section        0  base_exist_gpio.o(.text.LED_GPIO_Init)
    [Anonymous Symbol]                       0x08001e8c   Section        0  mode_time.o(.text.MODE_Get_TIME)
    [Anonymous Symbol]                       0x08001f28   Section        0  led.o(.text.MODE_LED_Init)
    [Anonymous Symbol]                       0x08001f3c   Section        0  led.o(.text.MODE_LED_REG)
    [Anonymous Symbol]                       0x08002084   Section        0  led.o(.text.MODE_LED_SET)
    [Anonymous Symbol]                       0x080020c4   Section        0  main.o(.text.Main_Init)
    [Anonymous Symbol]                       0x080021b8   Section        0  at32f415_int.o(.text.MemManage_Handler)
    [Anonymous Symbol]                       0x080021bc   Section        0  mode.o(.text.Mode_Index)
    [Anonymous Symbol]                       0x080022cc   Section        0  at32f415_int.o(.text.NMI_Handler)
    [Anonymous Symbol]                       0x080022d0   Section        0  usb_user.o(.text.OTGFS1_IRQHandler)
    [Anonymous Symbol]                       0x080022dc   Section        0  usb_user.o(.text.OTGFS1_WKUP_IRQHandler)
    [Anonymous Symbol]                       0x080022e4   Section        0  at32f415_int.o(.text.PendSV_Handler)
    [Anonymous Symbol]                       0x080022e8   Section        0  mode_rtc8564.o(.text.RTC8564_Init)
    [Anonymous Symbol]                       0x08002334   Section        0  base_sys_time.o(.text.SET_SysTick)
    [Anonymous Symbol]                       0x08002368   Section        0  base_spi.o(.text.SPI1_IRQHandler)
    [Anonymous Symbol]                       0x080023b4   Section        0  base_spi.o(.text.SPI2_GPIO_Init)
    [Anonymous Symbol]                       0x08002438   Section        0  base_spi.o(.text.SPI2_IRQHandler)
    [Anonymous Symbol]                       0x0800245c   Section        0  base_spi.o(.text.SPI_CS_Set)
    [Anonymous Symbol]                       0x08002490   Section        0  base_spi.o(.text.SPI_Send_DATA)
    [Anonymous Symbol]                       0x080024c0   Section        0  base_spi.o(.text.SPI_Start_Init)
    [Anonymous Symbol]                       0x08002554   Section        0  at32f415_int.o(.text.SVC_Handler)
    [Anonymous Symbol]                       0x08002558   Section        0  base_sys_time.o(.text.SYS_Delay_S)
    [Anonymous Symbol]                       0x0800262c   Section        0  base_sys_time.o(.text.SYS_Delay_ms)
    [Anonymous Symbol]                       0x080026d4   Section        0  base_sys_time.o(.text.SYS_Delay_us)
    [Anonymous Symbol]                       0x0800277c   Section        0  mode_time.o(.text.Set_TIME)
    [Anonymous Symbol]                       0x08002798   Section        0  base_sys_time.o(.text.SysTick_Handler)
    [Anonymous Symbol]                       0x080027a8   Section        0  mode_time.o(.text.Sys_Clock_Init)
    [Anonymous Symbol]                       0x080027f8   Section        0  base_sys_time.o(.text.Sys_Time_Init)
    [Anonymous Symbol]                       0x08002888   Section        0  system_at32f415.o(.text.SystemInit)
    [Anonymous Symbol]                       0x08002904   Section        0  base_uart.o(.text.UART_RXD_Flag)
    [Anonymous Symbol]                       0x08002958   Section        0  base_uart.o(.text.UART_RXD_Flag_Clear)
    [Anonymous Symbol]                       0x080029a0   Section        0  base_uart.o(.text.UART_RXD_Receive)
    [Anonymous Symbol]                       0x080029e0   Section        0  mode_uart.o(.text.UART_Send_Data)
    [Anonymous Symbol]                       0x08002a04   Section        0  mode_uart.o(.text.UART_Send_String)
    [Anonymous Symbol]                       0x08002a34   Section        0  base_uart.o(.text.UART_TXD_Send)
    [Anonymous Symbol]                       0x08002a88   Section        0  mode_uart.o(.text.USART1_IRQHandler)
    [Anonymous Symbol]                       0x08002aec   Section        0  mode_uart.o(.text.USART2_IRQHandler)
    [Anonymous Symbol]                       0x08002b54   Section        0  mode_uart.o(.text.USART3_IRQHandler)
    [Anonymous Symbol]                       0x08002bbc   Section        0  base_uart.o(.text.Uart1_Init)
    [Anonymous Symbol]                       0x08002c84   Section        0  base_uart.o(.text.Uart2_Init)
    [Anonymous Symbol]                       0x08002d44   Section        0  base_uart.o(.text.Uart3_Init)
    [Anonymous Symbol]                       0x08002e20   Section        0  base_uart.o(.text.Uart4_Init)
    [Anonymous Symbol]                       0x08002ee4   Section        0  mode_uart.o(.text.Uart_Init)
    [Anonymous Symbol]                       0x08002f68   Section        0  at32f415_int.o(.text.UsageFault_Handler)
    [Anonymous Symbol]                       0x08002f6c   Section        0  led.o(.text.WS2812_write_byte)
    __NVIC_SystemReset                       0x0800300d   Thumb Code    36  base_sys_time.o(.text.__NVIC_SystemReset)
    [Anonymous Symbol]                       0x0800300c   Section        0  base_sys_time.o(.text.__NVIC_SystemReset)
    [Anonymous Symbol]                       0x08003030   Section        0  at32f415_crm.o(.text.crm_ahb_div_set)
    [Anonymous Symbol]                       0x0800304c   Section        0  at32f415_crm.o(.text.crm_apb1_div_set)
    [Anonymous Symbol]                       0x08003068   Section        0  at32f415_crm.o(.text.crm_apb2_div_set)
    [Anonymous Symbol]                       0x08003084   Section        0  at32f415_crm.o(.text.crm_auto_step_mode_enable)
    [Anonymous Symbol]                       0x0800309c   Section        0  at32f415_crm.o(.text.crm_clock_source_enable)
    [Anonymous Symbol]                       0x08003118   Section        0  at32f415_crm.o(.text.crm_clocks_freq_get)
    crm_clocks_freq_get.sclk_ahb_div_table   0x08003220   Number         0  at32f415_crm.o(.text.crm_clocks_freq_get)
    crm_clocks_freq_get.adc_div_table        0x08003230   Number         0  at32f415_crm.o(.text.crm_clocks_freq_get)
    [Anonymous Symbol]                       0x08003238   Section        0  at32f415_crm.o(.text.crm_flag_get)
    [Anonymous Symbol]                       0x08003254   Section        0  at32f415_crm.o(.text.crm_periph_clock_enable)
    [Anonymous Symbol]                       0x0800327c   Section        0  at32f415_crm.o(.text.crm_periph_reset)
    [Anonymous Symbol]                       0x080032a4   Section        0  at32f415_crm.o(.text.crm_pll_config)
    [Anonymous Symbol]                       0x080032f4   Section        0  at32f415_crm.o(.text.crm_reset)
    [Anonymous Symbol]                       0x08003344   Section        0  at32f415_crm.o(.text.crm_sysclk_switch)
    [Anonymous Symbol]                       0x08003358   Section        0  at32f415_crm.o(.text.crm_sysclk_switch_status_get)
    [Anonymous Symbol]                       0x08003368   Section        0  at32f415_crm.o(.text.crm_usb_clock_div_set)
    [Anonymous Symbol]                       0x08003384   Section        0  at32f415_crm.o(.text.crm_usb_clock_source_select)
    [Anonymous Symbol]                       0x080033b8   Section        0  at32f415_exint.o(.text.exint_flag_clear)
    [Anonymous Symbol]                       0x080033c4   Section        0  at32f415_flash.o(.text.flash_flag_clear)
    [Anonymous Symbol]                       0x080033d0   Section        0  at32f415_flash.o(.text.flash_lock)
    [Anonymous Symbol]                       0x080033e4   Section        0  at32f415_flash.o(.text.flash_operation_wait_for)
    [Anonymous Symbol]                       0x08003458   Section        0  at32f415_flash.o(.text.flash_sector_erase)
    [Anonymous Symbol]                       0x080034dc   Section        0  at32f415_flash.o(.text.flash_unlock)
    [Anonymous Symbol]                       0x080034fc   Section        0  at32f415_flash.o(.text.flash_word_program)
    [Anonymous Symbol]                       0x08003578   Section        0  base_uart.o(.text.fputc)
    [Anonymous Symbol]                       0x080035a8   Section        0  at32f415_gpio.o(.text.gpio_default_para_init)
    [Anonymous Symbol]                       0x080035bc   Section        0  at32f415_gpio.o(.text.gpio_init)
    [Anonymous Symbol]                       0x0800367c   Section        0  at32f415_gpio.o(.text.gpio_input_data_bit_read)
    [Anonymous Symbol]                       0x0800368c   Section        0  at32f415_gpio.o(.text.gpio_pin_remap_config)
    [Anonymous Symbol]                       0x080036cc   Section        0  main.o(.text.main)
    [Anonymous Symbol]                       0x08003754   Section        0  at32f415_misc.o(.text.nvic_irq_enable)
    [Anonymous Symbol]                       0x080037c8   Section        0  at32f415_misc.o(.text.nvic_priority_group_config)
    [Anonymous Symbol]                       0x080037e8   Section        0  at32f415_spi.o(.text.spi_default_para_init)
    [Anonymous Symbol]                       0x080037f8   Section        0  at32f415_spi.o(.text.spi_enable)
    [Anonymous Symbol]                       0x0800380c   Section        0  at32f415_spi.o(.text.spi_i2s_data_transmit)
    [Anonymous Symbol]                       0x08003810   Section        0  at32f415_spi.o(.text.spi_i2s_flag_get)
    [Anonymous Symbol]                       0x0800381c   Section        0  at32f415_spi.o(.text.spi_i2s_interrupt_enable)
    [Anonymous Symbol]                       0x0800382c   Section        0  at32f415_spi.o(.text.spi_i2s_reset)
    [Anonymous Symbol]                       0x08003868   Section        0  at32f415_spi.o(.text.spi_init)
    [Anonymous Symbol]                       0x08003954   Section        0  at32f415_clock.o(.text.system_clock_config)
    [Anonymous Symbol]                       0x08003958   Section        0  at32f415_clock.o(.text.system_clock_hick_config)
    [Anonymous Symbol]                       0x080039dc   Section        0  system_at32f415.o(.text.system_core_clock_update)
    system_core_clock_update.sys_ahb_div_table 0x08003abc   Number         0  system_at32f415.o(.text.system_core_clock_update)
    [Anonymous Symbol]                       0x08003acc   Section        0  at32f415_misc.o(.text.systick_clock_source_config)
    [Anonymous Symbol]                       0x08003ae4   Section        0  at32f415_usart.o(.text.usart_data_receive)
    [Anonymous Symbol]                       0x08003aec   Section        0  at32f415_usart.o(.text.usart_data_transmit)
    [Anonymous Symbol]                       0x08003af4   Section        0  at32f415_usart.o(.text.usart_enable)
    [Anonymous Symbol]                       0x08003b08   Section        0  at32f415_usart.o(.text.usart_flag_clear)
    [Anonymous Symbol]                       0x08003b18   Section        0  at32f415_usart.o(.text.usart_flag_get)
    [Anonymous Symbol]                       0x08003b24   Section        0  at32f415_usart.o(.text.usart_init)
    [Anonymous Symbol]                       0x08003bac   Section        0  at32f415_usart.o(.text.usart_interrupt_enable)
    [Anonymous Symbol]                       0x08003bcc   Section        0  at32f415_usart.o(.text.usart_parity_selection_config)
    [Anonymous Symbol]                       0x08003c08   Section        0  at32f415_usart.o(.text.usart_receiver_enable)
    [Anonymous Symbol]                       0x08003c1c   Section        0  at32f415_usart.o(.text.usart_reset)
    [Anonymous Symbol]                       0x08003cac   Section        0  at32f415_usart.o(.text.usart_transmitter_enable)
    [Anonymous Symbol]                       0x08003cc0   Section        0  at32f415_usb.o(.text.usb_ept0_setup)
    [Anonymous Symbol]                       0x08003cdc   Section        0  at32f415_usb.o(.text.usb_ept0_start)
    [Anonymous Symbol]                       0x08003d0c   Section        0  at32f415_usb.o(.text.usb_ept_clear_stall)
    [Anonymous Symbol]                       0x08003d44   Section        0  at32f415_usb.o(.text.usb_ept_in_clear)
    [Anonymous Symbol]                       0x08003d50   Section        0  at32f415_usb.o(.text.usb_ept_in_interrupt)
    [Anonymous Symbol]                       0x08003d70   Section        0  at32f415_usb.o(.text.usb_ept_open)
    [Anonymous Symbol]                       0x08003e80   Section        0  at32f415_usb.o(.text.usb_ept_out_clear)
    [Anonymous Symbol]                       0x08003e8c   Section        0  at32f415_usb.o(.text.usb_ept_out_interrupt)
    [Anonymous Symbol]                       0x08003e9c   Section        0  at32f415_usb.o(.text.usb_ept_stall)
    [Anonymous Symbol]                       0x08003ed8   Section        0  at32f415_usb.o(.text.usb_flush_tx_fifo)
    [Anonymous Symbol]                       0x08003f08   Section        0  at32f415_usb.o(.text.usb_get_all_in_interrupt)
    [Anonymous Symbol]                       0x08003f18   Section        0  at32f415_usb.o(.text.usb_get_all_out_interrupt)
    [Anonymous Symbol]                       0x08003f28   Section        0  at32f415_usb.o(.text.usb_global_clear_interrupt)
    [Anonymous Symbol]                       0x08003f2c   Section        0  at32f415_usb.o(.text.usb_global_get_all_interrupt)
    [Anonymous Symbol]                       0x08003f34   Section        0  at32f415_usb.o(.text.usb_global_interrupt_enable)
    [Anonymous Symbol]                       0x08003f44   Section        0  at32f415_usb.o(.text.usb_open_phy_clk)
    [Anonymous Symbol]                       0x08003f54   Section        0  at32f415_usb.o(.text.usb_read_packet)
    [Anonymous Symbol]                       0x08003f84   Section        0  at32f415_usb.o(.text.usb_set_address)
    [Anonymous Symbol]                       0x08003f9c   Section        0  at32f415_usb.o(.text.usb_set_rx_fifo)
    [Anonymous Symbol]                       0x08003fa0   Section        0  at32f415_usb.o(.text.usb_set_tx_fifo)
    [Anonymous Symbol]                       0x08003fe0   Section        0  at32f415_usb.o(.text.usb_stop_phy_clk)
    [Anonymous Symbol]                       0x08003ff0   Section        0  at32f415_usb.o(.text.usb_suspend_status_get)
    [Anonymous Symbol]                       0x08003ffc   Section        0  usbd_int.o(.text.usb_write_empty_txfifo)
    [Anonymous Symbol]                       0x080040b0   Section        0  at32f415_usb.o(.text.usb_write_packet)
    [Anonymous Symbol]                       0x080040e0   Section        0  usbd_core.o(.text.usbd_clear_stall)
    [Anonymous Symbol]                       0x0800410c   Section        0  usbd_core.o(.text.usbd_core_in_handler)
    [Anonymous Symbol]                       0x08004234   Section        0  usbd_core.o(.text.usbd_core_out_handler)
    [Anonymous Symbol]                       0x080042b8   Section        0  usbd_core.o(.text.usbd_core_setup_handler)
    [Anonymous Symbol]                       0x0800430c   Section        0  usbd_core.o(.text.usbd_ctrl_send)
    [Anonymous Symbol]                       0x08004324   Section        0  usbd_core.o(.text.usbd_ctrl_send_status)
    [Anonymous Symbol]                       0x08004338   Section        0  usbd_core.o(.text.usbd_ctrl_unsupport)
    [Anonymous Symbol]                       0x0800435c   Section        0  usbd_sdr.o(.text.usbd_device_request)
    [Anonymous Symbol]                       0x0800459c   Section        0  usbd_sdr.o(.text.usbd_endpoint_request)
    [Anonymous Symbol]                       0x08004690   Section        0  usbd_core.o(.text.usbd_enter_suspend)
    [Anonymous Symbol]                       0x080046ac   Section        0  usbd_core.o(.text.usbd_ept_open)
    [Anonymous Symbol]                       0x080046f0   Section        0  usbd_core.o(.text.usbd_ept_recv)
    [Anonymous Symbol]                       0x080047a8   Section        0  usbd_core.o(.text.usbd_ept_send)
    [Anonymous Symbol]                       0x080048bc   Section        0  usbd_core.o(.text.usbd_fifo_alloc)
    [Anonymous Symbol]                       0x08004908   Section        0  usbd_int.o(.text.usbd_inept_handler)
    [Anonymous Symbol]                       0x080049c4   Section        0  usbd_sdr.o(.text.usbd_interface_request)
    [Anonymous Symbol]                       0x080049fc   Section        0  usbd_int.o(.text.usbd_irq_handler)
    [Anonymous Symbol]                       0x08004b90   Section        0  usbd_int.o(.text.usbd_outept_handler)
    [Anonymous Symbol]                       0x08004c2c   Section        0  usbd_int.o(.text.usbd_reset_handler)
    [Anonymous Symbol]                       0x08004ce4   Section        0  usbd_int.o(.text.usbd_rxflvl_handler)
    [Anonymous Symbol]                       0x08004d5c   Section        0  usbd_core.o(.text.usbd_set_stall)
    [Anonymous Symbol]                       0x08004d88   Section        0  usbd_sdr.o(.text.usbd_setup_request_parse)
    i.__0printf$5                            0x08004da0   Section        0  printf5.o(i.__0printf$5)
    i.__scatterload_copy                     0x08004dc0   Section       14  handlers.o(i.__scatterload_copy)
    i.__scatterload_null                     0x08004dce   Section        2  handlers.o(i.__scatterload_null)
    i.__scatterload_zeroinit                 0x08004dd0   Section       14  handlers.o(i.__scatterload_zeroinit)
    _printf_core                             0x08004de1   Thumb Code   658  printf5.o(i._printf_core)
    i._printf_core                           0x08004de0   Section        0  printf5.o(i._printf_core)
    .Lswitch.table.LCD_Init                  0x080050a0   Data           6  lcd.o(.rodata..Lswitch.table.LCD_Init)
    CRC_CCITT_table                          0x080050a6   Data         512  check_crc16.o(.rodata.CRC_CCITT_table)
    [Anonymous Symbol]                       0x080050a6   Section        0  check_crc16.o(.rodata.CRC_CCITT_table)
    crm_clocks_freq_get.ahb_apb2_div_table   0x08008226   Data           8  at32f415_crm.o(.rodata.cst8)
    [Anonymous Symbol]                       0x08008226   Section        0  at32f415_crm.o(.rodata.cst8)
    .data                                    0x20000000   Section        4  stdout.o(.data)
    Temp                                     0x200000e8   Data           4  base_uart.o(.bss.Temp)
    [Anonymous Symbol]                       0x200000e8   Section        0  base_uart.o(.bss.Temp)
    usbd_set_configuration.config_value      0x20000638   Data           1  usbd_sdr.o(.bss.usbd_set_configuration.config_value)
    [Anonymous Symbol]                       0x20000638   Section        0  usbd_sdr.o(.bss.usbd_set_configuration.config_value)
    STACK                                    0x20000640   Section     3840  startup_at32f415.o(STACK)

    Global Symbols

    Symbol Name                              Value     Ov Type        Size  Object(Section)

    BuildAttributes$$THM_ISAv4$E$P$D$K$B$S$7EM$PE$A:L22UL41UL21$X:L11$S22US41US21$IEEE1$IW$~IW$USESV6$~STKCKD$USESV7$~SHL$OTIME$ROPI$IEEEJ$EBA8$MICROLIB$REQ8$PRES8$EABIv2 0x00000000   Number         0  anon$$obj.o ABSOLUTE
    _printf_a                                0x00000000   Number         0  printfstubs.o ABSOLUTE
    _printf_c                                0x00000000   Number         0  printfstubs.o ABSOLUTE
    _printf_charcount                        0x00000000   Number         0  printfstubs.o ABSOLUTE
    _printf_d                                0x00000000   Number         0  printfstubs.o ABSOLUTE
    _printf_e                                0x00000000   Number         0  printfstubs.o ABSOLUTE
    _printf_f                                0x00000000   Number         0  printfstubs.o ABSOLUTE
    _printf_flags                            0x00000000   Number         0  printfstubs.o ABSOLUTE
    _printf_fp_dec                           0x00000000   Number         0  printfstubs.o ABSOLUTE
    _printf_fp_hex                           0x00000000   Number         0  printfstubs.o ABSOLUTE
    _printf_g                                0x00000000   Number         0  printfstubs.o ABSOLUTE
    _printf_i                                0x00000000   Number         0  printfstubs.o ABSOLUTE
    _printf_int_dec                          0x00000000   Number         0  printfstubs.o ABSOLUTE
    _printf_l                                0x00000000   Number         0  printfstubs.o ABSOLUTE
    _printf_lc                               0x00000000   Number         0  printfstubs.o ABSOLUTE
    _printf_ll                               0x00000000   Number         0  printfstubs.o ABSOLUTE
    _printf_lld                              0x00000000   Number         0  printfstubs.o ABSOLUTE
    _printf_lli                              0x00000000   Number         0  printfstubs.o ABSOLUTE
    _printf_llo                              0x00000000   Number         0  printfstubs.o ABSOLUTE
    _printf_llu                              0x00000000   Number         0  printfstubs.o ABSOLUTE
    _printf_llx                              0x00000000   Number         0  printfstubs.o ABSOLUTE
    _printf_longlong_dec                     0x00000000   Number         0  printfstubs.o ABSOLUTE
    _printf_longlong_hex                     0x00000000   Number         0  printfstubs.o ABSOLUTE
    _printf_longlong_oct                     0x00000000   Number         0  printfstubs.o ABSOLUTE
    _printf_ls                               0x00000000   Number         0  printfstubs.o ABSOLUTE
    _printf_mbtowc                           0x00000000   Number         0  printfstubs.o ABSOLUTE
    _printf_n                                0x00000000   Number         0  printfstubs.o ABSOLUTE
    _printf_o                                0x00000000   Number         0  printfstubs.o ABSOLUTE
    _printf_p                                0x00000000   Number         0  printfstubs.o ABSOLUTE
    _printf_percent                          0x00000000   Number         0  printfstubs.o ABSOLUTE
    _printf_pre_padding                      0x00000000   Number         0  printfstubs.o ABSOLUTE
    _printf_return_value                     0x00000000   Number         0  printfstubs.o ABSOLUTE
    _printf_s                                0x00000000   Number         0  printfstubs.o ABSOLUTE
    _printf_sizespec                         0x00000000   Number         0  printfstubs.o ABSOLUTE
    _printf_str                              0x00000000   Number         0  printfstubs.o ABSOLUTE
    _printf_truncate_signed                  0x00000000   Number         0  printfstubs.o ABSOLUTE
    _printf_truncate_unsigned                0x00000000   Number         0  printfstubs.o ABSOLUTE
    _printf_u                                0x00000000   Number         0  printfstubs.o ABSOLUTE
    _printf_wc                               0x00000000   Number         0  printfstubs.o ABSOLUTE
    _printf_wctomb                           0x00000000   Number         0  printfstubs.o ABSOLUTE
    _printf_widthprec                        0x00000000   Number         0  printfstubs.o ABSOLUTE
    _printf_x                                0x00000000   Number         0  printfstubs.o ABSOLUTE
    __cpp_initialize__aeabi_                  - Undefined Weak Reference
    __cxa_finalize                            - Undefined Weak Reference
    __decompress                              - Undefined Weak Reference
    _clock_init                               - Undefined Weak Reference
    _microlib_exit                            - Undefined Weak Reference
    __Vectors_Size                           0x00000170   Number         0  startup_at32f415.o ABSOLUTE
    __Vectors                                0x08000000   Data           4  startup_at32f415.o(RESET)
    __Vectors_End                            0x08000170   Data           0  startup_at32f415.o(RESET)
    __main                                   0x08000171   Thumb Code     0  entry.o(.ARM.Collect$$$$00000000)
    _main_stk                                0x08000171   Thumb Code     0  entry2.o(.ARM.Collect$$$$00000001)
    _main_scatterload                        0x08000175   Thumb Code     0  entry5.o(.ARM.Collect$$$$00000004)
    __main_after_scatterload                 0x08000179   Thumb Code     0  entry5.o(.ARM.Collect$$$$00000004)
    _main_clock                              0x08000179   Thumb Code     0  entry7b.o(.ARM.Collect$$$$00000008)
    _main_cpp_init                           0x08000179   Thumb Code     0  entry8b.o(.ARM.Collect$$$$0000000A)
    _main_init                               0x08000179   Thumb Code     0  entry9a.o(.ARM.Collect$$$$0000000B)
    __rt_final_cpp                           0x08000181   Thumb Code     0  entry10a.o(.ARM.Collect$$$$0000000D)
    __rt_final_exit                          0x08000181   Thumb Code     0  entry11a.o(.ARM.Collect$$$$0000000F)
    Reset_Handler                            0x08000185   Thumb Code     8  startup_at32f415.o(.text)
    ADC1_IRQHandler                          0x0800019f   Thumb Code     0  startup_at32f415.o(.text)
    CAN1_RX0_IRQHandler                      0x0800019f   Thumb Code     0  startup_at32f415.o(.text)
    CAN1_RX1_IRQHandler                      0x0800019f   Thumb Code     0  startup_at32f415.o(.text)
    CAN1_SE_IRQHandler                       0x0800019f   Thumb Code     0  startup_at32f415.o(.text)
    CAN1_TX_IRQHandler                       0x0800019f   Thumb Code     0  startup_at32f415.o(.text)
    CMP1_IRQHandler                          0x0800019f   Thumb Code     0  startup_at32f415.o(.text)
    CMP2_IRQHandler                          0x0800019f   Thumb Code     0  startup_at32f415.o(.text)
    CRM_IRQHandler                           0x0800019f   Thumb Code     0  startup_at32f415.o(.text)
    DMA1_Channel1_IRQHandler                 0x0800019f   Thumb Code     0  startup_at32f415.o(.text)
    DMA1_Channel2_IRQHandler                 0x0800019f   Thumb Code     0  startup_at32f415.o(.text)
    DMA1_Channel3_IRQHandler                 0x0800019f   Thumb Code     0  startup_at32f415.o(.text)
    DMA1_Channel4_IRQHandler                 0x0800019f   Thumb Code     0  startup_at32f415.o(.text)
    DMA1_Channel5_IRQHandler                 0x0800019f   Thumb Code     0  startup_at32f415.o(.text)
    DMA1_Channel6_IRQHandler                 0x0800019f   Thumb Code     0  startup_at32f415.o(.text)
    DMA1_Channel7_IRQHandler                 0x0800019f   Thumb Code     0  startup_at32f415.o(.text)
    DMA2_Channel1_IRQHandler                 0x0800019f   Thumb Code     0  startup_at32f415.o(.text)
    DMA2_Channel2_IRQHandler                 0x0800019f   Thumb Code     0  startup_at32f415.o(.text)
    DMA2_Channel3_IRQHandler                 0x0800019f   Thumb Code     0  startup_at32f415.o(.text)
    DMA2_Channel4_5_IRQHandler               0x0800019f   Thumb Code     0  startup_at32f415.o(.text)
    DMA2_Channel6_7_IRQHandler               0x0800019f   Thumb Code     0  startup_at32f415.o(.text)
    ERTCAlarm_IRQHandler                     0x0800019f   Thumb Code     0  startup_at32f415.o(.text)
    ERTC_WKUP_IRQHandler                     0x0800019f   Thumb Code     0  startup_at32f415.o(.text)
    EXINT0_IRQHandler                        0x0800019f   Thumb Code     0  startup_at32f415.o(.text)
    EXINT15_10_IRQHandler                    0x0800019f   Thumb Code     0  startup_at32f415.o(.text)
    EXINT1_IRQHandler                        0x0800019f   Thumb Code     0  startup_at32f415.o(.text)
    EXINT2_IRQHandler                        0x0800019f   Thumb Code     0  startup_at32f415.o(.text)
    EXINT3_IRQHandler                        0x0800019f   Thumb Code     0  startup_at32f415.o(.text)
    EXINT4_IRQHandler                        0x0800019f   Thumb Code     0  startup_at32f415.o(.text)
    EXINT9_5_IRQHandler                      0x0800019f   Thumb Code     0  startup_at32f415.o(.text)
    FLASH_IRQHandler                         0x0800019f   Thumb Code     0  startup_at32f415.o(.text)
    I2C1_ERR_IRQHandler                      0x0800019f   Thumb Code     0  startup_at32f415.o(.text)
    I2C1_EVT_IRQHandler                      0x0800019f   Thumb Code     0  startup_at32f415.o(.text)
    I2C2_ERR_IRQHandler                      0x0800019f   Thumb Code     0  startup_at32f415.o(.text)
    I2C2_EVT_IRQHandler                      0x0800019f   Thumb Code     0  startup_at32f415.o(.text)
    PVM_IRQHandler                           0x0800019f   Thumb Code     0  startup_at32f415.o(.text)
    SDIO1_IRQHandler                         0x0800019f   Thumb Code     0  startup_at32f415.o(.text)
    TAMP_STAMP_IRQHandler                    0x0800019f   Thumb Code     0  startup_at32f415.o(.text)
    TMR1_BRK_TMR9_IRQHandler                 0x0800019f   Thumb Code     0  startup_at32f415.o(.text)
    TMR1_CH_IRQHandler                       0x0800019f   Thumb Code     0  startup_at32f415.o(.text)
    TMR1_OVF_TMR10_IRQHandler                0x0800019f   Thumb Code     0  startup_at32f415.o(.text)
    TMR1_TRG_HALL_TMR11_IRQHandler           0x0800019f   Thumb Code     0  startup_at32f415.o(.text)
    TMR2_GLOBAL_IRQHandler                   0x0800019f   Thumb Code     0  startup_at32f415.o(.text)
    TMR3_GLOBAL_IRQHandler                   0x0800019f   Thumb Code     0  startup_at32f415.o(.text)
    TMR4_GLOBAL_IRQHandler                   0x0800019f   Thumb Code     0  startup_at32f415.o(.text)
    TMR5_GLOBAL_IRQHandler                   0x0800019f   Thumb Code     0  startup_at32f415.o(.text)
    UART4_IRQHandler                         0x0800019f   Thumb Code     0  startup_at32f415.o(.text)
    UART5_IRQHandler                         0x0800019f   Thumb Code     0  startup_at32f415.o(.text)
    WWDT_IRQHandler                          0x0800019f   Thumb Code     0  startup_at32f415.o(.text)
    __aeabi_uldivmod                         0x080001a9   Thumb Code    98  uldiv.o(.text)
    __aeabi_memcpy                           0x0800020b   Thumb Code    36  memcpya.o(.text)
    __aeabi_memcpy4                          0x0800020b   Thumb Code     0  memcpya.o(.text)
    __aeabi_memcpy8                          0x0800020b   Thumb Code     0  memcpya.o(.text)
    __aeabi_memset                           0x0800022f   Thumb Code    14  memseta.o(.text)
    __aeabi_memset4                          0x0800022f   Thumb Code     0  memseta.o(.text)
    __aeabi_memset8                          0x0800022f   Thumb Code     0  memseta.o(.text)
    __aeabi_memclr                           0x0800023d   Thumb Code     4  memseta.o(.text)
    __aeabi_memclr4                          0x0800023d   Thumb Code     0  memseta.o(.text)
    __aeabi_memclr8                          0x0800023d   Thumb Code     0  memseta.o(.text)
    _memset$wrapper                          0x08000241   Thumb Code    18  memseta.o(.text)
    strlen                                   0x08000253   Thumb Code    14  strlen.o(.text)
    __aeabi_llsl                             0x08000261   Thumb Code    30  llshl.o(.text)
    _ll_shift_l                              0x08000261   Thumb Code     0  llshl.o(.text)
    __aeabi_llsr                             0x0800027f   Thumb Code    32  llushr.o(.text)
    _ll_ushift_r                             0x0800027f   Thumb Code     0  llushr.o(.text)
    __scatterload                            0x080002a1   Thumb Code    28  init.o(.text)
    __scatterload_rt2                        0x080002a1   Thumb Code     0  init.o(.text)
    API_Hourly_to_Seconds                    0x080002c5   Thumb Code    40  time_handle.o(.text.API_Hourly_to_Seconds)
    API_Index                                0x080002ed   Thumb Code    56  api.o(.text.API_Index)
    API_Over_Time                            0x08000325   Thumb Code   246  time_handle.o(.text.API_Over_Time)
    API_Seconds_to_Hourly                    0x0800041d   Thumb Code    76  time_handle.o(.text.API_Seconds_to_Hourly)
    Base_Delay                               0x08000469   Thumb Code    40  base_sys_time.o(.text.Base_Delay)
    BusFault_Handler                         0x08000491   Thumb Code     2  at32f415_int.o(.text.BusFault_Handler)
    CRC16_CCITT_CalculateBuf                 0x08000495   Thumb Code    50  check_crc16.o(.text.CRC16_CCITT_CalculateBuf)
    DebugMon_Handler                         0x080004c9   Thumb Code     2  at32f415_int.o(.text.DebugMon_Handler)
    Find_Data                                0x080004cd   Thumb Code    30  data_handle.o(.text.Find_Data)
    Flash_Read_Data                          0x080004ed   Thumb Code    68  base_flash.o(.text.Flash_Read_Data)
    Flash_Save_Data                          0x08000531   Thumb Code   322  base_flash.o(.text.Flash_Save_Data)
    GET_SysTick                              0x08000675   Thumb Code    70  base_sys_time.o(.text.GET_SysTick)
    Get_Lose_Time                            0x080006bd   Thumb Code   200  mode_time.o(.text.Get_Lose_Time)
    HardFault_Handler                        0x08000785   Thumb Code     2  at32f415_int.o(.text.HardFault_Handler)
    IIC_Read_DATA                            0x08000789   Thumb Code   156  base_iic.o(.text.IIC_Read_DATA)
    IIC_Receive_DATA                         0x08000825   Thumb Code   364  base_iic.o(.text.IIC_Receive_DATA)
    IIC_Send_DATA                            0x08000991   Thumb Code   336  base_iic.o(.text.IIC_Send_DATA)
    IIC_StartBit                             0x08000ae1   Thumb Code   222  base_iic.o(.text.IIC_StartBit)
    IIC_Start_Init                           0x08000bc1   Thumb Code   108  base_iic.o(.text.IIC_Start_Init)
    IIC_StopBit                              0x08000c2d   Thumb Code   172  base_iic.o(.text.IIC_StopBit)
    IIC_WaitASK                              0x08000cd9   Thumb Code   176  base_iic.o(.text.IIC_WaitASK)
    IIC_Write_DATA                           0x08000d89   Thumb Code   190  base_iic.o(.text.IIC_Write_DATA)
    KEY_GPIO_Init                            0x08000e49   Thumb Code    84  base_exist_gpio.o(.text.KEY_GPIO_Init)
    KEY_Init                                 0x08000e9d   Thumb Code    12  key.o(.text.KEY_Init)
    KEY_State                                0x08000ea9   Thumb Code    24  key.o(.text.KEY_State)
    LCD_Address_Set                          0x08000ec1   Thumb Code   738  lcd.o(.text.LCD_Address_Set)
    LCD_Draw_Circle                          0x080011a5   Thumb Code   456  lcd.o(.text.LCD_Draw_Circle)
    LCD_Draw_Line                            0x0800136d   Thumb Code   192  lcd.o(.text.LCD_Draw_Line)
    LCD_Draw_Point                           0x0800142d   Thumb Code    44  lcd.o(.text.LCD_Draw_Point)
    LCD_Draw_Rectangle                       0x08001459   Thumb Code    82  lcd.o(.text.LCD_Draw_Rectangle)
    LCD_Fill                                 0x080014ad   Thumb Code    72  lcd.o(.text.LCD_Fill)
    LCD_GPIO_Init                            0x080014f5   Thumb Code    84  base_exist_gpio.o(.text.LCD_GPIO_Init)
    LCD_Init                                 0x08001549   Thumb Code  1536  lcd.o(.text.LCD_Init)
    LCD_Show_Char                            0x08001b49   Thumb Code   412  lcd.o(.text.LCD_Show_Char)
    LCD_Show_Chinese                         0x08001ce5   Thumb Code    30  lcd.o(.text.LCD_Show_Chinese)
    LCD_Show_Picture                         0x08001d05   Thumb Code   140  lcd.o(.text.LCD_Show_Picture)
    LCD_Show_String                          0x08001d91   Thumb Code   130  lcd.o(.text.LCD_Show_String)
    LED_GPIO_Init                            0x08001e15   Thumb Code   118  base_exist_gpio.o(.text.LED_GPIO_Init)
    MODE_Get_TIME                            0x08001e8d   Thumb Code   154  mode_time.o(.text.MODE_Get_TIME)
    MODE_LED_Init                            0x08001f29   Thumb Code    20  led.o(.text.MODE_LED_Init)
    MODE_LED_REG                             0x08001f3d   Thumb Code   326  led.o(.text.MODE_LED_REG)
    MODE_LED_SET                             0x08002085   Thumb Code    64  led.o(.text.MODE_LED_SET)
    Main_Init                                0x080020c5   Thumb Code   196  main.o(.text.Main_Init)
    MemManage_Handler                        0x080021b9   Thumb Code     2  at32f415_int.o(.text.MemManage_Handler)
    Mode_Index                               0x080021bd   Thumb Code   270  mode.o(.text.Mode_Index)
    NMI_Handler                              0x080022cd   Thumb Code     2  at32f415_int.o(.text.NMI_Handler)
    OTGFS1_IRQHandler                        0x080022d1   Thumb Code    12  usb_user.o(.text.OTGFS1_IRQHandler)
    OTGFS1_WKUP_IRQHandler                   0x080022dd   Thumb Code     8  usb_user.o(.text.OTGFS1_WKUP_IRQHandler)
    PendSV_Handler                           0x080022e5   Thumb Code     2  at32f415_int.o(.text.PendSV_Handler)
    RTC8564_Init                             0x080022e9   Thumb Code    74  mode_rtc8564.o(.text.RTC8564_Init)
    SET_SysTick                              0x08002335   Thumb Code    52  base_sys_time.o(.text.SET_SysTick)
    SPI1_IRQHandler                          0x08002369   Thumb Code    74  base_spi.o(.text.SPI1_IRQHandler)
    SPI2_GPIO_Init                           0x080023b5   Thumb Code   130  base_spi.o(.text.SPI2_GPIO_Init)
    SPI2_IRQHandler                          0x08002439   Thumb Code    36  base_spi.o(.text.SPI2_IRQHandler)
    SPI_CS_Set                               0x0800245d   Thumb Code    50  base_spi.o(.text.SPI_CS_Set)
    SPI_Send_DATA                            0x08002491   Thumb Code    46  base_spi.o(.text.SPI_Send_DATA)
    SPI_Start_Init                           0x080024c1   Thumb Code   146  base_spi.o(.text.SPI_Start_Init)
    SVC_Handler                              0x08002555   Thumb Code     2  at32f415_int.o(.text.SVC_Handler)
    SYS_Delay_S                              0x08002559   Thumb Code   212  base_sys_time.o(.text.SYS_Delay_S)
    SYS_Delay_ms                             0x0800262d   Thumb Code   166  base_sys_time.o(.text.SYS_Delay_ms)
    SYS_Delay_us                             0x080026d5   Thumb Code   166  base_sys_time.o(.text.SYS_Delay_us)
    Set_TIME                                 0x0800277d   Thumb Code    28  mode_time.o(.text.Set_TIME)
    SysTick_Handler                          0x08002799   Thumb Code    16  base_sys_time.o(.text.SysTick_Handler)
    Sys_Clock_Init                           0x080027a9   Thumb Code    78  mode_time.o(.text.Sys_Clock_Init)
    Sys_Time_Init                            0x080027f9   Thumb Code   142  base_sys_time.o(.text.Sys_Time_Init)
    SystemInit                               0x08002889   Thumb Code   124  system_at32f415.o(.text.SystemInit)
    UART_RXD_Flag                            0x08002905   Thumb Code    84  base_uart.o(.text.UART_RXD_Flag)
    UART_RXD_Flag_Clear                      0x08002959   Thumb Code    70  base_uart.o(.text.UART_RXD_Flag_Clear)
    UART_RXD_Receive                         0x080029a1   Thumb Code    64  base_uart.o(.text.UART_RXD_Receive)
    UART_Send_Data                           0x080029e1   Thumb Code    36  mode_uart.o(.text.UART_Send_Data)
    UART_Send_String                         0x08002a05   Thumb Code    46  mode_uart.o(.text.UART_Send_String)
    UART_TXD_Send                            0x08002a35   Thumb Code    84  base_uart.o(.text.UART_TXD_Send)
    USART1_IRQHandler                        0x08002a89   Thumb Code   100  mode_uart.o(.text.USART1_IRQHandler)
    USART2_IRQHandler                        0x08002aed   Thumb Code   104  mode_uart.o(.text.USART2_IRQHandler)
    USART3_IRQHandler                        0x08002b55   Thumb Code   104  mode_uart.o(.text.USART3_IRQHandler)
    Uart1_Init                               0x08002bbd   Thumb Code   198  base_uart.o(.text.Uart1_Init)
    Uart2_Init                               0x08002c85   Thumb Code   192  base_uart.o(.text.Uart2_Init)
    Uart3_Init                               0x08002d45   Thumb Code   220  base_uart.o(.text.Uart3_Init)
    Uart4_Init                               0x08002e21   Thumb Code   196  base_uart.o(.text.Uart4_Init)
    Uart_Init                                0x08002ee5   Thumb Code   130  mode_uart.o(.text.Uart_Init)
    UsageFault_Handler                       0x08002f69   Thumb Code     2  at32f415_int.o(.text.UsageFault_Handler)
    WS2812_write_byte                        0x08002f6d   Thumb Code   158  led.o(.text.WS2812_write_byte)
    crm_ahb_div_set                          0x08003031   Thumb Code    26  at32f415_crm.o(.text.crm_ahb_div_set)
    crm_apb1_div_set                         0x0800304d   Thumb Code    26  at32f415_crm.o(.text.crm_apb1_div_set)
    crm_apb2_div_set                         0x08003069   Thumb Code    26  at32f415_crm.o(.text.crm_apb2_div_set)
    crm_auto_step_mode_enable                0x08003085   Thumb Code    24  at32f415_crm.o(.text.crm_auto_step_mode_enable)
    crm_clock_source_enable                  0x0800309d   Thumb Code   122  at32f415_crm.o(.text.crm_clock_source_enable)
    crm_clocks_freq_get                      0x08003119   Thumb Code   264  at32f415_crm.o(.text.crm_clocks_freq_get)
    crm_flag_get                             0x08003239   Thumb Code    26  at32f415_crm.o(.text.crm_flag_get)
    crm_periph_clock_enable                  0x08003255   Thumb Code    40  at32f415_crm.o(.text.crm_periph_clock_enable)
    crm_periph_reset                         0x0800327d   Thumb Code    40  at32f415_crm.o(.text.crm_periph_reset)
    crm_pll_config                           0x080032a5   Thumb Code    78  at32f415_crm.o(.text.crm_pll_config)
    crm_reset                                0x080032f5   Thumb Code    78  at32f415_crm.o(.text.crm_reset)
    crm_sysclk_switch                        0x08003345   Thumb Code    18  at32f415_crm.o(.text.crm_sysclk_switch)
    crm_sysclk_switch_status_get             0x08003359   Thumb Code    16  at32f415_crm.o(.text.crm_sysclk_switch_status_get)
    crm_usb_clock_div_set                    0x08003369   Thumb Code    28  at32f415_crm.o(.text.crm_usb_clock_div_set)
    crm_usb_clock_source_select              0x08003385   Thumb Code    50  at32f415_crm.o(.text.crm_usb_clock_source_select)
    exint_flag_clear                         0x080033b9   Thumb Code    12  at32f415_exint.o(.text.exint_flag_clear)
    flash_flag_clear                         0x080033c5   Thumb Code    12  at32f415_flash.o(.text.flash_flag_clear)
    flash_lock                               0x080033d1   Thumb Code    18  at32f415_flash.o(.text.flash_lock)
    flash_operation_wait_for                 0x080033e5   Thumb Code   114  at32f415_flash.o(.text.flash_operation_wait_for)
    flash_sector_erase                       0x08003459   Thumb Code   130  at32f415_flash.o(.text.flash_sector_erase)
    flash_unlock                             0x080034dd   Thumb Code    30  at32f415_flash.o(.text.flash_unlock)
    flash_word_program                       0x080034fd   Thumb Code   122  at32f415_flash.o(.text.flash_word_program)
    fputc                                    0x08003579   Thumb Code    48  base_uart.o(.text.fputc)
    gpio_default_para_init                   0x080035a9   Thumb Code    18  at32f415_gpio.o(.text.gpio_default_para_init)
    gpio_init                                0x080035bd   Thumb Code   190  at32f415_gpio.o(.text.gpio_init)
    gpio_input_data_bit_read                 0x0800367d   Thumb Code    14  at32f415_gpio.o(.text.gpio_input_data_bit_read)
    gpio_pin_remap_config                    0x0800368d   Thumb Code    64  at32f415_gpio.o(.text.gpio_pin_remap_config)
    main                                     0x080036cd   Thumb Code   120  main.o(.text.main)
    nvic_irq_enable                          0x08003755   Thumb Code   116  at32f415_misc.o(.text.nvic_irq_enable)
    nvic_priority_group_config               0x080037c9   Thumb Code    32  at32f415_misc.o(.text.nvic_priority_group_config)
    spi_default_para_init                    0x080037e9   Thumb Code    14  at32f415_spi.o(.text.spi_default_para_init)
    spi_enable                               0x080037f9   Thumb Code    18  at32f415_spi.o(.text.spi_enable)
    spi_i2s_data_transmit                    0x0800380d   Thumb Code     4  at32f415_spi.o(.text.spi_i2s_data_transmit)
    spi_i2s_flag_get                         0x08003811   Thumb Code    10  at32f415_spi.o(.text.spi_i2s_flag_get)
    spi_i2s_interrupt_enable                 0x0800381d   Thumb Code    16  at32f415_spi.o(.text.spi_i2s_interrupt_enable)
    spi_i2s_reset                            0x0800382d   Thumb Code    60  at32f415_spi.o(.text.spi_i2s_reset)
    spi_init                                 0x08003869   Thumb Code   236  at32f415_spi.o(.text.spi_init)
    system_clock_config                      0x08003955   Thumb Code     4  at32f415_clock.o(.text.system_clock_config)
    system_clock_hick_config                 0x08003959   Thumb Code   130  at32f415_clock.o(.text.system_clock_hick_config)
    system_core_clock_update                 0x080039dd   Thumb Code   224  system_at32f415.o(.text.system_core_clock_update)
    systick_clock_source_config              0x08003acd   Thumb Code    24  at32f415_misc.o(.text.systick_clock_source_config)
    usart_data_receive                       0x08003ae5   Thumb Code     6  at32f415_usart.o(.text.usart_data_receive)
    usart_data_transmit                      0x08003aed   Thumb Code     8  at32f415_usart.o(.text.usart_data_transmit)
    usart_enable                             0x08003af5   Thumb Code    18  at32f415_usart.o(.text.usart_enable)
    usart_flag_clear                         0x08003b09   Thumb Code    16  at32f415_usart.o(.text.usart_flag_clear)
    usart_flag_get                           0x08003b19   Thumb Code    10  at32f415_usart.o(.text.usart_flag_get)
    usart_init                               0x08003b25   Thumb Code   134  at32f415_usart.o(.text.usart_init)
    usart_interrupt_enable                   0x08003bad   Thumb Code    32  at32f415_usart.o(.text.usart_interrupt_enable)
    usart_parity_selection_config            0x08003bcd   Thumb Code    58  at32f415_usart.o(.text.usart_parity_selection_config)
    usart_receiver_enable                    0x08003c09   Thumb Code    18  at32f415_usart.o(.text.usart_receiver_enable)
    usart_reset                              0x08003c1d   Thumb Code   142  at32f415_usart.o(.text.usart_reset)
    usart_transmitter_enable                 0x08003cad   Thumb Code    18  at32f415_usart.o(.text.usart_transmitter_enable)
    usb_ept0_setup                           0x08003cc1   Thumb Code    28  at32f415_usb.o(.text.usb_ept0_setup)
    usb_ept0_start                           0x08003cdd   Thumb Code    48  at32f415_usb.o(.text.usb_ept0_start)
    usb_ept_clear_stall                      0x08003d0d   Thumb Code    54  at32f415_usb.o(.text.usb_ept_clear_stall)
    usb_ept_in_clear                         0x08003d45   Thumb Code    10  at32f415_usb.o(.text.usb_ept_in_clear)
    usb_ept_in_interrupt                     0x08003d51   Thumb Code    30  at32f415_usb.o(.text.usb_ept_in_interrupt)
    usb_ept_open                             0x08003d71   Thumb Code   270  at32f415_usb.o(.text.usb_ept_open)
    usb_ept_out_clear                        0x08003e81   Thumb Code    10  at32f415_usb.o(.text.usb_ept_out_clear)
    usb_ept_out_interrupt                    0x08003e8d   Thumb Code    16  at32f415_usb.o(.text.usb_ept_out_interrupt)
    usb_ept_stall                            0x08003e9d   Thumb Code    60  at32f415_usb.o(.text.usb_ept_stall)
    usb_flush_tx_fifo                        0x08003ed9   Thumb Code    46  at32f415_usb.o(.text.usb_flush_tx_fifo)
    usb_get_all_in_interrupt                 0x08003f09   Thumb Code    14  at32f415_usb.o(.text.usb_get_all_in_interrupt)
    usb_get_all_out_interrupt                0x08003f19   Thumb Code    14  at32f415_usb.o(.text.usb_get_all_out_interrupt)
    usb_global_clear_interrupt               0x08003f29   Thumb Code     4  at32f415_usb.o(.text.usb_global_clear_interrupt)
    usb_global_get_all_interrupt             0x08003f2d   Thumb Code     8  at32f415_usb.o(.text.usb_global_get_all_interrupt)
    usb_global_interrupt_enable              0x08003f35   Thumb Code    16  at32f415_usb.o(.text.usb_global_interrupt_enable)
    usb_open_phy_clk                         0x08003f45   Thumb Code    14  at32f415_usb.o(.text.usb_open_phy_clk)
    usb_read_packet                          0x08003f55   Thumb Code    46  at32f415_usb.o(.text.usb_read_packet)
    usb_set_address                          0x08003f85   Thumb Code    22  at32f415_usb.o(.text.usb_set_address)
    usb_set_rx_fifo                          0x08003f9d   Thumb Code     4  at32f415_usb.o(.text.usb_set_rx_fifo)
    usb_set_tx_fifo                          0x08003fa1   Thumb Code    64  at32f415_usb.o(.text.usb_set_tx_fifo)
    usb_stop_phy_clk                         0x08003fe1   Thumb Code    14  at32f415_usb.o(.text.usb_stop_phy_clk)
    usb_suspend_status_get                   0x08003ff1   Thumb Code    10  at32f415_usb.o(.text.usb_suspend_status_get)
    usb_write_empty_txfifo                   0x08003ffd   Thumb Code   178  usbd_int.o(.text.usb_write_empty_txfifo)
    usb_write_packet                         0x080040b1   Thumb Code    48  at32f415_usb.o(.text.usb_write_packet)
    usbd_clear_stall                         0x080040e1   Thumb Code    42  usbd_core.o(.text.usbd_clear_stall)
    usbd_core_in_handler                     0x0800410d   Thumb Code   296  usbd_core.o(.text.usbd_core_in_handler)
    usbd_core_out_handler                    0x08004235   Thumb Code   130  usbd_core.o(.text.usbd_core_out_handler)
    usbd_core_setup_handler                  0x080042b9   Thumb Code    82  usbd_core.o(.text.usbd_core_setup_handler)
    usbd_ctrl_send                           0x0800430d   Thumb Code    22  usbd_core.o(.text.usbd_ctrl_send)
    usbd_ctrl_send_status                    0x08004325   Thumb Code    18  usbd_core.o(.text.usbd_ctrl_send_status)
    usbd_ctrl_unsupport                      0x08004339   Thumb Code    34  usbd_core.o(.text.usbd_ctrl_unsupport)
    usbd_device_request                      0x0800435d   Thumb Code   574  usbd_sdr.o(.text.usbd_device_request)
    usbd_endpoint_request                    0x0800459d   Thumb Code   244  usbd_sdr.o(.text.usbd_endpoint_request)
    usbd_enter_suspend                       0x08004691   Thumb Code    26  usbd_core.o(.text.usbd_enter_suspend)
    usbd_ept_open                            0x080046ad   Thumb Code    66  usbd_core.o(.text.usbd_ept_open)
    usbd_ept_recv                            0x080046f1   Thumb Code   182  usbd_core.o(.text.usbd_ept_recv)
    usbd_ept_send                            0x080047a9   Thumb Code   274  usbd_core.o(.text.usbd_ept_send)
    usbd_fifo_alloc                          0x080048bd   Thumb Code    74  usbd_core.o(.text.usbd_fifo_alloc)
    usbd_inept_handler                       0x08004909   Thumb Code   188  usbd_int.o(.text.usbd_inept_handler)
    usbd_interface_request                   0x080049c5   Thumb Code    54  usbd_sdr.o(.text.usbd_interface_request)
    usbd_irq_handler                         0x080049fd   Thumb Code   402  usbd_int.o(.text.usbd_irq_handler)
    usbd_outept_handler                      0x08004b91   Thumb Code   154  usbd_int.o(.text.usbd_outept_handler)
    usbd_reset_handler                       0x08004c2d   Thumb Code   182  usbd_int.o(.text.usbd_reset_handler)
    usbd_rxflvl_handler                      0x08004ce5   Thumb Code   118  usbd_int.o(.text.usbd_rxflvl_handler)
    usbd_set_stall                           0x08004d5d   Thumb Code    42  usbd_core.o(.text.usbd_set_stall)
    usbd_setup_request_parse                 0x08004d89   Thumb Code    22  usbd_sdr.o(.text.usbd_setup_request_parse)
    __0printf$5                              0x08004da1   Thumb Code    22  printf5.o(i.__0printf$5)
    __1printf$5                              0x08004da1   Thumb Code     0  printf5.o(i.__0printf$5)
    __2printf                                0x08004da1   Thumb Code     0  printf5.o(i.__0printf$5)
    __scatterload_copy                       0x08004dc1   Thumb Code    14  handlers.o(i.__scatterload_copy)
    __scatterload_null                       0x08004dcf   Thumb Code     2  handlers.o(i.__scatterload_null)
    __scatterload_zeroinit                   0x08004dd1   Thumb Code    14  handlers.o(i.__scatterload_zeroinit)
    ascii_1608                               0x080052a6   Data        1520  lcd.o(.rodata.ascii_1608)
    ascii_2412                               0x08005896   Data        4560  lcd.o(.rodata.ascii_2412)
    ascii_3216                               0x08006a66   Data        6080  lcd.o(.rodata.ascii_3216)
    Region$$Table$$Base                      0x08008230   Number         0  anon$$obj.o(Region$$Table)
    Region$$Table$$Limit                     0x08008250   Number         0  anon$$obj.o(Region$$Table)
    __stdout                                 0x20000000   Data           4  stdout.o(.data)
    SPI_complete_flag                        0x20000004   Data           2  base_spi.o(.data.SPI_complete_flag)
    SYS_Time                                 0x20000008   Data          20  mode_time.o(.data.SYS_Time)
    Temp_SPI                                 0x2000001c   Data           4  base_spi.o(.data.Temp_SPI)
    system_core_clock                        0x20000020   Data           4  system_at32f415.o(.data.system_core_clock)
    temp_default                             0x20000024   Data          20  main.o(.data.temp_default)
    API                                      0x20000038   Data          20  api.o(.bss.API)
    BACK_COLOR                               0x2000004c   Data           2  lcd.o(.bss.BACK_COLOR)
    CV_UART                                  0x20000050   Data          24  mode_uart.o(.bss.CV_UART)
    Freq_ms                                  0x20000068   Data           4  base_sys_time.o(.bss.Freq_ms)
    Freq_us                                  0x2000006c   Data           4  base_sys_time.o(.bss.Freq_us)
    HORIZONTAL                               0x20000070   Data           1  lcd.o(.bss.HORIZONTAL)
    Mode_Init                                0x20000074   Data          24  mode.o(.bss.Mode_Init)
    Mode_User                                0x2000008c   Data          84  mode.o(.bss.Mode_User)
    SYS_Ticktime                             0x200000e0   Data           8  base_sys_time.o(.bss.SYS_Ticktime)
    Tick_Freq                                0x200000ec   Data           4  mode_time.o(.bss.Tick_Freq)
    Tick_Full                                0x200000f0   Data           4  base_sys_time.o(.bss.Tick_Full)
    Tick_ms                                  0x200000f4   Data           4  mode_time.o(.bss.Tick_ms)
    Tick_us                                  0x200000f8   Data           4  mode_time.o(.bss.Tick_us)
    UART1_Data                               0x200000fc   Data         224  mode_uart.o(.bss.UART1_Data)
    UART2_Data                               0x200001dc   Data         224  mode_uart.o(.bss.UART2_Data)
    UART3_Data                               0x200002bc   Data         224  mode_uart.o(.bss.UART3_Data)
    UART4_Data                               0x2000039c   Data         224  mode_uart.o(.bss.UART4_Data)
    i                                        0x2000047c   Data           4  main.o(.bss.i)
    otg_core_struct                          0x20000480   Data         420  usb_user.o(.bss.otg_core_struct)
    temp_a                                   0x20000624   Data          20  main.o(.bss.temp_a)
    __initial_sp                             0x20001540   Data           0  startup_at32f415.o(STACK)



==============================================================================

Memory Map of the image

  Image Entry point : 0x08000171

  Load Region LR_IROM1 (Base: 0x08000000, Size: 0x00008288, Max: 0x00040000, ABSOLUTE)

    Execution Region ER_IROM1 (Exec base: 0x08000000, Load base: 0x08000000, Size: 0x00008250, Max: 0x00040000, ABSOLUTE)

    Exec Addr    Load Addr    Size         Type   Attr      Idx    E Section Name        Object

    0x08000000   0x08000000   0x00000170   Data   RO          852    RESET               startup_at32f415.o
    0x08000170   0x08000170   0x00000000   Code   RO         1979  * .ARM.Collect$$$$00000000  mc_w.l(entry.o)
    0x08000170   0x08000170   0x00000004   Code   RO         2265    .ARM.Collect$$$$00000001  mc_w.l(entry2.o)
    0x08000174   0x08000174   0x00000004   Code   RO         2268    .ARM.Collect$$$$00000004  mc_w.l(entry5.o)
    0x08000178   0x08000178   0x00000000   Code   RO         2270    .ARM.Collect$$$$00000008  mc_w.l(entry7b.o)
    0x08000178   0x08000178   0x00000000   Code   RO         2272    .ARM.Collect$$$$0000000A  mc_w.l(entry8b.o)
    0x08000178   0x08000178   0x00000008   Code   RO         2273    .ARM.Collect$$$$0000000B  mc_w.l(entry9a.o)
    0x08000180   0x08000180   0x00000000   Code   RO         2275    .ARM.Collect$$$$0000000D  mc_w.l(entry10a.o)
    0x08000180   0x08000180   0x00000000   Code   RO         2277    .ARM.Collect$$$$0000000F  mc_w.l(entry11a.o)
    0x08000180   0x08000180   0x00000004   Code   RO         2266    .ARM.Collect$$$$00002712  mc_w.l(entry2.o)
    0x08000184   0x08000184   0x00000024   Code   RO          853    .text               startup_at32f415.o
    0x080001a8   0x080001a8   0x00000062   Code   RO         1982    .text               mc_w.l(uldiv.o)
    0x0800020a   0x0800020a   0x00000024   Code   RO         1984    .text               mc_w.l(memcpya.o)
    0x0800022e   0x0800022e   0x00000024   Code   RO         1986    .text               mc_w.l(memseta.o)
    0x08000252   0x08000252   0x0000000e   Code   RO         1988    .text               mc_w.l(strlen.o)
    0x08000260   0x08000260   0x0000001e   Code   RO         2291    .text               mc_w.l(llshl.o)
    0x0800027e   0x0800027e   0x00000020   Code   RO         2293    .text               mc_w.l(llushr.o)
    0x0800029e   0x0800029e   0x00000002   PAD
    0x080002a0   0x080002a0   0x00000024   Code   RO         2317    .text               mc_w.l(init.o)
    0x080002c4   0x080002c4   0x00000028   Code   RO          788    .text.API_Hourly_to_Seconds  time_handle.o
    0x080002ec   0x080002ec   0x00000038   Code   RO          739    .text.API_Index     api.o
    0x08000324   0x08000324   0x000000f6   Code   RO          792    .text.API_Over_Time  time_handle.o
    0x0800041a   0x0800041a   0x00000002   PAD
    0x0800041c   0x0800041c   0x0000004c   Code   RO          790    .text.API_Seconds_to_Hourly  time_handle.o
    0x08000468   0x08000468   0x00000028   Code   RO          186    .text.Base_Delay    base_sys_time.o
    0x08000490   0x08000490   0x00000002   Code   RO          821    .text.BusFault_Handler  at32f415_int.o
    0x08000492   0x08000492   0x00000002   PAD
    0x08000494   0x08000494   0x00000032   Code   RO          752    .text.CRC16_CCITT_CalculateBuf  check_crc16.o
    0x080004c6   0x080004c6   0x00000002   PAD
    0x080004c8   0x080004c8   0x00000002   Code   RO          827    .text.DebugMon_Handler  at32f415_int.o
    0x080004ca   0x080004ca   0x00000002   PAD
    0x080004cc   0x080004cc   0x0000001e   Code   RO          763    .text.Find_Data     data_handle.o
    0x080004ea   0x080004ea   0x00000002   PAD
    0x080004ec   0x080004ec   0x00000044   Code   RO           71    .text.Flash_Read_Data  base_flash.o
    0x08000530   0x08000530   0x00000142   Code   RO           69    .text.Flash_Save_Data  base_flash.o
    0x08000672   0x08000672   0x00000002   PAD
    0x08000674   0x08000674   0x00000046   Code   RO          178    .text.GET_SysTick   base_sys_time.o
    0x080006ba   0x080006ba   0x00000002   PAD
    0x080006bc   0x080006bc   0x000000c8   Code   RO          641    .text.Get_Lose_Time  mode_time.o
    0x08000784   0x08000784   0x00000002   Code   RO          817    .text.HardFault_Handler  at32f415_int.o
    0x08000786   0x08000786   0x00000002   PAD
    0x08000788   0x08000788   0x0000009c   Code   RO           97    .text.IIC_Read_DATA  base_iic.o
    0x08000824   0x08000824   0x0000016c   Code   RO          101    .text.IIC_Receive_DATA  base_iic.o
    0x08000990   0x08000990   0x00000150   Code   RO           99    .text.IIC_Send_DATA  base_iic.o
    0x08000ae0   0x08000ae0   0x000000de   Code   RO           85    .text.IIC_StartBit  base_iic.o
    0x08000bbe   0x08000bbe   0x00000002   PAD
    0x08000bc0   0x08000bc0   0x0000006c   Code   RO           83    .text.IIC_Start_Init  base_iic.o
    0x08000c2c   0x08000c2c   0x000000ac   Code   RO           87    .text.IIC_StopBit   base_iic.o
    0x08000cd8   0x08000cd8   0x000000b0   Code   RO           93    .text.IIC_WaitASK   base_iic.o
    0x08000d88   0x08000d88   0x000000be   Code   RO           95    .text.IIC_Write_DATA  base_iic.o
    0x08000e46   0x08000e46   0x00000002   PAD
    0x08000e48   0x08000e48   0x00000054   Code   RO           49    .text.KEY_GPIO_Init  base_exist_gpio.o
    0x08000e9c   0x08000e9c   0x0000000c   Code   RO          524    .text.KEY_Init      key.o
    0x08000ea8   0x08000ea8   0x00000018   Code   RO          526    .text.KEY_State     key.o
    0x08000ec0   0x08000ec0   0x000002e2   Code   RO          548    .text.LCD_Address_Set  lcd.o
    0x080011a2   0x080011a2   0x00000002   PAD
    0x080011a4   0x080011a4   0x000001c8   Code   RO          558    .text.LCD_Draw_Circle  lcd.o
    0x0800136c   0x0800136c   0x000000c0   Code   RO          554    .text.LCD_Draw_Line  lcd.o
    0x0800142c   0x0800142c   0x0000002c   Code   RO          552    .text.LCD_Draw_Point  lcd.o
    0x08001458   0x08001458   0x00000052   Code   RO          556    .text.LCD_Draw_Rectangle  lcd.o
    0x080014aa   0x080014aa   0x00000002   PAD
    0x080014ac   0x080014ac   0x00000048   Code   RO          550    .text.LCD_Fill      lcd.o
    0x080014f4   0x080014f4   0x00000054   Code   RO           43    .text.LCD_GPIO_Init  base_exist_gpio.o
    0x08001548   0x08001548   0x00000600   Code   RO          572    .text.LCD_Init      lcd.o
    0x08001b48   0x08001b48   0x0000019c   Code   RO          564    .text.LCD_Show_Char  lcd.o
    0x08001ce4   0x08001ce4   0x0000001e   Code   RO          566    .text.LCD_Show_Chinese  lcd.o
    0x08001d02   0x08001d02   0x00000002   PAD
    0x08001d04   0x08001d04   0x0000008c   Code   RO          570    .text.LCD_Show_Picture  lcd.o
    0x08001d90   0x08001d90   0x00000082   Code   RO          568    .text.LCD_Show_String  lcd.o
    0x08001e12   0x08001e12   0x00000002   PAD
    0x08001e14   0x08001e14   0x00000076   Code   RO           45    .text.LED_GPIO_Init  base_exist_gpio.o
    0x08001e8a   0x08001e8a   0x00000002   PAD
    0x08001e8c   0x08001e8c   0x0000009a   Code   RO          639    .text.MODE_Get_TIME  mode_time.o
    0x08001f26   0x08001f26   0x00000002   PAD
    0x08001f28   0x08001f28   0x00000014   Code   RO          588    .text.MODE_LED_Init  led.o
    0x08001f3c   0x08001f3c   0x00000146   Code   RO          598    .text.MODE_LED_REG  led.o
    0x08002082   0x08002082   0x00000002   PAD
    0x08002084   0x08002084   0x00000040   Code   RO          590    .text.MODE_LED_SET  led.o
    0x080020c4   0x080020c4   0x000000f4   Code   RO            4    .text.Main_Init     main.o
    0x080021b8   0x080021b8   0x00000002   Code   RO          819    .text.MemManage_Handler  at32f415_int.o
    0x080021ba   0x080021ba   0x00000002   PAD
    0x080021bc   0x080021bc   0x0000010e   Code   RO          609    .text.Mode_Index    mode.o
    0x080022ca   0x080022ca   0x00000002   PAD
    0x080022cc   0x080022cc   0x00000002   Code   RO          815    .text.NMI_Handler   at32f415_int.o
    0x080022ce   0x080022ce   0x00000002   PAD
    0x080022d0   0x080022d0   0x0000000c   Code   RO          451    .text.OTGFS1_IRQHandler  usb_user.o
    0x080022dc   0x080022dc   0x00000008   Code   RO          453    .text.OTGFS1_WKUP_IRQHandler  usb_user.o
    0x080022e4   0x080022e4   0x00000002   Code   RO          829    .text.PendSV_Handler  at32f415_int.o
    0x080022e6   0x080022e6   0x00000002   PAD
    0x080022e8   0x080022e8   0x0000004a   Code   RO          730    .text.RTC8564_Init  mode_rtc8564.o
    0x08002332   0x08002332   0x00000002   PAD
    0x08002334   0x08002334   0x00000034   Code   RO          180    .text.SET_SysTick   base_sys_time.o
    0x08002368   0x08002368   0x0000004a   Code   RO          156    .text.SPI1_IRQHandler  base_spi.o
    0x080023b2   0x080023b2   0x00000002   PAD
    0x080023b4   0x080023b4   0x00000082   Code   RO          138    .text.SPI2_GPIO_Init  base_spi.o
    0x08002436   0x08002436   0x00000002   PAD
    0x08002438   0x08002438   0x00000024   Code   RO          158    .text.SPI2_IRQHandler  base_spi.o
    0x0800245c   0x0800245c   0x00000032   Code   RO          146    .text.SPI_CS_Set    base_spi.o
    0x0800248e   0x0800248e   0x00000002   PAD
    0x08002490   0x08002490   0x0000002e   Code   RO          148    .text.SPI_Send_DATA  base_spi.o
    0x080024be   0x080024be   0x00000002   PAD
    0x080024c0   0x080024c0   0x00000092   Code   RO          144    .text.SPI_Start_Init  base_spi.o
    0x08002552   0x08002552   0x00000002   PAD
    0x08002554   0x08002554   0x00000002   Code   RO          825    .text.SVC_Handler   at32f415_int.o
    0x08002556   0x08002556   0x00000002   PAD
    0x08002558   0x08002558   0x000000d4   Code   RO          192    .text.SYS_Delay_S   base_sys_time.o
    0x0800262c   0x0800262c   0x000000a6   Code   RO          190    .text.SYS_Delay_ms  base_sys_time.o
    0x080026d2   0x080026d2   0x00000002   PAD
    0x080026d4   0x080026d4   0x000000a6   Code   RO          188    .text.SYS_Delay_us  base_sys_time.o
    0x0800277a   0x0800277a   0x00000002   PAD
    0x0800277c   0x0800277c   0x0000001c   Code   RO          637    .text.Set_TIME      mode_time.o
    0x08002798   0x08002798   0x00000010   Code   RO          174    .text.SysTick_Handler  base_sys_time.o
    0x080027a8   0x080027a8   0x0000004e   Code   RO          635    .text.Sys_Clock_Init  mode_time.o
    0x080027f6   0x080027f6   0x00000002   PAD
    0x080027f8   0x080027f8   0x0000008e   Code   RO          170    .text.Sys_Time_Init  base_sys_time.o
    0x08002886   0x08002886   0x00000002   PAD
    0x08002888   0x08002888   0x0000007c   Code   RO          838    .text.SystemInit    system_at32f415.o
    0x08002904   0x08002904   0x00000054   Code   RO          216    .text.UART_RXD_Flag  base_uart.o
    0x08002958   0x08002958   0x00000046   Code   RO          218    .text.UART_RXD_Flag_Clear  base_uart.o
    0x0800299e   0x0800299e   0x00000002   PAD
    0x080029a0   0x080029a0   0x00000040   Code   RO          220    .text.UART_RXD_Receive  base_uart.o
    0x080029e0   0x080029e0   0x00000024   Code   RO          672    .text.UART_Send_Data  mode_uart.o
    0x08002a04   0x08002a04   0x0000002e   Code   RO          674    .text.UART_Send_String  mode_uart.o
    0x08002a32   0x08002a32   0x00000002   PAD
    0x08002a34   0x08002a34   0x00000054   Code   RO          222    .text.UART_TXD_Send  base_uart.o
    0x08002a88   0x08002a88   0x00000064   Code   RO          664    .text.USART1_IRQHandler  mode_uart.o
    0x08002aec   0x08002aec   0x00000068   Code   RO          666    .text.USART2_IRQHandler  mode_uart.o
    0x08002b54   0x08002b54   0x00000068   Code   RO          668    .text.USART3_IRQHandler  mode_uart.o
    0x08002bbc   0x08002bbc   0x000000c6   Code   RO          206    .text.Uart1_Init    base_uart.o
    0x08002c82   0x08002c82   0x00000002   PAD
    0x08002c84   0x08002c84   0x000000c0   Code   RO          208    .text.Uart2_Init    base_uart.o
    0x08002d44   0x08002d44   0x000000dc   Code   RO          210    .text.Uart3_Init    base_uart.o
    0x08002e20   0x08002e20   0x000000c4   Code   RO          212    .text.Uart4_Init    base_uart.o
    0x08002ee4   0x08002ee4   0x00000082   Code   RO          662    .text.Uart_Init     mode_uart.o
    0x08002f66   0x08002f66   0x00000002   PAD
    0x08002f68   0x08002f68   0x00000002   Code   RO          823    .text.UsageFault_Handler  at32f415_int.o
    0x08002f6a   0x08002f6a   0x00000002   PAD
    0x08002f6c   0x08002f6c   0x0000009e   Code   RO          596    .text.WS2812_write_byte  led.o
    0x0800300a   0x0800300a   0x00000002   PAD
    0x0800300c   0x0800300c   0x00000024   Code   RO          172    .text.__NVIC_SystemReset  base_sys_time.o
    0x08003030   0x08003030   0x0000001a   Code   RO         1066    .text.crm_ahb_div_set  at32f415_crm.o
    0x0800304a   0x0800304a   0x00000002   PAD
    0x0800304c   0x0800304c   0x0000001a   Code   RO         1068    .text.crm_apb1_div_set  at32f415_crm.o
    0x08003066   0x08003066   0x00000002   PAD
    0x08003068   0x08003068   0x0000001a   Code   RO         1070    .text.crm_apb2_div_set  at32f415_crm.o
    0x08003082   0x08003082   0x00000002   PAD
    0x08003084   0x08003084   0x00000018   Code   RO         1094    .text.crm_auto_step_mode_enable  at32f415_crm.o
    0x0800309c   0x0800309c   0x0000007a   Code   RO         1058    .text.crm_clock_source_enable  at32f415_crm.o
    0x08003116   0x08003116   0x00000002   PAD
    0x08003118   0x08003118   0x00000120   Code   RO         1088    .text.crm_clocks_freq_get  at32f415_crm.o
    0x08003238   0x08003238   0x0000001a   Code   RO         1044    .text.crm_flag_get  at32f415_crm.o
    0x08003252   0x08003252   0x00000002   PAD
    0x08003254   0x08003254   0x00000028   Code   RO         1052    .text.crm_periph_clock_enable  at32f415_crm.o
    0x0800327c   0x0800327c   0x00000028   Code   RO         1054    .text.crm_periph_reset  at32f415_crm.o
    0x080032a4   0x080032a4   0x0000004e   Code   RO         1080    .text.crm_pll_config  at32f415_crm.o
    0x080032f2   0x080032f2   0x00000002   PAD
    0x080032f4   0x080032f4   0x0000004e   Code   RO         1038    .text.crm_reset     at32f415_crm.o
    0x08003342   0x08003342   0x00000002   PAD
    0x08003344   0x08003344   0x00000012   Code   RO         1084    .text.crm_sysclk_switch  at32f415_crm.o
    0x08003356   0x08003356   0x00000002   PAD
    0x08003358   0x08003358   0x00000010   Code   RO         1086    .text.crm_sysclk_switch_status_get  at32f415_crm.o
    0x08003368   0x08003368   0x0000001c   Code   RO         1074    .text.crm_usb_clock_div_set  at32f415_crm.o
    0x08003384   0x08003384   0x00000032   Code   RO         1100    .text.crm_usb_clock_source_select  at32f415_crm.o
    0x080033b6   0x080033b6   0x00000002   PAD
    0x080033b8   0x080033b8   0x0000000c   Code   RO         1279    .text.exint_flag_clear  at32f415_exint.o
    0x080033c4   0x080033c4   0x0000000c   Code   RO         1299    .text.flash_flag_clear  at32f415_flash.o
    0x080033d0   0x080033d0   0x00000012   Code   RO         1307    .text.flash_lock    at32f415_flash.o
    0x080033e2   0x080033e2   0x00000002   PAD
    0x080033e4   0x080033e4   0x00000072   Code   RO         1303    .text.flash_operation_wait_for  at32f415_flash.o
    0x08003456   0x08003456   0x00000002   PAD
    0x08003458   0x08003458   0x00000082   Code   RO         1309    .text.flash_sector_erase  at32f415_flash.o
    0x080034da   0x080034da   0x00000002   PAD
    0x080034dc   0x080034dc   0x0000001e   Code   RO         1305    .text.flash_unlock  at32f415_flash.o
    0x080034fa   0x080034fa   0x00000002   PAD
    0x080034fc   0x080034fc   0x0000007a   Code   RO         1317    .text.flash_word_program  at32f415_flash.o
    0x08003576   0x08003576   0x00000002   PAD
    0x08003578   0x08003578   0x00000030   Code   RO          224    .text.fputc         base_uart.o
    0x080035a8   0x080035a8   0x00000012   Code   RO         1377    .text.gpio_default_para_init  at32f415_gpio.o
    0x080035ba   0x080035ba   0x00000002   PAD
    0x080035bc   0x080035bc   0x000000be   Code   RO         1375    .text.gpio_init     at32f415_gpio.o
    0x0800367a   0x0800367a   0x00000002   PAD
    0x0800367c   0x0800367c   0x0000000e   Code   RO         1379    .text.gpio_input_data_bit_read  at32f415_gpio.o
    0x0800368a   0x0800368a   0x00000002   PAD
    0x0800368c   0x0800368c   0x00000040   Code   RO         1401    .text.gpio_pin_remap_config  at32f415_gpio.o
    0x080036cc   0x080036cc   0x00000088   Code   RO            2    .text.main          main.o
    0x08003754   0x08003754   0x00000074   Code   RO         1486    .text.nvic_irq_enable  at32f415_misc.o
    0x080037c8   0x080037c8   0x00000020   Code   RO         1490    .text.nvic_priority_group_config  at32f415_misc.o
    0x080037e8   0x080037e8   0x0000000e   Code   RO         1602    .text.spi_default_para_init  at32f415_spi.o
    0x080037f6   0x080037f6   0x00000002   PAD
    0x080037f8   0x080037f8   0x00000012   Code   RO         1624    .text.spi_enable    at32f415_spi.o
    0x0800380a   0x0800380a   0x00000002   PAD
    0x0800380c   0x0800380c   0x00000004   Code   RO         1638    .text.spi_i2s_data_transmit  at32f415_spi.o
    0x08003810   0x08003810   0x0000000a   Code   RO         1642    .text.spi_i2s_flag_get  at32f415_spi.o
    0x0800381a   0x0800381a   0x00000002   PAD
    0x0800381c   0x0800381c   0x00000010   Code   RO         1632    .text.spi_i2s_interrupt_enable  at32f415_spi.o
    0x0800382c   0x0800382c   0x0000003c   Code   RO         1600    .text.spi_i2s_reset  at32f415_spi.o
    0x08003868   0x08003868   0x000000ec   Code   RO         1604    .text.spi_init      at32f415_spi.o
    0x08003954   0x08003954   0x00000004   Code   RO          806    .text.system_clock_config  at32f415_clock.o
    0x08003958   0x08003958   0x00000082   Code   RO          802    .text.system_clock_hick_config  at32f415_clock.o
    0x080039da   0x080039da   0x00000002   PAD
    0x080039dc   0x080039dc   0x000000f0   Code   RO          840    .text.system_core_clock_update  system_at32f415.o
    0x08003acc   0x08003acc   0x00000018   Code   RO         1496    .text.systick_clock_source_config  at32f415_misc.o
    0x08003ae4   0x08003ae4   0x00000006   Code   RO         1806    .text.usart_data_receive  at32f415_usart.o
    0x08003aea   0x08003aea   0x00000002   PAD
    0x08003aec   0x08003aec   0x00000008   Code   RO         1804    .text.usart_data_transmit  at32f415_usart.o
    0x08003af4   0x08003af4   0x00000012   Code   RO         1778    .text.usart_enable  at32f415_usart.o
    0x08003b06   0x08003b06   0x00000002   PAD
    0x08003b08   0x08003b08   0x00000010   Code   RO         1828    .text.usart_flag_clear  at32f415_usart.o
    0x08003b18   0x08003b18   0x0000000a   Code   RO         1826    .text.usart_flag_get  at32f415_usart.o
    0x08003b22   0x08003b22   0x00000002   PAD
    0x08003b24   0x08003b24   0x00000086   Code   RO         1774    .text.usart_init    at32f415_usart.o
    0x08003baa   0x08003baa   0x00000002   PAD
    0x08003bac   0x08003bac   0x00000020   Code   RO         1788    .text.usart_interrupt_enable  at32f415_usart.o
    0x08003bcc   0x08003bcc   0x0000003a   Code   RO         1776    .text.usart_parity_selection_config  at32f415_usart.o
    0x08003c06   0x08003c06   0x00000002   PAD
    0x08003c08   0x08003c08   0x00000012   Code   RO         1782    .text.usart_receiver_enable  at32f415_usart.o
    0x08003c1a   0x08003c1a   0x00000002   PAD
    0x08003c1c   0x08003c1c   0x0000008e   Code   RO         1772    .text.usart_reset   at32f415_usart.o
    0x08003caa   0x08003caa   0x00000002   PAD
    0x08003cac   0x08003cac   0x00000012   Code   RO         1780    .text.usart_transmitter_enable  at32f415_usart.o
    0x08003cbe   0x08003cbe   0x00000002   PAD
    0x08003cc0   0x08003cc0   0x0000001c   Code   RO         1898    .text.usb_ept0_setup  at32f415_usb.o
    0x08003cdc   0x08003cdc   0x00000030   Code   RO         1896    .text.usb_ept0_start  at32f415_usb.o
    0x08003d0c   0x08003d0c   0x00000036   Code   RO         1880    .text.usb_ept_clear_stall  at32f415_usb.o
    0x08003d42   0x08003d42   0x00000002   PAD
    0x08003d44   0x08003d44   0x0000000a   Code   RO         1892    .text.usb_ept_in_clear  at32f415_usb.o
    0x08003d4e   0x08003d4e   0x00000002   PAD
    0x08003d50   0x08003d50   0x0000001e   Code   RO         1888    .text.usb_ept_in_interrupt  at32f415_usb.o
    0x08003d6e   0x08003d6e   0x00000002   PAD
    0x08003d70   0x08003d70   0x0000010e   Code   RO         1874    .text.usb_ept_open  at32f415_usb.o
    0x08003e7e   0x08003e7e   0x00000002   PAD
    0x08003e80   0x08003e80   0x0000000a   Code   RO         1890    .text.usb_ept_out_clear  at32f415_usb.o
    0x08003e8a   0x08003e8a   0x00000002   PAD
    0x08003e8c   0x08003e8c   0x00000010   Code   RO         1886    .text.usb_ept_out_interrupt  at32f415_usb.o
    0x08003e9c   0x08003e9c   0x0000003c   Code   RO         1878    .text.usb_ept_stall  at32f415_usb.o
    0x08003ed8   0x08003ed8   0x0000002e   Code   RO         1844    .text.usb_flush_tx_fifo  at32f415_usb.o
    0x08003f06   0x08003f06   0x00000002   PAD
    0x08003f08   0x08003f08   0x0000000e   Code   RO         1884    .text.usb_get_all_in_interrupt  at32f415_usb.o
    0x08003f16   0x08003f16   0x00000002   PAD
    0x08003f18   0x08003f18   0x0000000e   Code   RO         1882    .text.usb_get_all_out_interrupt  at32f415_usb.o
    0x08003f26   0x08003f26   0x00000002   PAD
    0x08003f28   0x08003f28   0x00000004   Code   RO         1852    .text.usb_global_clear_interrupt  at32f415_usb.o
    0x08003f2c   0x08003f2c   0x00000008   Code   RO         1850    .text.usb_global_get_all_interrupt  at32f415_usb.o
    0x08003f34   0x08003f34   0x00000010   Code   RO         1848    .text.usb_global_interrupt_enable  at32f415_usb.o
    0x08003f44   0x08003f44   0x0000000e   Code   RO         1868    .text.usb_open_phy_clk  at32f415_usb.o
    0x08003f52   0x08003f52   0x00000002   PAD
    0x08003f54   0x08003f54   0x0000002e   Code   RO         1872    .text.usb_read_packet  at32f415_usb.o
    0x08003f82   0x08003f82   0x00000002   PAD
    0x08003f84   0x08003f84   0x00000016   Code   RO         1894    .text.usb_set_address  at32f415_usb.o
    0x08003f9a   0x08003f9a   0x00000002   PAD
    0x08003f9c   0x08003f9c   0x00000004   Code   RO         1858    .text.usb_set_rx_fifo  at32f415_usb.o
    0x08003fa0   0x08003fa0   0x00000040   Code   RO         1860    .text.usb_set_tx_fifo  at32f415_usb.o
    0x08003fe0   0x08003fe0   0x0000000e   Code   RO         1866    .text.usb_stop_phy_clk  at32f415_usb.o
    0x08003fee   0x08003fee   0x00000002   PAD
    0x08003ff0   0x08003ff0   0x0000000a   Code   RO         1908    .text.usb_suspend_status_get  at32f415_usb.o
    0x08003ffa   0x08003ffa   0x00000002   PAD
    0x08003ffc   0x08003ffc   0x000000b2   Code   RO          329    .text.usb_write_empty_txfifo  usbd_int.o
    0x080040ae   0x080040ae   0x00000002   PAD
    0x080040b0   0x080040b0   0x00000030   Code   RO         1870    .text.usb_write_packet  at32f415_usb.o
    0x080040e0   0x080040e0   0x0000002a   Code   RO          267    .text.usbd_clear_stall  usbd_core.o
    0x0800410a   0x0800410a   0x00000002   PAD
    0x0800410c   0x0800410c   0x00000128   Code   RO          249    .text.usbd_core_in_handler  usbd_core.o
    0x08004234   0x08004234   0x00000082   Code   RO          257    .text.usbd_core_out_handler  usbd_core.o
    0x080042b6   0x080042b6   0x00000002   PAD
    0x080042b8   0x080042b8   0x00000052   Code   RO          261    .text.usbd_core_setup_handler  usbd_core.o
    0x0800430a   0x0800430a   0x00000002   PAD
    0x0800430c   0x0800430c   0x00000016   Code   RO          263    .text.usbd_ctrl_send  usbd_core.o
    0x08004322   0x08004322   0x00000002   PAD
    0x08004324   0x08004324   0x00000012   Code   RO          259    .text.usbd_ctrl_send_status  usbd_core.o
    0x08004336   0x08004336   0x00000002   PAD
    0x08004338   0x08004338   0x00000022   Code   RO          271    .text.usbd_ctrl_unsupport  usbd_core.o
    0x0800435a   0x0800435a   0x00000002   PAD
    0x0800435c   0x0800435c   0x0000023e   Code   RO          343    .text.usbd_device_request  usbd_sdr.o
    0x0800459a   0x0800459a   0x00000002   PAD
    0x0800459c   0x0800459c   0x000000f4   Code   RO          347    .text.usbd_endpoint_request  usbd_sdr.o
    0x08004690   0x08004690   0x0000001a   Code   RO          291    .text.usbd_enter_suspend  usbd_core.o
    0x080046aa   0x080046aa   0x00000002   PAD
    0x080046ac   0x080046ac   0x00000042   Code   RO          275    .text.usbd_ept_open  usbd_core.o
    0x080046ee   0x080046ee   0x00000002   PAD
    0x080046f0   0x080046f0   0x000000b6   Code   RO          253    .text.usbd_ept_recv  usbd_core.o
    0x080047a6   0x080047a6   0x00000002   PAD
    0x080047a8   0x080047a8   0x00000112   Code   RO          251    .text.usbd_ept_send  usbd_core.o
    0x080048ba   0x080048ba   0x00000002   PAD
    0x080048bc   0x080048bc   0x0000004a   Code   RO          295    .text.usbd_fifo_alloc  usbd_core.o
    0x08004906   0x08004906   0x00000002   PAD
    0x08004908   0x08004908   0x000000bc   Code   RO          309    .text.usbd_inept_handler  usbd_int.o
    0x080049c4   0x080049c4   0x00000036   Code   RO          345    .text.usbd_interface_request  usbd_sdr.o
    0x080049fa   0x080049fa   0x00000002   PAD
    0x080049fc   0x080049fc   0x00000192   Code   RO          307    .text.usbd_irq_handler  usbd_int.o
    0x08004b8e   0x08004b8e   0x00000002   PAD
    0x08004b90   0x08004b90   0x0000009a   Code   RO          311    .text.usbd_outept_handler  usbd_int.o
    0x08004c2a   0x08004c2a   0x00000002   PAD
    0x08004c2c   0x08004c2c   0x000000b6   Code   RO          313    .text.usbd_reset_handler  usbd_int.o
    0x08004ce2   0x08004ce2   0x00000002   PAD
    0x08004ce4   0x08004ce4   0x00000076   Code   RO          319    .text.usbd_rxflvl_handler  usbd_int.o
    0x08004d5a   0x08004d5a   0x00000002   PAD
    0x08004d5c   0x08004d5c   0x0000002a   Code   RO          269    .text.usbd_set_stall  usbd_core.o
    0x08004d86   0x08004d86   0x00000002   PAD
    0x08004d88   0x08004d88   0x00000016   Code   RO          341    .text.usbd_setup_request_parse  usbd_sdr.o
    0x08004d9e   0x08004d9e   0x00000002   PAD
    0x08004da0   0x08004da0   0x00000020   Code   RO         2127    i.__0printf$5       mc_w.l(printf5.o)
    0x08004dc0   0x08004dc0   0x0000000e   Code   RO         2338    i.__scatterload_copy  mc_w.l(handlers.o)
    0x08004dce   0x08004dce   0x00000002   Code   RO         2339    i.__scatterload_null  mc_w.l(handlers.o)
    0x08004dd0   0x08004dd0   0x0000000e   Code   RO         2340    i.__scatterload_zeroinit  mc_w.l(handlers.o)
    0x08004dde   0x08004dde   0x00000002   PAD
    0x08004de0   0x08004de0   0x000002c0   Code   RO         2134    i._printf_core      mc_w.l(printf5.o)
    0x080050a0   0x080050a0   0x00000006   Data   RO          579    .rodata..Lswitch.table.LCD_Init  lcd.o
    0x080050a6   0x080050a6   0x00000200   Data   RO          754    .rodata.CRC_CCITT_table  check_crc16.o
    0x080052a6   0x080052a6   0x000005f0   Data   RO          574    .rodata.ascii_1608  lcd.o
    0x08005896   0x08005896   0x000011d0   Data   RO          575    .rodata.ascii_2412  lcd.o
    0x08006a66   0x08006a66   0x000017c0   Data   RO          576    .rodata.ascii_3216  lcd.o
    0x08008226   0x08008226   0x00000008   Data   RO         1108    .rodata.cst8        at32f415_crm.o
    0x0800822e   0x0800822e   0x00000002   PAD
    0x08008230   0x08008230   0x00000020   Data   RO         2337    Region$$Table       anon$$obj.o


    Execution Region RW_IRAM1 (Exec base: 0x20000000, Load base: 0x08008250, Size: 0x00001540, Max: 0x00008000, ABSOLUTE)

    Exec Addr    Load Addr    Size         Type   Attr      Idx    E Section Name        Object

    0x20000000   0x08008250   0x00000004   Data   RW         2279    .data               mc_w.l(stdout.o)
    0x20000004   0x08008254   0x00000002   Data   RW          161    .data.SPI_complete_flag  base_spi.o
    0x20000006   0x08008256   0x00000002   PAD
    0x20000008   0x08008258   0x00000014   Data   RW          649    .data.SYS_Time      mode_time.o
    0x2000001c   0x0800826c   0x00000004   Data   RW          160    .data.Temp_SPI      base_spi.o
    0x20000020   0x08008270   0x00000004   Data   RW          842    .data.system_core_clock  system_at32f415.o
    0x20000024   0x08008274   0x00000014   Data   RW            7    .data.temp_default  main.o
    0x20000038        -       0x00000014   Zero   RW          741    .bss.API            api.o
    0x2000004c        -       0x00000002   Zero   RW          577    .bss.BACK_COLOR     lcd.o
    0x2000004e   0x08008288   0x00000002   PAD
    0x20000050        -       0x00000018   Zero   RW          680    .bss.CV_UART        mode_uart.o
    0x20000068        -       0x00000004   Zero   RW          196    .bss.Freq_ms        base_sys_time.o
    0x2000006c        -       0x00000004   Zero   RW          197    .bss.Freq_us        base_sys_time.o
    0x20000070        -       0x00000001   Zero   RW          578    .bss.HORIZONTAL     lcd.o
    0x20000071   0x08008288   0x00000003   PAD
    0x20000074        -       0x00000018   Zero   RW          613    .bss.Mode_Init      mode.o
    0x2000008c        -       0x00000054   Zero   RW          614    .bss.Mode_User      mode.o
    0x200000e0        -       0x00000008   Zero   RW          194    .bss.SYS_Ticktime   base_sys_time.o
    0x200000e8        -       0x00000004   Zero   RW          226    .bss.Temp           base_uart.o
    0x200000ec        -       0x00000004   Zero   RW          650    .bss.Tick_Freq      mode_time.o
    0x200000f0        -       0x00000004   Zero   RW          195    .bss.Tick_Full      base_sys_time.o
    0x200000f4        -       0x00000004   Zero   RW          651    .bss.Tick_ms        mode_time.o
    0x200000f8        -       0x00000004   Zero   RW          652    .bss.Tick_us        mode_time.o
    0x200000fc        -       0x000000e0   Zero   RW          676    .bss.UART1_Data     mode_uart.o
    0x200001dc        -       0x000000e0   Zero   RW          677    .bss.UART2_Data     mode_uart.o
    0x200002bc        -       0x000000e0   Zero   RW          678    .bss.UART3_Data     mode_uart.o
    0x2000039c        -       0x000000e0   Zero   RW          679    .bss.UART4_Data     mode_uart.o
    0x2000047c        -       0x00000004   Zero   RW            8    .bss.i              main.o
    0x20000480        -       0x000001a4   Zero   RW          461    .bss.otg_core_struct  usb_user.o
    0x20000624        -       0x00000014   Zero   RW            9    .bss.temp_a         main.o
    0x20000638        -       0x00000001   Zero   RW          349    .bss.usbd_set_configuration.config_value  usbd_sdr.o
    0x20000639   0x08008288   0x00000007   PAD
    0x20000640        -       0x00000f00   Zero   RW          850    STACK               startup_at32f415.o


==============================================================================

Image component sizes


      Code (inc. data)   RO Data    RW Data    ZI Data      Debug   Object Name

        56          0          0          0         20       1325   api.o
       134          0          0          0          0       6885   at32f415_clock.o
       886         30          8          0          0      21039   at32f415_crm.o
        12          0          0          0          0       3342   at32f415_exint.o
       426          0          0          0          0      21975   at32f415_flash.o
       286          0          0          0          0      13428   at32f415_gpio.o
        16          0          0          0          0        944   at32f415_int.o
       172          0          0          0          0       6681   at32f415_misc.o
       358          4          0          0          0      11543   at32f415_spi.o
       460          0          0          0          0      10693   at32f415_usart.o
       850          0          0          0          0      22916   at32f415_usb.o
       286          0          0          0          0       7282   base_exist_gpio.o
       390          0          0          0          0       3831   base_flash.o
      1724          0          0          0          0      15681   base_iic.o
       482          0          0          6          0      16817   base_spi.o
       900          0          0          0         20       8379   base_sys_time.o
      1156         22          0          0          4      13001   base_uart.o
        50          0        512          0          0       1790   check_crc16.o
        30          0          0          0          0       1898   data_handle.o
        36          0          0          0          0       4668   key.o
      3832          0      12166          0          3      21637   lcd.o
       568          0          0          0          0       6515   led.o
       380         64          0         20         24       1463   main.o
       270          0          0          0        108       2984   mode.o
        74          0          0          0          0        770   mode_rtc8564.o
       460          0          0         20         12       3516   mode_time.o
       520          4          0          0        920       4346   mode_uart.o
        36          8        368          0       3840        832   startup_at32f415.o
       364         16          0          4          0       8086   system_at32f415.o
       362          0          0          0          0       2572   time_handle.o
        20          0          0          0        420      16731   usb_user.o
      1288          0          0          0          0      22520   usbd_core.o
      1222          0          0          0          0      16403   usbd_int.o
       894         24          0          0          1      11506   usbd_sdr.o

    ----------------------------------------------------------------------
     19200        172      13088         52       5384     313999   Object Totals
         0          0         32          0          0          0   (incl. Generated)
       200          0          2          2         12          0   (incl. Padding)

    ----------------------------------------------------------------------

      Code (inc. data)   RO Data    RW Data    ZI Data      Debug   Library Member Name

         0          0          0          0          0          0   entry.o
         0          0          0          0          0          0   entry10a.o
         0          0          0          0          0          0   entry11a.o
         8          4          0          0          0          0   entry2.o
         4          0          0          0          0          0   entry5.o
         0          0          0          0          0          0   entry7b.o
         0          0          0          0          0          0   entry8b.o
         8          4          0          0          0          0   entry9a.o
        30          0          0          0          0          0   handlers.o
        36          8          0          0          0         68   init.o
        30          0          0          0          0         68   llshl.o
        32          0          0          0          0         68   llushr.o
        36          0          0          0          0         68   memcpya.o
        36          0          0          0          0        108   memseta.o
       736         56          0          0          0        184   printf5.o
         0          0          0          4          0          0   stdout.o
        14          0          0          0          0         68   strlen.o
        98          0          0          0          0         92   uldiv.o

    ----------------------------------------------------------------------
      1072         72          0          4          0        724   Library Totals
         4          0          0          0          0          0   (incl. Padding)

    ----------------------------------------------------------------------

      Code (inc. data)   RO Data    RW Data    ZI Data      Debug   Library Name

      1068         72          0          4          0        724   mc_w.l

    ----------------------------------------------------------------------
      1072         72          0          4          0        724   Library Totals

    ----------------------------------------------------------------------

==============================================================================


      Code (inc. data)   RO Data    RW Data    ZI Data      Debug   

     20272        244      13088         56       5384     313975   Grand Totals
     20272        244      13088         56       5384     313975   ELF Image Totals
     20272        244      13088         56          0          0   ROM Totals

==============================================================================

    Total RO  Size (Code + RO Data)                33360 (  32.58kB)
    Total RW  Size (RW Data + ZI Data)              5440 (   5.31kB)
    Total ROM Size (Code + RO Data + RW Data)      33416 (  32.63kB)

==============================================================================

