<html>
<body>
<pre>
<h1>µVision Build Log</h1>
<h2>Tool Versions:</h2>
IDE-Version: ¦ÌVision V5.32.0.0
Copyright (C) 2020 ARM Ltd and ARM Germany GmbH. All rights reserved.
License Information: DFGHFGJKH sdfgnmAD, ASDFNHDG, LIC=76F5U-S62X0-30CNC-7N4MK-IMF3W-PU92F
 
Tool Versions:
Toolchain:       MDK-ARM Plus  Version: 5.32.0.0
Toolchain Path:  D:\MDK\ARM\ARMCC\Bin
C Compiler:      Armcc.exe V5.06 update 7 (build 960)
Assembler:       Armasm.exe V5.06 update 7 (build 960)
Linker/Locator:  ArmLink.exe V5.06 update 7 (build 960)
Library Manager: ArmAr.exe V5.06 update 7 (build 960)
Hex Converter:   FromElf.exe V5.06 update 7 (build 960)
CPU DLL:         SARMCM3.DLL V5.32.0.0
Dialog DLL:      DCM.DLL V1.17.3.0
Target DLL:      Segger\JL2CM3.dll V2.99.38.0
Dialog DLL:      TCM.DLL V1.46.0.0
 
<h2>Project:</h2>
E:\ÐÇ³½´óº£\Software\Core-STM32\AT32F4xx\Project\AT_START_F415\Templates\MDK_v5\Template.uvprojx
Project File Date:  07/04/2022

<h2>Output:</h2>
*** Using Compiler 'V5.06 update 7 (build 960)', folder: 'D:\MDK\ARM\ARMCC\Bin'
Build target 'Template'
assembling startup_at32f415rct7.s...
compiling at32f4xx_dbgmcu.c...
compiling main.c...
compiling at32f4xx_crc.c...
compiling at32f4xx_dma.c...
compiling at32f4xx_exti.c...
compiling at32f4xx_it.c...
compiling at32f4xx_can.c...
compiling system_at32f4xx.c...
compiling at32f4xx_adc.c...
compiling at32f4xx_flash.c...
compiling at32f4xx_acc.c...
compiling at32f4xx_gpio.c...
compiling at32f4xx_iwdg.c...
compiling at32f4xx_i2c.c...
compiling at32f4xx_pwr.c...
compiling at32f4xx_sdio.c...
compiling at32f4xx_rcc.c...
compiling at32f4xx_spi.c...
compiling at32f4xx_wwdg.c...
compiling at32f4xx_usart.c...
compiling at32f4xx_comp.c...
compiling at32f4xx_tim.c...
compiling Check_CRC16.c...
compiling at32f4xx_ertc.c...
compiling API.c...
compiling misc.c...
compiling Agreement_Hanlde.c...
compiling DATA.c...
compiling Base.c...
compiling Sys_Time.c...
compiling LED.c...
Lib\Mode\LED.c(22): warning:  #29-D: expected an expression
      #elif
Lib\Mode\LED.c: 1 warning, 0 errors
compiling Mode.c...
compiling uart_x.c...
compiling RFID_SET.c...
linking...
Program Size: Code=9328 RO-data=1016 RW-data=1156 ZI-data=5220  
FromELF: creating hex file...
".\Objects\Template.axf" - 0 Error(s), 1 Warning(s).

<h2>Software Packages used:</h2>

Package Vendor: ArteryTek
                
                ArteryTek.AT32F415_DFP.2.0.6
                ArteryTek AT32F415 Series Device Support,Drivers

<h2>Collection of Component include folders:</h2>
  D:\MDK\ARM\ArteryTek\AT32F415_DFP\2.0.6\Device\Include

<h2>Collection of Component Files used:</h2>
Build Time Elapsed:  00:00:02
</pre>
</body>
</html>
